commit 697bef8316b8aa62b00ff3eb239b1ecc9562a09c
started 2026-10-05T23:52:09Z
REGISTERED: seeds 620000-620999, levels [0.0, 1.0, 1.5], B 1000, 1000 to run, 0 done
  invariant population moments ready in 3s
  seed 620111 done in 875s, peak RSS 1034 MB
  seed 620107 done in 876s, peak RSS 1034 MB
  seed 620004 done in 877s, peak RSS 1033 MB
  seed 620118 done in 877s, peak RSS 1034 MB
  seed 620122 done in 879s, peak RSS 1034 MB
  seed 620075 done in 879s, peak RSS 1034 MB
  seed 620180 done in 880s, peak RSS 1034 MB
  seed 620035 done in 880s, peak RSS 1033 MB
  seed 620097 done in 881s, peak RSS 1034 MB
  seed 620090 done in 881s, peak RSS 1034 MB
  seed 620057 done in 881s, peak RSS 1034 MB
  seed 620002 done in 882s, peak RSS 1033 MB
  seed 620085 done in 881s, peak RSS 1034 MB
  seed 620140 done in 881s, peak RSS 1033 MB
  seed 620134 done in 882s, peak RSS 1034 MB
  seed 620170 done in 882s, peak RSS 1034 MB
  seed 620155 done in 883s, peak RSS 1034 MB
  seed 620058 done in 884s, peak RSS 1034 MB
  seed 620080 done in 884s, peak RSS 1033 MB
  seed 620093 done in 884s, peak RSS 1034 MB
  seed 620175 done in 884s, peak RSS 1034 MB
  seed 620166 done in 884s, peak RSS 1034 MB
  seed 620160 done in 885s, peak RSS 1034 MB
  seed 620132 done in 885s, peak RSS 1036 MB
  seed 620099 done in 886s, peak RSS 1034 MB
  seed 620064 done in 886s, peak RSS 1034 MB
  seed 620009 done in 889s, peak RSS 1033 MB
  seed 620136 done in 888s, peak RSS 1033 MB
  seed 620119 done in 889s, peak RSS 1034 MB
  seed 620159 done in 889s, peak RSS 1034 MB
  seed 620151 done in 890s, peak RSS 1034 MB
  seed 620044 done in 890s, peak RSS 1034 MB
  seed 620171 done in 890s, peak RSS 1034 MB
  seed 620067 done in 891s, peak RSS 1034 MB
  seed 620102 done in 892s, peak RSS 1034 MB
  seed 620125 done in 892s, peak RSS 1034 MB
  seed 620149 done in 893s, peak RSS 1031 MB
  seed 620005 done in 894s, peak RSS 1033 MB
  seed 620087 done in 895s, peak RSS 1034 MB
  seed 620042 done in 895s, peak RSS 1034 MB
  seed 620123 done in 895s, peak RSS 1034 MB
  seed 620040 done in 895s, peak RSS 1033 MB
  seed 620154 done in 895s, peak RSS 1036 MB
  seed 620008 done in 896s, peak RSS 1034 MB
  seed 620028 done in 896s, peak RSS 1033 MB
  seed 620029 done in 896s, peak RSS 1033 MB
  seed 620133 done in 896s, peak RSS 1034 MB
  seed 620000 done in 897s, peak RSS 1033 MB
  seed 620156 done in 896s, peak RSS 1034 MB
  seed 620187 done in 897s, peak RSS 1033 MB
  seed 620121 done in 897s, peak RSS 1028 MB
  seed 620022 done in 898s, peak RSS 1033 MB
  seed 620178 done in 897s, peak RSS 1034 MB
  seed 620110 done in 898s, peak RSS 1034 MB
  seed 620081 done in 898s, peak RSS 1035 MB
  seed 620184 done in 898s, peak RSS 1034 MB
  seed 620115 done in 899s, peak RSS 1034 MB
  seed 620065 done in 899s, peak RSS 1034 MB
  seed 620164 done in 899s, peak RSS 1034 MB
  seed 620101 done in 899s, peak RSS 1034 MB
  seed 620146 done in 899s, peak RSS 1034 MB
  seed 620143 done in 899s, peak RSS 1034 MB
  seed 620015 done in 900s, peak RSS 1033 MB
  seed 620030 done in 900s, peak RSS 1033 MB
  seed 620056 done in 900s, peak RSS 1033 MB
  seed 620072 done in 900s, peak RSS 1034 MB
  seed 620109 done in 900s, peak RSS 1033 MB
  seed 620147 done in 900s, peak RSS 1033 MB
  seed 620126 done in 900s, peak RSS 1033 MB
  seed 620108 done in 900s, peak RSS 1034 MB
  seed 620096 done in 901s, peak RSS 1034 MB
  seed 620006 done in 901s, peak RSS 1033 MB
  seed 620176 done in 901s, peak RSS 1034 MB
  seed 620114 done in 901s, peak RSS 1034 MB
  seed 620071 done in 901s, peak RSS 1034 MB
  seed 620177 done in 901s, peak RSS 1033 MB
  seed 620112 done in 901s, peak RSS 1035 MB
  seed 620116 done in 901s, peak RSS 1034 MB
  seed 620055 done in 901s, peak RSS 1034 MB
  seed 620032 done in 901s, peak RSS 1034 MB
  seed 620031 done in 902s, peak RSS 1033 MB
  seed 620018 done in 902s, peak RSS 1033 MB
  seed 620131 done in 902s, peak RSS 1034 MB
  seed 620190 done in 901s, peak RSS 1034 MB
  seed 620045 done in 902s, peak RSS 1033 MB
  seed 620027 done in 902s, peak RSS 1033 MB
  seed 620073 done in 902s, peak RSS 1034 MB
  seed 620061 done in 902s, peak RSS 1034 MB
  seed 620011 done in 903s, peak RSS 1033 MB
  seed 620095 done in 903s, peak RSS 1034 MB
  seed 620137 done in 903s, peak RSS 1033 MB
  seed 620025 done in 903s, peak RSS 1034 MB
  seed 620084 done in 903s, peak RSS 1034 MB
  seed 620070 done in 903s, peak RSS 1034 MB
  seed 620124 done in 903s, peak RSS 1035 MB
  seed 620007 done in 904s, peak RSS 1033 MB
  seed 620063 done in 904s, peak RSS 1033 MB
  seed 620049 done in 904s, peak RSS 1033 MB
  seed 620033 done in 904s, peak RSS 1033 MB
  seed 620172 done in 905s, peak RSS 1033 MB
  seed 620047 done in 905s, peak RSS 1034 MB
  seed 620139 done in 905s, peak RSS 1034 MB
  seed 620127 done in 905s, peak RSS 1034 MB
  seed 620091 done in 906s, peak RSS 1033 MB
  seed 620062 done in 906s, peak RSS 1033 MB
  seed 620001 done in 906s, peak RSS 1033 MB
  seed 620054 done in 906s, peak RSS 1033 MB
  seed 620003 done in 907s, peak RSS 1033 MB
  seed 620039 done in 907s, peak RSS 1033 MB
  seed 620174 done in 906s, peak RSS 1034 MB
  seed 620019 done in 907s, peak RSS 1033 MB
  seed 620053 done in 907s, peak RSS 1033 MB
  seed 620066 done in 907s, peak RSS 1033 MB
  seed 620104 done in 907s, peak RSS 1033 MB
  seed 620103 done in 907s, peak RSS 1034 MB
  seed 620138 done in 907s, peak RSS 1034 MB
  seed 620128 done in 907s, peak RSS 1034 MB
  seed 620088 done in 907s, peak RSS 1034 MB
  seed 620120 done in 908s, peak RSS 1034 MB
  seed 620016 done in 908s, peak RSS 1033 MB
  seed 620168 done in 908s, peak RSS 1034 MB
  seed 620157 done in 909s, peak RSS 1033 MB
  seed 620078 done in 910s, peak RSS 1034 MB
  seed 620060 done in 910s, peak RSS 1034 MB
  seed 620020 done in 911s, peak RSS 1033 MB
  seed 620141 done in 912s, peak RSS 1034 MB
  seed 620186 done in 912s, peak RSS 1033 MB
  seed 620048 done in 913s, peak RSS 1033 MB
  seed 620034 done in 913s, peak RSS 1033 MB
  seed 620142 done in 914s, peak RSS 1034 MB
  seed 620038 done in 914s, peak RSS 1034 MB
  seed 620144 done in 914s, peak RSS 1034 MB
  seed 620077 done in 914s, peak RSS 1034 MB
  seed 620100 done in 915s, peak RSS 1034 MB
  seed 620083 done in 916s, peak RSS 1034 MB
  seed 620036 done in 916s, peak RSS 1033 MB
  seed 620051 done in 916s, peak RSS 1033 MB
  seed 620012 done in 917s, peak RSS 1033 MB
  seed 620182 done in 918s, peak RSS 1034 MB
  seed 620086 done in 919s, peak RSS 1034 MB
  seed 620089 done in 920s, peak RSS 1034 MB
  seed 620135 done in 920s, peak RSS 1034 MB
  seed 620074 done in 920s, peak RSS 1034 MB
  seed 620024 done in 920s, peak RSS 1033 MB
  seed 620161 done in 920s, peak RSS 1034 MB
  seed 620150 done in 921s, peak RSS 1033 MB
  seed 620023 done in 922s, peak RSS 1033 MB
  seed 620082 done in 921s, peak RSS 1034 MB
  seed 620041 done in 922s, peak RSS 1033 MB
  seed 620117 done in 922s, peak RSS 1034 MB
  seed 620145 done in 922s, peak RSS 1034 MB
  seed 620158 done in 922s, peak RSS 1034 MB
  seed 620026 done in 923s, peak RSS 1033 MB
  seed 620153 done in 922s, peak RSS 1033 MB
  seed 620050 done in 923s, peak RSS 1033 MB
  seed 620185 done in 923s, peak RSS 1034 MB
  seed 620046 done in 924s, peak RSS 1033 MB
  seed 620092 done in 924s, peak RSS 1034 MB
  seed 620010 done in 924s, peak RSS 1032 MB
  seed 620068 done in 924s, peak RSS 1034 MB
  seed 620069 done in 924s, peak RSS 1034 MB
  seed 620094 done in 924s, peak RSS 1034 MB
  seed 620165 done in 924s, peak RSS 1034 MB
  seed 620106 done in 924s, peak RSS 1034 MB
  seed 620037 done in 925s, peak RSS 1033 MB
  seed 620013 done in 926s, peak RSS 1033 MB
  seed 620014 done in 926s, peak RSS 1033 MB
  seed 620113 done in 925s, peak RSS 1034 MB
  seed 620181 done in 926s, peak RSS 1035 MB
  seed 620021 done in 928s, peak RSS 1033 MB
  seed 620076 done in 928s, peak RSS 1034 MB
  seed 620183 done in 928s, peak RSS 1034 MB
  seed 620079 done in 928s, peak RSS 1034 MB
  seed 620043 done in 928s, peak RSS 1033 MB
  seed 620167 done in 929s, peak RSS 1033 MB
  seed 620017 done in 931s, peak RSS 1033 MB
  seed 620179 done in 931s, peak RSS 1034 MB
  seed 620173 done in 931s, peak RSS 1033 MB
  seed 620189 done in 931s, peak RSS 1033 MB
  seed 620130 done in 932s, peak RSS 1033 MB
  seed 620163 done in 932s, peak RSS 1034 MB
  seed 620169 done in 936s, peak RSS 1034 MB
  seed 620152 done in 937s, peak RSS 1036 MB
  seed 620052 done in 938s, peak RSS 1033 MB
  seed 620098 done in 939s, peak RSS 1034 MB
  seed 620059 done in 939s, peak RSS 1035 MB
  seed 620105 done in 940s, peak RSS 1033 MB
  seed 620148 done in 940s, peak RSS 1034 MB
  seed 620129 done in 944s, peak RSS 1034 MB
  seed 620188 done in 946s, peak RSS 1034 MB
  seed 620162 done in 946s, peak RSS 1034 MB
  seed 620198 done in 883s, peak RSS 1033 MB
  seed 620192 done in 888s, peak RSS 1036 MB
  seed 620196 done in 884s, peak RSS 1034 MB
  seed 620202 done in 884s, peak RSS 1033 MB
  seed 620207 done in 883s, peak RSS 1034 MB
  seed 620193 done in 890s, peak RSS 1033 MB
  seed 620214 done in 883s, peak RSS 1036 MB
  seed 620273 done in 868s, peak RSS 1034 MB
  seed 620208 done in 887s, peak RSS 1034 MB
  seed 620197 done in 891s, peak RSS 1036 MB
  seed 620212 done in 890s, peak RSS 1034 MB
  seed 620201 done in 895s, peak RSS 1034 MB
  seed 620199 done in 896s, peak RSS 1034 MB
  seed 620191 done in 902s, peak RSS 1034 MB
  seed 620210 done in 893s, peak RSS 1034 MB
  seed 620203 done in 897s, peak RSS 1034 MB
  seed 620229 done in 885s, peak RSS 1034 MB
  seed 620237 done in 884s, peak RSS 1034 MB
  seed 620238 done in 886s, peak RSS 1033 MB
  seed 620194 done in 906s, peak RSS 1034 MB
  seed 620209 done in 899s, peak RSS 1033 MB
  seed 620215 done in 897s, peak RSS 1034 MB
  seed 620286 done in 880s, peak RSS 1033 MB
  seed 620297 done in 877s, peak RSS 1033 MB
  seed 620257 done in 884s, peak RSS 1033 MB
  seed 620200 done in 903s, peak RSS 1034 MB
  seed 620276 done in 882s, peak RSS 1033 MB
  seed 620220 done in 895s, peak RSS 1034 MB
  seed 620236 done in 889s, peak RSS 1033 MB
  seed 620195 done in 906s, peak RSS 1034 MB
  seed 620298 done in 879s, peak RSS 1033 MB
  seed 620291 done in 881s, peak RSS 1034 MB
  seed 620211 done in 902s, peak RSS 1034 MB
  seed 620282 done in 884s, peak RSS 1034 MB
  seed 620235 done in 892s, peak RSS 1033 MB
  seed 620252 done in 888s, peak RSS 1034 MB
  seed 620223 done in 898s, peak RSS 1034 MB
  seed 620296 done in 883s, peak RSS 1033 MB
  seed 620271 done in 888s, peak RSS 1033 MB
  seed 620285 done in 886s, peak RSS 1035 MB
  seed 620270 done in 889s, peak RSS 1034 MB
  seed 620278 done in 889s, peak RSS 1034 MB
  seed 620204 done in 911s, peak RSS 1033 MB
  seed 620256 done in 892s, peak RSS 1034 MB
  seed 620261 done in 892s, peak RSS 1034 MB
  seed 620231 done in 898s, peak RSS 1034 MB
  seed 620294 done in 888s, peak RSS 1033 MB
  seed 620233 done in 898s, peak RSS 1036 MB
  seed 620216 done in 908s, peak RSS 1036 MB
  seed 620213 done in 910s, peak RSS 1034 MB
  seed 620222 done in 906s, peak RSS 1034 MB
  seed 620206 done in 914s, peak RSS 1034 MB
  seed 620221 done in 906s, peak RSS 1034 MB
  seed 620251 done in 897s, peak RSS 1034 MB
  seed 620234 done in 902s, peak RSS 1034 MB
  seed 620230 done in 904s, peak RSS 1034 MB
  seed 620225 done in 907s, peak RSS 1034 MB
  seed 620239 done in 903s, peak RSS 1034 MB
  seed 620217 done in 911s, peak RSS 1033 MB
  seed 620255 done in 900s, peak RSS 1033 MB
  seed 620313 done in 890s, peak RSS 1034 MB
  seed 620205 done in 918s, peak RSS 1034 MB
  seed 620224 done in 909s, peak RSS 1035 MB
  seed 620254 done in 901s, peak RSS 1033 MB
  seed 620243 done in 903s, peak RSS 1034 MB
  seed 620226 done in 909s, peak RSS 1034 MB
  seed 620308 done in 895s, peak RSS 1034 MB
  seed 620289 done in 899s, peak RSS 1033 MB
  seed 620218 done in 915s, peak RSS 1034 MB
  seed 620228 done in 910s, peak RSS 1033 MB
  seed 620321 done in 890s, peak RSS 1034 MB
  seed 620279 done in 902s, peak RSS 1033 MB
  seed 620241 done in 907s, peak RSS 1035 MB
  seed 620242 done in 907s, peak RSS 1033 MB
  seed 620232 done in 910s, peak RSS 1033 MB
  seed 620301 done in 899s, peak RSS 1033 MB
  seed 620249 done in 907s, peak RSS 1034 MB
  seed 620262 done in 905s, peak RSS 1033 MB
  seed 620245 done in 908s, peak RSS 1035 MB
  seed 620280 done in 904s, peak RSS 1034 MB
  seed 620259 done in 907s, peak RSS 1033 MB
  seed 620272 done in 906s, peak RSS 1033 MB
  seed 620265 done in 908s, peak RSS 1034 MB
  seed 620295 done in 904s, peak RSS 1033 MB
  seed 620281 done in 907s, peak RSS 1033 MB
  seed 620248 done in 911s, peak RSS 1034 MB
  seed 620277 done in 908s, peak RSS 1034 MB
  seed 620309 done in 903s, peak RSS 1034 MB
  seed 620263 done in 910s, peak RSS 1034 MB
  seed 620266 done in 910s, peak RSS 1033 MB
  seed 620287 done in 908s, peak RSS 1033 MB
  seed 620300 done in 906s, peak RSS 1034 MB
  seed 620250 done in 914s, peak RSS 1034 MB
  seed 620316 done in 902s, peak RSS 1034 MB
  seed 620267 done in 912s, peak RSS 1035 MB
  seed 620306 done in 907s, peak RSS 1034 MB
  seed 620274 done in 913s, peak RSS 1034 MB
  seed 620317 done in 902s, peak RSS 1033 MB
  seed 620330 done in 897s, peak RSS 1034 MB
  seed 620314 done in 906s, peak RSS 1034 MB
  seed 620244 done in 919s, peak RSS 1034 MB
  seed 620305 done in 910s, peak RSS 1034 MB
  seed 620219 done in 931s, peak RSS 1034 MB
  seed 620320 done in 906s, peak RSS 1034 MB
  seed 620312 done in 911s, peak RSS 1033 MB
  seed 620246 done in 922s, peak RSS 1034 MB
  seed 620269 done in 920s, peak RSS 1034 MB
  seed 620331 done in 902s, peak RSS 1034 MB
  seed 620227 done in 929s, peak RSS 1032 MB
  seed 620290 done in 918s, peak RSS 1033 MB
  seed 620325 done in 908s, peak RSS 1034 MB
  seed 620329 done in 906s, peak RSS 1034 MB
  seed 620319 done in 912s, peak RSS 1033 MB
  seed 620352 done in 901s, peak RSS 1034 MB
  seed 620268 done in 924s, peak RSS 1034 MB
  seed 620342 done in 903s, peak RSS 1034 MB
  seed 620336 done in 905s, peak RSS 1033 MB
  seed 620247 done in 929s, peak RSS 1034 MB
  seed 620264 done in 928s, peak RSS 1034 MB
  seed 620283 done in 926s, peak RSS 1034 MB
  seed 620275 done in 927s, peak RSS 1033 MB
  seed 620253 done in 930s, peak RSS 1033 MB
  seed 620361 done in 901s, peak RSS 1034 MB
  seed 620328 done in 915s, peak RSS 1033 MB
  seed 620258 done in 931s, peak RSS 1033 MB
  seed 620335 done in 911s, peak RSS 1034 MB
  seed 620303 done in 925s, peak RSS 1033 MB
  seed 620324 done in 917s, peak RSS 1034 MB
  seed 620344 done in 910s, peak RSS 1033 MB
  seed 620346 done in 909s, peak RSS 1034 MB
  seed 620364 done in 905s, peak RSS 1033 MB
  seed 620284 done in 930s, peak RSS 1034 MB
  seed 620240 done in 937s, peak RSS 1033 MB
  seed 620307 done in 926s, peak RSS 1034 MB
  seed 620260 done in 934s, peak RSS 1034 MB
  seed 620365 done in 905s, peak RSS 1034 MB
  seed 620360 done in 908s, peak RSS 1033 MB
  seed 620310 done in 928s, peak RSS 1033 MB
  seed 620337 done in 917s, peak RSS 1033 MB
  seed 620370 done in 906s, peak RSS 1033 MB
  seed 620327 done in 924s, peak RSS 1033 MB
  seed 620302 done in 933s, peak RSS 1033 MB
  seed 620339 done in 918s, peak RSS 1033 MB
  seed 620343 done in 917s, peak RSS 1033 MB
  seed 620293 done in 935s, peak RSS 1034 MB
  seed 620347 done in 916s, peak RSS 1033 MB
  seed 620323 done in 926s, peak RSS 1034 MB
  seed 620292 done in 936s, peak RSS 1034 MB
  seed 620362 done in 913s, peak RSS 1034 MB
  seed 620299 done in 935s, peak RSS 1033 MB
  seed 620349 done in 918s, peak RSS 1032 MB
  seed 620368 done in 911s, peak RSS 1033 MB
  seed 620311 done in 935s, peak RSS 1034 MB
  seed 620318 done in 931s, peak RSS 1033 MB
  seed 620378 done in 904s, peak RSS 1034 MB
  seed 620288 done in 941s, peak RSS 1034 MB
  seed 620367 done in 915s, peak RSS 1034 MB
  seed 620377 done in 906s, peak RSS 1033 MB
  seed 620322 done in 932s, peak RSS 1034 MB
  seed 620304 done in 940s, peak RSS 1034 MB
  seed 620340 done in 927s, peak RSS 1034 MB
  seed 620332 done in 929s, peak RSS 1034 MB
  seed 620341 done in 927s, peak RSS 1034 MB
  seed 620338 done in 928s, peak RSS 1034 MB
  seed 620315 done in 939s, peak RSS 1033 MB
  seed 620333 done in 931s, peak RSS 1034 MB
  seed 620350 done in 929s, peak RSS 1034 MB
  seed 620345 done in 930s, peak RSS 1033 MB
  seed 620326 done in 938s, peak RSS 1033 MB
  seed 620359 done in 928s, peak RSS 1035 MB
  seed 620353 done in 930s, peak RSS 1034 MB
  seed 620371 done in 923s, peak RSS 1034 MB
  seed 620366 done in 924s, peak RSS 1033 MB
  seed 620334 done in 935s, peak RSS 1033 MB
  seed 620354 done in 932s, peak RSS 1034 MB
  seed 620363 done in 929s, peak RSS 1034 MB
  seed 620348 done in 935s, peak RSS 1034 MB
  seed 620355 done in 934s, peak RSS 1033 MB
  seed 620351 done in 935s, peak RSS 1034 MB
  seed 620375 done in 921s, peak RSS 1035 MB
  seed 620357 done in 935s, peak RSS 1033 MB
  seed 620376 done in 922s, peak RSS 1035 MB
  seed 620358 done in 937s, peak RSS 1034 MB
  seed 620356 done in 937s, peak RSS 1033 MB
  seed 620372 done in 927s, peak RSS 1034 MB
  seed 620369 done in 933s, peak RSS 1033 MB
  seed 620380 done in 920s, peak RSS 1034 MB
  seed 620374 done in 930s, peak RSS 1033 MB
  seed 620373 done in 933s, peak RSS 1036 MB
  seed 620381 done in 940s, peak RSS 1036 MB
  seed 620379 done in 953s, peak RSS 1034 MB
  seed 620389 done in 875s, peak RSS 1034 MB
  seed 620383 done in 891s, peak RSS 1036 MB
  seed 620387 done in 889s, peak RSS 1033 MB
  seed 620384 done in 892s, peak RSS 1034 MB
  seed 620392 done in 882s, peak RSS 1034 MB
  seed 620401 done in 875s, peak RSS 1034 MB
  seed 620390 done in 888s, peak RSS 1034 MB
  seed 620405 done in 876s, peak RSS 1033 MB
  seed 620385 done in 895s, peak RSS 1033 MB
  seed 620402 done in 878s, peak RSS 1033 MB
  seed 620406 done in 879s, peak RSS 1033 MB
  seed 620395 done in 886s, peak RSS 1034 MB
  seed 620398 done in 885s, peak RSS 1034 MB
  seed 620386 done in 900s, peak RSS 1034 MB
  seed 620388 done in 898s, peak RSS 1036 MB
  seed 620426 done in 877s, peak RSS 1034 MB
  seed 620391 done in 899s, peak RSS 1036 MB
  seed 620416 done in 883s, peak RSS 1033 MB
  seed 620382 done in 909s, peak RSS 1033 MB
  seed 620407 done in 891s, peak RSS 1034 MB
  seed 620436 done in 879s, peak RSS 1034 MB
  seed 620433 done in 881s, peak RSS 1034 MB
  seed 620403 done in 896s, peak RSS 1034 MB
  seed 620421 done in 890s, peak RSS 1035 MB
  seed 620394 done in 903s, peak RSS 1034 MB
  seed 620393 done in 905s, peak RSS 1034 MB
  seed 620424 done in 890s, peak RSS 1033 MB
  seed 620447 done in 883s, peak RSS 1035 MB
  seed 620422 done in 895s, peak RSS 1034 MB
  seed 620397 done in 908s, peak RSS 1034 MB
  seed 620429 done in 893s, peak RSS 1036 MB
  seed 620455 done in 882s, peak RSS 1033 MB
  seed 620459 done in 881s, peak RSS 1033 MB
  seed 620411 done in 903s, peak RSS 1034 MB
  seed 620452 done in 884s, peak RSS 1035 MB
  seed 620419 done in 899s, peak RSS 1033 MB
  seed 620404 done in 905s, peak RSS 1033 MB
  seed 620454 done in 884s, peak RSS 1035 MB
  seed 620400 done in 906s, peak RSS 1033 MB
  seed 620396 done in 912s, peak RSS 1034 MB
  seed 620440 done in 890s, peak RSS 1033 MB
  seed 620399 done in 909s, peak RSS 1034 MB
  seed 620413 done in 904s, peak RSS 1034 MB
  seed 620414 done in 905s, peak RSS 1034 MB
  seed 620408 done in 907s, peak RSS 1033 MB
  seed 620409 done in 908s, peak RSS 1034 MB
  seed 620423 done in 902s, peak RSS 1034 MB
  seed 620428 done in 900s, peak RSS 1033 MB
  seed 620427 done in 901s, peak RSS 1034 MB
  seed 620441 done in 894s, peak RSS 1033 MB
  seed 620417 done in 907s, peak RSS 1034 MB
  seed 620434 done in 898s, peak RSS 1034 MB
  seed 620461 done in 888s, peak RSS 1035 MB
  seed 620412 done in 909s, peak RSS 1033 MB
  seed 620444 done in 895s, peak RSS 1035 MB
  seed 620437 done in 897s, peak RSS 1035 MB
  seed 620457 done in 891s, peak RSS 1033 MB
  seed 620415 done in 910s, peak RSS 1034 MB
  seed 620420 done in 908s, peak RSS 1033 MB
  seed 620410 done in 912s, peak RSS 1033 MB
  seed 620418 done in 909s, peak RSS 1034 MB
  seed 620431 done in 903s, peak RSS 1034 MB
  seed 620425 done in 906s, peak RSS 1034 MB
  seed 620462 done in 891s, peak RSS 1033 MB
  seed 620449 done in 896s, peak RSS 1033 MB
  seed 620430 done in 908s, peak RSS 1036 MB
  seed 620435 done in 906s, peak RSS 1034 MB
  seed 620446 done in 903s, peak RSS 1034 MB
  seed 620453 done in 901s, peak RSS 1033 MB
  seed 620445 done in 905s, peak RSS 1033 MB
  seed 620432 done in 910s, peak RSS 1034 MB
  seed 620456 done in 900s, peak RSS 1033 MB
  seed 620438 done in 906s, peak RSS 1034 MB
  seed 620460 done in 900s, peak RSS 1035 MB
  seed 620443 done in 907s, peak RSS 1034 MB
  seed 620439 done in 908s, peak RSS 1034 MB
  seed 620471 done in 896s, peak RSS 1033 MB
  seed 620448 done in 906s, peak RSS 1034 MB
  seed 620458 done in 903s, peak RSS 1034 MB
  seed 620463 done in 902s, peak RSS 1033 MB
  seed 620473 done in 897s, peak RSS 1034 MB
  seed 620442 done in 911s, peak RSS 1034 MB
  seed 620450 done in 909s, peak RSS 1034 MB
  seed 620451 done in 909s, peak RSS 1033 MB
  seed 620468 done in 903s, peak RSS 1035 MB
  seed 620467 done in 903s, peak RSS 1034 MB
  seed 620477 done in 900s, peak RSS 1034 MB
  seed 620466 done in 907s, peak RSS 1033 MB
  seed 620472 done in 905s, peak RSS 1033 MB
  seed 620479 done in 903s, peak RSS 1033 MB
  seed 620486 done in 898s, peak RSS 1033 MB
  seed 620464 done in 910s, peak RSS 1034 MB
  seed 620494 done in 894s, peak RSS 1033 MB
  seed 620483 done in 903s, peak RSS 1034 MB
  seed 620478 done in 907s, peak RSS 1034 MB
  seed 620476 done in 908s, peak RSS 1035 MB
  seed 620481 done in 905s, peak RSS 1034 MB
  seed 620469 done in 911s, peak RSS 1034 MB
  seed 620480 done in 906s, peak RSS 1034 MB
  seed 620465 done in 916s, peak RSS 1033 MB
  seed 620490 done in 903s, peak RSS 1032 MB
  seed 620475 done in 913s, peak RSS 1034 MB
  seed 620470 done in 916s, peak RSS 1034 MB
  seed 620489 done in 906s, peak RSS 1034 MB
  seed 620488 done in 907s, peak RSS 1034 MB
  seed 620495 done in 904s, peak RSS 1034 MB
  seed 620501 done in 900s, peak RSS 1034 MB
  seed 620485 done in 910s, peak RSS 1034 MB
  seed 620503 done in 903s, peak RSS 1033 MB
  seed 620497 done in 908s, peak RSS 1034 MB
  seed 620500 done in 905s, peak RSS 1034 MB
  seed 620502 done in 905s, peak RSS 1033 MB
  seed 620518 done in 901s, peak RSS 1033 MB
  seed 620541 done in 891s, peak RSS 1034 MB
  seed 620474 done in 926s, peak RSS 1034 MB
  seed 620516 done in 905s, peak RSS 1034 MB
  seed 620511 done in 907s, peak RSS 1034 MB
  seed 620522 done in 901s, peak RSS 1034 MB
  seed 620508 done in 910s, peak RSS 1033 MB
  seed 620484 done in 923s, peak RSS 1034 MB
  seed 620482 done in 929s, peak RSS 1034 MB
  seed 620531 done in 906s, peak RSS 1033 MB
  seed 620520 done in 910s, peak RSS 1033 MB
  seed 620507 done in 917s, peak RSS 1034 MB
  seed 620535 done in 905s, peak RSS 1033 MB
  seed 620487 done in 929s, peak RSS 1034 MB
  seed 620526 done in 910s, peak RSS 1034 MB
  seed 620537 done in 905s, peak RSS 1034 MB
  seed 620515 done in 917s, peak RSS 1034 MB
  seed 620499 done in 923s, peak RSS 1034 MB
  seed 620506 done in 921s, peak RSS 1033 MB
  seed 620519 done in 916s, peak RSS 1033 MB
  seed 620539 done in 906s, peak RSS 1033 MB
  seed 620505 done in 922s, peak RSS 1033 MB
  seed 620512 done in 920s, peak RSS 1033 MB
  seed 620542 done in 905s, peak RSS 1034 MB
  seed 620543 done in 906s, peak RSS 1034 MB
  seed 620521 done in 916s, peak RSS 1033 MB
  seed 620530 done in 914s, peak RSS 1034 MB
  seed 620496 done in 931s, peak RSS 1034 MB
  seed 620491 done in 934s, peak RSS 1033 MB
  seed 620554 done in 902s, peak RSS 1033 MB
  seed 620498 done in 932s, peak RSS 1033 MB
  seed 620546 done in 908s, peak RSS 1033 MB
  seed 620545 done in 909s, peak RSS 1034 MB
  seed 620549 done in 906s, peak RSS 1033 MB
  seed 620509 done in 927s, peak RSS 1034 MB
  seed 620513 done in 926s, peak RSS 1034 MB
  seed 620493 done in 935s, peak RSS 1034 MB
  seed 620492 done in 936s, peak RSS 1034 MB
  seed 620504 done in 931s, peak RSS 1034 MB
  seed 620523 done in 921s, peak RSS 1033 MB
  seed 620529 done in 921s, peak RSS 1034 MB
  seed 620532 done in 921s, peak RSS 1032 MB
  seed 620560 done in 904s, peak RSS 1034 MB
  seed 620517 done in 929s, peak RSS 1034 MB
  seed 620558 done in 905s, peak RSS 1034 MB
  seed 620534 done in 920s, peak RSS 1034 MB
  seed 620510 done in 933s, peak RSS 1033 MB
  seed 620538 done in 920s, peak RSS 1034 MB
  seed 620552 done in 912s, peak RSS 1034 MB
  seed 620514 done in 934s, peak RSS 1033 MB
  seed 620528 done in 928s, peak RSS 1034 MB
  seed 620533 done in 927s, peak RSS 1033 MB
  seed 620524 done in 931s, peak RSS 1033 MB
  seed 620527 done in 931s, peak RSS 1033 MB
  seed 620565 done in 909s, peak RSS 1033 MB
  seed 620555 done in 917s, peak RSS 1033 MB
  seed 620544 done in 923s, peak RSS 1034 MB
  seed 620540 done in 928s, peak RSS 1034 MB
  seed 620561 done in 915s, peak RSS 1035 MB
  seed 620553 done in 921s, peak RSS 1034 MB
  seed 620547 done in 925s, peak RSS 1034 MB
  seed 620536 done in 931s, peak RSS 1034 MB
  seed 620548 done in 924s, peak RSS 1034 MB
  seed 620525 done in 938s, peak RSS 1033 MB
  seed 620550 done in 925s, peak RSS 1033 MB
  seed 620566 done in 916s, peak RSS 1034 MB
  seed 620570 done in 913s, peak RSS 1036 MB
  seed 620551 done in 930s, peak RSS 1035 MB
  seed 620557 done in 929s, peak RSS 1034 MB
  seed 620556 done in 931s, peak RSS 1034 MB
  seed 620564 done in 930s, peak RSS 1034 MB
  seed 620569 done in 925s, peak RSS 1033 MB
  seed 620559 done in 935s, peak RSS 1033 MB
  seed 620562 done in 934s, peak RSS 1033 MB
  seed 620563 done in 935s, peak RSS 1035 MB
  seed 620571 done in 911s, peak RSS 1036 MB
  seed 620567 done in 934s, peak RSS 1033 MB
  seed 620568 done in 935s, peak RSS 1034 MB
  seed 620572 done in 945s, peak RSS 1034 MB
  seed 620576 done in 881s, peak RSS 1034 MB
  seed 620582 done in 884s, peak RSS 1033 MB
  seed 620587 done in 881s, peak RSS 1036 MB
  seed 620589 done in 878s, peak RSS 1036 MB
  seed 620575 done in 893s, peak RSS 1033 MB
  seed 620590 done in 881s, peak RSS 1033 MB
  seed 620580 done in 895s, peak RSS 1033 MB
  seed 620579 done in 897s, peak RSS 1034 MB
  seed 620573 done in 911s, peak RSS 1034 MB
  seed 620581 done in 894s, peak RSS 1033 MB
  seed 620577 done in 905s, peak RSS 1034 MB
  seed 620588 done in 892s, peak RSS 1034 MB
  seed 620574 done in 910s, peak RSS 1036 MB
  seed 620586 done in 900s, peak RSS 1034 MB
  seed 620578 done in 907s, peak RSS 1034 MB
  seed 620614 done in 877s, peak RSS 1034 MB
  seed 620610 done in 879s, peak RSS 1035 MB
  seed 620584 done in 905s, peak RSS 1034 MB
  seed 620585 done in 905s, peak RSS 1034 MB
  seed 620583 done in 908s, peak RSS 1033 MB
  seed 620609 done in 883s, peak RSS 1033 MB
  seed 620601 done in 888s, peak RSS 1034 MB
  seed 620628 done in 878s, peak RSS 1035 MB
  seed 620631 done in 877s, peak RSS 1033 MB
  seed 620612 done in 885s, peak RSS 1034 MB
  seed 620592 done in 900s, peak RSS 1034 MB
  seed 620597 done in 896s, peak RSS 1034 MB
  seed 620591 done in 904s, peak RSS 1033 MB
  seed 620593 done in 901s, peak RSS 1034 MB
  seed 620606 done in 890s, peak RSS 1034 MB
  seed 620598 done in 897s, peak RSS 1034 MB
  seed 620600 done in 893s, peak RSS 1035 MB
  seed 620617 done in 887s, peak RSS 1033 MB
  seed 620633 done in 882s, peak RSS 1034 MB
  seed 620596 done in 899s, peak RSS 1035 MB
  seed 620595 done in 900s, peak RSS 1034 MB
  seed 620599 done in 900s, peak RSS 1033 MB
  seed 620632 done in 885s, peak RSS 1033 MB
  seed 620627 done in 887s, peak RSS 1035 MB
  seed 620613 done in 895s, peak RSS 1033 MB
  seed 620594 done in 908s, peak RSS 1034 MB
  seed 620616 done in 895s, peak RSS 1034 MB
  seed 620648 done in 879s, peak RSS 1034 MB
  seed 620618 done in 896s, peak RSS 1034 MB
  seed 620621 done in 894s, peak RSS 1034 MB
  seed 620608 done in 900s, peak RSS 1033 MB
  seed 620602 done in 904s, peak RSS 1034 MB
  seed 620605 done in 903s, peak RSS 1033 MB
  seed 620659 done in 878s, peak RSS 1034 MB
  seed 620619 done in 900s, peak RSS 1034 MB
  seed 620604 done in 906s, peak RSS 1033 MB
  seed 620615 done in 904s, peak RSS 1034 MB
  seed 620647 done in 887s, peak RSS 1034 MB
  seed 620638 done in 893s, peak RSS 1036 MB
  seed 620624 done in 901s, peak RSS 1034 MB
  seed 620661 done in 878s, peak RSS 1033 MB
  seed 620625 done in 901s, peak RSS 1035 MB
  seed 620653 done in 888s, peak RSS 1034 MB
  seed 620664 done in 880s, peak RSS 1034 MB
  seed 620611 done in 911s, peak RSS 1033 MB
  seed 620620 done in 906s, peak RSS 1033 MB
  seed 620607 done in 912s, peak RSS 1035 MB
  seed 620626 done in 905s, peak RSS 1033 MB
  seed 620650 done in 892s, peak RSS 1034 MB
  seed 620630 done in 904s, peak RSS 1034 MB
  seed 620639 done in 898s, peak RSS 1034 MB
  seed 620657 done in 890s, peak RSS 1035 MB
  seed 620623 done in 909s, peak RSS 1034 MB
  seed 620603 done in 918s, peak RSS 1036 MB
  seed 620634 done in 907s, peak RSS 1034 MB
  seed 620622 done in 911s, peak RSS 1033 MB
  seed 620635 done in 908s, peak RSS 1034 MB
  seed 620637 done in 907s, peak RSS 1033 MB
  seed 620644 done in 901s, peak RSS 1033 MB
  seed 620629 done in 910s, peak RSS 1033 MB
  seed 620669 done in 885s, peak RSS 1034 MB
  seed 620655 done in 897s, peak RSS 1034 MB
  seed 620642 done in 905s, peak RSS 1033 MB
  seed 620672 done in 885s, peak RSS 1033 MB
  seed 620636 done in 913s, peak RSS 1033 MB
  seed 620680 done in 882s, peak RSS 1034 MB
  seed 620643 done in 906s, peak RSS 1034 MB
  seed 620646 done in 907s, peak RSS 1035 MB
  seed 620649 done in 906s, peak RSS 1033 MB
  seed 620645 done in 909s, peak RSS 1034 MB
  seed 620641 done in 911s, peak RSS 1033 MB
  seed 620656 done in 903s, peak RSS 1034 MB
  seed 620651 done in 908s, peak RSS 1034 MB
  seed 620660 done in 903s, peak RSS 1033 MB
  seed 620665 done in 901s, peak RSS 1033 MB
  seed 620654 done in 909s, peak RSS 1034 MB
  seed 620666 done in 901s, peak RSS 1034 MB
  seed 620658 done in 909s, peak RSS 1034 MB
  seed 620671 done in 901s, peak RSS 1034 MB
  seed 620663 done in 907s, peak RSS 1033 MB
  seed 620667 done in 906s, peak RSS 1034 MB
  seed 620674 done in 907s, peak RSS 1034 MB
  seed 620678 done in 905s, peak RSS 1034 MB
  seed 620652 done in 925s, peak RSS 1033 MB
  seed 620679 done in 906s, peak RSS 1034 MB
  seed 620668 done in 915s, peak RSS 1035 MB
  seed 620675 done in 911s, peak RSS 1034 MB
  seed 620640 done in 937s, peak RSS 1034 MB
  seed 620692 done in 900s, peak RSS 1034 MB
  seed 620682 done in 911s, peak RSS 1034 MB
  seed 620662 done in 928s, peak RSS 1033 MB
  seed 620686 done in 910s, peak RSS 1034 MB
  seed 620687 done in 913s, peak RSS 1034 MB
  seed 620701 done in 902s, peak RSS 1034 MB
  seed 620673 done in 928s, peak RSS 1032 MB
  seed 620683 done in 921s, peak RSS 1034 MB
  seed 620670 done in 934s, peak RSS 1034 MB
  seed 620681 done in 925s, peak RSS 1033 MB
  seed 620676 done in 929s, peak RSS 1034 MB
  seed 620707 done in 904s, peak RSS 1033 MB
  seed 620685 done in 921s, peak RSS 1033 MB
  seed 620677 done in 933s, peak RSS 1034 MB
  seed 620690 done in 921s, peak RSS 1034 MB
  seed 620684 done in 930s, peak RSS 1033 MB
  seed 620691 done in 922s, peak RSS 1033 MB
  seed 620712 done in 909s, peak RSS 1034 MB
  seed 620697 done in 917s, peak RSS 1033 MB
  seed 620709 done in 912s, peak RSS 1034 MB
  seed 620693 done in 921s, peak RSS 1034 MB
  seed 620705 done in 914s, peak RSS 1033 MB
  seed 620710 done in 913s, peak RSS 1033 MB
  seed 620703 done in 915s, peak RSS 1033 MB
  seed 620696 done in 919s, peak RSS 1034 MB
  seed 620727 done in 904s, peak RSS 1034 MB
  seed 620732 done in 904s, peak RSS 1034 MB
  seed 620688 done in 931s, peak RSS 1034 MB
  seed 620723 done in 910s, peak RSS 1034 MB
  seed 620741 done in 898s, peak RSS 1034 MB
  seed 620731 done in 907s, peak RSS 1033 MB
  seed 620729 done in 908s, peak RSS 1034 MB
  seed 620726 done in 909s, peak RSS 1032 MB
  seed 620736 done in 904s, peak RSS 1033 MB
  seed 620724 done in 914s, peak RSS 1033 MB
  seed 620694 done in 926s, peak RSS 1033 MB
  seed 620689 done in 935s, peak RSS 1034 MB
  seed 620706 done in 922s, peak RSS 1033 MB
  seed 620695 done in 928s, peak RSS 1033 MB
  seed 620734 done in 909s, peak RSS 1033 MB
  seed 620718 done in 919s, peak RSS 1033 MB
  seed 620740 done in 906s, peak RSS 1033 MB
  seed 620717 done in 920s, peak RSS 1034 MB
  seed 620698 done in 930s, peak RSS 1034 MB
  seed 620743 done in 904s, peak RSS 1035 MB
  seed 620699 done in 931s, peak RSS 1034 MB
  seed 620744 done in 905s, peak RSS 1034 MB
  seed 620742 done in 907s, peak RSS 1034 MB
  seed 620725 done in 920s, peak RSS 1034 MB
  seed 620711 done in 927s, peak RSS 1035 MB
  seed 620708 done in 929s, peak RSS 1034 MB
  seed 620728 done in 919s, peak RSS 1034 MB
  seed 620714 done in 926s, peak RSS 1033 MB
  seed 620721 done in 924s, peak RSS 1034 MB
  seed 620713 done in 927s, peak RSS 1033 MB
  seed 620733 done in 917s, peak RSS 1034 MB
  seed 620702 done in 933s, peak RSS 1034 MB
  seed 620720 done in 926s, peak RSS 1034 MB
  seed 620704 done in 934s, peak RSS 1033 MB
  seed 620700 done in 937s, peak RSS 1034 MB
  seed 620754 done in 900s, peak RSS 1034 MB
  seed 620719 done in 929s, peak RSS 1034 MB
  seed 620750 done in 909s, peak RSS 1034 MB
  seed 620730 done in 928s, peak RSS 1034 MB
  seed 620722 done in 933s, peak RSS 1034 MB
  seed 620752 done in 909s, peak RSS 1035 MB
  seed 620735 done in 926s, peak RSS 1034 MB
  seed 620716 done in 937s, peak RSS 1033 MB
  seed 620757 done in 904s, peak RSS 1033 MB
  seed 620715 done in 940s, peak RSS 1033 MB
  seed 620739 done in 927s, peak RSS 1033 MB
  seed 620738 done in 928s, peak RSS 1033 MB
  seed 620751 done in 920s, peak RSS 1036 MB
  seed 620759 done in 908s, peak RSS 1035 MB
  seed 620746 done in 928s, peak RSS 1034 MB
  seed 620747 done in 928s, peak RSS 1034 MB
  seed 620745 done in 930s, peak RSS 1034 MB
  seed 620749 done in 929s, peak RSS 1033 MB
  seed 620737 done in 937s, peak RSS 1033 MB
  seed 620755 done in 917s, peak RSS 1034 MB
  seed 620760 done in 913s, peak RSS 1036 MB
  seed 620756 done in 917s, peak RSS 1034 MB
  seed 620748 done in 936s, peak RSS 1033 MB
  seed 620753 done in 927s, peak RSS 1034 MB
  seed 620758 done in 934s, peak RSS 1033 MB
  seed 620762 done in 929s, peak RSS 1034 MB
  seed 620761 done in 934s, peak RSS 1033 MB
  seed 620763 done in 952s, peak RSS 1034 MB
  seed 620766 done in 883s, peak RSS 1036 MB
  seed 620769 done in 883s, peak RSS 1033 MB
  seed 620765 done in 891s, peak RSS 1033 MB
  seed 620770 done in 884s, peak RSS 1033 MB
  seed 620764 done in 904s, peak RSS 1034 MB
  seed 620771 done in 893s, peak RSS 1034 MB
  seed 620772 done in 894s, peak RSS 1034 MB
  seed 620784 done in 880s, peak RSS 1033 MB
  seed 620767 done in 905s, peak RSS 1036 MB
  seed 620780 done in 887s, peak RSS 1035 MB
  seed 620785 done in 882s, peak RSS 1034 MB
  seed 620799 done in 876s, peak RSS 1034 MB
  seed 620773 done in 901s, peak RSS 1033 MB
  seed 620774 done in 896s, peak RSS 1034 MB
  seed 620768 done in 910s, peak RSS 1033 MB
  seed 620783 done in 892s, peak RSS 1033 MB
  seed 620798 done in 884s, peak RSS 1035 MB
  seed 620775 done in 907s, peak RSS 1034 MB
  seed 620804 done in 884s, peak RSS 1034 MB
  seed 620800 done in 889s, peak RSS 1034 MB
  seed 620791 done in 895s, peak RSS 1033 MB
  seed 620781 done in 903s, peak RSS 1034 MB
  seed 620801 done in 890s, peak RSS 1033 MB
  seed 620778 done in 907s, peak RSS 1034 MB
  seed 620805 done in 888s, peak RSS 1034 MB
  seed 620811 done in 884s, peak RSS 1033 MB
  seed 620779 done in 908s, peak RSS 1034 MB
  seed 620777 done in 910s, peak RSS 1034 MB
  seed 620808 done in 888s, peak RSS 1034 MB
  seed 620787 done in 902s, peak RSS 1033 MB
  seed 620776 done in 912s, peak RSS 1036 MB
  seed 620795 done in 900s, peak RSS 1035 MB
  seed 620788 done in 906s, peak RSS 1034 MB
  seed 620794 done in 903s, peak RSS 1034 MB
  seed 620813 done in 888s, peak RSS 1034 MB
  seed 620817 done in 886s, peak RSS 1036 MB
  seed 620824 done in 882s, peak RSS 1033 MB
  seed 620792 done in 906s, peak RSS 1034 MB
  seed 620814 done in 890s, peak RSS 1033 MB
  seed 620829 done in 884s, peak RSS 1034 MB
  seed 620803 done in 901s, peak RSS 1033 MB
  seed 620790 done in 910s, peak RSS 1034 MB
  seed 620809 done in 898s, peak RSS 1033 MB
  seed 620830 done in 884s, peak RSS 1035 MB
  seed 620836 done in 881s, peak RSS 1033 MB
  seed 620782 done in 917s, peak RSS 1034 MB
  seed 620833 done in 882s, peak RSS 1034 MB
  seed 620789 done in 913s, peak RSS 1034 MB
  seed 620793 done in 910s, peak RSS 1034 MB
  seed 620796 done in 910s, peak RSS 1033 MB
  seed 620832 done in 884s, peak RSS 1036 MB
  seed 620819 done in 894s, peak RSS 1033 MB
  seed 620807 done in 902s, peak RSS 1034 MB
  seed 620842 done in 880s, peak RSS 1033 MB
  seed 620839 done in 883s, peak RSS 1034 MB
  seed 620822 done in 891s, peak RSS 1034 MB
  seed 620786 done in 917s, peak RSS 1035 MB
  seed 620802 done in 908s, peak RSS 1035 MB
  seed 620797 done in 913s, peak RSS 1034 MB
  seed 620851 done in 875s, peak RSS 1034 MB
  seed 620812 done in 902s, peak RSS 1034 MB
  seed 620816 done in 899s, peak RSS 1034 MB
  seed 620815 done in 901s, peak RSS 1034 MB
  seed 620825 done in 898s, peak RSS 1036 MB
  seed 620831 done in 895s, peak RSS 1034 MB
  seed 620806 done in 913s, peak RSS 1034 MB
  seed 620818 done in 904s, peak RSS 1034 MB
  seed 620855 done in 880s, peak RSS 1034 MB
  seed 620837 done in 897s, peak RSS 1033 MB
  seed 620823 done in 905s, peak RSS 1033 MB
  seed 620826 done in 905s, peak RSS 1033 MB
  seed 620810 done in 916s, peak RSS 1034 MB
  seed 620820 done in 910s, peak RSS 1035 MB
  seed 620848 done in 892s, peak RSS 1034 MB
  seed 620828 done in 906s, peak RSS 1034 MB
  seed 620827 done in 907s, peak RSS 1034 MB
  seed 620844 done in 896s, peak RSS 1035 MB
  seed 620840 done in 900s, peak RSS 1034 MB
  seed 620821 done in 912s, peak RSS 1034 MB
  seed 620858 done in 884s, peak RSS 1033 MB
  seed 620834 done in 906s, peak RSS 1034 MB
  seed 620846 done in 900s, peak RSS 1035 MB
  seed 620853 done in 894s, peak RSS 1033 MB
  seed 620838 done in 907s, peak RSS 1034 MB
  seed 620835 done in 909s, peak RSS 1034 MB
  seed 620841 done in 906s, peak RSS 1033 MB
  seed 620847 done in 903s, peak RSS 1033 MB
  seed 620843 done in 908s, peak RSS 1033 MB
  seed 620849 done in 903s, peak RSS 1034 MB
  seed 620852 done in 901s, peak RSS 1033 MB
  seed 620850 done in 908s, peak RSS 1034 MB
  seed 620845 done in 912s, peak RSS 1034 MB
  seed 620854 done in 912s, peak RSS 1034 MB
  seed 620863 done in 897s, peak RSS 1036 MB
  seed 620862 done in 902s, peak RSS 1033 MB
  seed 620860 done in 904s, peak RSS 1034 MB
  seed 620859 done in 910s, peak RSS 1034 MB
  seed 620864 done in 904s, peak RSS 1035 MB
  seed 620867 done in 899s, peak RSS 1034 MB
  seed 620861 done in 908s, peak RSS 1034 MB
  seed 620865 done in 906s, peak RSS 1034 MB
  seed 620857 done in 921s, peak RSS 1034 MB
  seed 620866 done in 907s, peak RSS 1034 MB
  seed 620868 done in 903s, peak RSS 1034 MB
  seed 620856 done in 927s, peak RSS 1034 MB
  seed 620875 done in 895s, peak RSS 1034 MB
  seed 620869 done in 907s, peak RSS 1033 MB
  seed 620877 done in 899s, peak RSS 1034 MB
  seed 620874 done in 905s, peak RSS 1034 MB
  seed 620882 done in 897s, peak RSS 1033 MB
  seed 620871 done in 910s, peak RSS 1034 MB
  seed 620878 done in 907s, peak RSS 1033 MB
  seed 620883 done in 901s, peak RSS 1033 MB
  seed 620889 done in 898s, peak RSS 1033 MB
  seed 620887 done in 899s, peak RSS 1034 MB
  seed 620897 done in 895s, peak RSS 1033 MB
  seed 620870 done in 918s, peak RSS 1034 MB
  seed 620879 done in 909s, peak RSS 1033 MB
  seed 620890 done in 900s, peak RSS 1033 MB
  seed 620894 done in 899s, peak RSS 1034 MB
  seed 620896 done in 899s, peak RSS 1034 MB
  seed 620912 done in 890s, peak RSS 1034 MB
  seed 620901 done in 897s, peak RSS 1033 MB
  seed 620873 done in 919s, peak RSS 1032 MB
  seed 620914 done in 891s, peak RSS 1034 MB
  seed 620902 done in 898s, peak RSS 1033 MB
  seed 620910 done in 895s, peak RSS 1034 MB
  seed 620916 done in 892s, peak RSS 1035 MB
  seed 620876 done in 918s, peak RSS 1033 MB
  seed 620872 done in 922s, peak RSS 1034 MB
  seed 620881 done in 915s, peak RSS 1034 MB
  seed 620923 done in 892s, peak RSS 1034 MB
  seed 620917 done in 894s, peak RSS 1034 MB
  seed 620904 done in 903s, peak RSS 1033 MB
  seed 620911 done in 899s, peak RSS 1035 MB
  seed 620880 done in 919s, peak RSS 1034 MB
  seed 620891 done in 913s, peak RSS 1034 MB
  seed 620893 done in 911s, peak RSS 1034 MB
  seed 620919 done in 898s, peak RSS 1033 MB
  seed 620922 done in 897s, peak RSS 1034 MB
  seed 620899 done in 909s, peak RSS 1032 MB
  seed 620888 done in 915s, peak RSS 1033 MB
  seed 620886 done in 916s, peak RSS 1034 MB
  seed 620929 done in 894s, peak RSS 1034 MB
  seed 620892 done in 916s, peak RSS 1034 MB
  seed 620903 done in 910s, peak RSS 1034 MB
  seed 620918 done in 903s, peak RSS 1034 MB
  seed 620920 done in 902s, peak RSS 1034 MB
  seed 620885 done in 921s, peak RSS 1033 MB
  seed 620895 done in 916s, peak RSS 1034 MB
  seed 620884 done in 922s, peak RSS 1034 MB
  seed 620900 done in 914s, peak RSS 1033 MB
  seed 620908 done in 910s, peak RSS 1033 MB
  seed 620898 done in 917s, peak RSS 1034 MB
  seed 620909 done in 911s, peak RSS 1034 MB
  seed 620913 done in 910s, peak RSS 1035 MB
  seed 620906 done in 914s, peak RSS 1033 MB
  seed 620925 done in 905s, peak RSS 1033 MB
  seed 620935 done in 894s, peak RSS 1033 MB
  seed 620937 done in 894s, peak RSS 1033 MB
  seed 620927 done in 905s, peak RSS 1034 MB
  seed 620921 done in 909s, peak RSS 1033 MB
  seed 620938 done in 893s, peak RSS 1033 MB
  seed 620907 done in 916s, peak RSS 1033 MB
  seed 620932 done in 900s, peak RSS 1035 MB
  seed 620905 done in 919s, peak RSS 1033 MB
  seed 620924 done in 912s, peak RSS 1034 MB
  seed 620915 done in 917s, peak RSS 1034 MB
  seed 620949 done in 886s, peak RSS 1033 MB
  seed 620930 done in 908s, peak RSS 1034 MB
  seed 620928 done in 913s, peak RSS 1034 MB
  seed 620926 done in 915s, peak RSS 1034 MB
  seed 620933 done in 907s, peak RSS 1034 MB
  seed 620950 done in 889s, peak RSS 1034 MB
  seed 620943 done in 898s, peak RSS 1034 MB
  seed 620939 done in 902s, peak RSS 1036 MB
  seed 620931 done in 912s, peak RSS 1034 MB
  seed 620934 done in 911s, peak RSS 1033 MB
  seed 620944 done in 900s, peak RSS 1033 MB
  seed 620936 done in 911s, peak RSS 1033 MB
  seed 620942 done in 906s, peak RSS 1034 MB
  seed 620947 done in 902s, peak RSS 1036 MB
  seed 620941 done in 909s, peak RSS 1034 MB
  seed 620945 done in 907s, peak RSS 1033 MB
  seed 620948 done in 906s, peak RSS 1034 MB
  seed 620940 done in 913s, peak RSS 1035 MB
  seed 620946 done in 913s, peak RSS 1034 MB
  seed 620951 done in 894s, peak RSS 1033 MB
  seed 620952 done in 895s, peak RSS 1034 MB
  seed 620953 done in 897s, peak RSS 1033 MB
  seed 620954 done in 877s, peak RSS 1034 MB
  seed 620956 done in 650s, peak RSS 1033 MB
  seed 620957 done in 656s, peak RSS 1033 MB
  seed 620955 done in 664s, peak RSS 1036 MB
  seed 620958 done in 662s, peak RSS 1033 MB
  seed 620968 done in 656s, peak RSS 1034 MB
  seed 620959 done in 673s, peak RSS 1034 MB
  seed 620962 done in 662s, peak RSS 1034 MB
  seed 620971 done in 651s, peak RSS 1035 MB
  seed 620965 done in 661s, peak RSS 1035 MB
  seed 620970 done in 654s, peak RSS 1033 MB
  seed 620963 done in 663s, peak RSS 1036 MB
  seed 620967 done in 661s, peak RSS 1033 MB
  seed 620961 done in 669s, peak RSS 1034 MB
  seed 620988 done in 639s, peak RSS 1034 MB
  seed 620966 done in 666s, peak RSS 1034 MB
  seed 620980 done in 649s, peak RSS 1033 MB
  seed 620964 done in 669s, peak RSS 1035 MB
  seed 620977 done in 653s, peak RSS 1033 MB
  seed 620969 done in 670s, peak RSS 1033 MB
  seed 620978 done in 657s, peak RSS 1034 MB
  seed 620960 done in 682s, peak RSS 1034 MB
  seed 620990 done in 649s, peak RSS 1036 MB
  seed 620992 done in 647s, peak RSS 1034 MB
  seed 620976 done in 661s, peak RSS 1034 MB
  seed 620985 done in 659s, peak RSS 1036 MB
  seed 620974 done in 665s, peak RSS 1034 MB
  seed 620984 done in 661s, peak RSS 1033 MB
  seed 620983 done in 662s, peak RSS 1034 MB
  seed 620973 done in 670s, peak RSS 1034 MB
  seed 620979 done in 666s, peak RSS 1034 MB
  seed 620981 done in 666s, peak RSS 1034 MB
  seed 620986 done in 663s, peak RSS 1035 MB
  seed 620987 done in 661s, peak RSS 1034 MB
  seed 620995 done in 656s, peak RSS 1033 MB
  seed 620972 done in 674s, peak RSS 1034 MB
  seed 620975 done in 674s, peak RSS 1033 MB
  seed 620991 done in 664s, peak RSS 1033 MB
  seed 620996 done in 661s, peak RSS 1034 MB
  seed 620982 done in 672s, peak RSS 1034 MB
  seed 620998 done in 662s, peak RSS 1035 MB
  seed 620997 done in 663s, peak RSS 1033 MB
  seed 620993 done in 666s, peak RSS 1033 MB
  seed 620999 done in 663s, peak RSS 1033 MB
  seed 620989 done in 672s, peak RSS 1034 MB
  seed 620994 done in 670s, peak RSS 1034 MB
[exit 0]
