/home/ubuntu/observable-garden/learn2/blocks.py:23: RuntimeWarning: Mean of empty slice
  mu = np.nanmean(x, axis=1, keepdims=True)
/home/ubuntu/observable-garden/.venv/lib/python3.14/site-packages/numpy/lib/_nanfunctions_impl.py:1997: RuntimeWarning: Degrees of freedom <= 0 for slice.
  var = nanvar(a, axis=axis, dtype=dtype, out=out, ddof=ddof,
/home/ubuntu/observable-garden/learn2/blocks.py:23: RuntimeWarning: Mean of empty slice
  mu = np.nanmean(x, axis=1, keepdims=True)
/home/ubuntu/observable-garden/.venv/lib/python3.14/site-packages/numpy/lib/_nanfunctions_impl.py:1997: RuntimeWarning: Degrees of freedom <= 0 for slice.
  var = nanvar(a, axis=axis, dtype=dtype, out=out, ddof=ddof,
/home/ubuntu/observable-garden/learn2/blocks.py:23: RuntimeWarning: Mean of empty slice
  mu = np.nanmean(x, axis=1, keepdims=True)
/home/ubuntu/observable-garden/.venv/lib/python3.14/site-packages/numpy/lib/_nanfunctions_impl.py:1997: RuntimeWarning: Degrees of freedom <= 0 for slice.
  var = nanvar(a, axis=axis, dtype=dtype, out=out, ddof=ddof,
/home/ubuntu/observable-garden/learn2/learner.py:133: RuntimeWarning: Mean of empty slice
  out[:, m] = fwd[:, m] - np.nanmean(fwd[:, m], axis=1, keepdims=True)
/home/ubuntu/observable-garden/learn2/learner.py:133: RuntimeWarning: Mean of empty slice
  out[:, m] = fwd[:, m] - np.nanmean(fwd[:, m], axis=1, keepdims=True)
1/3 tasks, 869 s
2/3 tasks, 2483 s
3/3 tasks, 2753 s
wall 2753 s; 3 tasks; no outcome printed
[exit 0]
