SMOKE (cost only): seeds 985000-985190, levels [0.0, 1.0], K 19 x 2, no bootstrap, 191 to run
  power at start: n/a (not macOS)
  seed 985030 done in 210s, peak RSS 436 MB
  seed 985043 done in 210s, peak RSS 438 MB
  seed 985003 done in 222s, peak RSS 438 MB
  seed 985161 done in 231s, peak RSS 436 MB
  seed 985138 done in 238s, peak RSS 438 MB
  seed 985098 done in 241s, peak RSS 436 MB
  seed 985083 done in 247s, peak RSS 436 MB
  seed 985127 done in 254s, peak RSS 437 MB
  seed 985075 done in 256s, peak RSS 435 MB
  seed 985012 done in 258s, peak RSS 437 MB
  seed 985129 done in 262s, peak RSS 440 MB
  seed 985146 done in 262s, peak RSS 436 MB
  seed 985154 done in 262s, peak RSS 436 MB
  seed 985145 done in 263s, peak RSS 437 MB
  seed 985107 done in 264s, peak RSS 437 MB
  seed 985032 done in 268s, peak RSS 436 MB
  seed 985037 done in 268s, peak RSS 436 MB
  seed 985021 done in 272s, peak RSS 437 MB
  seed 985149 done in 277s, peak RSS 436 MB
  seed 985006 done in 281s, peak RSS 438 MB
  seed 985095 done in 281s, peak RSS 437 MB
  seed 985085 done in 281s, peak RSS 436 MB
  seed 985060 done in 283s, peak RSS 439 MB
  seed 985178 done in 283s, peak RSS 439 MB
  seed 985071 done in 286s, peak RSS 438 MB
  seed 985045 done in 287s, peak RSS 439 MB
  seed 985118 done in 288s, peak RSS 438 MB
  seed 985046 done in 289s, peak RSS 435 MB
  seed 985169 done in 291s, peak RSS 436 MB
  seed 985051 done in 292s, peak RSS 437 MB
  seed 985115 done in 293s, peak RSS 438 MB
  seed 985066 done in 293s, peak RSS 438 MB
  seed 985091 done in 293s, peak RSS 437 MB
  seed 985128 done in 294s, peak RSS 438 MB
  seed 985124 done in 296s, peak RSS 437 MB
  seed 985094 done in 296s, peak RSS 436 MB
  seed 985105 done in 299s, peak RSS 438 MB
  seed 985112 done in 300s, peak RSS 438 MB
  seed 985008 done in 300s, peak RSS 437 MB
  seed 985090 done in 302s, peak RSS 438 MB
  seed 985022 done in 302s, peak RSS 436 MB
  seed 985041 done in 304s, peak RSS 439 MB
  seed 985015 done in 304s, peak RSS 438 MB
  seed 985130 done in 304s, peak RSS 441 MB
  seed 985143 done in 304s, peak RSS 438 MB
  seed 985103 done in 305s, peak RSS 439 MB
  seed 985175 done in 305s, peak RSS 438 MB
  seed 985017 done in 306s, peak RSS 439 MB
  seed 985131 done in 305s, peak RSS 438 MB
  seed 985160 done in 308s, peak RSS 439 MB
  seed 985126 done in 309s, peak RSS 439 MB
  seed 985111 done in 310s, peak RSS 437 MB
  seed 985110 done in 311s, peak RSS 439 MB
  seed 985063 done in 311s, peak RSS 438 MB
  seed 985088 done in 312s, peak RSS 437 MB
  seed 985040 done in 314s, peak RSS 438 MB
  seed 985101 done in 314s, peak RSS 438 MB
  seed 985027 done in 315s, peak RSS 436 MB
  seed 985044 done in 316s, peak RSS 438 MB
  seed 985072 done in 316s, peak RSS 438 MB
  seed 985081 done in 317s, peak RSS 438 MB
  seed 985057 done in 318s, peak RSS 440 MB
  seed 985062 done in 319s, peak RSS 438 MB
  seed 985122 done in 319s, peak RSS 437 MB
  seed 985087 done in 320s, peak RSS 438 MB
  seed 985119 done in 322s, peak RSS 440 MB
  seed 985166 done in 323s, peak RSS 439 MB
  seed 985093 done in 323s, peak RSS 436 MB
  seed 985000 done in 323s, peak RSS 435 MB
  seed 985183 done in 323s, peak RSS 438 MB
  seed 985034 done in 324s, peak RSS 439 MB
  seed 985028 done in 325s, peak RSS 439 MB
  seed 985089 done in 326s, peak RSS 439 MB
  seed 985132 done in 326s, peak RSS 439 MB
  seed 985172 done in 327s, peak RSS 438 MB
  seed 985097 done in 327s, peak RSS 438 MB
  seed 985038 done in 329s, peak RSS 439 MB
  seed 985150 done in 330s, peak RSS 439 MB
  seed 985035 done in 332s, peak RSS 440 MB
  seed 985002 done in 332s, peak RSS 437 MB
  seed 985162 done in 332s, peak RSS 438 MB
  seed 985140 done in 333s, peak RSS 439 MB
  seed 985104 done in 333s, peak RSS 439 MB
  seed 985033 done in 334s, peak RSS 438 MB
  seed 985080 done in 334s, peak RSS 438 MB
  seed 985139 done in 335s, peak RSS 437 MB
  seed 985159 done in 335s, peak RSS 436 MB
  seed 985019 done in 336s, peak RSS 438 MB
  seed 985079 done in 335s, peak RSS 435 MB
  seed 985050 done in 336s, peak RSS 438 MB
  seed 985049 done in 337s, peak RSS 436 MB
  seed 985061 done in 337s, peak RSS 437 MB
  seed 985096 done in 337s, peak RSS 437 MB
  seed 985059 done in 337s, peak RSS 438 MB
  seed 985157 done in 338s, peak RSS 438 MB
  seed 985024 done in 338s, peak RSS 437 MB
  seed 985029 done in 339s, peak RSS 438 MB
  seed 985018 done in 339s, peak RSS 439 MB
  seed 985141 done in 339s, peak RSS 439 MB
  seed 985084 done in 340s, peak RSS 438 MB
  seed 985047 done in 341s, peak RSS 438 MB
  seed 985052 done in 343s, peak RSS 438 MB
  seed 985054 done in 343s, peak RSS 437 MB
  seed 985153 done in 343s, peak RSS 438 MB
  seed 985186 done in 343s, peak RSS 439 MB
  seed 985055 done in 345s, peak RSS 437 MB
  seed 985184 done in 346s, peak RSS 438 MB
  seed 985109 done in 347s, peak RSS 438 MB
  seed 985100 done in 347s, peak RSS 439 MB
  seed 985065 done in 349s, peak RSS 438 MB
  seed 985067 done in 350s, peak RSS 437 MB
  seed 985076 done in 352s, peak RSS 438 MB
  seed 985142 done in 352s, peak RSS 438 MB
  seed 985025 done in 353s, peak RSS 439 MB
  seed 985020 done in 355s, peak RSS 440 MB
  seed 985187 done in 357s, peak RSS 439 MB
  seed 985069 done in 358s, peak RSS 436 MB
  seed 985134 done in 358s, peak RSS 439 MB
  seed 985016 done in 360s, peak RSS 438 MB
  seed 985171 done in 360s, peak RSS 439 MB
  seed 985026 done in 361s, peak RSS 439 MB
  seed 985023 done in 362s, peak RSS 438 MB
  seed 985073 done in 361s, peak RSS 438 MB
  seed 985173 done in 361s, peak RSS 437 MB
  seed 985056 done in 363s, peak RSS 438 MB
  seed 985077 done in 363s, peak RSS 439 MB
  seed 985108 done in 363s, peak RSS 438 MB
  seed 985102 done in 364s, peak RSS 437 MB
  seed 985137 done in 364s, peak RSS 437 MB
  seed 985158 done in 364s, peak RSS 438 MB
  seed 985125 done in 364s, peak RSS 437 MB
  seed 985144 done in 365s, peak RSS 438 MB
  seed 985070 done in 365s, peak RSS 436 MB
  seed 985031 done in 366s, peak RSS 439 MB
  seed 985189 done in 368s, peak RSS 438 MB
  seed 985167 done in 369s, peak RSS 439 MB
  seed 985188 done in 369s, peak RSS 438 MB
  seed 985168 done in 369s, peak RSS 437 MB
  seed 985068 done in 369s, peak RSS 439 MB
  seed 985148 done in 372s, peak RSS 439 MB
  seed 985174 done in 374s, peak RSS 438 MB
  seed 985147 done in 374s, peak RSS 438 MB
  seed 985116 done in 374s, peak RSS 439 MB
  seed 985036 done in 374s, peak RSS 440 MB
  seed 985190 done in 375s, peak RSS 438 MB
  seed 985053 done in 375s, peak RSS 439 MB
  seed 985048 done in 375s, peak RSS 438 MB
  seed 985005 done in 376s, peak RSS 438 MB
  seed 985151 done in 376s, peak RSS 438 MB
  seed 985185 done in 376s, peak RSS 438 MB
  seed 985011 done in 378s, peak RSS 439 MB
  seed 985042 done in 379s, peak RSS 437 MB
  seed 985106 done in 379s, peak RSS 439 MB
  seed 985014 done in 379s, peak RSS 438 MB
  seed 985179 done in 380s, peak RSS 439 MB
  seed 985074 done in 380s, peak RSS 437 MB
  seed 985120 done in 381s, peak RSS 439 MB
  seed 985007 done in 382s, peak RSS 438 MB
  seed 985010 done in 383s, peak RSS 439 MB
  seed 985078 done in 383s, peak RSS 438 MB
  seed 985121 done in 384s, peak RSS 437 MB
  seed 985092 done in 386s, peak RSS 437 MB
  seed 985064 done in 389s, peak RSS 438 MB
  seed 985182 done in 389s, peak RSS 438 MB
  seed 985155 done in 390s, peak RSS 437 MB
  seed 985113 done in 390s, peak RSS 439 MB
  seed 985170 done in 393s, peak RSS 440 MB
  seed 985001 done in 393s, peak RSS 439 MB
  seed 985004 done in 393s, peak RSS 439 MB
  seed 985123 done in 393s, peak RSS 439 MB
  seed 985086 done in 394s, peak RSS 438 MB
  seed 985177 done in 396s, peak RSS 439 MB
  seed 985099 done in 397s, peak RSS 439 MB
  seed 985180 done in 397s, peak RSS 440 MB
  seed 985009 done in 399s, peak RSS 437 MB
  seed 985135 done in 399s, peak RSS 437 MB
  seed 985164 done in 401s, peak RSS 439 MB
  seed 985176 done in 401s, peak RSS 438 MB
  seed 985114 done in 409s, peak RSS 439 MB
  seed 985013 done in 411s, peak RSS 441 MB
  seed 985039 done in 411s, peak RSS 441 MB
  seed 985117 done in 412s, peak RSS 440 MB
  seed 985165 done in 412s, peak RSS 441 MB
  seed 985163 done in 415s, peak RSS 439 MB
  seed 985136 done in 417s, peak RSS 438 MB
  seed 985152 done in 418s, peak RSS 440 MB
  seed 985082 done in 419s, peak RSS 439 MB
  seed 985133 done in 423s, peak RSS 440 MB
  seed 985058 done in 423s, peak RSS 439 MB
  seed 985156 done in 427s, peak RSS 437 MB
  seed 985181 done in 428s, peak RSS 440 MB

scripted twin cell (score) — SMOKE, cost only (no rule quantity is written or shown)
==============================================================================
  panels 191 (seeds 985000-985190), 2 levels, 39 return matrices per level, no bootstrap, workers 191, wall 433s
  per seed (both levels): wall mean 338s median 338s max 428s; CPU mean 338s median 338s max 427s
  wall/CPU ratio max 1.00 (well above 1 means the machine slept or was contended during that seed)
  per level, by stage (median s): generate 0.2, searches 175.7
  peak RSS per worker: max 441 MB
  throughput: 1586.7 panels per hour wall (191 workers, this machine)
  power: at start n/a (not macOS); at end n/a (not macOS)
[exit 0]
