commit 6fdd1ba09be466d896472ab1478417f715821d79
SMOKE (cost only): seeds 980000-980190, levels [0.0, 0.5, 1.0, 1.5], B 1000, 191 to run, 0 done
  invariant population moments ready in 167s (0 if cached)
  seed 980161 done in 1155s, peak RSS 1035 MB
  seed 980098 done in 1160s, peak RSS 1035 MB
  seed 980037 done in 1162s, peak RSS 1035 MB
  seed 980127 done in 1163s, peak RSS 1035 MB
  seed 980117 done in 1164s, peak RSS 1035 MB
  seed 980040 done in 1165s, peak RSS 1035 MB
  seed 980137 done in 1165s, peak RSS 1035 MB
  seed 980093 done in 1166s, peak RSS 1035 MB
  seed 980168 done in 1166s, peak RSS 1035 MB
  seed 980046 done in 1167s, peak RSS 1035 MB
  seed 980053 done in 1168s, peak RSS 1035 MB
  seed 980056 done in 1168s, peak RSS 1035 MB
  seed 980135 done in 1169s, peak RSS 1035 MB
  seed 980126 done in 1170s, peak RSS 1035 MB
  seed 980057 done in 1170s, peak RSS 1035 MB
  seed 980113 done in 1171s, peak RSS 1035 MB
  seed 980112 done in 1172s, peak RSS 1035 MB
  seed 980157 done in 1172s, peak RSS 1035 MB
  seed 980076 done in 1172s, peak RSS 1035 MB
  seed 980131 done in 1172s, peak RSS 1035 MB
  seed 980051 done in 1172s, peak RSS 1035 MB
  seed 980118 done in 1172s, peak RSS 1035 MB
  seed 980078 done in 1172s, peak RSS 1035 MB
  seed 980066 done in 1173s, peak RSS 1035 MB
  seed 980049 done in 1173s, peak RSS 1035 MB
  seed 980008 done in 1173s, peak RSS 1035 MB
  seed 980187 done in 1173s, peak RSS 1035 MB
  seed 980130 done in 1173s, peak RSS 1035 MB
  seed 980116 done in 1173s, peak RSS 1035 MB
  seed 980121 done in 1174s, peak RSS 1035 MB
  seed 980011 done in 1174s, peak RSS 1035 MB
  seed 980178 done in 1174s, peak RSS 1035 MB
  seed 980063 done in 1175s, peak RSS 1035 MB
  seed 980180 done in 1174s, peak RSS 1035 MB
  seed 980103 done in 1175s, peak RSS 1035 MB
  seed 980156 done in 1175s, peak RSS 1035 MB
  seed 980036 done in 1176s, peak RSS 1035 MB
  seed 980080 done in 1176s, peak RSS 1035 MB
  seed 980060 done in 1176s, peak RSS 1035 MB
  seed 980058 done in 1176s, peak RSS 1035 MB
  seed 980085 done in 1176s, peak RSS 1035 MB
  seed 980094 done in 1176s, peak RSS 1035 MB
  seed 980003 done in 1176s, peak RSS 1035 MB
  seed 980071 done in 1176s, peak RSS 1033 MB
  seed 980077 done in 1176s, peak RSS 1035 MB
  seed 980189 done in 1176s, peak RSS 1035 MB
  seed 980175 done in 1176s, peak RSS 1035 MB
  seed 980173 done in 1176s, peak RSS 1035 MB
  seed 980186 done in 1176s, peak RSS 1035 MB
  seed 980070 done in 1177s, peak RSS 1035 MB
  seed 980014 done in 1177s, peak RSS 1035 MB
  seed 980017 done in 1178s, peak RSS 1035 MB
  seed 980021 done in 1178s, peak RSS 1034 MB
  seed 980038 done in 1178s, peak RSS 1035 MB
  seed 980054 done in 1179s, peak RSS 1035 MB
  seed 980029 done in 1179s, peak RSS 1035 MB
  seed 980188 done in 1178s, peak RSS 1035 MB
  seed 980009 done in 1179s, peak RSS 1035 MB
  seed 980065 done in 1179s, peak RSS 1035 MB
  seed 980075 done in 1180s, peak RSS 1035 MB
  seed 980100 done in 1180s, peak RSS 1033 MB
  seed 980155 done in 1180s, peak RSS 1035 MB
  seed 980171 done in 1180s, peak RSS 1035 MB
  seed 980033 done in 1180s, peak RSS 1035 MB
  seed 980104 done in 1180s, peak RSS 1035 MB
  seed 980045 done in 1180s, peak RSS 1035 MB
  seed 980164 done in 1181s, peak RSS 1035 MB
  seed 980032 done in 1182s, peak RSS 1035 MB
  seed 980119 done in 1182s, peak RSS 1035 MB
  seed 980082 done in 1183s, peak RSS 1035 MB
  seed 980138 done in 1183s, peak RSS 1035 MB
  seed 980002 done in 1183s, peak RSS 1035 MB
  seed 980052 done in 1184s, peak RSS 1035 MB
  seed 980068 done in 1184s, peak RSS 1035 MB
  seed 980007 done in 1184s, peak RSS 1035 MB
  seed 980179 done in 1184s, peak RSS 1035 MB
  seed 980167 done in 1184s, peak RSS 1035 MB
  seed 980004 done in 1185s, peak RSS 1035 MB
  seed 980172 done in 1184s, peak RSS 1035 MB
  seed 980166 done in 1185s, peak RSS 1035 MB
  seed 980012 done in 1185s, peak RSS 1035 MB
  seed 980095 done in 1185s, peak RSS 1035 MB
  seed 980149 done in 1185s, peak RSS 1035 MB
  seed 980018 done in 1186s, peak RSS 1035 MB
  seed 980176 done in 1185s, peak RSS 1035 MB
  seed 980050 done in 1186s, peak RSS 1033 MB
  seed 980114 done in 1186s, peak RSS 1035 MB
  seed 980005 done in 1187s, peak RSS 1035 MB
  seed 980110 done in 1186s, peak RSS 1035 MB
  seed 980083 done in 1187s, peak RSS 1035 MB
  seed 980024 done in 1187s, peak RSS 1035 MB
  seed 980072 done in 1187s, peak RSS 1033 MB
  seed 980109 done in 1187s, peak RSS 1035 MB
  seed 980190 done in 1187s, peak RSS 1035 MB
  seed 980124 done in 1188s, peak RSS 1035 MB
  seed 980106 done in 1188s, peak RSS 1035 MB
  seed 980039 done in 1188s, peak RSS 1035 MB
  seed 980133 done in 1188s, peak RSS 1035 MB
  seed 980181 done in 1188s, peak RSS 1035 MB
  seed 980184 done in 1188s, peak RSS 1035 MB
  seed 980074 done in 1188s, peak RSS 1035 MB
  seed 980006 done in 1189s, peak RSS 1035 MB
  seed 980031 done in 1189s, peak RSS 1035 MB
  seed 980144 done in 1189s, peak RSS 1035 MB
  seed 980159 done in 1189s, peak RSS 1035 MB
  seed 980125 done in 1189s, peak RSS 1035 MB
  seed 980086 done in 1189s, peak RSS 1035 MB
  seed 980152 done in 1189s, peak RSS 1035 MB
  seed 980010 done in 1189s, peak RSS 1035 MB
  seed 980177 done in 1190s, peak RSS 1035 MB
  seed 980087 done in 1190s, peak RSS 1035 MB
  seed 980042 done in 1190s, peak RSS 1035 MB
  seed 980099 done in 1190s, peak RSS 1035 MB
  seed 980162 done in 1190s, peak RSS 1035 MB
  seed 980148 done in 1190s, peak RSS 1035 MB
  seed 980090 done in 1191s, peak RSS 1035 MB
  seed 980163 done in 1190s, peak RSS 1035 MB
  seed 980145 done in 1190s, peak RSS 1035 MB
  seed 980129 done in 1190s, peak RSS 1035 MB
  seed 980043 done in 1191s, peak RSS 1035 MB
  seed 980174 done in 1191s, peak RSS 1035 MB
  seed 980023 done in 1191s, peak RSS 1035 MB
  seed 980001 done in 1191s, peak RSS 1035 MB
  seed 980154 done in 1191s, peak RSS 1035 MB
  seed 980030 done in 1191s, peak RSS 1035 MB
  seed 980028 done in 1191s, peak RSS 1035 MB
  seed 980013 done in 1191s, peak RSS 1035 MB
  seed 980185 done in 1191s, peak RSS 1035 MB
  seed 980107 done in 1191s, peak RSS 1035 MB
  seed 980089 done in 1192s, peak RSS 1035 MB
  seed 980183 done in 1191s, peak RSS 1035 MB
  seed 980064 done in 1192s, peak RSS 1035 MB
  seed 980146 done in 1191s, peak RSS 1035 MB
  seed 980147 done in 1192s, peak RSS 1035 MB
  seed 980062 done in 1192s, peak RSS 1035 MB
  seed 980084 done in 1192s, peak RSS 1035 MB
  seed 980165 done in 1192s, peak RSS 1035 MB
  seed 980115 done in 1192s, peak RSS 1035 MB
  seed 980096 done in 1193s, peak RSS 1035 MB
  seed 980182 done in 1192s, peak RSS 1035 MB
  seed 980140 done in 1193s, peak RSS 1035 MB
  seed 980025 done in 1193s, peak RSS 1035 MB
  seed 980092 done in 1193s, peak RSS 1035 MB
  seed 980044 done in 1193s, peak RSS 1035 MB
  seed 980105 done in 1193s, peak RSS 1035 MB
  seed 980091 done in 1193s, peak RSS 1035 MB
  seed 980128 done in 1194s, peak RSS 1035 MB
  seed 980169 done in 1194s, peak RSS 1035 MB
  seed 980134 done in 1194s, peak RSS 1035 MB
  seed 980016 done in 1194s, peak RSS 1035 MB
  seed 980111 done in 1194s, peak RSS 1035 MB
  seed 980034 done in 1195s, peak RSS 1035 MB
  seed 980081 done in 1195s, peak RSS 1035 MB
  seed 980020 done in 1195s, peak RSS 1035 MB
  seed 980000 done in 1196s, peak RSS 1035 MB
  seed 980055 done in 1195s, peak RSS 1035 MB
  seed 980026 done in 1196s, peak RSS 1035 MB
  seed 980122 done in 1195s, peak RSS 1035 MB
  seed 980141 done in 1195s, peak RSS 1035 MB
  seed 980015 done in 1196s, peak RSS 1035 MB
  seed 980153 done in 1196s, peak RSS 1035 MB
  seed 980061 done in 1196s, peak RSS 1035 MB
  seed 980158 done in 1196s, peak RSS 1035 MB
  seed 980022 done in 1197s, peak RSS 1035 MB
  seed 980136 done in 1197s, peak RSS 1035 MB
  seed 980143 done in 1197s, peak RSS 1035 MB
  seed 980047 done in 1197s, peak RSS 1035 MB
  seed 980150 done in 1197s, peak RSS 1035 MB
  seed 980069 done in 1198s, peak RSS 1035 MB
  seed 980151 done in 1198s, peak RSS 1035 MB
  seed 980132 done in 1198s, peak RSS 1035 MB
  seed 980048 done in 1199s, peak RSS 1033 MB
  seed 980160 done in 1199s, peak RSS 1035 MB
  seed 980079 done in 1199s, peak RSS 1035 MB
  seed 980019 done in 1199s, peak RSS 1035 MB
  seed 980142 done in 1199s, peak RSS 1035 MB
  seed 980120 done in 1199s, peak RSS 1035 MB
  seed 980073 done in 1199s, peak RSS 1035 MB
  seed 980139 done in 1199s, peak RSS 1035 MB
  seed 980035 done in 1200s, peak RSS 1035 MB
  seed 980041 done in 1200s, peak RSS 1035 MB
  seed 980101 done in 1200s, peak RSS 1035 MB
  seed 980170 done in 1201s, peak RSS 1034 MB
  seed 980097 done in 1201s, peak RSS 1035 MB
  seed 980088 done in 1201s, peak RSS 1035 MB
  seed 980108 done in 1203s, peak RSS 1035 MB
  seed 980027 done in 1204s, peak RSS 1035 MB
  seed 980059 done in 1204s, peak RSS 1035 MB
  seed 980067 done in 1205s, peak RSS 1035 MB
  seed 980102 done in 1207s, peak RSS 1035 MB
  seed 980123 done in 1208s, peak RSS 1035 MB

7.5 scripted half — SMOKE, cost only (no rule quantity is written or shown)
==============================================================================
  panels 191 (seeds 980000-980190), levels 4, B 1000, workers 191, wall 1213s
  per seed (all levels): wall mean 1186s  median 1188s  max 1208s; CPU mean 1186s  median 1188s  max 1208s
  wall/CPU ratio median 1.00 max 1.00 (well above 1 means the machine slept or was contended during that seed)
  per level, by stage (median s): generate 5.0, class_pass 243.2, searchers_realized 0.0, trigger_nulls 50.4, finalise 0.7
  peak RSS per worker: max 1035 MB
  invariant population moments, once per run: 167s this invocation (0 when the cache already held them)
  projection for 2,000 seeds on 191 workers: 3.45 h (mean throughput) to 3.69 h (11 rounds x the slowest seed) -> $34 (mean) to $36 (upper) at $9.85/h
  re-measure on the registered instance before launch (prereg/README.md, Sizing)
[exit 0]
