ML v2 smoke, cost only: level-0 planted ETF panels (696000, 696001); no outcome printed
platform Linux x86_64; workers 64
========================================================================================
available blocks ('P', 'X', 'V'); 126 fit cells per panel
/home/ubuntu/observable-garden/learn2/blocks.py:23: RuntimeWarning: Mean of empty slice
  mu = np.nanmean(x, axis=1, keepdims=True)
/home/ubuntu/observable-garden/.venv/lib/python3.14/site-packages/numpy/lib/_nanfunctions_impl.py:1997: RuntimeWarning: Degrees of freedom <= 0 for slice.
  var = nanvar(a, axis=axis, dtype=dtype, out=out, ddof=ddof,
/home/ubuntu/observable-garden/learn2/learner.py:133: RuntimeWarning: Mean of empty slice
  out[:, m] = fwd[:, m] - np.nanmean(fwd[:, m], axis=1, keepdims=True)
/home/ubuntu/observable-garden/.venv/lib/python3.14/site-packages/numpy/lib/_nanfunctions_impl.py:1997: RuntimeWarning: Degrees of freedom <= 0 for slice.
  var = nanvar(a, axis=axis, dtype=dtype, out=out, ddof=ddof,
/home/ubuntu/observable-garden/learn2/blocks.py:23: RuntimeWarning: Mean of empty slice
  mu = np.nanmean(x, axis=1, keepdims=True)
/home/ubuntu/observable-garden/.venv/lib/python3.14/site-packages/numpy/lib/_nanfunctions_impl.py:1997: RuntimeWarning: Degrees of freedom <= 0 for slice.
  var = nanvar(a, axis=axis, dtype=dtype, out=out, ddof=ddof,
/home/ubuntu/observable-garden/learn2/learner.py:133: RuntimeWarning: Mean of empty slice
  out[:, m] = fwd[:, m] - np.nanmean(fwd[:, m], axis=1, keepdims=True)
/home/ubuntu/observable-garden/.venv/lib/python3.14/site-packages/numpy/lib/_nanfunctions_impl.py:1997: RuntimeWarning: Degrees of freedom <= 0 for slice.
  var = nanvar(a, axis=axis, dtype=dtype, out=out, ddof=ddof,
/home/ubuntu/observable-garden/learn2/blocks.py:23: RuntimeWarning: Mean of empty slice
  mu = np.nanmean(x, axis=1, keepdims=True)
/home/ubuntu/observable-garden/.venv/lib/python3.14/site-packages/numpy/lib/_nanfunctions_impl.py:1997: RuntimeWarning: Degrees of freedom <= 0 for slice.
  var = nanvar(a, axis=axis, dtype=dtype, out=out, ddof=ddof,
/home/ubuntu/observable-garden/learn2/blocks.py:23: RuntimeWarning: Mean of empty slice
  mu = np.nanmean(x, axis=1, keepdims=True)
/home/ubuntu/observable-garden/.venv/lib/python3.14/site-packages/numpy/lib/_nanfunctions_impl.py:1997: RuntimeWarning: Degrees of freedom <= 0 for slice.
  var = nanvar(a, axis=axis, dtype=dtype, out=out, ddof=ddof,
/home/ubuntu/observable-garden/learn2/learner.py:133: RuntimeWarning: Mean of empty slice
  out[:, m] = fwd[:, m] - np.nanmean(fwd[:, m], axis=1, keepdims=True)
/home/ubuntu/observable-garden/.venv/lib/python3.14/site-packages/numpy/lib/_nanfunctions_impl.py:1997: RuntimeWarning: Degrees of freedom <= 0 for slice.
  var = nanvar(a, axis=axis, dtype=dtype, out=out, ddof=ddof,
/home/ubuntu/observable-garden/learn2/blocks.py:23: RuntimeWarning: Mean of empty slice
  mu = np.nanmean(x, axis=1, keepdims=True)
/home/ubuntu/observable-garden/.venv/lib/python3.14/site-packages/numpy/lib/_nanfunctions_impl.py:1997: RuntimeWarning: Degrees of freedom <= 0 for slice.
  var = nanvar(a, axis=axis, dtype=dtype, out=out, ddof=ddof,
/home/ubuntu/observable-garden/learn2/blocks.py:23: RuntimeWarning: Mean of empty slice
  mu = np.nanmean(x, axis=1, keepdims=True)
/home/ubuntu/observable-garden/.venv/lib/python3.14/site-packages/numpy/lib/_nanfunctions_impl.py:1997: RuntimeWarning: Degrees of freedom <= 0 for slice.
  var = nanvar(a, axis=axis, dtype=dtype, out=out, ddof=ddof,
/home/ubuntu/observable-garden/learn2/learner.py:133: RuntimeWarning: Mean of empty slice
  out[:, m] = fwd[:, m] - np.nanmean(fwd[:, m], axis=1, keepdims=True)
/home/ubuntu/observable-garden/.venv/lib/python3.14/site-packages/numpy/lib/_nanfunctions_impl.py:1997: RuntimeWarning: Degrees of freedom <= 0 for slice.
  var = nanvar(a, axis=axis, dtype=dtype, out=out, ddof=ddof,
/home/ubuntu/observable-garden/learn2/blocks.py:23: RuntimeWarning: Mean of empty slice
  mu = np.nanmean(x, axis=1, keepdims=True)
/home/ubuntu/observable-garden/learn2/learner.py:133: RuntimeWarning: Mean of empty slice
  out[:, m] = fwd[:, m] - np.nanmean(fwd[:, m], axis=1, keepdims=True)
/home/ubuntu/observable-garden/.venv/lib/python3.14/site-packages/numpy/lib/_nanfunctions_impl.py:1997: RuntimeWarning: Degrees of freedom <= 0 for slice.
  var = nanvar(a, axis=axis, dtype=dtype, out=out, ddof=ddof,
/home/ubuntu/observable-garden/.venv/lib/python3.14/site-packages/numpy/lib/_nanfunctions_impl.py:1997: RuntimeWarning: Degrees of freedom <= 0 for slice.
  var = nanvar(a, axis=axis, dtype=dtype, out=out, ddof=ddof,
/home/ubuntu/observable-garden/learn2/learner.py:133: RuntimeWarning: Mean of empty slice
  out[:, m] = fwd[:, m] - np.nanmean(fwd[:, m], axis=1, keepdims=True)
/home/ubuntu/observable-garden/learn2/learner.py:133: RuntimeWarning: Mean of empty slice
  out[:, m] = fwd[:, m] - np.nanmean(fwd[:, m], axis=1, keepdims=True)
/home/ubuntu/observable-garden/.venv/lib/python3.14/site-packages/numpy/lib/_nanfunctions_impl.py:1997: RuntimeWarning: Degrees of freedom <= 0 for slice.
  var = nanvar(a, axis=axis, dtype=dtype, out=out, ddof=ddof,
/home/ubuntu/observable-garden/.venv/lib/python3.14/site-packages/numpy/lib/_nanfunctions_impl.py:1997: RuntimeWarning: Degrees of freedom <= 0 for slice.
  var = nanvar(a, axis=axis, dtype=dtype, out=out, ddof=ddof,
/home/ubuntu/observable-garden/learn2/learner.py:133: RuntimeWarning: Mean of empty slice
  out[:, m] = fwd[:, m] - np.nanmean(fwd[:, m], axis=1, keepdims=True)
/home/ubuntu/observable-garden/.venv/lib/python3.14/site-packages/numpy/lib/_nanfunctions_impl.py:1997: RuntimeWarning: Degrees of freedom <= 0 for slice.
  var = nanvar(a, axis=axis, dtype=dtype, out=out, ddof=ddof,
/home/ubuntu/observable-garden/learn2/blocks.py:23: RuntimeWarning: Mean of empty slice
  mu = np.nanmean(x, axis=1, keepdims=True)
/home/ubuntu/observable-garden/.venv/lib/python3.14/site-packages/numpy/lib/_nanfunctions_impl.py:1997: RuntimeWarning: Degrees of freedom <= 0 for slice.
  var = nanvar(a, axis=axis, dtype=dtype, out=out, ddof=ddof,
/home/ubuntu/observable-garden/learn2/learner.py:133: RuntimeWarning: Mean of empty slice
  out[:, m] = fwd[:, m] - np.nanmean(fwd[:, m], axis=1, keepdims=True)
/home/ubuntu/observable-garden/learn2/blocks.py:23: RuntimeWarning: Mean of empty slice
  mu = np.nanmean(x, axis=1, keepdims=True)
/home/ubuntu/observable-garden/.venv/lib/python3.14/site-packages/numpy/lib/_nanfunctions_impl.py:1997: RuntimeWarning: Degrees of freedom <= 0 for slice.
  var = nanvar(a, axis=axis, dtype=dtype, out=out, ddof=ddof,
/home/ubuntu/observable-garden/.venv/lib/python3.14/site-packages/numpy/lib/_nanfunctions_impl.py:1997: RuntimeWarning: Degrees of freedom <= 0 for slice.
  var = nanvar(a, axis=axis, dtype=dtype, out=out, ddof=ddof,
/home/ubuntu/observable-garden/learn2/blocks.py:23: RuntimeWarning: Mean of empty slice
  mu = np.nanmean(x, axis=1, keepdims=True)
/home/ubuntu/observable-garden/.venv/lib/python3.14/site-packages/numpy/lib/_nanfunctions_impl.py:1997: RuntimeWarning: Degrees of freedom <= 0 for slice.
  var = nanvar(a, axis=axis, dtype=dtype, out=out, ddof=ddof,
/home/ubuntu/observable-garden/learn2/blocks.py:23: RuntimeWarning: Mean of empty slice
  mu = np.nanmean(x, axis=1, keepdims=True)
/home/ubuntu/observable-garden/learn2/learner.py:133: RuntimeWarning: Mean of empty slice
  out[:, m] = fwd[:, m] - np.nanmean(fwd[:, m], axis=1, keepdims=True)
/home/ubuntu/observable-garden/.venv/lib/python3.14/site-packages/numpy/lib/_nanfunctions_impl.py:1997: RuntimeWarning: Degrees of freedom <= 0 for slice.
  var = nanvar(a, axis=axis, dtype=dtype, out=out, ddof=ddof,
/home/ubuntu/observable-garden/.venv/lib/python3.14/site-packages/numpy/lib/_nanfunctions_impl.py:1997: RuntimeWarning: Degrees of freedom <= 0 for slice.
  var = nanvar(a, axis=axis, dtype=dtype, out=out, ddof=ddof,
/home/ubuntu/observable-garden/learn2/blocks.py:23: RuntimeWarning: Mean of empty slice
  mu = np.nanmean(x, axis=1, keepdims=True)
/home/ubuntu/observable-garden/learn2/learner.py:133: RuntimeWarning: Mean of empty slice
  out[:, m] = fwd[:, m] - np.nanmean(fwd[:, m], axis=1, keepdims=True)
/home/ubuntu/observable-garden/.venv/lib/python3.14/site-packages/numpy/lib/_nanfunctions_impl.py:1997: RuntimeWarning: Degrees of freedom <= 0 for slice.
  var = nanvar(a, axis=axis, dtype=dtype, out=out, ddof=ddof,
/home/ubuntu/observable-garden/.venv/lib/python3.14/site-packages/numpy/lib/_nanfunctions_impl.py:1997: RuntimeWarning: Degrees of freedom <= 0 for slice.
  var = nanvar(a, axis=axis, dtype=dtype, out=out, ddof=ddof,
/home/ubuntu/observable-garden/learn2/learner.py:133: RuntimeWarning: Mean of empty slice
  out[:, m] = fwd[:, m] - np.nanmean(fwd[:, m], axis=1, keepdims=True)
/home/ubuntu/observable-garden/.venv/lib/python3.14/site-packages/numpy/lib/_nanfunctions_impl.py:1997: RuntimeWarning: Degrees of freedom <= 0 for slice.
  var = nanvar(a, axis=axis, dtype=dtype, out=out, ddof=ddof,
/home/ubuntu/observable-garden/learn2/learner.py:133: RuntimeWarning: Mean of empty slice
  out[:, m] = fwd[:, m] - np.nanmean(fwd[:, m], axis=1, keepdims=True)
/home/ubuntu/observable-garden/.venv/lib/python3.14/site-packages/numpy/lib/_nanfunctions_impl.py:1997: RuntimeWarning: Degrees of freedom <= 0 for slice.
  var = nanvar(a, axis=axis, dtype=dtype, out=out, ddof=ddof,
/home/ubuntu/observable-garden/learn2/learner.py:133: RuntimeWarning: Mean of empty slice
  out[:, m] = fwd[:, m] - np.nanmean(fwd[:, m], axis=1, keepdims=True)
/home/ubuntu/observable-garden/.venv/lib/python3.14/site-packages/numpy/lib/_nanfunctions_impl.py:1997: RuntimeWarning: Degrees of freedom <= 0 for slice.
  var = nanvar(a, axis=axis, dtype=dtype, out=out, ddof=ddof,
/home/ubuntu/observable-garden/learn2/blocks.py:23: RuntimeWarning: Mean of empty slice
  mu = np.nanmean(x, axis=1, keepdims=True)
/home/ubuntu/observable-garden/.venv/lib/python3.14/site-packages/numpy/lib/_nanfunctions_impl.py:1997: RuntimeWarning: Degrees of freedom <= 0 for slice.
  var = nanvar(a, axis=axis, dtype=dtype, out=out, ddof=ddof,
/home/ubuntu/observable-garden/learn2/blocks.py:23: RuntimeWarning: Mean of empty slice
  mu = np.nanmean(x, axis=1, keepdims=True)
/home/ubuntu/observable-garden/.venv/lib/python3.14/site-packages/numpy/lib/_nanfunctions_impl.py:1997: RuntimeWarning: Degrees of freedom <= 0 for slice.
  var = nanvar(a, axis=axis, dtype=dtype, out=out, ddof=ddof,
/home/ubuntu/observable-garden/learn2/learner.py:133: RuntimeWarning: Mean of empty slice
  out[:, m] = fwd[:, m] - np.nanmean(fwd[:, m], axis=1, keepdims=True)
/home/ubuntu/observable-garden/.venv/lib/python3.14/site-packages/numpy/lib/_nanfunctions_impl.py:1997: RuntimeWarning: Degrees of freedom <= 0 for slice.
  var = nanvar(a, axis=axis, dtype=dtype, out=out, ddof=ddof,
/home/ubuntu/observable-garden/learn2/learner.py:133: RuntimeWarning: Mean of empty slice
  out[:, m] = fwd[:, m] - np.nanmean(fwd[:, m], axis=1, keepdims=True)
/home/ubuntu/observable-garden/.venv/lib/python3.14/site-packages/numpy/lib/_nanfunctions_impl.py:1997: RuntimeWarning: Degrees of freedom <= 0 for slice.
  var = nanvar(a, axis=axis, dtype=dtype, out=out, ddof=ddof,
/home/ubuntu/observable-garden/learn2/blocks.py:23: RuntimeWarning: Mean of empty slice
  mu = np.nanmean(x, axis=1, keepdims=True)
/home/ubuntu/observable-garden/learn2/blocks.py:23: RuntimeWarning: Mean of empty slice
  mu = np.nanmean(x, axis=1, keepdims=True)
/home/ubuntu/observable-garden/.venv/lib/python3.14/site-packages/numpy/lib/_nanfunctions_impl.py:1997: RuntimeWarning: Degrees of freedom <= 0 for slice.
  var = nanvar(a, axis=axis, dtype=dtype, out=out, ddof=ddof,
/home/ubuntu/observable-garden/.venv/lib/python3.14/site-packages/numpy/lib/_nanfunctions_impl.py:1997: RuntimeWarning: Degrees of freedom <= 0 for slice.
  var = nanvar(a, axis=axis, dtype=dtype, out=out, ddof=ddof,
/home/ubuntu/observable-garden/learn2/blocks.py:23: RuntimeWarning: Mean of empty slice
  mu = np.nanmean(x, axis=1, keepdims=True)
/home/ubuntu/observable-garden/.venv/lib/python3.14/site-packages/numpy/lib/_nanfunctions_impl.py:1997: RuntimeWarning: Degrees of freedom <= 0 for slice.
  var = nanvar(a, axis=axis, dtype=dtype, out=out, ddof=ddof,
/home/ubuntu/observable-garden/learn2/learner.py:133: RuntimeWarning: Mean of empty slice
  out[:, m] = fwd[:, m] - np.nanmean(fwd[:, m], axis=1, keepdims=True)
/home/ubuntu/observable-garden/.venv/lib/python3.14/site-packages/numpy/lib/_nanfunctions_impl.py:1997: RuntimeWarning: Degrees of freedom <= 0 for slice.
  var = nanvar(a, axis=axis, dtype=dtype, out=out, ddof=ddof,
/home/ubuntu/observable-garden/learn2/learner.py:133: RuntimeWarning: Mean of empty slice
  out[:, m] = fwd[:, m] - np.nanmean(fwd[:, m], axis=1, keepdims=True)
/home/ubuntu/observable-garden/.venv/lib/python3.14/site-packages/numpy/lib/_nanfunctions_impl.py:1997: RuntimeWarning: Degrees of freedom <= 0 for slice.
  var = nanvar(a, axis=axis, dtype=dtype, out=out, ddof=ddof,
/home/ubuntu/observable-garden/learn2/blocks.py:23: RuntimeWarning: Mean of empty slice
  mu = np.nanmean(x, axis=1, keepdims=True)
/home/ubuntu/observable-garden/.venv/lib/python3.14/site-packages/numpy/lib/_nanfunctions_impl.py:1997: RuntimeWarning: Degrees of freedom <= 0 for slice.
  var = nanvar(a, axis=axis, dtype=dtype, out=out, ddof=ddof,
/home/ubuntu/observable-garden/learn2/blocks.py:23: RuntimeWarning: Mean of empty slice
  mu = np.nanmean(x, axis=1, keepdims=True)
/home/ubuntu/observable-garden/.venv/lib/python3.14/site-packages/numpy/lib/_nanfunctions_impl.py:1997: RuntimeWarning: Degrees of freedom <= 0 for slice.
  var = nanvar(a, axis=axis, dtype=dtype, out=out, ddof=ddof,
/home/ubuntu/observable-garden/learn2/learner.py:133: RuntimeWarning: Mean of empty slice
  out[:, m] = fwd[:, m] - np.nanmean(fwd[:, m], axis=1, keepdims=True)
/home/ubuntu/observable-garden/.venv/lib/python3.14/site-packages/numpy/lib/_nanfunctions_impl.py:1997: RuntimeWarning: Degrees of freedom <= 0 for slice.
  var = nanvar(a, axis=axis, dtype=dtype, out=out, ddof=ddof,
/home/ubuntu/observable-garden/learn2/blocks.py:23: RuntimeWarning: Mean of empty slice
  mu = np.nanmean(x, axis=1, keepdims=True)
/home/ubuntu/observable-garden/.venv/lib/python3.14/site-packages/numpy/lib/_nanfunctions_impl.py:1997: RuntimeWarning: Degrees of freedom <= 0 for slice.
  var = nanvar(a, axis=axis, dtype=dtype, out=out, ddof=ddof,
/home/ubuntu/observable-garden/learn2/blocks.py:23: RuntimeWarning: Mean of empty slice
  mu = np.nanmean(x, axis=1, keepdims=True)
/home/ubuntu/observable-garden/.venv/lib/python3.14/site-packages/numpy/lib/_nanfunctions_impl.py:1997: RuntimeWarning: Degrees of freedom <= 0 for slice.
  var = nanvar(a, axis=axis, dtype=dtype, out=out, ddof=ddof,
/home/ubuntu/observable-garden/learn2/learner.py:133: RuntimeWarning: Mean of empty slice
  out[:, m] = fwd[:, m] - np.nanmean(fwd[:, m], axis=1, keepdims=True)
/home/ubuntu/observable-garden/learn2/blocks.py:23: RuntimeWarning: Mean of empty slice
  mu = np.nanmean(x, axis=1, keepdims=True)
/home/ubuntu/observable-garden/.venv/lib/python3.14/site-packages/numpy/lib/_nanfunctions_impl.py:1997: RuntimeWarning: Degrees of freedom <= 0 for slice.
  var = nanvar(a, axis=axis, dtype=dtype, out=out, ddof=ddof,
/home/ubuntu/observable-garden/learn2/blocks.py:23: RuntimeWarning: Mean of empty slice
  mu = np.nanmean(x, axis=1, keepdims=True)
/home/ubuntu/observable-garden/.venv/lib/python3.14/site-packages/numpy/lib/_nanfunctions_impl.py:1997: RuntimeWarning: Degrees of freedom <= 0 for slice.
  var = nanvar(a, axis=axis, dtype=dtype, out=out, ddof=ddof,
/home/ubuntu/observable-garden/learn2/learner.py:133: RuntimeWarning: Mean of empty slice
  out[:, m] = fwd[:, m] - np.nanmean(fwd[:, m], axis=1, keepdims=True)
/home/ubuntu/observable-garden/learn2/learner.py:133: RuntimeWarning: Mean of empty slice
  out[:, m] = fwd[:, m] - np.nanmean(fwd[:, m], axis=1, keepdims=True)
/home/ubuntu/observable-garden/.venv/lib/python3.14/site-packages/numpy/lib/_nanfunctions_impl.py:1997: RuntimeWarning: Degrees of freedom <= 0 for slice.
  var = nanvar(a, axis=axis, dtype=dtype, out=out, ddof=ddof,
/home/ubuntu/observable-garden/learn2/learner.py:133: RuntimeWarning: Mean of empty slice
  out[:, m] = fwd[:, m] - np.nanmean(fwd[:, m], axis=1, keepdims=True)
/home/ubuntu/observable-garden/.venv/lib/python3.14/site-packages/numpy/lib/_nanfunctions_impl.py:1997: RuntimeWarning: Degrees of freedom <= 0 for slice.
  var = nanvar(a, axis=axis, dtype=dtype, out=out, ddof=ddof,
/home/ubuntu/observable-garden/learn2/blocks.py:23: RuntimeWarning: Mean of empty slice
  mu = np.nanmean(x, axis=1, keepdims=True)
/home/ubuntu/observable-garden/.venv/lib/python3.14/site-packages/numpy/lib/_nanfunctions_impl.py:1997: RuntimeWarning: Degrees of freedom <= 0 for slice.
  var = nanvar(a, axis=axis, dtype=dtype, out=out, ddof=ddof,
/home/ubuntu/observable-garden/learn2/learner.py:133: RuntimeWarning: Mean of empty slice
  out[:, m] = fwd[:, m] - np.nanmean(fwd[:, m], axis=1, keepdims=True)
/home/ubuntu/observable-garden/learn2/learner.py:133: RuntimeWarning: Mean of empty slice
  out[:, m] = fwd[:, m] - np.nanmean(fwd[:, m], axis=1, keepdims=True)
/home/ubuntu/observable-garden/.venv/lib/python3.14/site-packages/numpy/lib/_nanfunctions_impl.py:1997: RuntimeWarning: Degrees of freedom <= 0 for slice.
  var = nanvar(a, axis=axis, dtype=dtype, out=out, ddof=ddof,
/home/ubuntu/observable-garden/learn2/blocks.py:23: RuntimeWarning: Mean of empty slice
  mu = np.nanmean(x, axis=1, keepdims=True)
/home/ubuntu/observable-garden/learn2/blocks.py:23: RuntimeWarning: Mean of empty slice
  mu = np.nanmean(x, axis=1, keepdims=True)
/home/ubuntu/observable-garden/learn2/learner.py:133: RuntimeWarning: Mean of empty slice
  out[:, m] = fwd[:, m] - np.nanmean(fwd[:, m], axis=1, keepdims=True)
/home/ubuntu/observable-garden/.venv/lib/python3.14/site-packages/numpy/lib/_nanfunctions_impl.py:1997: RuntimeWarning: Degrees of freedom <= 0 for slice.
  var = nanvar(a, axis=axis, dtype=dtype, out=out, ddof=ddof,
/home/ubuntu/observable-garden/learn2/learner.py:133: RuntimeWarning: Mean of empty slice
  out[:, m] = fwd[:, m] - np.nanmean(fwd[:, m], axis=1, keepdims=True)
/home/ubuntu/observable-garden/learn2/blocks.py:23: RuntimeWarning: Mean of empty slice
  mu = np.nanmean(x, axis=1, keepdims=True)
/home/ubuntu/observable-garden/learn2/blocks.py:23: RuntimeWarning: Mean of empty slice
  mu = np.nanmean(x, axis=1, keepdims=True)
/home/ubuntu/observable-garden/.venv/lib/python3.14/site-packages/numpy/lib/_nanfunctions_impl.py:1997: RuntimeWarning: Degrees of freedom <= 0 for slice.
  var = nanvar(a, axis=axis, dtype=dtype, out=out, ddof=ddof,
/home/ubuntu/observable-garden/learn2/learner.py:133: RuntimeWarning: Mean of empty slice
  out[:, m] = fwd[:, m] - np.nanmean(fwd[:, m], axis=1, keepdims=True)
/home/ubuntu/observable-garden/learn2/learner.py:133: RuntimeWarning: Mean of empty slice
  out[:, m] = fwd[:, m] - np.nanmean(fwd[:, m], axis=1, keepdims=True)
/home/ubuntu/observable-garden/.venv/lib/python3.14/site-packages/numpy/lib/_nanfunctions_impl.py:1997: RuntimeWarning: Degrees of freedom <= 0 for slice.
  var = nanvar(a, axis=axis, dtype=dtype, out=out, ddof=ddof,
/home/ubuntu/observable-garden/learn2/blocks.py:23: RuntimeWarning: Mean of empty slice
  mu = np.nanmean(x, axis=1, keepdims=True)
/home/ubuntu/observable-garden/learn2/learner.py:133: RuntimeWarning: Mean of empty slice
  out[:, m] = fwd[:, m] - np.nanmean(fwd[:, m], axis=1, keepdims=True)
/home/ubuntu/observable-garden/learn2/blocks.py:23: RuntimeWarning: Mean of empty slice
  mu = np.nanmean(x, axis=1, keepdims=True)
/home/ubuntu/observable-garden/learn2/blocks.py:23: RuntimeWarning: Mean of empty slice
  mu = np.nanmean(x, axis=1, keepdims=True)
/home/ubuntu/observable-garden/learn2/learner.py:133: RuntimeWarning: Mean of empty slice
  out[:, m] = fwd[:, m] - np.nanmean(fwd[:, m], axis=1, keepdims=True)
/home/ubuntu/observable-garden/learn2/learner.py:133: RuntimeWarning: Mean of empty slice
  out[:, m] = fwd[:, m] - np.nanmean(fwd[:, m], axis=1, keepdims=True)
/home/ubuntu/observable-garden/learn2/blocks.py:23: RuntimeWarning: Mean of empty slice
  mu = np.nanmean(x, axis=1, keepdims=True)
/home/ubuntu/observable-garden/.venv/lib/python3.14/site-packages/numpy/lib/_nanfunctions_impl.py:1997: RuntimeWarning: Degrees of freedom <= 0 for slice.
  var = nanvar(a, axis=axis, dtype=dtype, out=out, ddof=ddof,
/home/ubuntu/observable-garden/learn2/blocks.py:23: RuntimeWarning: Mean of empty slice
  mu = np.nanmean(x, axis=1, keepdims=True)
/home/ubuntu/observable-garden/.venv/lib/python3.14/site-packages/numpy/lib/_nanfunctions_impl.py:1997: RuntimeWarning: Degrees of freedom <= 0 for slice.
  var = nanvar(a, axis=axis, dtype=dtype, out=out, ddof=ddof,
/home/ubuntu/observable-garden/learn2/learner.py:133: RuntimeWarning: Mean of empty slice
  out[:, m] = fwd[:, m] - np.nanmean(fwd[:, m], axis=1, keepdims=True)
/home/ubuntu/observable-garden/.venv/lib/python3.14/site-packages/numpy/lib/_nanfunctions_impl.py:1997: RuntimeWarning: Degrees of freedom <= 0 for slice.
  var = nanvar(a, axis=axis, dtype=dtype, out=out, ddof=ddof,
/home/ubuntu/observable-garden/learn2/learner.py:133: RuntimeWarning: Mean of empty slice
  out[:, m] = fwd[:, m] - np.nanmean(fwd[:, m], axis=1, keepdims=True)
/home/ubuntu/observable-garden/learn2/blocks.py:23: RuntimeWarning: Mean of empty slice
  mu = np.nanmean(x, axis=1, keepdims=True)
/home/ubuntu/observable-garden/learn2/blocks.py:23: RuntimeWarning: Mean of empty slice
  mu = np.nanmean(x, axis=1, keepdims=True)
/home/ubuntu/observable-garden/.venv/lib/python3.14/site-packages/numpy/lib/_nanfunctions_impl.py:1997: RuntimeWarning: Degrees of freedom <= 0 for slice.
  var = nanvar(a, axis=axis, dtype=dtype, out=out, ddof=ddof,
/home/ubuntu/observable-garden/learn2/learner.py:133: RuntimeWarning: Mean of empty slice
  out[:, m] = fwd[:, m] - np.nanmean(fwd[:, m], axis=1, keepdims=True)
/home/ubuntu/observable-garden/.venv/lib/python3.14/site-packages/numpy/lib/_nanfunctions_impl.py:1997: RuntimeWarning: Degrees of freedom <= 0 for slice.
  var = nanvar(a, axis=axis, dtype=dtype, out=out, ddof=ddof,
/home/ubuntu/observable-garden/learn2/learner.py:133: RuntimeWarning: Mean of empty slice
  out[:, m] = fwd[:, m] - np.nanmean(fwd[:, m], axis=1, keepdims=True)
/home/ubuntu/observable-garden/learn2/blocks.py:23: RuntimeWarning: Mean of empty slice
  mu = np.nanmean(x, axis=1, keepdims=True)
/home/ubuntu/observable-garden/.venv/lib/python3.14/site-packages/numpy/lib/_nanfunctions_impl.py:1997: RuntimeWarning: Degrees of freedom <= 0 for slice.
  var = nanvar(a, axis=axis, dtype=dtype, out=out, ddof=ddof,
/home/ubuntu/observable-garden/learn2/blocks.py:23: RuntimeWarning: Mean of empty slice
  mu = np.nanmean(x, axis=1, keepdims=True)
/home/ubuntu/observable-garden/learn2/learner.py:133: RuntimeWarning: Mean of empty slice
  out[:, m] = fwd[:, m] - np.nanmean(fwd[:, m], axis=1, keepdims=True)
/home/ubuntu/observable-garden/learn2/learner.py:133: RuntimeWarning: Mean of empty slice
  out[:, m] = fwd[:, m] - np.nanmean(fwd[:, m], axis=1, keepdims=True)
/home/ubuntu/observable-garden/learn2/learner.py:133: RuntimeWarning: Mean of empty slice
  out[:, m] = fwd[:, m] - np.nanmean(fwd[:, m], axis=1, keepdims=True)
/home/ubuntu/observable-garden/learn2/learner.py:133: RuntimeWarning: Mean of empty slice
  out[:, m] = fwd[:, m] - np.nanmean(fwd[:, m], axis=1, keepdims=True)
/home/ubuntu/observable-garden/learn2/blocks.py:23: RuntimeWarning: Mean of empty slice
  mu = np.nanmean(x, axis=1, keepdims=True)
/home/ubuntu/observable-garden/.venv/lib/python3.14/site-packages/numpy/lib/_nanfunctions_impl.py:1997: RuntimeWarning: Degrees of freedom <= 0 for slice.
  var = nanvar(a, axis=axis, dtype=dtype, out=out, ddof=ddof,
/home/ubuntu/observable-garden/learn2/learner.py:133: RuntimeWarning: Mean of empty slice
  out[:, m] = fwd[:, m] - np.nanmean(fwd[:, m], axis=1, keepdims=True)
/home/ubuntu/observable-garden/learn2/blocks.py:23: RuntimeWarning: Mean of empty slice
  mu = np.nanmean(x, axis=1, keepdims=True)
/home/ubuntu/observable-garden/.venv/lib/python3.14/site-packages/numpy/lib/_nanfunctions_impl.py:1997: RuntimeWarning: Degrees of freedom <= 0 for slice.
  var = nanvar(a, axis=axis, dtype=dtype, out=out, ddof=ddof,
/home/ubuntu/observable-garden/learn2/learner.py:133: RuntimeWarning: Mean of empty slice
  out[:, m] = fwd[:, m] - np.nanmean(fwd[:, m], axis=1, keepdims=True)
/home/ubuntu/observable-garden/learn2/learner.py:133: RuntimeWarning: Mean of empty slice
  out[:, m] = fwd[:, m] - np.nanmean(fwd[:, m], axis=1, keepdims=True)
/home/ubuntu/observable-garden/learn2/blocks.py:23: RuntimeWarning: Mean of empty slice
  mu = np.nanmean(x, axis=1, keepdims=True)
/home/ubuntu/observable-garden/learn2/blocks.py:23: RuntimeWarning: Mean of empty slice
  mu = np.nanmean(x, axis=1, keepdims=True)
/home/ubuntu/observable-garden/.venv/lib/python3.14/site-packages/numpy/lib/_nanfunctions_impl.py:1997: RuntimeWarning: Degrees of freedom <= 0 for slice.
  var = nanvar(a, axis=axis, dtype=dtype, out=out, ddof=ddof,
/home/ubuntu/observable-garden/learn2/learner.py:133: RuntimeWarning: Mean of empty slice
  out[:, m] = fwd[:, m] - np.nanmean(fwd[:, m], axis=1, keepdims=True)
/home/ubuntu/observable-garden/.venv/lib/python3.14/site-packages/numpy/lib/_nanfunctions_impl.py:1997: RuntimeWarning: Degrees of freedom <= 0 for slice.
  var = nanvar(a, axis=axis, dtype=dtype, out=out, ddof=ddof,
/home/ubuntu/observable-garden/learn2/learner.py:133: RuntimeWarning: Mean of empty slice
  out[:, m] = fwd[:, m] - np.nanmean(fwd[:, m], axis=1, keepdims=True)
/home/ubuntu/observable-garden/learn2/blocks.py:23: RuntimeWarning: Mean of empty slice
  mu = np.nanmean(x, axis=1, keepdims=True)
/home/ubuntu/observable-garden/learn2/learner.py:133: RuntimeWarning: Mean of empty slice
  out[:, m] = fwd[:, m] - np.nanmean(fwd[:, m], axis=1, keepdims=True)
/home/ubuntu/observable-garden/learn2/learner.py:133: RuntimeWarning: Mean of empty slice
  out[:, m] = fwd[:, m] - np.nanmean(fwd[:, m], axis=1, keepdims=True)
/home/ubuntu/observable-garden/learn2/blocks.py:23: RuntimeWarning: Mean of empty slice
  mu = np.nanmean(x, axis=1, keepdims=True)
/home/ubuntu/observable-garden/learn2/blocks.py:23: RuntimeWarning: Mean of empty slice
  mu = np.nanmean(x, axis=1, keepdims=True)
/home/ubuntu/observable-garden/learn2/learner.py:133: RuntimeWarning: Mean of empty slice
  out[:, m] = fwd[:, m] - np.nanmean(fwd[:, m], axis=1, keepdims=True)
/home/ubuntu/observable-garden/learn2/blocks.py:23: RuntimeWarning: Mean of empty slice
  mu = np.nanmean(x, axis=1, keepdims=True)
/home/ubuntu/observable-garden/.venv/lib/python3.14/site-packages/numpy/lib/_nanfunctions_impl.py:1997: RuntimeWarning: Degrees of freedom <= 0 for slice.
  var = nanvar(a, axis=axis, dtype=dtype, out=out, ddof=ddof,
/home/ubuntu/observable-garden/learn2/learner.py:133: RuntimeWarning: Mean of empty slice
  out[:, m] = fwd[:, m] - np.nanmean(fwd[:, m], axis=1, keepdims=True)
/home/ubuntu/observable-garden/learn2/learner.py:133: RuntimeWarning: Mean of empty slice
  out[:, m] = fwd[:, m] - np.nanmean(fwd[:, m], axis=1, keepdims=True)
/home/ubuntu/observable-garden/.venv/lib/python3.14/site-packages/numpy/lib/_nanfunctions_impl.py:1997: RuntimeWarning: Degrees of freedom <= 0 for slice.
  var = nanvar(a, axis=axis, dtype=dtype, out=out, ddof=ddof,
/home/ubuntu/observable-garden/learn2/blocks.py:23: RuntimeWarning: Mean of empty slice
  mu = np.nanmean(x, axis=1, keepdims=True)
/home/ubuntu/observable-garden/learn2/blocks.py:23: RuntimeWarning: Mean of empty slice
  mu = np.nanmean(x, axis=1, keepdims=True)
/home/ubuntu/observable-garden/learn2/learner.py:133: RuntimeWarning: Mean of empty slice
  out[:, m] = fwd[:, m] - np.nanmean(fwd[:, m], axis=1, keepdims=True)
fits: 252 cells in 74 s wall (3135 cell-seconds)
   cells with P: 144; seconds per cell median 17.8, max 34.0
   cells without P: 108; seconds per cell median 2.3, max 5.7
   memory roll252: seconds per cell median 10.7
   memory roll756: seconds per cell median 16.4
   memory expand: seconds per cell median 27.6
   horizon 1: seconds per cell median 11.1
   horizon 5: seconds per cell median 11.0
   horizon 20: seconds per cell median 10.8
   refits with a penalty at a grid edge: 2140 of 2268; by block {'L': 2091, 'Q': 903, 'S': 912, 'I': 906}

LEAK TESTS (positions / block rows <= t bit-identical when everything after t is replaced)
/home/ubuntu/observable-garden/learn2/blocks.py:23: RuntimeWarning: Mean of empty slice
  mu = np.nanmean(x, axis=1, keepdims=True)
/home/ubuntu/observable-garden/.venv/lib/python3.14/site-packages/numpy/lib/_nanfunctions_impl.py:1997: RuntimeWarning: Degrees of freedom <= 0 for slice.
  var = nanvar(a, axis=axis, dtype=dtype, out=out, ddof=ddof,
   block X                      PASS (a later change visible: True)
   block V                      PASS (a later change visible: True)
   block groups                 PASS (a later change visible: True)
   block F (synthetic funding)  PASS (a later change visible: True)
   view (('P', 'X', 'V'), 5, 'market', 'always')             PASS (change visible: True); 194 s
   view (('P',), 1, 'group', 'mkt_up')                       PASS (change visible: True); 162 s
   view (('X', 'V'), 20, 'market', 'disp_low')               PASS (change visible: True); 27 s

   bit-for-bit repeat (('P', 'X', 'V'), 5, 'market', 'expand')         True
/home/ubuntu/observable-garden/learn2/learner.py:133: RuntimeWarning: Mean of empty slice
  out[:, m] = fwd[:, m] - np.nanmean(fwd[:, m], axis=1, keepdims=True)
   bit-for-bit repeat (('V',), 20, 'group', 'roll252')                 True
wall 536 s
[exit 0]
