commit 6f55a076c240ac6d7e9d7f8ccb50299a143238db
started 2026-10-03T01:52:36Z
REGISTERED: seeds 600000-601999, levels [0.0, 0.5, 1.0, 1.5], B 1000, 2000 to run, 0 done
  invariant population moments ready in 3s (0 if cached)
  seed 600119 done in 1160s, peak RSS 1033 MB
  seed 600172 done in 1162s, peak RSS 1033 MB
  seed 600112 done in 1163s, peak RSS 1033 MB
  seed 600100 done in 1167s, peak RSS 1033 MB
  seed 600107 done in 1168s, peak RSS 1033 MB
  seed 600128 done in 1168s, peak RSS 1033 MB
  seed 600168 done in 1168s, peak RSS 1033 MB
  seed 600125 done in 1169s, peak RSS 1033 MB
  seed 600091 done in 1170s, peak RSS 1033 MB
  seed 600049 done in 1171s, peak RSS 1033 MB
  seed 600101 done in 1173s, peak RSS 1033 MB
  seed 600027 done in 1173s, peak RSS 1033 MB
  seed 600079 done in 1174s, peak RSS 1033 MB
  seed 600042 done in 1175s, peak RSS 1032 MB
  seed 600130 done in 1176s, peak RSS 1032 MB
  seed 600137 done in 1177s, peak RSS 1033 MB
  seed 600009 done in 1177s, peak RSS 1033 MB
  seed 600090 done in 1177s, peak RSS 1033 MB
  seed 600186 done in 1178s, peak RSS 1033 MB
  seed 600067 done in 1179s, peak RSS 1033 MB
  seed 600002 done in 1180s, peak RSS 1033 MB
  seed 600074 done in 1180s, peak RSS 1033 MB
  seed 600023 done in 1180s, peak RSS 1033 MB
  seed 600022 done in 1180s, peak RSS 1033 MB
  seed 600054 done in 1180s, peak RSS 1033 MB
  seed 600175 done in 1180s, peak RSS 1032 MB
  seed 600089 done in 1181s, peak RSS 1033 MB
  seed 600000 done in 1182s, peak RSS 1033 MB
  seed 600040 done in 1181s, peak RSS 1033 MB
  seed 600131 done in 1182s, peak RSS 1033 MB
  seed 600129 done in 1183s, peak RSS 1033 MB
  seed 600011 done in 1183s, peak RSS 1033 MB
  seed 600092 done in 1183s, peak RSS 1033 MB
  seed 600038 done in 1184s, peak RSS 1033 MB
  seed 600039 done in 1185s, peak RSS 1033 MB
  seed 600185 done in 1185s, peak RSS 1033 MB
  seed 600055 done in 1185s, peak RSS 1033 MB
  seed 600160 done in 1185s, peak RSS 1033 MB
  seed 600117 done in 1186s, peak RSS 1033 MB
  seed 600096 done in 1186s, peak RSS 1033 MB
  seed 600156 done in 1186s, peak RSS 1033 MB
  seed 600066 done in 1186s, peak RSS 1033 MB
  seed 600061 done in 1186s, peak RSS 1033 MB
  seed 600069 done in 1186s, peak RSS 1033 MB
  seed 600052 done in 1186s, peak RSS 1033 MB
  seed 600171 done in 1188s, peak RSS 1033 MB
  seed 600044 done in 1188s, peak RSS 1033 MB
  seed 600031 done in 1188s, peak RSS 1033 MB
  seed 600003 done in 1188s, peak RSS 1033 MB
  seed 600017 done in 1188s, peak RSS 1033 MB
  seed 600075 done in 1188s, peak RSS 1033 MB
  seed 600021 done in 1189s, peak RSS 1033 MB
  seed 600071 done in 1190s, peak RSS 1033 MB
  seed 600015 done in 1191s, peak RSS 1033 MB
  seed 600118 done in 1191s, peak RSS 1033 MB
  seed 600078 done in 1191s, peak RSS 1033 MB
  seed 600184 done in 1191s, peak RSS 1033 MB
  seed 600155 done in 1191s, peak RSS 1033 MB
  seed 600169 done in 1191s, peak RSS 1033 MB
  seed 600147 done in 1192s, peak RSS 1033 MB
  seed 600177 done in 1192s, peak RSS 1033 MB
  seed 600032 done in 1192s, peak RSS 1033 MB
  seed 600080 done in 1192s, peak RSS 1033 MB
  seed 600154 done in 1192s, peak RSS 1033 MB
  seed 600111 done in 1193s, peak RSS 1033 MB
  seed 600151 done in 1193s, peak RSS 1033 MB
  seed 600026 done in 1193s, peak RSS 1033 MB
  seed 600059 done in 1193s, peak RSS 1033 MB
  seed 600095 done in 1193s, peak RSS 1033 MB
  seed 600098 done in 1193s, peak RSS 1033 MB
  seed 600113 done in 1194s, peak RSS 1033 MB
  seed 600048 done in 1194s, peak RSS 1033 MB
  seed 600114 done in 1195s, peak RSS 1033 MB
  seed 600106 done in 1195s, peak RSS 1033 MB
  seed 600181 done in 1195s, peak RSS 1033 MB
  seed 600062 done in 1195s, peak RSS 1033 MB
  seed 600132 done in 1195s, peak RSS 1033 MB
  seed 600180 done in 1195s, peak RSS 1033 MB
  seed 600135 done in 1195s, peak RSS 1032 MB
  seed 600126 done in 1195s, peak RSS 1033 MB
  seed 600053 done in 1196s, peak RSS 1033 MB
  seed 600188 done in 1196s, peak RSS 1033 MB
  seed 600133 done in 1196s, peak RSS 1033 MB
  seed 600116 done in 1196s, peak RSS 1033 MB
  seed 600152 done in 1196s, peak RSS 1033 MB
  seed 600150 done in 1196s, peak RSS 1033 MB
  seed 600028 done in 1197s, peak RSS 1033 MB
  seed 600072 done in 1197s, peak RSS 1033 MB
  seed 600013 done in 1198s, peak RSS 1033 MB
  seed 600102 done in 1198s, peak RSS 1033 MB
  seed 600183 done in 1197s, peak RSS 1033 MB
  seed 600159 done in 1198s, peak RSS 1033 MB
  seed 600121 done in 1198s, peak RSS 1033 MB
  seed 600077 done in 1199s, peak RSS 1033 MB
  seed 600025 done in 1199s, peak RSS 1033 MB
  seed 600176 done in 1199s, peak RSS 1033 MB
  seed 600016 done in 1200s, peak RSS 1033 MB
  seed 600123 done in 1199s, peak RSS 1033 MB
  seed 600081 done in 1200s, peak RSS 1033 MB
  seed 600045 done in 1200s, peak RSS 1033 MB
  seed 600099 done in 1200s, peak RSS 1033 MB
  seed 600108 done in 1200s, peak RSS 1033 MB
  seed 600163 done in 1200s, peak RSS 1033 MB
  seed 600110 done in 1200s, peak RSS 1033 MB
  seed 600043 done in 1200s, peak RSS 1033 MB
  seed 600070 done in 1201s, peak RSS 1033 MB
  seed 600037 done in 1201s, peak RSS 1033 MB
  seed 600087 done in 1201s, peak RSS 1033 MB
  seed 600164 done in 1201s, peak RSS 1033 MB
  seed 600157 done in 1201s, peak RSS 1033 MB
  seed 600020 done in 1202s, peak RSS 1033 MB
  seed 600007 done in 1202s, peak RSS 1033 MB
  seed 600030 done in 1202s, peak RSS 1033 MB
  seed 600190 done in 1202s, peak RSS 1033 MB
  seed 600148 done in 1202s, peak RSS 1033 MB
  seed 600034 done in 1203s, peak RSS 1033 MB
  seed 600018 done in 1203s, peak RSS 1033 MB
  seed 600035 done in 1203s, peak RSS 1033 MB
  seed 600068 done in 1203s, peak RSS 1033 MB
  seed 600120 done in 1203s, peak RSS 1033 MB
  seed 600140 done in 1204s, peak RSS 1033 MB
  seed 600153 done in 1204s, peak RSS 1033 MB
  seed 600056 done in 1204s, peak RSS 1033 MB
  seed 600165 done in 1204s, peak RSS 1033 MB
  seed 600127 done in 1204s, peak RSS 1033 MB
  seed 600134 done in 1204s, peak RSS 1033 MB
  seed 600144 done in 1204s, peak RSS 1033 MB
  seed 600109 done in 1204s, peak RSS 1033 MB
  seed 600088 done in 1205s, peak RSS 1033 MB
  seed 600073 done in 1205s, peak RSS 1033 MB
  seed 600170 done in 1205s, peak RSS 1033 MB
  seed 600178 done in 1206s, peak RSS 1033 MB
  seed 600149 done in 1206s, peak RSS 1033 MB
  seed 600103 done in 1206s, peak RSS 1033 MB
  seed 600019 done in 1207s, peak RSS 1033 MB
  seed 600139 done in 1207s, peak RSS 1033 MB
  seed 600173 done in 1207s, peak RSS 1033 MB
  seed 600115 done in 1207s, peak RSS 1033 MB
  seed 600057 done in 1208s, peak RSS 1033 MB
  seed 600136 done in 1208s, peak RSS 1033 MB
  seed 600093 done in 1208s, peak RSS 1033 MB
  seed 600024 done in 1209s, peak RSS 1033 MB
  seed 600060 done in 1209s, peak RSS 1033 MB
  seed 600008 done in 1209s, peak RSS 1033 MB
  seed 600014 done in 1209s, peak RSS 1033 MB
  seed 600001 done in 1210s, peak RSS 1033 MB
  seed 600146 done in 1209s, peak RSS 1033 MB
  seed 600005 done in 1210s, peak RSS 1033 MB
  seed 600174 done in 1209s, peak RSS 1033 MB
  seed 600122 done in 1210s, peak RSS 1033 MB
  seed 600004 done in 1210s, peak RSS 1033 MB
  seed 600047 done in 1210s, peak RSS 1033 MB
  seed 600086 done in 1211s, peak RSS 1033 MB
  seed 600085 done in 1211s, peak RSS 1033 MB
  seed 600010 done in 1211s, peak RSS 1033 MB
  seed 600141 done in 1211s, peak RSS 1033 MB
  seed 600029 done in 1212s, peak RSS 1033 MB
  seed 600145 done in 1212s, peak RSS 1033 MB
  seed 600046 done in 1212s, peak RSS 1033 MB
  seed 600058 done in 1212s, peak RSS 1033 MB
  seed 600084 done in 1212s, peak RSS 1033 MB
  seed 600097 done in 1213s, peak RSS 1033 MB
  seed 600041 done in 1213s, peak RSS 1033 MB
  seed 600006 done in 1213s, peak RSS 1033 MB
  seed 600105 done in 1213s, peak RSS 1033 MB
  seed 600051 done in 1213s, peak RSS 1033 MB
  seed 600143 done in 1213s, peak RSS 1033 MB
  seed 600166 done in 1213s, peak RSS 1033 MB
  seed 600082 done in 1214s, peak RSS 1033 MB
  seed 600142 done in 1214s, peak RSS 1033 MB
  seed 600187 done in 1214s, peak RSS 1033 MB
  seed 600094 done in 1215s, peak RSS 1033 MB
  seed 600179 done in 1215s, peak RSS 1033 MB
  seed 600167 done in 1215s, peak RSS 1033 MB
  seed 600162 done in 1216s, peak RSS 1033 MB
  seed 600064 done in 1216s, peak RSS 1033 MB
  seed 600050 done in 1216s, peak RSS 1033 MB
  seed 600083 done in 1217s, peak RSS 1033 MB
  seed 600158 done in 1217s, peak RSS 1033 MB
  seed 600182 done in 1217s, peak RSS 1033 MB
  seed 600138 done in 1218s, peak RSS 1032 MB
  seed 600104 done in 1218s, peak RSS 1033 MB
  seed 600036 done in 1218s, peak RSS 1033 MB
  seed 600012 done in 1220s, peak RSS 1033 MB
  seed 600076 done in 1220s, peak RSS 1033 MB
  seed 600124 done in 1220s, peak RSS 1033 MB
  seed 600065 done in 1221s, peak RSS 1033 MB
  seed 600161 done in 1221s, peak RSS 1033 MB
  seed 600033 done in 1227s, peak RSS 1033 MB
  seed 600063 done in 1232s, peak RSS 1033 MB
  seed 600189 done in 1237s, peak RSS 1032 MB
  seed 600193 done in 1185s, peak RSS 1033 MB
  seed 600195 done in 1185s, peak RSS 1033 MB
  seed 600192 done in 1192s, peak RSS 1033 MB
  seed 600199 done in 1186s, peak RSS 1033 MB
  seed 600198 done in 1188s, peak RSS 1033 MB
  seed 600201 done in 1185s, peak RSS 1033 MB
  seed 600235 done in 1172s, peak RSS 1033 MB
  seed 600266 done in 1167s, peak RSS 1033 MB
  seed 600214 done in 1184s, peak RSS 1033 MB
  seed 600228 done in 1179s, peak RSS 1033 MB
  seed 600219 done in 1183s, peak RSS 1033 MB
  seed 600205 done in 1189s, peak RSS 1032 MB
  seed 600210 done in 1186s, peak RSS 1033 MB
  seed 600203 done in 1191s, peak RSS 1033 MB
  seed 600276 done in 1170s, peak RSS 1033 MB
  seed 600204 done in 1193s, peak RSS 1032 MB
  seed 600209 done in 1191s, peak RSS 1033 MB
  seed 600264 done in 1175s, peak RSS 1033 MB
  seed 600202 done in 1196s, peak RSS 1033 MB
  seed 600314 done in 1167s, peak RSS 1033 MB
  seed 600217 done in 1190s, peak RSS 1033 MB
  seed 600191 done in 1213s, peak RSS 1033 MB
  seed 600200 done in 1203s, peak RSS 1033 MB
  seed 600220 done in 1192s, peak RSS 1033 MB
  seed 600197 done in 1207s, peak RSS 1033 MB
  seed 600318 done in 1172s, peak RSS 1033 MB
  seed 600196 done in 1209s, peak RSS 1033 MB
  seed 600240 done in 1189s, peak RSS 1033 MB
  seed 600258 done in 1184s, peak RSS 1033 MB
  seed 600278 done in 1180s, peak RSS 1033 MB
  seed 600232 done in 1192s, peak RSS 1033 MB
  seed 600265 done in 1183s, peak RSS 1033 MB
  seed 600277 done in 1182s, peak RSS 1033 MB
  seed 600313 done in 1176s, peak RSS 1033 MB
  seed 600285 done in 1182s, peak RSS 1033 MB
  seed 600241 done in 1193s, peak RSS 1033 MB
  seed 600244 done in 1192s, peak RSS 1033 MB
  seed 600252 done in 1190s, peak RSS 1033 MB
  seed 600279 done in 1186s, peak RSS 1033 MB
  seed 600325 done in 1177s, peak RSS 1033 MB
  seed 600281 done in 1186s, peak RSS 1033 MB
  seed 600218 done in 1202s, peak RSS 1033 MB
  seed 600194 done in 1216s, peak RSS 1033 MB
  seed 600211 done in 1204s, peak RSS 1033 MB
  seed 600243 done in 1194s, peak RSS 1033 MB
  seed 600208 done in 1207s, peak RSS 1033 MB
  seed 600221 done in 1201s, peak RSS 1033 MB
  seed 600263 done in 1189s, peak RSS 1033 MB
  seed 600255 done in 1191s, peak RSS 1033 MB
  seed 600250 done in 1192s, peak RSS 1033 MB
  seed 600340 done in 1174s, peak RSS 1033 MB
  seed 600291 done in 1185s, peak RSS 1033 MB
  seed 600216 done in 1205s, peak RSS 1032 MB
  seed 600231 done in 1200s, peak RSS 1033 MB
  seed 600317 done in 1182s, peak RSS 1033 MB
  seed 600306 done in 1184s, peak RSS 1033 MB
  seed 600356 done in 1174s, peak RSS 1033 MB
  seed 600254 done in 1195s, peak RSS 1033 MB
  seed 600305 done in 1185s, peak RSS 1033 MB
  seed 600273 done in 1192s, peak RSS 1033 MB
  seed 600257 done in 1195s, peak RSS 1033 MB
  seed 600225 done in 1203s, peak RSS 1033 MB
  seed 600354 done in 1176s, peak RSS 1033 MB
  seed 600344 done in 1178s, peak RSS 1033 MB
  seed 600222 done in 1206s, peak RSS 1033 MB
  seed 600238 done in 1202s, peak RSS 1033 MB
  seed 600267 done in 1195s, peak RSS 1033 MB
  seed 600378 done in 1169s, peak RSS 1033 MB
  seed 600229 done in 1206s, peak RSS 1033 MB
  seed 600207 done in 1214s, peak RSS 1033 MB
  seed 600328 done in 1184s, peak RSS 1033 MB
  seed 600332 done in 1183s, peak RSS 1033 MB
  seed 600270 done in 1197s, peak RSS 1033 MB
  seed 600261 done in 1199s, peak RSS 1033 MB
  seed 600248 done in 1202s, peak RSS 1033 MB
  seed 600289 done in 1194s, peak RSS 1033 MB
  seed 600247 done in 1204s, peak RSS 1033 MB
  seed 600283 done in 1197s, peak RSS 1033 MB
  seed 600364 done in 1180s, peak RSS 1033 MB
  seed 600237 done in 1208s, peak RSS 1033 MB
  seed 600246 done in 1205s, peak RSS 1033 MB
  seed 600206 done in 1219s, peak RSS 1033 MB
  seed 600253 done in 1204s, peak RSS 1033 MB
  seed 600212 done in 1217s, peak RSS 1033 MB
  seed 600377 done in 1176s, peak RSS 1033 MB
  seed 600215 done in 1217s, peak RSS 1033 MB
  seed 600245 done in 1207s, peak RSS 1033 MB
  seed 600256 done in 1205s, peak RSS 1033 MB
  seed 600308 done in 1195s, peak RSS 1033 MB
  seed 600239 done in 1210s, peak RSS 1033 MB
  seed 600363 done in 1184s, peak RSS 1033 MB
  seed 600321 done in 1194s, peak RSS 1033 MB
  seed 600346 done in 1188s, peak RSS 1033 MB
  seed 600227 done in 1214s, peak RSS 1033 MB
  seed 600316 done in 1196s, peak RSS 1033 MB
  seed 600287 done in 1200s, peak RSS 1033 MB
  seed 600249 done in 1208s, peak RSS 1033 MB
  seed 600242 done in 1211s, peak RSS 1033 MB
  seed 600234 done in 1214s, peak RSS 1033 MB
  seed 600339 done in 1191s, peak RSS 1033 MB
  seed 600358 done in 1187s, peak RSS 1033 MB
  seed 600226 done in 1215s, peak RSS 1033 MB
  seed 600224 done in 1217s, peak RSS 1033 MB
  seed 600353 done in 1188s, peak RSS 1033 MB
  seed 600233 done in 1216s, peak RSS 1033 MB
  seed 600251 done in 1211s, peak RSS 1033 MB
  seed 600348 done in 1191s, peak RSS 1033 MB
  seed 600300 done in 1204s, peak RSS 1033 MB
  seed 600338 done in 1196s, peak RSS 1033 MB
  seed 600298 done in 1205s, peak RSS 1033 MB
  seed 600275 done in 1209s, peak RSS 1033 MB
  seed 600330 done in 1198s, peak RSS 1033 MB
  seed 600286 done in 1207s, peak RSS 1033 MB
  seed 600297 done in 1206s, peak RSS 1033 MB
  seed 600373 done in 1189s, peak RSS 1033 MB
  seed 600230 done in 1221s, peak RSS 1033 MB
  seed 600323 done in 1201s, peak RSS 1033 MB
  seed 600369 done in 1190s, peak RSS 1033 MB
  seed 600379 done in 1181s, peak RSS 1033 MB
  seed 600294 done in 1207s, peak RSS 1033 MB
  seed 600271 done in 1212s, peak RSS 1033 MB
  seed 600236 done in 1221s, peak RSS 1033 MB
  seed 600259 done in 1216s, peak RSS 1033 MB
  seed 600223 done in 1226s, peak RSS 1033 MB
  seed 600262 done in 1217s, peak RSS 1033 MB
  seed 600370 done in 1193s, peak RSS 1033 MB
  seed 600292 done in 1211s, peak RSS 1033 MB
  seed 600320 done in 1206s, peak RSS 1033 MB
  seed 600280 done in 1215s, peak RSS 1033 MB
  seed 600293 done in 1213s, peak RSS 1033 MB
  seed 600311 done in 1209s, peak RSS 1033 MB
  seed 600268 done in 1217s, peak RSS 1033 MB
  seed 600307 done in 1210s, peak RSS 1033 MB
  seed 600342 done in 1203s, peak RSS 1033 MB
  seed 600333 done in 1204s, peak RSS 1033 MB
  seed 600290 done in 1214s, peak RSS 1033 MB
  seed 600309 done in 1210s, peak RSS 1033 MB
  seed 600351 done in 1201s, peak RSS 1033 MB
  seed 600302 done in 1213s, peak RSS 1033 MB
  seed 600282 done in 1218s, peak RSS 1033 MB
  seed 600329 done in 1209s, peak RSS 1033 MB
  seed 600334 done in 1208s, peak RSS 1033 MB
  seed 600331 done in 1210s, peak RSS 1033 MB
  seed 600260 done in 1224s, peak RSS 1033 MB
  seed 600288 done in 1219s, peak RSS 1033 MB
  seed 600312 done in 1215s, peak RSS 1033 MB
  seed 600319 done in 1214s, peak RSS 1033 MB
  seed 600303 done in 1217s, peak RSS 1033 MB
  seed 600361 done in 1205s, peak RSS 1033 MB
  seed 600335 done in 1210s, peak RSS 1033 MB
  seed 600324 done in 1213s, peak RSS 1033 MB
  seed 600326 done in 1213s, peak RSS 1033 MB
  seed 600301 done in 1219s, peak RSS 1033 MB
  seed 600315 done in 1217s, peak RSS 1033 MB
  seed 600272 done in 1225s, peak RSS 1033 MB
  seed 600357 done in 1208s, peak RSS 1033 MB
  seed 600284 done in 1223s, peak RSS 1033 MB
  seed 600359 done in 1208s, peak RSS 1033 MB
  seed 600295 done in 1222s, peak RSS 1033 MB
  seed 600322 done in 1216s, peak RSS 1033 MB
  seed 600310 done in 1219s, peak RSS 1033 MB
  seed 600296 done in 1222s, peak RSS 1033 MB
  seed 600341 done in 1214s, peak RSS 1033 MB
  seed 600368 done in 1208s, peak RSS 1033 MB
  seed 600327 done in 1219s, peak RSS 1033 MB
  seed 600336 done in 1216s, peak RSS 1033 MB
  seed 600299 done in 1225s, peak RSS 1033 MB
  seed 600367 done in 1210s, peak RSS 1033 MB
  seed 600347 done in 1216s, peak RSS 1033 MB
  seed 600274 done in 1231s, peak RSS 1033 MB
  seed 600337 done in 1219s, peak RSS 1033 MB
  seed 600343 done in 1218s, peak RSS 1033 MB
  seed 600269 done in 1235s, peak RSS 1033 MB
  seed 600360 done in 1217s, peak RSS 1033 MB
  seed 600355 done in 1219s, peak RSS 1033 MB
  seed 600376 done in 1212s, peak RSS 1033 MB
  seed 600345 done in 1221s, peak RSS 1033 MB
  seed 600371 done in 1215s, peak RSS 1032 MB
  seed 600375 done in 1213s, peak RSS 1033 MB
  seed 600366 done in 1218s, peak RSS 1033 MB
  seed 600380 done in 1203s, peak RSS 1033 MB
  seed 600381 done in 1198s, peak RSS 1032 MB
  seed 600304 done in 1233s, peak RSS 1033 MB
  seed 600213 done in 1257s, peak RSS 1033 MB
  seed 600350 done in 1224s, peak RSS 1033 MB
  seed 600349 done in 1225s, peak RSS 1033 MB
  seed 600362 done in 1224s, peak RSS 1033 MB
  seed 600374 done in 1221s, peak RSS 1033 MB
  seed 600352 done in 1230s, peak RSS 1033 MB
  seed 600372 done in 1228s, peak RSS 1033 MB
  seed 600365 done in 1234s, peak RSS 1033 MB
  seed 600396 done in 1175s, peak RSS 1033 MB
  seed 600382 done in 1195s, peak RSS 1033 MB
  seed 600383 done in 1194s, peak RSS 1033 MB
  seed 600387 done in 1191s, peak RSS 1033 MB
  seed 600445 done in 1161s, peak RSS 1033 MB
  seed 600427 done in 1169s, peak RSS 1033 MB
  seed 600408 done in 1176s, peak RSS 1033 MB
  seed 600384 done in 1199s, peak RSS 1033 MB
  seed 600392 done in 1195s, peak RSS 1033 MB
  seed 600400 done in 1191s, peak RSS 1033 MB
  seed 600405 done in 1187s, peak RSS 1033 MB
  seed 600420 done in 1180s, peak RSS 1033 MB
  seed 600412 done in 1185s, peak RSS 1033 MB
  seed 600398 done in 1196s, peak RSS 1033 MB
  seed 600394 done in 1201s, peak RSS 1033 MB
  seed 600404 done in 1193s, peak RSS 1033 MB
  seed 600386 done in 1210s, peak RSS 1033 MB
  seed 600388 done in 1211s, peak RSS 1033 MB
  seed 600457 done in 1176s, peak RSS 1033 MB
  seed 600399 done in 1201s, peak RSS 1033 MB
  seed 600385 done in 1213s, peak RSS 1033 MB
  seed 600452 done in 1179s, peak RSS 1033 MB
  seed 600436 done in 1184s, peak RSS 1033 MB
  seed 600389 done in 1209s, peak RSS 1033 MB
  seed 600426 done in 1188s, peak RSS 1033 MB
  seed 600418 done in 1191s, peak RSS 1033 MB
  seed 600391 done in 1209s, peak RSS 1033 MB
  seed 600450 done in 1184s, peak RSS 1033 MB
  seed 600397 done in 1207s, peak RSS 1032 MB
  seed 600395 done in 1211s, peak RSS 1033 MB
  seed 600410 done in 1201s, peak RSS 1033 MB
  seed 600390 done in 1215s, peak RSS 1033 MB
  seed 600424 done in 1196s, peak RSS 1033 MB
  seed 600407 done in 1203s, peak RSS 1033 MB
  seed 600409 done in 1204s, peak RSS 1033 MB
  seed 600406 done in 1208s, peak RSS 1033 MB
  seed 600415 done in 1204s, peak RSS 1033 MB
  seed 600430 done in 1200s, peak RSS 1033 MB
  seed 600453 done in 1192s, peak RSS 1033 MB
  seed 600487 done in 1182s, peak RSS 1033 MB
  seed 600411 done in 1208s, peak RSS 1033 MB
  seed 600460 done in 1190s, peak RSS 1033 MB
  seed 600431 done in 1202s, peak RSS 1033 MB
  seed 600480 done in 1186s, peak RSS 1033 MB
  seed 600417 done in 1205s, peak RSS 1033 MB
  seed 600468 done in 1189s, peak RSS 1033 MB
  seed 600413 done in 1209s, peak RSS 1033 MB
  seed 600425 done in 1204s, peak RSS 1033 MB
  seed 600416 done in 1206s, peak RSS 1033 MB
  seed 600401 done in 1217s, peak RSS 1033 MB
  seed 600421 done in 1205s, peak RSS 1033 MB
  seed 600393 done in 1223s, peak RSS 1032 MB
  seed 600476 done in 1189s, peak RSS 1033 MB
  seed 600470 done in 1191s, peak RSS 1033 MB
  seed 600528 done in 1170s, peak RSS 1033 MB
  seed 600422 done in 1206s, peak RSS 1033 MB
  seed 600471 done in 1191s, peak RSS 1033 MB
  seed 600531 done in 1170s, peak RSS 1033 MB
  seed 600458 done in 1195s, peak RSS 1033 MB
  seed 600500 done in 1183s, peak RSS 1033 MB
  seed 600414 done in 1212s, peak RSS 1033 MB
  seed 600403 done in 1218s, peak RSS 1033 MB
  seed 600428 done in 1209s, peak RSS 1033 MB
  seed 600498 done in 1187s, peak RSS 1033 MB
  seed 600439 done in 1207s, peak RSS 1033 MB
  seed 600423 done in 1211s, peak RSS 1033 MB
  seed 600442 done in 1206s, peak RSS 1033 MB
  seed 600446 done in 1206s, peak RSS 1033 MB
  seed 600479 done in 1195s, peak RSS 1033 MB
  seed 600437 done in 1208s, peak RSS 1033 MB
  seed 600481 done in 1195s, peak RSS 1033 MB
  seed 600402 done in 1224s, peak RSS 1033 MB
  seed 600490 done in 1191s, peak RSS 1033 MB
  seed 600463 done in 1200s, peak RSS 1033 MB
  seed 600451 done in 1205s, peak RSS 1033 MB
  seed 600429 done in 1213s, peak RSS 1033 MB
  seed 600478 done in 1197s, peak RSS 1033 MB
  seed 600489 done in 1192s, peak RSS 1033 MB
  seed 600464 done in 1201s, peak RSS 1033 MB
  seed 600448 done in 1208s, peak RSS 1033 MB
  seed 600473 done in 1199s, peak RSS 1033 MB
  seed 600432 done in 1214s, peak RSS 1033 MB
  seed 600462 done in 1204s, peak RSS 1033 MB
  seed 600511 done in 1187s, peak RSS 1033 MB
  seed 600435 done in 1214s, peak RSS 1033 MB
  seed 600506 done in 1190s, peak RSS 1033 MB
  seed 600469 done in 1203s, peak RSS 1033 MB
  seed 600455 done in 1209s, peak RSS 1033 MB
  seed 600443 done in 1213s, peak RSS 1033 MB
  seed 600461 done in 1206s, peak RSS 1033 MB
  seed 600477 done in 1202s, peak RSS 1033 MB
  seed 600434 done in 1216s, peak RSS 1032 MB
  seed 600494 done in 1197s, peak RSS 1033 MB
  seed 600447 done in 1213s, peak RSS 1033 MB
  seed 600534 done in 1182s, peak RSS 1033 MB
  seed 600514 done in 1190s, peak RSS 1033 MB
  seed 600441 done in 1215s, peak RSS 1033 MB
  seed 600502 done in 1195s, peak RSS 1033 MB
  seed 600438 done in 1217s, peak RSS 1033 MB
  seed 600433 done in 1219s, peak RSS 1033 MB
  seed 600512 done in 1192s, peak RSS 1033 MB
  seed 600482 done in 1204s, peak RSS 1033 MB
  seed 600532 done in 1185s, peak RSS 1033 MB
  seed 600475 done in 1206s, peak RSS 1033 MB
  seed 600523 done in 1188s, peak RSS 1033 MB
  seed 600440 done in 1218s, peak RSS 1033 MB
  seed 600465 done in 1210s, peak RSS 1033 MB
  seed 600454 done in 1214s, peak RSS 1033 MB
  seed 600449 done in 1216s, peak RSS 1033 MB
  seed 600444 done in 1218s, peak RSS 1033 MB
  seed 600497 done in 1200s, peak RSS 1033 MB
  seed 600488 done in 1204s, peak RSS 1033 MB
  seed 600537 done in 1187s, peak RSS 1033 MB
  seed 600467 done in 1210s, peak RSS 1033 MB
  seed 600419 done in 1226s, peak RSS 1033 MB
  seed 600459 done in 1213s, peak RSS 1033 MB
  seed 600492 done in 1203s, peak RSS 1033 MB
  seed 600504 done in 1199s, peak RSS 1033 MB
  seed 600522 done in 1193s, peak RSS 1033 MB
  seed 600518 done in 1197s, peak RSS 1033 MB
  seed 600456 done in 1218s, peak RSS 1033 MB
  seed 600483 done in 1211s, peak RSS 1033 MB
  seed 600474 done in 1214s, peak RSS 1033 MB
  seed 600510 done in 1202s, peak RSS 1033 MB
  seed 600486 done in 1213s, peak RSS 1033 MB
  seed 600501 done in 1209s, peak RSS 1033 MB
  seed 600508 done in 1207s, peak RSS 1033 MB
  seed 600485 done in 1218s, peak RSS 1033 MB
  seed 600496 done in 1213s, peak RSS 1033 MB
  seed 600545 done in 1195s, peak RSS 1033 MB
  seed 600562 done in 1185s, peak RSS 1033 MB
  seed 600544 done in 1196s, peak RSS 1033 MB
  seed 600466 done in 1223s, peak RSS 1033 MB
  seed 600484 done in 1220s, peak RSS 1033 MB
  seed 600503 done in 1212s, peak RSS 1033 MB
  seed 600495 done in 1215s, peak RSS 1033 MB
  seed 600521 done in 1206s, peak RSS 1033 MB
  seed 600499 done in 1216s, peak RSS 1033 MB
  seed 600491 done in 1217s, peak RSS 1033 MB
  seed 600520 done in 1209s, peak RSS 1033 MB
  seed 600493 done in 1219s, peak RSS 1033 MB
  seed 600543 done in 1203s, peak RSS 1033 MB
  seed 600509 done in 1215s, peak RSS 1033 MB
  seed 600515 done in 1214s, peak RSS 1033 MB
  seed 600560 done in 1194s, peak RSS 1033 MB
  seed 600553 done in 1200s, peak RSS 1033 MB
  seed 600519 done in 1215s, peak RSS 1033 MB
  seed 600525 done in 1211s, peak RSS 1033 MB
  seed 600505 done in 1219s, peak RSS 1033 MB
  seed 600472 done in 1231s, peak RSS 1033 MB
  seed 600530 done in 1212s, peak RSS 1033 MB
  seed 600546 done in 1206s, peak RSS 1033 MB
  seed 600513 done in 1219s, peak RSS 1033 MB
  seed 600526 done in 1214s, peak RSS 1033 MB
  seed 600517 done in 1219s, peak RSS 1033 MB
  seed 600555 done in 1201s, peak RSS 1033 MB
  seed 600569 done in 1193s, peak RSS 1033 MB
  seed 600536 done in 1212s, peak RSS 1033 MB
  seed 600556 done in 1202s, peak RSS 1033 MB
  seed 600565 done in 1199s, peak RSS 1033 MB
  seed 600557 done in 1204s, peak RSS 1033 MB
  seed 600558 done in 1204s, peak RSS 1033 MB
  seed 600524 done in 1220s, peak RSS 1033 MB
  seed 600535 done in 1217s, peak RSS 1033 MB
  seed 600549 done in 1212s, peak RSS 1033 MB
  seed 600564 done in 1203s, peak RSS 1033 MB
  seed 600516 done in 1227s, peak RSS 1033 MB
  seed 600507 done in 1229s, peak RSS 1033 MB
  seed 600548 done in 1214s, peak RSS 1033 MB
  seed 600529 done in 1222s, peak RSS 1033 MB
  seed 600540 done in 1220s, peak RSS 1033 MB
  seed 600550 done in 1215s, peak RSS 1033 MB
  seed 600542 done in 1221s, peak RSS 1033 MB
  seed 600554 done in 1214s, peak RSS 1033 MB
  seed 600539 done in 1222s, peak RSS 1033 MB
  seed 600563 done in 1209s, peak RSS 1032 MB
  seed 600541 done in 1222s, peak RSS 1033 MB
  seed 600533 done in 1225s, peak RSS 1033 MB
  seed 600551 done in 1218s, peak RSS 1033 MB
  seed 600547 done in 1221s, peak RSS 1033 MB
  seed 600538 done in 1226s, peak RSS 1033 MB
  seed 600559 done in 1215s, peak RSS 1032 MB
  seed 600561 done in 1218s, peak RSS 1033 MB
  seed 600568 done in 1213s, peak RSS 1033 MB
  seed 600567 done in 1217s, peak RSS 1033 MB
  seed 600566 done in 1220s, peak RSS 1033 MB
  seed 600527 done in 1238s, peak RSS 1033 MB
  seed 600552 done in 1228s, peak RSS 1033 MB
  seed 600570 done in 1228s, peak RSS 1033 MB
  seed 600572 done in 1224s, peak RSS 1033 MB
  seed 600571 done in 1228s, peak RSS 1033 MB
