commit 6f55a076c240ac6d7e9d7f8ccb50299a143238db
started 2026-10-04T05:07:14Z
REGISTERED: seeds 600000-601999, levels [0.0, 0.5, 1.0, 1.5], B 1000, 1427 to run, 573 done
  invariant population moments ready in 3s (0 if cached)
  seed 600611 done in 1168s, peak RSS 1033 MB
  seed 600619 done in 1169s, peak RSS 1033 MB
  seed 600661 done in 1171s, peak RSS 1033 MB
  seed 600607 done in 1173s, peak RSS 1033 MB
  seed 600681 done in 1173s, peak RSS 1033 MB
  seed 600711 done in 1173s, peak RSS 1033 MB
  seed 600730 done in 1173s, peak RSS 1033 MB
  seed 600721 done in 1174s, peak RSS 1033 MB
  seed 600736 done in 1174s, peak RSS 1033 MB
  seed 600598 done in 1175s, peak RSS 1033 MB
  seed 600759 done in 1174s, peak RSS 1033 MB
  seed 600740 done in 1175s, peak RSS 1033 MB
  seed 600670 done in 1176s, peak RSS 1033 MB
  seed 600610 done in 1177s, peak RSS 1033 MB
  seed 600614 done in 1177s, peak RSS 1033 MB
  seed 600695 done in 1178s, peak RSS 1033 MB
  seed 600623 done in 1179s, peak RSS 1033 MB
  seed 600732 done in 1179s, peak RSS 1033 MB
  seed 600604 done in 1179s, peak RSS 1033 MB
  seed 600735 done in 1179s, peak RSS 1033 MB
  seed 600676 done in 1180s, peak RSS 1032 MB
  seed 600669 done in 1180s, peak RSS 1033 MB
  seed 600621 done in 1181s, peak RSS 1033 MB
  seed 600620 done in 1182s, peak RSS 1033 MB
  seed 600724 done in 1181s, peak RSS 1033 MB
  seed 600760 done in 1182s, peak RSS 1033 MB
  seed 600684 done in 1182s, peak RSS 1033 MB
  seed 600624 done in 1182s, peak RSS 1033 MB
  seed 600706 done in 1182s, peak RSS 1033 MB
  seed 600717 done in 1182s, peak RSS 1033 MB
  seed 600701 done in 1183s, peak RSS 1033 MB
  seed 600601 done in 1183s, peak RSS 1033 MB
  seed 600698 done in 1183s, peak RSS 1033 MB
  seed 600573 done in 1184s, peak RSS 1034 MB
  seed 600615 done in 1184s, peak RSS 1033 MB
  seed 600713 done in 1184s, peak RSS 1033 MB
  seed 600722 done in 1184s, peak RSS 1033 MB
  seed 600691 done in 1184s, peak RSS 1033 MB
  seed 600739 done in 1184s, peak RSS 1033 MB
  seed 600697 done in 1184s, peak RSS 1032 MB
  seed 600609 done in 1185s, peak RSS 1033 MB
  seed 600707 done in 1185s, peak RSS 1033 MB
  seed 600591 done in 1186s, peak RSS 1033 MB
  seed 600690 done in 1186s, peak RSS 1033 MB
  seed 600726 done in 1186s, peak RSS 1033 MB
  seed 600720 done in 1186s, peak RSS 1033 MB
  seed 600626 done in 1187s, peak RSS 1033 MB
  seed 600677 done in 1187s, peak RSS 1033 MB
  seed 600659 done in 1187s, peak RSS 1033 MB
  seed 600710 done in 1187s, peak RSS 1033 MB
  seed 600595 done in 1188s, peak RSS 1033 MB
  seed 600612 done in 1188s, peak RSS 1033 MB
  seed 600637 done in 1188s, peak RSS 1033 MB
  seed 600660 done in 1189s, peak RSS 1033 MB
  seed 600574 done in 1189s, peak RSS 1033 MB
  seed 600629 done in 1190s, peak RSS 1033 MB
  seed 600750 done in 1190s, peak RSS 1033 MB
  seed 600646 done in 1190s, peak RSS 1033 MB
  seed 600655 done in 1190s, peak RSS 1033 MB
  seed 600634 done in 1191s, peak RSS 1033 MB
  seed 600708 done in 1192s, peak RSS 1033 MB
  seed 600687 done in 1192s, peak RSS 1033 MB
  seed 600603 done in 1192s, peak RSS 1033 MB
  seed 600627 done in 1192s, peak RSS 1033 MB
  seed 600762 done in 1192s, peak RSS 1033 MB
  seed 600585 done in 1193s, peak RSS 1033 MB
  seed 600683 done in 1193s, peak RSS 1031 MB
  seed 600682 done in 1194s, peak RSS 1033 MB
  seed 600757 done in 1193s, peak RSS 1033 MB
  seed 600689 done in 1194s, peak RSS 1033 MB
  seed 600725 done in 1194s, peak RSS 1033 MB
  seed 600709 done in 1194s, peak RSS 1033 MB
  seed 600678 done in 1195s, peak RSS 1033 MB
  seed 600758 done in 1195s, peak RSS 1033 MB
  seed 600657 done in 1195s, peak RSS 1033 MB
  seed 600753 done in 1195s, peak RSS 1033 MB
  seed 600636 done in 1195s, peak RSS 1033 MB
  seed 600747 done in 1196s, peak RSS 1033 MB
  seed 600693 done in 1196s, peak RSS 1033 MB
  seed 600635 done in 1197s, peak RSS 1033 MB
  seed 600752 done in 1196s, peak RSS 1033 MB
  seed 600696 done in 1197s, peak RSS 1033 MB
  seed 600671 done in 1197s, peak RSS 1033 MB
  seed 600582 done in 1198s, peak RSS 1033 MB
  seed 600628 done in 1198s, peak RSS 1033 MB
  seed 600594 done in 1198s, peak RSS 1033 MB
  seed 600755 done in 1198s, peak RSS 1033 MB
  seed 600668 done in 1198s, peak RSS 1033 MB
  seed 600737 done in 1198s, peak RSS 1033 MB
  seed 600714 done in 1199s, peak RSS 1033 MB
  seed 600745 done in 1199s, peak RSS 1033 MB
  seed 600653 done in 1199s, peak RSS 1033 MB
  seed 600742 done in 1201s, peak RSS 1033 MB
  seed 600577 done in 1201s, peak RSS 1033 MB
  seed 600700 done in 1201s, peak RSS 1033 MB
  seed 600654 done in 1201s, peak RSS 1033 MB
  seed 600581 done in 1202s, peak RSS 1033 MB
  seed 600699 done in 1202s, peak RSS 1033 MB
  seed 600727 done in 1202s, peak RSS 1033 MB
  seed 600575 done in 1203s, peak RSS 1033 MB
  seed 600617 done in 1203s, peak RSS 1033 MB
  seed 600631 done in 1203s, peak RSS 1033 MB
  seed 600748 done in 1203s, peak RSS 1033 MB
  seed 600643 done in 1203s, peak RSS 1033 MB
  seed 600625 done in 1203s, peak RSS 1033 MB
  seed 600578 done in 1203s, peak RSS 1032 MB
  seed 600633 done in 1204s, peak RSS 1033 MB
  seed 600731 done in 1205s, peak RSS 1033 MB
  seed 600704 done in 1205s, peak RSS 1033 MB
  seed 600665 done in 1205s, peak RSS 1033 MB
  seed 600602 done in 1205s, peak RSS 1033 MB
  seed 600649 done in 1206s, peak RSS 1033 MB
  seed 600651 done in 1206s, peak RSS 1033 MB
  seed 600592 done in 1206s, peak RSS 1033 MB
  seed 600716 done in 1206s, peak RSS 1033 MB
  seed 600586 done in 1207s, peak RSS 1033 MB
  seed 600672 done in 1207s, peak RSS 1033 MB
  seed 600600 done in 1207s, peak RSS 1033 MB
  seed 600694 done in 1207s, peak RSS 1033 MB
  seed 600723 done in 1207s, peak RSS 1033 MB
  seed 600712 done in 1207s, peak RSS 1033 MB
  seed 600664 done in 1207s, peak RSS 1033 MB
  seed 600673 done in 1207s, peak RSS 1033 MB
  seed 600630 done in 1207s, peak RSS 1033 MB
  seed 600608 done in 1208s, peak RSS 1033 MB
  seed 600703 done in 1208s, peak RSS 1033 MB
  seed 600692 done in 1208s, peak RSS 1033 MB
  seed 600641 done in 1208s, peak RSS 1033 MB
  seed 600667 done in 1208s, peak RSS 1033 MB
  seed 600640 done in 1209s, peak RSS 1033 MB
  seed 600679 done in 1209s, peak RSS 1033 MB
  seed 600596 done in 1209s, peak RSS 1033 MB
  seed 600743 done in 1209s, peak RSS 1033 MB
  seed 600662 done in 1209s, peak RSS 1033 MB
  seed 600666 done in 1209s, peak RSS 1033 MB
  seed 600658 done in 1209s, peak RSS 1033 MB
  seed 600597 done in 1209s, peak RSS 1033 MB
  seed 600754 done in 1209s, peak RSS 1033 MB
  seed 600588 done in 1210s, peak RSS 1033 MB
  seed 600584 done in 1210s, peak RSS 1033 MB
  seed 600580 done in 1210s, peak RSS 1033 MB
  seed 600729 done in 1210s, peak RSS 1033 MB
  seed 600705 done in 1210s, peak RSS 1033 MB
  seed 600645 done in 1210s, peak RSS 1033 MB
  seed 600741 done in 1210s, peak RSS 1030 MB
  seed 600719 done in 1210s, peak RSS 1033 MB
  seed 600650 done in 1211s, peak RSS 1033 MB
  seed 600734 done in 1211s, peak RSS 1033 MB
  seed 600656 done in 1211s, peak RSS 1033 MB
  seed 600733 done in 1211s, peak RSS 1033 MB
  seed 600576 done in 1211s, peak RSS 1033 MB
  seed 600718 done in 1211s, peak RSS 1033 MB
  seed 600715 done in 1211s, peak RSS 1033 MB
  seed 600652 done in 1211s, peak RSS 1033 MB
  seed 600744 done in 1211s, peak RSS 1033 MB
  seed 600644 done in 1212s, peak RSS 1033 MB
  seed 600593 done in 1212s, peak RSS 1033 MB
  seed 600686 done in 1212s, peak RSS 1033 MB
  seed 600663 done in 1212s, peak RSS 1033 MB
  seed 600746 done in 1212s, peak RSS 1033 MB
  seed 600761 done in 1213s, peak RSS 1033 MB
  seed 600583 done in 1213s, peak RSS 1033 MB
  seed 600613 done in 1213s, peak RSS 1033 MB
  seed 600738 done in 1214s, peak RSS 1033 MB
  seed 600685 done in 1214s, peak RSS 1033 MB
  seed 600642 done in 1214s, peak RSS 1033 MB
  seed 600579 done in 1215s, peak RSS 1033 MB
  seed 600599 done in 1215s, peak RSS 1033 MB
  seed 600616 done in 1215s, peak RSS 1033 MB
  seed 600688 done in 1215s, peak RSS 1033 MB
  seed 600702 done in 1216s, peak RSS 1033 MB
  seed 600605 done in 1217s, peak RSS 1033 MB
  seed 600728 done in 1217s, peak RSS 1033 MB
  seed 600749 done in 1218s, peak RSS 1033 MB
  seed 600590 done in 1218s, peak RSS 1033 MB
  seed 600680 done in 1218s, peak RSS 1033 MB
  seed 600756 done in 1219s, peak RSS 1033 MB
  seed 600647 done in 1219s, peak RSS 1033 MB
  seed 600606 done in 1220s, peak RSS 1033 MB
  seed 600622 done in 1221s, peak RSS 1029 MB
  seed 600648 done in 1221s, peak RSS 1033 MB
  seed 600589 done in 1223s, peak RSS 1033 MB
  seed 600632 done in 1223s, peak RSS 1033 MB
  seed 600638 done in 1223s, peak RSS 1033 MB
  seed 600618 done in 1223s, peak RSS 1033 MB
  seed 600674 done in 1225s, peak RSS 1033 MB
  seed 600639 done in 1225s, peak RSS 1033 MB
  seed 600587 done in 1226s, peak RSS 1033 MB
  seed 600751 done in 1227s, peak RSS 1033 MB
  seed 600675 done in 1230s, peak RSS 1031 MB
  seed 600763 done in 1237s, peak RSS 1032 MB
  seed 600770 done in 1171s, peak RSS 1033 MB
  seed 600784 done in 1176s, peak RSS 1032 MB
  seed 600793 done in 1176s, peak RSS 1033 MB
  seed 600776 done in 1186s, peak RSS 1034 MB
  seed 600785 done in 1182s, peak RSS 1033 MB
  seed 600771 done in 1195s, peak RSS 1033 MB
  seed 600796 done in 1186s, peak RSS 1033 MB
  seed 600803 done in 1186s, peak RSS 1032 MB
  seed 600780 done in 1192s, peak RSS 1033 MB
  seed 600773 done in 1196s, peak RSS 1033 MB
  seed 600838 done in 1177s, peak RSS 1033 MB
  seed 600765 done in 1204s, peak RSS 1033 MB
  seed 600799 done in 1189s, peak RSS 1033 MB
  seed 600782 done in 1195s, peak RSS 1033 MB
  seed 600800 done in 1191s, peak RSS 1033 MB
  seed 600881 done in 1170s, peak RSS 1033 MB
  seed 600768 done in 1204s, peak RSS 1033 MB
  seed 600787 done in 1197s, peak RSS 1033 MB
  seed 600769 done in 1206s, peak RSS 1033 MB
  seed 600777 done in 1202s, peak RSS 1033 MB
  seed 600788 done in 1198s, peak RSS 1033 MB
  seed 600779 done in 1202s, peak RSS 1033 MB
  seed 600797 done in 1197s, peak RSS 1034 MB
  seed 600823 done in 1189s, peak RSS 1033 MB
  seed 600764 done in 1213s, peak RSS 1033 MB
  seed 600783 done in 1202s, peak RSS 1033 MB
  seed 600774 done in 1207s, peak RSS 1033 MB
  seed 600772 done in 1207s, peak RSS 1033 MB
  seed 600855 done in 1183s, peak RSS 1033 MB
  seed 600859 done in 1181s, peak RSS 1033 MB
  seed 600831 done in 1189s, peak RSS 1033 MB
  seed 600826 done in 1190s, peak RSS 1033 MB
  seed 600775 done in 1208s, peak RSS 1033 MB
  seed 600818 done in 1194s, peak RSS 1033 MB
  seed 600798 done in 1200s, peak RSS 1033 MB
  seed 600884 done in 1178s, peak RSS 1033 MB
  seed 600870 done in 1181s, peak RSS 1033 MB
  seed 600844 done in 1189s, peak RSS 1033 MB
  seed 600766 done in 1215s, peak RSS 1033 MB
  seed 600890 done in 1178s, peak RSS 1033 MB
  seed 600801 done in 1202s, peak RSS 1033 MB
  seed 600866 done in 1183s, peak RSS 1033 MB
  seed 600879 done in 1180s, peak RSS 1033 MB
  seed 600792 done in 1205s, peak RSS 1033 MB
  seed 600781 done in 1209s, peak RSS 1033 MB
  seed 600872 done in 1182s, peak RSS 1033 MB
  seed 600828 done in 1195s, peak RSS 1033 MB
  seed 600767 done in 1215s, peak RSS 1033 MB
  seed 600846 done in 1191s, peak RSS 1033 MB
  seed 600875 done in 1184s, peak RSS 1033 MB
  seed 600786 done in 1210s, peak RSS 1033 MB
  seed 600905 done in 1181s, peak RSS 1033 MB
  seed 600795 done in 1208s, peak RSS 1033 MB
  seed 600883 done in 1185s, peak RSS 1033 MB
  seed 600843 done in 1196s, peak RSS 1033 MB
  seed 600820 done in 1202s, peak RSS 1033 MB
  seed 600893 done in 1184s, peak RSS 1033 MB
  seed 600885 done in 1187s, peak RSS 1033 MB
  seed 600898 done in 1185s, peak RSS 1033 MB
  seed 600809 done in 1208s, peak RSS 1033 MB
  seed 600922 done in 1183s, peak RSS 1033 MB
  seed 600804 done in 1210s, peak RSS 1033 MB
  seed 600802 done in 1211s, peak RSS 1033 MB
  seed 600805 done in 1210s, peak RSS 1033 MB
  seed 600807 done in 1210s, peak RSS 1033 MB
  seed 600778 done in 1218s, peak RSS 1033 MB
  seed 600813 done in 1209s, peak RSS 1033 MB
  seed 600822 done in 1206s, peak RSS 1033 MB
  seed 600814 done in 1208s, peak RSS 1033 MB
  seed 600900 done in 1187s, peak RSS 1033 MB
  seed 600849 done in 1199s, peak RSS 1033 MB
  seed 600856 done in 1196s, peak RSS 1033 MB
  seed 600816 done in 1209s, peak RSS 1033 MB
  seed 600937 done in 1179s, peak RSS 1033 MB
  seed 600946 done in 1175s, peak RSS 1033 MB
  seed 600811 done in 1211s, peak RSS 1033 MB
  seed 600919 done in 1186s, peak RSS 1033 MB
  seed 600794 done in 1216s, peak RSS 1033 MB
  seed 600836 done in 1204s, peak RSS 1033 MB
  seed 600834 done in 1205s, peak RSS 1033 MB
  seed 600868 done in 1196s, peak RSS 1033 MB
  seed 600910 done in 1190s, peak RSS 1033 MB
  seed 600869 done in 1198s, peak RSS 1032 MB
  seed 600840 done in 1205s, peak RSS 1033 MB
  seed 600941 done in 1182s, peak RSS 1033 MB
  seed 600904 done in 1191s, peak RSS 1033 MB
  seed 600817 done in 1213s, peak RSS 1034 MB
  seed 600876 done in 1196s, peak RSS 1033 MB
  seed 600790 done in 1220s, peak RSS 1033 MB
  seed 600943 done in 1182s, peak RSS 1029 MB
  seed 600815 done in 1214s, peak RSS 1033 MB
  seed 600928 done in 1188s, peak RSS 1033 MB
  seed 600920 done in 1191s, peak RSS 1033 MB
  seed 600864 done in 1200s, peak RSS 1033 MB
  seed 600873 done in 1198s, peak RSS 1033 MB
  seed 600832 done in 1209s, peak RSS 1033 MB
  seed 600888 done in 1196s, peak RSS 1033 MB
  seed 600821 done in 1213s, peak RSS 1033 MB
  seed 600906 done in 1194s, peak RSS 1033 MB
  seed 600852 done in 1205s, peak RSS 1033 MB
  seed 600908 done in 1194s, peak RSS 1030 MB
  seed 600863 done in 1201s, peak RSS 1033 MB
  seed 600789 done in 1223s, peak RSS 1033 MB
  seed 600899 done in 1195s, peak RSS 1033 MB
  seed 600806 done in 1220s, peak RSS 1033 MB
  seed 600825 done in 1214s, peak RSS 1033 MB
  seed 600891 done in 1198s, peak RSS 1033 MB
  seed 600835 done in 1212s, peak RSS 1033 MB
  seed 600854 done in 1208s, peak RSS 1033 MB
  seed 600839 done in 1212s, peak RSS 1033 MB
  seed 600829 done in 1214s, peak RSS 1033 MB
  seed 600940 done in 1189s, peak RSS 1033 MB
  seed 600914 done in 1197s, peak RSS 1033 MB
  seed 600812 done in 1221s, peak RSS 1033 MB
  seed 600913 done in 1197s, peak RSS 1033 MB
  seed 600886 done in 1201s, peak RSS 1033 MB
  seed 600921 done in 1196s, peak RSS 1033 MB
  seed 600830 done in 1217s, peak RSS 1031 MB
  seed 600887 done in 1203s, peak RSS 1033 MB
  seed 600927 done in 1197s, peak RSS 1033 MB
  seed 600911 done in 1200s, peak RSS 1033 MB
  seed 600867 done in 1208s, peak RSS 1033 MB
  seed 600850 done in 1213s, peak RSS 1033 MB
  seed 600848 done in 1214s, peak RSS 1033 MB
  seed 600871 done in 1207s, peak RSS 1033 MB
  seed 600936 done in 1195s, peak RSS 1033 MB
  seed 600853 done in 1213s, peak RSS 1034 MB
  seed 600827 done in 1220s, peak RSS 1033 MB
  seed 600851 done in 1216s, peak RSS 1033 MB
  seed 600861 done in 1212s, peak RSS 1033 MB
  seed 600865 done in 1212s, peak RSS 1033 MB
  seed 600819 done in 1225s, peak RSS 1033 MB
  seed 600833 done in 1221s, peak RSS 1033 MB
  seed 600903 done in 1205s, peak RSS 1033 MB
  seed 600862 done in 1212s, peak RSS 1033 MB
  seed 600791 done in 1233s, peak RSS 1033 MB
  seed 600874 done in 1210s, peak RSS 1033 MB
  seed 600841 done in 1220s, peak RSS 1033 MB
  seed 600857 done in 1215s, peak RSS 1033 MB
  seed 600860 done in 1215s, peak RSS 1033 MB
  seed 600892 done in 1209s, peak RSS 1033 MB
  seed 600932 done in 1203s, peak RSS 1033 MB
  seed 600824 done in 1227s, peak RSS 1033 MB
  seed 600901 done in 1209s, peak RSS 1033 MB
  seed 600842 done in 1223s, peak RSS 1033 MB
  seed 600858 done in 1219s, peak RSS 1033 MB
  seed 600912 done in 1209s, peak RSS 1033 MB
  seed 600926 done in 1207s, peak RSS 1033 MB
  seed 600896 done in 1213s, peak RSS 1033 MB
  seed 600907 done in 1212s, peak RSS 1033 MB
  seed 600877 done in 1217s, peak RSS 1033 MB
  seed 600915 done in 1212s, peak RSS 1033 MB
  seed 600895 done in 1214s, peak RSS 1033 MB
  seed 600931 done in 1209s, peak RSS 1033 MB
  seed 600880 done in 1217s, peak RSS 1033 MB
  seed 600897 done in 1215s, peak RSS 1033 MB
  seed 600954 done in 1187s, peak RSS 1032 MB
  seed 600878 done in 1218s, peak RSS 1033 MB
  seed 600909 done in 1214s, peak RSS 1033 MB
  seed 600894 done in 1216s, peak RSS 1033 MB
  seed 600889 done in 1218s, peak RSS 1033 MB
  seed 600939 done in 1208s, peak RSS 1033 MB
  seed 600923 done in 1213s, peak RSS 1033 MB
  seed 600847 done in 1228s, peak RSS 1033 MB
  seed 600952 done in 1199s, peak RSS 1033 MB
  seed 600918 done in 1215s, peak RSS 1033 MB
  seed 600924 done in 1215s, peak RSS 1033 MB
  seed 600845 done in 1231s, peak RSS 1033 MB
  seed 600934 done in 1213s, peak RSS 1033 MB
  seed 600917 done in 1217s, peak RSS 1033 MB
  seed 600882 done in 1223s, peak RSS 1033 MB
  seed 600935 done in 1214s, peak RSS 1033 MB
  seed 600902 done in 1222s, peak RSS 1033 MB
  seed 600933 done in 1216s, peak RSS 1033 MB
  seed 600948 done in 1210s, peak RSS 1033 MB
  seed 600942 done in 1214s, peak RSS 1033 MB
  seed 600837 done in 1242s, peak RSS 1033 MB
  seed 600944 done in 1216s, peak RSS 1033 MB
  seed 600930 done in 1223s, peak RSS 1033 MB
  seed 600947 done in 1216s, peak RSS 1033 MB
  seed 600808 done in 1254s, peak RSS 1033 MB
  seed 600925 done in 1227s, peak RSS 1033 MB
  seed 600945 done in 1218s, peak RSS 1033 MB
  seed 600938 done in 1223s, peak RSS 1033 MB
  seed 600950 done in 1219s, peak RSS 1033 MB
  seed 600916 done in 1234s, peak RSS 1033 MB
  seed 600951 done in 1221s, peak RSS 1033 MB
  seed 600949 done in 1223s, peak RSS 1033 MB
  seed 600929 done in 1233s, peak RSS 1033 MB
  seed 600953 done in 1230s, peak RSS 1031 MB
  seed 600810 done in 1276s, peak RSS 1033 MB
  seed 600956 done in 1176s, peak RSS 1032 MB
  seed 600962 done in 1175s, peak RSS 1032 MB
  seed 600955 done in 1207s, peak RSS 1033 MB
  seed 600965 done in 1180s, peak RSS 1033 MB
  seed 600972 done in 1177s, peak RSS 1033 MB
  seed 600976 done in 1187s, peak RSS 1033 MB
  seed 600960 done in 1199s, peak RSS 1033 MB
  seed 601041 done in 1167s, peak RSS 1034 MB
  seed 601010 done in 1177s, peak RSS 1033 MB
  seed 601042 done in 1168s, peak RSS 1033 MB
  seed 600997 done in 1184s, peak RSS 1033 MB
  seed 600977 done in 1192s, peak RSS 1034 MB
  seed 600961 done in 1202s, peak RSS 1033 MB
  seed 600990 done in 1188s, peak RSS 1033 MB
  seed 600957 done in 1215s, peak RSS 1033 MB
  seed 600959 done in 1212s, peak RSS 1033 MB
  seed 600978 done in 1195s, peak RSS 1033 MB
  seed 600970 done in 1201s, peak RSS 1033 MB
  seed 601002 done in 1191s, peak RSS 1033 MB
  seed 600999 done in 1192s, peak RSS 1033 MB
  seed 600988 done in 1197s, peak RSS 1033 MB
  seed 600991 done in 1197s, peak RSS 1033 MB
  seed 600975 done in 1202s, peak RSS 1033 MB
  seed 601009 done in 1190s, peak RSS 1033 MB
  seed 600989 done in 1199s, peak RSS 1033 MB
  seed 600986 done in 1201s, peak RSS 1033 MB
  seed 601065 done in 1177s, peak RSS 1033 MB
  seed 600985 done in 1202s, peak RSS 1033 MB
  seed 600964 done in 1214s, peak RSS 1033 MB
  seed 600983 done in 1203s, peak RSS 1033 MB
  seed 600992 done in 1200s, peak RSS 1033 MB
  seed 601032 done in 1187s, peak RSS 1033 MB
  seed 600993 done in 1200s, peak RSS 1033 MB
  seed 600979 done in 1205s, peak RSS 1033 MB
  seed 601038 done in 1186s, peak RSS 1033 MB
  seed 600973 done in 1210s, peak RSS 1033 MB
  seed 600982 done in 1207s, peak RSS 1033 MB
  seed 601000 done in 1202s, peak RSS 1033 MB
  seed 600968 done in 1216s, peak RSS 1033 MB
  seed 601049 done in 1188s, peak RSS 1033 MB
  seed 600967 done in 1218s, peak RSS 1033 MB
  seed 601019 done in 1196s, peak RSS 1033 MB
  seed 601023 done in 1196s, peak RSS 1033 MB
  seed 601044 done in 1190s, peak RSS 1029 MB
  seed 600963 done in 1222s, peak RSS 1033 MB
  seed 600981 done in 1211s, peak RSS 1033 MB
  seed 600987 done in 1210s, peak RSS 1033 MB
  seed 600971 done in 1216s, peak RSS 1033 MB
  seed 601008 done in 1202s, peak RSS 1033 MB
  seed 601085 done in 1180s, peak RSS 1033 MB
  seed 601074 done in 1184s, peak RSS 1033 MB
  seed 601005 done in 1204s, peak RSS 1033 MB
  seed 600966 done in 1223s, peak RSS 1033 MB
  seed 601096 done in 1179s, peak RSS 1033 MB
  seed 601069 done in 1188s, peak RSS 1033 MB
  seed 600974 done in 1218s, peak RSS 1033 MB
  seed 601068 done in 1190s, peak RSS 1033 MB
  seed 601061 done in 1192s, peak RSS 1033 MB
  seed 601072 done in 1188s, peak RSS 1031 MB
  seed 600998 done in 1211s, peak RSS 1033 MB
  seed 601001 done in 1211s, peak RSS 1033 MB
  seed 601034 done in 1200s, peak RSS 1033 MB
  seed 600969 done in 1224s, peak RSS 1033 MB
  seed 601025 done in 1204s, peak RSS 1033 MB
  seed 601108 done in 1178s, peak RSS 1033 MB
  seed 601022 done in 1205s, peak RSS 1033 MB
  seed 600980 done in 1220s, peak RSS 1033 MB
  seed 601095 done in 1185s, peak RSS 1033 MB
  seed 600996 done in 1216s, peak RSS 1033 MB
  seed 600994 done in 1216s, peak RSS 1033 MB
  seed 601030 done in 1204s, peak RSS 1033 MB
  seed 601071 done in 1194s, peak RSS 1033 MB
  seed 601050 done in 1200s, peak RSS 1033 MB
  seed 601059 done in 1198s, peak RSS 1033 MB
  seed 600958 done in 1241s, peak RSS 1034 MB
  seed 601026 done in 1207s, peak RSS 1033 MB
  seed 601079 done in 1192s, peak RSS 1033 MB
  seed 601028 done in 1206s, peak RSS 1033 MB
  seed 601111 done in 1180s, peak RSS 1032 MB
  seed 601014 done in 1210s, peak RSS 1033 MB
  seed 601007 done in 1213s, peak RSS 1033 MB
  seed 601012 done in 1210s, peak RSS 1033 MB
  seed 601027 done in 1208s, peak RSS 1033 MB
  seed 601056 done in 1201s, peak RSS 1033 MB
  seed 601043 done in 1203s, peak RSS 1033 MB
  seed 601031 done in 1207s, peak RSS 1033 MB
  seed 601006 done in 1215s, peak RSS 1033 MB
  seed 601020 done in 1211s, peak RSS 1033 MB
  seed 601016 done in 1212s, peak RSS 1033 MB
  seed 601024 done in 1211s, peak RSS 1033 MB
  seed 601021 done in 1211s, peak RSS 1033 MB
  seed 600995 done in 1222s, peak RSS 1033 MB
  seed 601011 done in 1216s, peak RSS 1033 MB
  seed 601115 done in 1184s, peak RSS 1033 MB
  seed 601076 done in 1198s, peak RSS 1033 MB
  seed 601040 done in 1209s, peak RSS 1033 MB
  seed 601081 done in 1198s, peak RSS 1034 MB
  seed 601047 done in 1208s, peak RSS 1033 MB
  seed 601046 done in 1208s, peak RSS 1033 MB
  seed 601037 done in 1211s, peak RSS 1032 MB
  seed 601093 done in 1196s, peak RSS 1033 MB
  seed 601082 done in 1201s, peak RSS 1033 MB
  seed 601087 done in 1200s, peak RSS 1033 MB
  seed 601077 done in 1203s, peak RSS 1033 MB
  seed 601063 done in 1208s, peak RSS 1033 MB
  seed 601013 done in 1221s, peak RSS 1033 MB
  seed 601033 done in 1217s, peak RSS 1033 MB
  seed 601017 done in 1221s, peak RSS 1033 MB
  seed 601004 done in 1227s, peak RSS 1033 MB
  seed 601075 done in 1205s, peak RSS 1033 MB
  seed 601018 done in 1221s, peak RSS 1033 MB
  seed 601054 done in 1214s, peak RSS 1033 MB
  seed 601053 done in 1214s, peak RSS 1033 MB
  seed 601029 done in 1220s, peak RSS 1033 MB
  seed 601048 done in 1215s, peak RSS 1033 MB
  seed 601073 done in 1208s, peak RSS 1033 MB
  seed 601035 done in 1219s, peak RSS 1033 MB
  seed 600984 done in 1236s, peak RSS 1033 MB
  seed 601052 done in 1216s, peak RSS 1033 MB
  seed 601064 done in 1213s, peak RSS 1033 MB
  seed 601102 done in 1199s, peak RSS 1033 MB
  seed 601039 done in 1219s, peak RSS 1033 MB
  seed 601070 done in 1212s, peak RSS 1033 MB
  seed 601015 done in 1227s, peak RSS 1033 MB
  seed 601109 done in 1198s, peak RSS 1033 MB
  seed 601066 done in 1216s, peak RSS 1033 MB
  seed 601003 done in 1235s, peak RSS 1033 MB
  seed 601060 done in 1218s, peak RSS 1033 MB
  seed 601105 done in 1201s, peak RSS 1034 MB
  seed 601099 done in 1205s, peak RSS 1033 MB
  seed 601057 done in 1221s, peak RSS 1033 MB
  seed 601067 done in 1218s, peak RSS 1033 MB
  seed 601080 done in 1215s, peak RSS 1033 MB
  seed 601094 done in 1211s, peak RSS 1033 MB
  seed 601088 done in 1214s, peak RSS 1033 MB
  seed 601083 done in 1215s, peak RSS 1033 MB
  seed 601045 done in 1226s, peak RSS 1033 MB
  seed 601098 done in 1211s, peak RSS 1033 MB
  seed 601078 done in 1218s, peak RSS 1033 MB
  seed 601058 done in 1225s, peak RSS 1033 MB
  seed 601062 done in 1224s, peak RSS 1033 MB
  seed 601092 done in 1214s, peak RSS 1033 MB
  seed 601036 done in 1230s, peak RSS 1033 MB
  seed 601089 done in 1217s, peak RSS 1033 MB
  seed 601120 done in 1205s, peak RSS 1033 MB
  seed 601090 done in 1217s, peak RSS 1034 MB
  seed 601091 done in 1217s, peak RSS 1033 MB
  seed 601101 done in 1213s, peak RSS 1033 MB
  seed 601124 done in 1205s, peak RSS 1033 MB
  seed 601112 done in 1211s, peak RSS 1033 MB
  seed 601055 done in 1233s, peak RSS 1030 MB
  seed 601114 done in 1212s, peak RSS 1033 MB
  seed 601051 done in 1234s, peak RSS 1033 MB
  seed 601107 done in 1216s, peak RSS 1033 MB
  seed 601084 done in 1225s, peak RSS 1033 MB
  seed 601113 done in 1214s, peak RSS 1033 MB
  seed 601125 done in 1210s, peak RSS 1033 MB
  seed 601141 done in 1194s, peak RSS 1033 MB
  seed 601100 done in 1221s, peak RSS 1033 MB
  seed 601110 done in 1219s, peak RSS 1033 MB
  seed 601103 done in 1222s, peak RSS 1033 MB
  seed 601117 done in 1218s, peak RSS 1033 MB
  seed 601119 done in 1219s, peak RSS 1033 MB
  seed 601116 done in 1222s, peak RSS 1033 MB
  seed 601136 done in 1209s, peak RSS 1033 MB
  seed 601086 done in 1235s, peak RSS 1033 MB
  seed 601128 done in 1218s, peak RSS 1033 MB
  seed 601106 done in 1229s, peak RSS 1033 MB
  seed 601126 done in 1221s, peak RSS 1033 MB
  seed 601123 done in 1224s, peak RSS 1033 MB
  seed 601133 done in 1215s, peak RSS 1033 MB
  seed 601097 done in 1236s, peak RSS 1033 MB
  seed 601127 done in 1223s, peak RSS 1033 MB
  seed 601130 done in 1221s, peak RSS 1033 MB
  seed 601132 done in 1222s, peak RSS 1033 MB
  seed 601118 done in 1233s, peak RSS 1034 MB
  seed 601144 done in 1199s, peak RSS 1031 MB
  seed 601129 done in 1227s, peak RSS 1033 MB
  seed 601139 done in 1217s, peak RSS 1033 MB
  seed 601131 done in 1224s, peak RSS 1033 MB
  seed 601137 done in 1223s, peak RSS 1033 MB
  seed 601138 done in 1224s, peak RSS 1033 MB
  seed 601104 done in 1245s, peak RSS 1033 MB
  seed 601135 done in 1229s, peak RSS 1033 MB
  seed 601134 done in 1231s, peak RSS 1033 MB
  seed 601122 done in 1241s, peak RSS 1033 MB
  seed 601142 done in 1224s, peak RSS 1033 MB
  seed 601121 done in 1247s, peak RSS 1033 MB
  seed 601143 done in 1241s, peak RSS 1033 MB
  seed 601140 done in 1243s, peak RSS 1033 MB
  seed 601145 done in 1248s, peak RSS 1033 MB
  seed 601146 done in 1200s, peak RSS 1032 MB
  seed 601149 done in 1187s, peak RSS 1033 MB
  seed 601153 done in 1184s, peak RSS 1034 MB
  seed 601161 done in 1180s, peak RSS 1033 MB
  seed 601150 done in 1203s, peak RSS 1033 MB
  seed 601147 done in 1216s, peak RSS 1033 MB
  seed 601171 done in 1181s, peak RSS 1033 MB
  seed 601168 done in 1184s, peak RSS 1033 MB
  seed 601152 done in 1199s, peak RSS 1033 MB
  seed 601160 done in 1195s, peak RSS 1033 MB
  seed 601185 done in 1182s, peak RSS 1033 MB
  seed 601166 done in 1193s, peak RSS 1033 MB
  seed 601190 done in 1181s, peak RSS 1033 MB
  seed 601180 done in 1187s, peak RSS 1033 MB
  seed 601208 done in 1176s, peak RSS 1033 MB
  seed 601148 done in 1226s, peak RSS 1033 MB
  seed 601201 done in 1180s, peak RSS 1033 MB
  seed 601159 done in 1205s, peak RSS 1033 MB
  seed 601154 done in 1209s, peak RSS 1033 MB
  seed 601182 done in 1192s, peak RSS 1033 MB
  seed 601156 done in 1213s, peak RSS 1033 MB
  seed 601151 done in 1216s, peak RSS 1033 MB
  seed 601243 done in 1173s, peak RSS 1033 MB
  seed 601231 done in 1179s, peak RSS 1033 MB
  seed 601227 done in 1180s, peak RSS 1033 MB
  seed 601194 done in 1190s, peak RSS 1033 MB
  seed 601155 done in 1214s, peak RSS 1033 MB
  seed 601183 done in 1196s, peak RSS 1033 MB
  seed 601170 done in 1202s, peak RSS 1033 MB
  seed 601191 done in 1194s, peak RSS 1033 MB
  seed 601219 done in 1183s, peak RSS 1033 MB
  seed 601157 done in 1216s, peak RSS 1034 MB
  seed 601200 done in 1191s, peak RSS 1033 MB
  seed 601245 done in 1178s, peak RSS 1032 MB
  seed 601240 done in 1180s, peak RSS 1033 MB
  seed 601199 done in 1193s, peak RSS 1033 MB
  seed 601189 done in 1198s, peak RSS 1031 MB
  seed 601172 done in 1206s, peak RSS 1033 MB
  seed 601164 done in 1213s, peak RSS 1033 MB
  seed 601179 done in 1205s, peak RSS 1033 MB
  seed 601158 done in 1220s, peak RSS 1033 MB
  seed 601178 done in 1207s, peak RSS 1033 MB
  seed 601165 done in 1214s, peak RSS 1033 MB
  seed 601217 done in 1191s, peak RSS 1033 MB
  seed 601169 done in 1211s, peak RSS 1033 MB
  seed 601250 done in 1180s, peak RSS 1033 MB
  seed 601192 done in 1202s, peak RSS 1033 MB
  seed 601173 done in 1213s, peak RSS 1033 MB
  seed 601167 done in 1216s, peak RSS 1033 MB
  seed 601181 done in 1208s, peak RSS 1033 MB
  seed 601174 done in 1213s, peak RSS 1033 MB
  seed 601186 done in 1207s, peak RSS 1033 MB
  seed 601188 done in 1206s, peak RSS 1033 MB
  seed 601162 done in 1223s, peak RSS 1033 MB
  seed 601163 done in 1222s, peak RSS 1033 MB
  seed 601234 done in 1193s, peak RSS 1033 MB
  seed 601213 done in 1197s, peak RSS 1033 MB
  seed 601177 done in 1214s, peak RSS 1033 MB
  seed 601237 done in 1193s, peak RSS 1033 MB
  seed 601187 done in 1210s, peak RSS 1033 MB
  seed 601207 done in 1204s, peak RSS 1033 MB
  seed 601258 done in 1186s, peak RSS 1033 MB
  seed 601262 done in 1186s, peak RSS 1033 MB
  seed 601196 done in 1210s, peak RSS 1033 MB
  seed 601229 done in 1200s, peak RSS 1033 MB
  seed 601218 done in 1202s, peak RSS 1033 MB
  seed 601215 done in 1203s, peak RSS 1033 MB
  seed 601236 done in 1199s, peak RSS 1033 MB
  seed 601211 done in 1205s, peak RSS 1033 MB
  seed 601202 done in 1208s, peak RSS 1033 MB
  seed 601239 done in 1197s, peak RSS 1033 MB
  seed 601175 done in 1223s, peak RSS 1033 MB
  seed 601225 done in 1204s, peak RSS 1033 MB
  seed 601214 done in 1206s, peak RSS 1033 MB
  seed 601223 done in 1206s, peak RSS 1033 MB
  seed 601184 done in 1219s, peak RSS 1033 MB
  seed 601256 done in 1193s, peak RSS 1033 MB
  seed 601268 done in 1189s, peak RSS 1033 MB
  seed 601193 done in 1217s, peak RSS 1033 MB
  seed 601209 done in 1210s, peak RSS 1033 MB
  seed 601203 done in 1212s, peak RSS 1033 MB
  seed 601241 done in 1202s, peak RSS 1033 MB
  seed 601205 done in 1213s, peak RSS 1033 MB
  seed 601212 done in 1211s, peak RSS 1033 MB
  seed 601247 done in 1200s, peak RSS 1033 MB
  seed 601246 done in 1202s, peak RSS 1033 MB
  seed 601224 done in 1212s, peak RSS 1032 MB
  seed 601228 done in 1211s, peak RSS 1033 MB
  seed 601238 done in 1207s, peak RSS 1033 MB
  seed 601226 done in 1212s, peak RSS 1033 MB
  seed 601288 done in 1185s, peak RSS 1033 MB
  seed 601195 done in 1222s, peak RSS 1033 MB
  seed 601210 done in 1217s, peak RSS 1033 MB
  seed 601233 done in 1212s, peak RSS 1034 MB
  seed 601295 done in 1184s, peak RSS 1033 MB
  seed 601230 done in 1214s, peak RSS 1033 MB
  seed 601197 done in 1224s, peak RSS 1033 MB
  seed 601198 done in 1224s, peak RSS 1033 MB
  seed 601176 done in 1235s, peak RSS 1033 MB
  seed 601301 done in 1181s, peak RSS 1033 MB
  seed 601273 done in 1197s, peak RSS 1033 MB
  seed 601287 done in 1190s, peak RSS 1033 MB
  seed 601221 done in 1219s, peak RSS 1033 MB
  seed 601232 done in 1217s, peak RSS 1033 MB
  seed 601204 done in 1224s, peak RSS 1031 MB
  seed 601275 done in 1199s, peak RSS 1033 MB
  seed 601254 done in 1208s, peak RSS 1033 MB
  seed 601242 done in 1214s, peak RSS 1034 MB
  seed 601222 done in 1221s, peak RSS 1033 MB
  seed 601303 done in 1184s, peak RSS 1033 MB
  seed 601206 done in 1226s, peak RSS 1033 MB
  seed 601253 done in 1211s, peak RSS 1033 MB
  seed 601269 done in 1205s, peak RSS 1033 MB
  seed 601235 done in 1221s, peak RSS 1033 MB
  seed 601307 done in 1184s, peak RSS 1033 MB
  seed 601244 done in 1217s, peak RSS 1033 MB
  seed 601265 done in 1208s, peak RSS 1033 MB
  seed 601280 done in 1202s, peak RSS 1033 MB
  seed 601276 done in 1205s, peak RSS 1033 MB
  seed 601257 done in 1214s, peak RSS 1033 MB
  seed 601220 done in 1228s, peak RSS 1034 MB
  seed 601300 done in 1192s, peak RSS 1033 MB
  seed 601259 done in 1215s, peak RSS 1033 MB
  seed 601279 done in 1205s, peak RSS 1033 MB
  seed 601216 done in 1231s, peak RSS 1033 MB
  seed 601266 done in 1213s, peak RSS 1033 MB
  seed 601308 done in 1188s, peak RSS 1033 MB
  seed 601278 done in 1207s, peak RSS 1033 MB
  seed 601261 done in 1216s, peak RSS 1033 MB
  seed 601249 done in 1220s, peak RSS 1033 MB
  seed 601293 done in 1202s, peak RSS 1033 MB
  seed 601274 done in 1213s, peak RSS 1034 MB
  seed 601270 done in 1214s, peak RSS 1033 MB
  seed 601255 done in 1220s, peak RSS 1033 MB
  seed 601252 done in 1221s, peak RSS 1033 MB
  seed 601263 done in 1219s, peak RSS 1033 MB
  seed 601281 done in 1210s, peak RSS 1033 MB
  seed 601248 done in 1225s, peak RSS 1033 MB
  seed 601322 done in 1181s, peak RSS 1031 MB
  seed 601271 done in 1217s, peak RSS 1033 MB
  seed 601318 done in 1187s, peak RSS 1033 MB
  seed 601267 done in 1221s, peak RSS 1033 MB
  seed 601302 done in 1202s, peak RSS 1033 MB
  seed 601294 done in 1209s, peak RSS 1033 MB
  seed 601315 done in 1194s, peak RSS 1033 MB
  seed 601260 done in 1229s, peak RSS 1033 MB
  seed 601319 done in 1193s, peak RSS 1033 MB
  seed 601297 done in 1212s, peak RSS 1033 MB
  seed 601277 done in 1224s, peak RSS 1033 MB
  seed 601289 done in 1217s, peak RSS 1033 MB
  seed 601285 done in 1220s, peak RSS 1033 MB
  seed 601251 done in 1235s, peak RSS 1033 MB
  seed 601298 done in 1214s, peak RSS 1033 MB
  seed 601291 done in 1219s, peak RSS 1034 MB
  seed 601264 done in 1233s, peak RSS 1033 MB
  seed 601305 done in 1211s, peak RSS 1033 MB
  seed 601282 done in 1225s, peak RSS 1033 MB
  seed 601296 done in 1218s, peak RSS 1030 MB
  seed 601286 done in 1225s, peak RSS 1033 MB
  seed 601316 done in 1202s, peak RSS 1033 MB
  seed 601283 done in 1226s, peak RSS 1033 MB
  seed 601327 done in 1191s, peak RSS 1033 MB
  seed 601299 done in 1217s, peak RSS 1033 MB
  seed 601284 done in 1229s, peak RSS 1033 MB
  seed 601290 done in 1227s, peak RSS 1033 MB
  seed 601310 done in 1210s, peak RSS 1033 MB
  seed 601312 done in 1210s, peak RSS 1033 MB
  seed 601311 done in 1210s, peak RSS 1033 MB
  seed 601304 done in 1222s, peak RSS 1033 MB
  seed 601314 done in 1211s, peak RSS 1033 MB
  seed 601309 done in 1216s, peak RSS 1033 MB
  seed 601292 done in 1231s, peak RSS 1033 MB
  seed 601320 done in 1205s, peak RSS 1033 MB
  seed 601306 done in 1221s, peak RSS 1033 MB
  seed 601272 done in 1242s, peak RSS 1033 MB
  seed 601317 done in 1211s, peak RSS 1033 MB
  seed 601331 done in 1196s, peak RSS 1033 MB
  seed 601324 done in 1206s, peak RSS 1033 MB
  seed 601326 done in 1204s, peak RSS 1033 MB
  seed 601325 done in 1211s, peak RSS 1033 MB
  seed 601323 done in 1212s, peak RSS 1033 MB
  seed 601313 done in 1223s, peak RSS 1033 MB
  seed 601321 done in 1217s, peak RSS 1034 MB
  seed 601328 done in 1216s, peak RSS 1033 MB
  seed 601332 done in 1213s, peak RSS 1033 MB
  seed 601330 done in 1225s, peak RSS 1033 MB
  seed 601333 done in 1224s, peak RSS 1033 MB
  seed 601329 done in 1230s, peak RSS 1033 MB
  seed 601334 done in 1220s, peak RSS 1033 MB
  seed 601335 done in 1231s, peak RSS 1033 MB
  seed 601336 done in 1260s, peak RSS 1033 MB
  seed 601338 done in 1196s, peak RSS 1033 MB
  seed 601337 done in 1217s, peak RSS 1033 MB
  seed 601352 done in 1175s, peak RSS 1033 MB
  seed 601346 done in 1186s, peak RSS 1033 MB
  seed 601340 done in 1205s, peak RSS 1033 MB
  seed 601348 done in 1189s, peak RSS 1033 MB
  seed 601339 done in 1209s, peak RSS 1034 MB
  seed 601342 done in 1204s, peak RSS 1033 MB
  seed 601362 done in 1181s, peak RSS 1033 MB
  seed 601343 done in 1201s, peak RSS 1033 MB
  seed 601358 done in 1182s, peak RSS 1034 MB
  seed 601367 done in 1183s, peak RSS 1033 MB
  seed 601401 done in 1168s, peak RSS 1033 MB
  seed 601356 done in 1192s, peak RSS 1033 MB
  seed 601341 done in 1215s, peak RSS 1033 MB
  seed 601364 done in 1189s, peak RSS 1033 MB
  seed 601354 done in 1197s, peak RSS 1033 MB
  seed 601353 done in 1198s, peak RSS 1033 MB
  seed 601395 done in 1175s, peak RSS 1033 MB
  seed 601363 done in 1192s, peak RSS 1033 MB
  seed 601344 done in 1211s, peak RSS 1034 MB
  seed 601384 done in 1180s, peak RSS 1033 MB
  seed 601371 done in 1188s, peak RSS 1033 MB
  seed 601349 done in 1204s, peak RSS 1033 MB
  seed 601376 done in 1186s, peak RSS 1034 MB
  seed 601365 done in 1195s, peak RSS 1033 MB
  seed 601386 done in 1183s, peak RSS 1033 MB
  seed 601372 done in 1195s, peak RSS 1033 MB
  seed 601355 done in 1206s, peak RSS 1033 MB
  seed 601389 done in 1187s, peak RSS 1033 MB
  seed 601412 done in 1176s, peak RSS 1033 MB
  seed 601345 done in 1218s, peak RSS 1033 MB
  seed 601347 done in 1214s, peak RSS 1033 MB
  seed 601428 done in 1170s, peak RSS 1033 MB
  seed 601403 done in 1182s, peak RSS 1033 MB
  seed 601416 done in 1177s, peak RSS 1033 MB
  seed 601357 done in 1204s, peak RSS 1033 MB
  seed 601379 done in 1195s, peak RSS 1033 MB
  seed 601373 done in 1200s, peak RSS 1031 MB
  seed 601366 done in 1205s, peak RSS 1033 MB
  seed 601409 done in 1184s, peak RSS 1033 MB
  seed 601370 done in 1202s, peak RSS 1032 MB
  seed 601351 done in 1219s, peak RSS 1033 MB
  seed 601398 done in 1192s, peak RSS 1033 MB
  seed 601402 done in 1191s, peak RSS 1033 MB
  seed 601394 done in 1196s, peak RSS 1033 MB
  seed 601360 done in 1213s, peak RSS 1033 MB
  seed 601350 done in 1223s, peak RSS 1034 MB
  seed 601374 done in 1209s, peak RSS 1033 MB
  seed 601410 done in 1192s, peak RSS 1033 MB
  seed 601424 done in 1184s, peak RSS 1033 MB
  seed 601418 done in 1188s, peak RSS 1033 MB
  seed 601359 done in 1217s, peak RSS 1034 MB
  seed 601385 done in 1204s, peak RSS 1033 MB
  seed 601393 done in 1202s, peak RSS 1033 MB
  seed 601375 done in 1211s, peak RSS 1033 MB
  seed 601427 done in 1186s, peak RSS 1033 MB
  seed 601390 done in 1204s, peak RSS 1033 MB
  seed 601369 done in 1216s, peak RSS 1033 MB
  seed 601380 done in 1210s, peak RSS 1034 MB
  seed 601368 done in 1216s, peak RSS 1034 MB
  seed 601378 done in 1212s, peak RSS 1033 MB
  seed 601383 done in 1210s, peak RSS 1033 MB
  seed 601417 done in 1194s, peak RSS 1033 MB
  seed 601456 done in 1175s, peak RSS 1033 MB
  seed 601404 done in 1200s, peak RSS 1033 MB
  seed 601392 done in 1208s, peak RSS 1033 MB
  seed 601381 done in 1215s, peak RSS 1033 MB
  seed 601388 done in 1211s, peak RSS 1033 MB
  seed 601397 done in 1207s, peak RSS 1033 MB
  seed 601399 done in 1206s, peak RSS 1033 MB
  seed 601438 done in 1190s, peak RSS 1033 MB
  seed 601387 done in 1214s, peak RSS 1033 MB
  seed 601382 done in 1218s, peak RSS 1033 MB
  seed 601447 done in 1188s, peak RSS 1033 MB
  seed 601437 done in 1196s, peak RSS 1033 MB
  seed 601425 done in 1202s, peak RSS 1033 MB
  seed 601406 done in 1212s, peak RSS 1033 MB
  seed 601433 done in 1199s, peak RSS 1033 MB
  seed 601467 done in 1184s, peak RSS 1033 MB
  seed 601422 done in 1205s, peak RSS 1033 MB
  seed 601405 done in 1214s, peak RSS 1033 MB
  seed 601476 done in 1180s, peak RSS 1033 MB
  seed 601407 done in 1214s, peak RSS 1033 MB
  seed 601435 done in 1202s, peak RSS 1033 MB
  seed 601451 done in 1194s, peak RSS 1033 MB
  seed 601446 done in 1197s, peak RSS 1033 MB
  seed 601391 done in 1223s, peak RSS 1033 MB
  seed 601377 done in 1230s, peak RSS 1033 MB
  seed 601396 done in 1221s, peak RSS 1033 MB
  seed 601426 done in 1207s, peak RSS 1033 MB
  seed 601453 done in 1195s, peak RSS 1033 MB
  seed 601408 done in 1217s, peak RSS 1033 MB
  seed 601421 done in 1211s, peak RSS 1033 MB
  seed 601461 done in 1192s, peak RSS 1033 MB
  seed 601444 done in 1201s, peak RSS 1034 MB
  seed 601439 done in 1203s, peak RSS 1033 MB
  seed 601413 done in 1216s, peak RSS 1033 MB
  seed 601415 done in 1218s, peak RSS 1034 MB
  seed 601430 done in 1210s, peak RSS 1034 MB
  seed 601400 done in 1224s, peak RSS 1033 MB
  seed 601462 done in 1196s, peak RSS 1033 MB
  seed 601443 done in 1205s, peak RSS 1033 MB
  seed 601419 done in 1217s, peak RSS 1033 MB
  seed 601479 done in 1189s, peak RSS 1033 MB
  seed 601460 done in 1199s, peak RSS 1033 MB
  seed 601448 done in 1205s, peak RSS 1033 MB
  seed 601411 done in 1223s, peak RSS 1033 MB
  seed 601468 done in 1197s, peak RSS 1034 MB
  seed 601432 done in 1215s, peak RSS 1033 MB
  seed 601361 done in 1250s, peak RSS 1033 MB
  seed 601414 done in 1225s, peak RSS 1033 MB
  seed 601445 done in 1210s, peak RSS 1033 MB
  seed 601420 done in 1222s, peak RSS 1033 MB
  seed 601429 done in 1217s, peak RSS 1033 MB
  seed 601487 done in 1186s, peak RSS 1033 MB
  seed 601508 done in 1173s, peak RSS 1033 MB
  seed 601464 done in 1203s, peak RSS 1033 MB
  seed 601441 done in 1214s, peak RSS 1031 MB
  seed 601436 done in 1218s, peak RSS 1033 MB
  seed 601423 done in 1224s, peak RSS 1032 MB
  seed 601431 done in 1222s, peak RSS 1033 MB
  seed 601459 done in 1208s, peak RSS 1033 MB
  seed 601492 done in 1187s, peak RSS 1033 MB
  seed 601470 done in 1204s, peak RSS 1033 MB
  seed 601458 done in 1210s, peak RSS 1033 MB
  seed 601465 done in 1207s, peak RSS 1033 MB
  seed 601450 done in 1214s, peak RSS 1033 MB
  seed 601488 done in 1192s, peak RSS 1033 MB
  seed 601434 done in 1223s, peak RSS 1033 MB
  seed 601483 done in 1195s, peak RSS 1033 MB
  seed 601454 done in 1214s, peak RSS 1033 MB
  seed 601485 done in 1195s, peak RSS 1033 MB
  seed 601466 done in 1210s, peak RSS 1034 MB
  seed 601442 done in 1223s, peak RSS 1033 MB
  seed 601457 done in 1215s, peak RSS 1034 MB
  seed 601495 done in 1192s, peak RSS 1033 MB
  seed 601440 done in 1226s, peak RSS 1033 MB
  seed 601489 done in 1198s, peak RSS 1033 MB
  seed 601505 done in 1188s, peak RSS 1033 MB
  seed 601498 done in 1195s, peak RSS 1033 MB
  seed 601449 done in 1224s, peak RSS 1033 MB
  seed 601500 done in 1193s, peak RSS 1034 MB
  seed 601463 done in 1218s, peak RSS 1033 MB
  seed 601469 done in 1216s, peak RSS 1033 MB
  seed 601477 done in 1211s, peak RSS 1033 MB
  seed 601471 done in 1216s, peak RSS 1033 MB
  seed 601452 done in 1226s, peak RSS 1033 MB
  seed 601474 done in 1215s, peak RSS 1034 MB
  seed 601497 done in 1199s, peak RSS 1033 MB
  seed 601503 done in 1195s, peak RSS 1033 MB
  seed 601478 done in 1214s, peak RSS 1033 MB
  seed 601455 done in 1226s, peak RSS 1033 MB
  seed 601480 done in 1218s, peak RSS 1033 MB
  seed 601496 done in 1205s, peak RSS 1033 MB
  seed 601490 done in 1210s, peak RSS 1034 MB
  seed 601475 done in 1222s, peak RSS 1031 MB
  seed 601481 done in 1217s, peak RSS 1033 MB
  seed 601486 done in 1215s, peak RSS 1033 MB
  seed 601516 done in 1194s, peak RSS 1033 MB
  seed 601491 done in 1213s, peak RSS 1033 MB
  seed 601501 done in 1207s, peak RSS 1034 MB
  seed 601472 done in 1229s, peak RSS 1033 MB
  seed 601507 done in 1206s, peak RSS 1034 MB
  seed 601515 done in 1202s, peak RSS 1033 MB
  seed 601510 done in 1208s, peak RSS 1033 MB
  seed 601502 done in 1214s, peak RSS 1033 MB
  seed 601499 done in 1218s, peak RSS 1033 MB
  seed 601494 done in 1220s, peak RSS 1030 MB
  seed 601493 done in 1221s, peak RSS 1033 MB
  seed 601513 done in 1210s, peak RSS 1033 MB
  seed 601504 done in 1216s, peak RSS 1033 MB
  seed 601509 done in 1217s, peak RSS 1033 MB
  seed 601506 done in 1224s, peak RSS 1033 MB
  seed 601512 done in 1222s, peak RSS 1033 MB
  seed 601518 done in 1214s, peak RSS 1033 MB
  seed 601521 done in 1217s, peak RSS 1033 MB
  seed 601514 done in 1236s, peak RSS 1033 MB
  seed 601517 done in 1232s, peak RSS 1033 MB
  seed 601511 done in 1239s, peak RSS 1033 MB
  seed 601519 done in 1230s, peak RSS 1034 MB
  seed 601525 done in 1208s, peak RSS 1034 MB
  seed 601522 done in 1225s, peak RSS 1033 MB
  seed 601524 done in 1223s, peak RSS 1033 MB
  seed 601482 done in 1288s, peak RSS 1033 MB
  seed 601523 done in 1238s, peak RSS 1033 MB
  seed 601520 done in 1258s, peak RSS 1033 MB
  seed 601526 done in 1222s, peak RSS 1033 MB
  seed 601484 done in 1313s, peak RSS 1033 MB
  seed 601473 done in 1326s, peak RSS 1034 MB
  seed 601527 done in 1231s, peak RSS 1033 MB
  seed 601528 done in 1189s, peak RSS 1034 MB
  seed 601529 done in 1188s, peak RSS 1033 MB
  seed 601530 done in 1191s, peak RSS 1033 MB
  seed 601535 done in 1178s, peak RSS 1033 MB
  seed 601533 done in 1185s, peak RSS 1034 MB
  seed 601539 done in 1181s, peak RSS 1034 MB
  seed 601536 done in 1189s, peak RSS 1033 MB
  seed 601531 done in 1205s, peak RSS 1034 MB
  seed 601534 done in 1200s, peak RSS 1034 MB
  seed 601550 done in 1192s, peak RSS 1033 MB
  seed 601538 done in 1205s, peak RSS 1034 MB
  seed 601560 done in 1187s, peak RSS 1034 MB
  seed 601532 done in 1213s, peak RSS 1034 MB
  seed 601545 done in 1200s, peak RSS 1034 MB
  seed 601561 done in 1189s, peak RSS 1033 MB
  seed 601569 done in 1184s, peak RSS 1032 MB
  seed 601537 done in 1214s, peak RSS 1033 MB
  seed 601549 done in 1204s, peak RSS 1033 MB
  seed 601592 done in 1177s, peak RSS 1035 MB
  seed 601540 done in 1213s, peak RSS 1033 MB
  seed 601553 done in 1206s, peak RSS 1033 MB
  seed 601554 done in 1206s, peak RSS 1033 MB
  seed 601542 done in 1214s, peak RSS 1033 MB
  seed 601541 done in 1215s, peak RSS 1033 MB
  seed 601575 done in 1192s, peak RSS 1034 MB
  seed 601546 done in 1214s, peak RSS 1034 MB
  seed 601559 done in 1207s, peak RSS 1034 MB
  seed 601544 done in 1219s, peak RSS 1034 MB
  seed 601543 done in 1220s, peak RSS 1034 MB
  seed 601564 done in 1207s, peak RSS 1033 MB
  seed 601578 done in 1196s, peak RSS 1033 MB
  seed 601547 done in 1220s, peak RSS 1034 MB
  seed 601548 done in 1221s, peak RSS 1034 MB
  seed 601557 done in 1212s, peak RSS 1033 MB
  seed 601605 done in 1179s, peak RSS 1033 MB
  seed 601563 done in 1211s, peak RSS 1033 MB
  seed 601582 done in 1197s, peak RSS 1034 MB
  seed 601555 done in 1215s, peak RSS 1034 MB
  seed 601556 done in 1215s, peak RSS 1034 MB
  seed 601597 done in 1191s, peak RSS 1033 MB
  seed 601587 done in 1197s, peak RSS 1034 MB
  seed 601552 done in 1224s, peak RSS 1034 MB
  seed 601558 done in 1216s, peak RSS 1034 MB
  seed 601577 done in 1202s, peak RSS 1034 MB
  seed 601565 done in 1215s, peak RSS 1034 MB
  seed 601562 done in 1216s, peak RSS 1033 MB
  seed 601586 done in 1199s, peak RSS 1034 MB
  seed 601610 done in 1184s, peak RSS 1033 MB
  seed 601583 done in 1203s, peak RSS 1034 MB
  seed 601600 done in 1193s, peak RSS 1033 MB
  seed 601581 done in 1204s, peak RSS 1033 MB
  seed 601595 done in 1197s, peak RSS 1034 MB
  seed 601572 done in 1210s, peak RSS 1034 MB
  seed 601621 done in 1182s, peak RSS 1033 MB
  seed 601579 done in 1207s, peak RSS 1034 MB
  seed 601609 done in 1187s, peak RSS 1033 MB
  seed 601551 done in 1231s, peak RSS 1034 MB
  seed 601567 done in 1217s, peak RSS 1034 MB
  seed 601593 done in 1203s, peak RSS 1033 MB
  seed 601566 done in 1219s, peak RSS 1032 MB
  seed 601576 done in 1210s, peak RSS 1034 MB
  seed 601589 done in 1205s, peak RSS 1034 MB
  seed 601571 done in 1214s, peak RSS 1034 MB
  seed 601620 done in 1186s, peak RSS 1034 MB
  seed 601568 done in 1220s, peak RSS 1033 MB
  seed 601584 done in 1210s, peak RSS 1034 MB
  seed 601594 done in 1205s, peak RSS 1034 MB
  seed 601619 done in 1191s, peak RSS 1034 MB
  seed 601580 done in 1214s, peak RSS 1034 MB
  seed 601598 done in 1207s, peak RSS 1033 MB
  seed 601585 done in 1215s, peak RSS 1034 MB
  seed 601599 done in 1208s, peak RSS 1033 MB
  seed 601588 done in 1215s, peak RSS 1035 MB
  seed 601574 done in 1223s, peak RSS 1033 MB
  seed 601661 done in 1176s, peak RSS 1034 MB
  seed 601573 done in 1225s, peak RSS 1033 MB
  seed 601654 done in 1181s, peak RSS 1033 MB
  seed 601632 done in 1191s, peak RSS 1033 MB
  seed 601615 done in 1201s, peak RSS 1034 MB
  seed 601591 done in 1218s, peak RSS 1033 MB
  seed 601612 done in 1204s, peak RSS 1033 MB
  seed 601635 done in 1193s, peak RSS 1033 MB
  seed 601608 done in 1207s, peak RSS 1034 MB
  seed 601590 done in 1222s, peak RSS 1033 MB
  seed 601570 done in 1232s, peak RSS 1034 MB
  seed 601645 done in 1191s, peak RSS 1033 MB
  seed 601606 done in 1209s, peak RSS 1033 MB
  seed 601601 done in 1216s, peak RSS 1033 MB
  seed 601602 done in 1216s, peak RSS 1034 MB
  seed 601611 done in 1209s, peak RSS 1034 MB
  seed 601660 done in 1186s, peak RSS 1033 MB
  seed 601618 done in 1207s, peak RSS 1034 MB
  seed 601634 done in 1199s, peak RSS 1034 MB
  seed 601658 done in 1189s, peak RSS 1034 MB
  seed 601659 done in 1190s, peak RSS 1033 MB
  seed 601625 done in 1209s, peak RSS 1034 MB
  seed 601604 done in 1218s, peak RSS 1034 MB
  seed 601644 done in 1199s, peak RSS 1033 MB
  seed 601607 done in 1216s, peak RSS 1033 MB
  seed 601628 done in 1207s, peak RSS 1034 MB
  seed 601617 done in 1214s, peak RSS 1033 MB
  seed 601623 done in 1211s, peak RSS 1034 MB
  seed 601633 done in 1205s, peak RSS 1033 MB
  seed 601603 done in 1222s, peak RSS 1034 MB
  seed 601670 done in 1188s, peak RSS 1035 MB
  seed 601627 done in 1212s, peak RSS 1034 MB
  seed 601667 done in 1190s, peak RSS 1033 MB
  seed 601596 done in 1232s, peak RSS 1033 MB
  seed 601622 done in 1216s, peak RSS 1034 MB
  seed 601638 done in 1209s, peak RSS 1033 MB
  seed 601616 done in 1220s, peak RSS 1033 MB
  seed 601641 done in 1209s, peak RSS 1034 MB
  seed 601679 done in 1189s, peak RSS 1033 MB
  seed 601677 done in 1190s, peak RSS 1033 MB
  seed 601624 done in 1219s, peak RSS 1034 MB
  seed 601613 done in 1225s, peak RSS 1034 MB
  seed 601674 done in 1196s, peak RSS 1033 MB
  seed 601614 done in 1227s, peak RSS 1033 MB
  seed 601631 done in 1220s, peak RSS 1034 MB
  seed 601626 done in 1222s, peak RSS 1034 MB
  seed 601640 done in 1215s, peak RSS 1033 MB
  seed 601629 done in 1222s, peak RSS 1033 MB
  seed 601636 done in 1220s, peak RSS 1034 MB
  seed 601686 done in 1189s, peak RSS 1033 MB
  seed 601646 done in 1217s, peak RSS 1031 MB
  seed 601642 done in 1219s, peak RSS 1033 MB
  seed 601663 done in 1208s, peak RSS 1034 MB
  seed 601662 done in 1209s, peak RSS 1033 MB
  seed 601637 done in 1223s, peak RSS 1034 MB
  seed 601652 done in 1216s, peak RSS 1034 MB
  seed 601648 done in 1216s, peak RSS 1033 MB
  seed 601647 done in 1218s, peak RSS 1033 MB
  seed 601680 done in 1201s, peak RSS 1033 MB
  seed 601657 done in 1217s, peak RSS 1034 MB
  seed 601649 done in 1220s, peak RSS 1033 MB
  seed 601651 done in 1221s, peak RSS 1034 MB
  seed 601656 done in 1220s, peak RSS 1033 MB
  seed 601655 done in 1220s, peak RSS 1034 MB
  seed 601643 done in 1226s, peak RSS 1034 MB
  seed 601653 done in 1221s, peak RSS 1034 MB
  seed 601665 done in 1216s, peak RSS 1034 MB
  seed 601630 done in 1235s, peak RSS 1033 MB
  seed 601673 done in 1213s, peak RSS 1033 MB
  seed 601672 done in 1213s, peak RSS 1034 MB
  seed 601669 done in 1214s, peak RSS 1034 MB
  seed 601639 done in 1233s, peak RSS 1033 MB
  seed 601683 done in 1207s, peak RSS 1034 MB
  seed 601695 done in 1194s, peak RSS 1034 MB
  seed 601664 done in 1221s, peak RSS 1034 MB
  seed 601690 done in 1202s, peak RSS 1034 MB
  seed 601702 done in 1183s, peak RSS 1033 MB
  seed 601668 done in 1221s, peak RSS 1033 MB
  seed 601684 done in 1211s, peak RSS 1032 MB
  seed 601682 done in 1213s, peak RSS 1033 MB
  seed 601691 done in 1204s, peak RSS 1034 MB
  seed 601675 done in 1220s, peak RSS 1033 MB
  seed 601698 done in 1199s, peak RSS 1034 MB
  seed 601678 done in 1219s, peak RSS 1034 MB
  seed 601650 done in 1235s, peak RSS 1034 MB
  seed 601671 done in 1226s, peak RSS 1033 MB
  seed 601666 done in 1229s, peak RSS 1033 MB
  seed 601676 done in 1224s, peak RSS 1034 MB
  seed 601700 done in 1199s, peak RSS 1034 MB
  seed 601699 done in 1207s, peak RSS 1034 MB
  seed 601701 done in 1196s, peak RSS 1034 MB
  seed 601688 done in 1218s, peak RSS 1034 MB
  seed 601689 done in 1218s, peak RSS 1034 MB
  seed 601687 done in 1221s, peak RSS 1033 MB
  seed 601685 done in 1224s, peak RSS 1034 MB
  seed 601681 done in 1231s, peak RSS 1033 MB
  seed 601692 done in 1224s, peak RSS 1033 MB
  seed 601697 done in 1222s, peak RSS 1033 MB
  seed 601694 done in 1225s, peak RSS 1033 MB
  seed 601696 done in 1227s, peak RSS 1031 MB
  seed 601704 done in 1201s, peak RSS 1033 MB
  seed 601693 done in 1234s, peak RSS 1033 MB
  seed 601708 done in 1203s, peak RSS 1034 MB
  seed 601703 done in 1222s, peak RSS 1033 MB
  seed 601705 done in 1217s, peak RSS 1034 MB
  seed 601706 done in 1223s, peak RSS 1033 MB
  seed 601713 done in 1194s, peak RSS 1033 MB
  seed 601707 done in 1226s, peak RSS 1033 MB
  seed 601712 done in 1205s, peak RSS 1033 MB
  seed 601710 done in 1222s, peak RSS 1033 MB
  seed 601711 done in 1231s, peak RSS 1033 MB
  seed 601709 done in 1241s, peak RSS 1034 MB
  seed 601714 done in 1218s, peak RSS 1033 MB
  seed 601715 done in 1220s, peak RSS 1033 MB
  seed 601716 done in 1218s, peak RSS 1034 MB
  seed 601717 done in 1222s, peak RSS 1034 MB
  seed 601718 done in 1198s, peak RSS 1033 MB
  seed 601719 done in 1219s, peak RSS 1034 MB
  seed 601721 done in 1214s, peak RSS 1033 MB
  seed 601740 done in 1171s, peak RSS 1034 MB
  seed 601720 done in 1220s, peak RSS 1033 MB
  seed 601723 done in 1215s, peak RSS 1034 MB
  seed 601735 done in 1183s, peak RSS 1033 MB
  seed 601724 done in 1217s, peak RSS 1034 MB
  seed 601730 done in 1195s, peak RSS 1034 MB
  seed 601722 done in 1225s, peak RSS 1034 MB
  seed 601734 done in 1199s, peak RSS 1032 MB
  seed 601747 done in 1182s, peak RSS 1035 MB
  seed 601733 done in 1201s, peak RSS 1033 MB
  seed 601725 done in 1223s, peak RSS 1033 MB
  seed 601741 done in 1190s, peak RSS 1033 MB
  seed 601727 done in 1216s, peak RSS 1035 MB
  seed 601745 done in 1185s, peak RSS 1034 MB
  seed 601728 done in 1211s, peak RSS 1033 MB
  seed 601768 done in 1177s, peak RSS 1033 MB
  seed 601754 done in 1184s, peak RSS 1033 MB
  seed 601732 done in 1209s, peak RSS 1034 MB
  seed 601781 done in 1174s, peak RSS 1034 MB
  seed 601737 done in 1205s, peak RSS 1035 MB
  seed 601742 done in 1202s, peak RSS 1034 MB
  seed 601749 done in 1196s, peak RSS 1033 MB
  seed 601729 done in 1223s, peak RSS 1034 MB
  seed 601764 done in 1193s, peak RSS 1033 MB
  seed 601726 done in 1236s, peak RSS 1034 MB
  seed 601758 done in 1195s, peak RSS 1033 MB
  seed 601748 done in 1202s, peak RSS 1033 MB
  seed 601771 done in 1192s, peak RSS 1034 MB
  seed 601736 done in 1217s, peak RSS 1033 MB
  seed 601731 done in 1226s, peak RSS 1034 MB
  seed 601786 done in 1186s, peak RSS 1034 MB
  seed 601739 done in 1217s, peak RSS 1034 MB
  seed 601777 done in 1194s, peak RSS 1033 MB
  seed 601744 done in 1214s, peak RSS 1034 MB
  seed 601738 done in 1219s, peak RSS 1035 MB
  seed 601760 done in 1207s, peak RSS 1034 MB
  seed 601809 done in 1180s, peak RSS 1034 MB
  seed 601751 done in 1213s, peak RSS 1034 MB
  seed 601780 done in 1200s, peak RSS 1034 MB
  seed 601756 done in 1212s, peak RSS 1034 MB
  seed 601770 done in 1206s, peak RSS 1034 MB
  seed 601789 done in 1195s, peak RSS 1035 MB
  seed 601750 done in 1217s, peak RSS 1034 MB
  seed 601801 done in 1187s, peak RSS 1034 MB
  seed 601807 done in 1187s, peak RSS 1034 MB
  seed 601743 done in 1228s, peak RSS 1034 MB
  seed 601746 done in 1224s, peak RSS 1034 MB
  seed 601763 done in 1216s, peak RSS 1034 MB
  seed 601753 done in 1222s, peak RSS 1034 MB
  seed 601761 done in 1218s, peak RSS 1034 MB
  seed 601774 done in 1213s, peak RSS 1034 MB
  seed 601769 done in 1215s, peak RSS 1033 MB
  seed 601773 done in 1214s, peak RSS 1034 MB
  seed 601784 done in 1209s, peak RSS 1034 MB
  seed 601788 done in 1205s, peak RSS 1033 MB
  seed 601759 done in 1221s, peak RSS 1034 MB
  seed 601767 done in 1219s, peak RSS 1034 MB
  seed 601800 done in 1198s, peak RSS 1034 MB
  seed 601757 done in 1224s, peak RSS 1034 MB
  seed 601762 done in 1222s, peak RSS 1034 MB
  seed 601792 done in 1205s, peak RSS 1033 MB
  seed 601752 done in 1227s, peak RSS 1033 MB
  seed 601782 done in 1215s, peak RSS 1034 MB
  seed 601775 done in 1218s, peak RSS 1034 MB
  seed 601755 done in 1229s, peak RSS 1034 MB
  seed 601832 done in 1184s, peak RSS 1033 MB
  seed 601808 done in 1198s, peak RSS 1034 MB
  seed 601766 done in 1224s, peak RSS 1034 MB
  seed 601765 done in 1226s, peak RSS 1034 MB
  seed 601778 done in 1221s, peak RSS 1032 MB
  seed 601829 done in 1187s, peak RSS 1034 MB
  seed 601804 done in 1203s, peak RSS 1034 MB
  seed 601806 done in 1203s, peak RSS 1034 MB
  seed 601779 done in 1223s, peak RSS 1034 MB
  seed 601772 done in 1226s, peak RSS 1033 MB
  seed 601813 done in 1199s, peak RSS 1033 MB
  seed 601816 done in 1197s, peak RSS 1033 MB
  seed 601776 done in 1225s, peak RSS 1034 MB
  seed 601790 done in 1216s, peak RSS 1033 MB
  seed 601810 done in 1204s, peak RSS 1034 MB
  seed 601791 done in 1216s, peak RSS 1035 MB
  seed 601795 done in 1215s, peak RSS 1034 MB
  seed 601842 done in 1185s, peak RSS 1033 MB
  seed 601797 done in 1218s, peak RSS 1034 MB
  seed 601831 done in 1197s, peak RSS 1034 MB
  seed 601793 done in 1221s, peak RSS 1034 MB
  seed 601794 done in 1221s, peak RSS 1035 MB
  seed 601796 done in 1220s, peak RSS 1033 MB
  seed 601787 done in 1227s, peak RSS 1034 MB
  seed 601847 done in 1188s, peak RSS 1034 MB
  seed 601844 done in 1192s, peak RSS 1034 MB
  seed 601783 done in 1234s, peak RSS 1033 MB
  seed 601785 done in 1233s, peak RSS 1034 MB
  seed 601805 done in 1218s, peak RSS 1033 MB
  seed 601820 done in 1210s, peak RSS 1037 MB
  seed 601846 done in 1193s, peak RSS 1034 MB
  seed 601823 done in 1210s, peak RSS 1035 MB
  seed 601825 done in 1209s, peak RSS 1034 MB
  seed 601812 done in 1218s, peak RSS 1034 MB
  seed 601815 done in 1215s, peak RSS 1034 MB
  seed 601824 done in 1211s, peak RSS 1034 MB
  seed 601814 done in 1217s, peak RSS 1034 MB
  seed 601817 done in 1217s, peak RSS 1033 MB
  seed 601802 done in 1226s, peak RSS 1034 MB
  seed 601803 done in 1226s, peak RSS 1034 MB
  seed 601841 done in 1201s, peak RSS 1035 MB
  seed 601798 done in 1232s, peak RSS 1033 MB
  seed 601851 done in 1199s, peak RSS 1034 MB
  seed 601833 done in 1212s, peak RSS 1034 MB
  seed 601799 done in 1232s, peak RSS 1033 MB
  seed 601862 done in 1193s, peak RSS 1034 MB
  seed 601834 done in 1212s, peak RSS 1034 MB
  seed 601843 done in 1206s, peak RSS 1032 MB
  seed 601855 done in 1199s, peak RSS 1034 MB
  seed 601821 done in 1224s, peak RSS 1033 MB
  seed 601856 done in 1201s, peak RSS 1034 MB
  seed 601830 done in 1220s, peak RSS 1034 MB
  seed 601827 done in 1223s, peak RSS 1034 MB
  seed 601826 done in 1224s, peak RSS 1034 MB
  seed 601852 done in 1206s, peak RSS 1034 MB
  seed 601819 done in 1230s, peak RSS 1034 MB
  seed 601838 done in 1216s, peak RSS 1034 MB
  seed 601835 done in 1219s, peak RSS 1033 MB
  seed 601811 done in 1237s, peak RSS 1034 MB
  seed 601818 done in 1232s, peak RSS 1034 MB
  seed 601869 done in 1198s, peak RSS 1033 MB
  seed 601872 done in 1196s, peak RSS 1033 MB
  seed 601840 done in 1219s, peak RSS 1034 MB
  seed 601858 done in 1207s, peak RSS 1034 MB
  seed 601859 done in 1206s, peak RSS 1034 MB
  seed 601837 done in 1220s, peak RSS 1034 MB
  seed 601849 done in 1214s, peak RSS 1033 MB
  seed 601854 done in 1210s, peak RSS 1034 MB
  seed 601850 done in 1216s, peak RSS 1034 MB
  seed 601828 done in 1232s, peak RSS 1033 MB
  seed 601845 done in 1221s, peak RSS 1034 MB
  seed 601822 done in 1236s, peak RSS 1034 MB
  seed 601865 done in 1207s, peak RSS 1034 MB
  seed 601878 done in 1199s, peak RSS 1033 MB
  seed 601861 done in 1213s, peak RSS 1033 MB
  seed 601871 done in 1205s, peak RSS 1032 MB
  seed 601848 done in 1222s, peak RSS 1034 MB
  seed 601875 done in 1205s, peak RSS 1034 MB
  seed 601873 done in 1206s, peak RSS 1034 MB
  seed 601863 done in 1214s, peak RSS 1034 MB
  seed 601876 done in 1206s, peak RSS 1034 MB
  seed 601836 done in 1232s, peak RSS 1033 MB
  seed 601839 done in 1232s, peak RSS 1034 MB
  seed 601874 done in 1208s, peak RSS 1034 MB
  seed 601857 done in 1221s, peak RSS 1034 MB
  seed 601877 done in 1208s, peak RSS 1034 MB
  seed 601870 done in 1212s, peak RSS 1034 MB
  seed 601853 done in 1225s, peak RSS 1033 MB
  seed 601889 done in 1195s, peak RSS 1034 MB
  seed 601887 done in 1201s, peak RSS 1034 MB
  seed 601890 done in 1194s, peak RSS 1034 MB
  seed 601883 done in 1209s, peak RSS 1034 MB
  seed 601868 done in 1222s, peak RSS 1034 MB
  seed 601864 done in 1227s, peak RSS 1034 MB
  seed 601860 done in 1230s, peak RSS 1033 MB
  seed 601885 done in 1211s, peak RSS 1034 MB
  seed 601881 done in 1215s, peak RSS 1034 MB
  seed 601866 done in 1228s, peak RSS 1034 MB
  seed 601867 done in 1229s, peak RSS 1034 MB
  seed 601879 done in 1220s, peak RSS 1034 MB
  seed 601886 done in 1214s, peak RSS 1033 MB
  seed 601891 done in 1201s, peak RSS 1034 MB
  seed 601884 done in 1217s, peak RSS 1034 MB
  seed 601880 done in 1224s, peak RSS 1034 MB
  seed 601882 done in 1219s, peak RSS 1034 MB
  seed 601896 done in 1193s, peak RSS 1033 MB
  seed 601892 done in 1204s, peak RSS 1031 MB
  seed 601888 done in 1219s, peak RSS 1033 MB
  seed 601894 done in 1212s, peak RSS 1034 MB
  seed 601895 done in 1210s, peak RSS 1034 MB
  seed 601893 done in 1217s, peak RSS 1034 MB
  seed 601899 done in 1193s, peak RSS 1033 MB
  seed 601906 done in 1170s, peak RSS 1033 MB
  seed 601897 done in 1216s, peak RSS 1034 MB
  seed 601898 done in 1215s, peak RSS 1033 MB
  seed 601900 done in 1216s, peak RSS 1034 MB
  seed 601903 done in 1194s, peak RSS 1033 MB
  seed 601901 done in 1210s, peak RSS 1033 MB
  seed 601905 done in 1194s, peak RSS 1034 MB
  seed 601904 done in 1195s, peak RSS 1034 MB
  seed 601907 done in 1176s, peak RSS 1034 MB
  seed 601902 done in 1218s, peak RSS 1034 MB
  seed 601908 done in 1180s, peak RSS 1034 MB
  seed 601909 done in 1192s, peak RSS 1033 MB
  seed 601910 done in 911s, peak RSS 1034 MB
  seed 601914 done in 901s, peak RSS 1035 MB
  seed 601913 done in 908s, peak RSS 1033 MB
  seed 601921 done in 891s, peak RSS 1033 MB
  seed 601915 done in 911s, peak RSS 1034 MB
  seed 601912 done in 917s, peak RSS 1034 MB
  seed 601917 done in 909s, peak RSS 1034 MB
  seed 601916 done in 915s, peak RSS 1034 MB
  seed 601911 done in 926s, peak RSS 1033 MB
  seed 601930 done in 898s, peak RSS 1034 MB
  seed 601922 done in 907s, peak RSS 1033 MB
  seed 601923 done in 908s, peak RSS 1033 MB
  seed 601918 done in 918s, peak RSS 1034 MB
  seed 601929 done in 904s, peak RSS 1034 MB
  seed 601936 done in 893s, peak RSS 1034 MB
  seed 601919 done in 914s, peak RSS 1032 MB
  seed 601920 done in 915s, peak RSS 1035 MB
  seed 601926 done in 913s, peak RSS 1033 MB
  seed 601939 done in 896s, peak RSS 1034 MB
  seed 601946 done in 893s, peak RSS 1035 MB
  seed 601932 done in 908s, peak RSS 1034 MB
  seed 601950 done in 889s, peak RSS 1034 MB
  seed 601928 done in 918s, peak RSS 1033 MB
  seed 601925 done in 922s, peak RSS 1034 MB
  seed 601933 done in 911s, peak RSS 1033 MB
  seed 601931 done in 914s, peak RSS 1035 MB
  seed 601934 done in 909s, peak RSS 1034 MB
  seed 601927 done in 921s, peak RSS 1033 MB
  seed 601960 done in 884s, peak RSS 1034 MB
  seed 601956 done in 889s, peak RSS 1034 MB
  seed 601976 done in 878s, peak RSS 1034 MB
  seed 601957 done in 889s, peak RSS 1034 MB
  seed 601961 done in 886s, peak RSS 1034 MB
  seed 601945 done in 903s, peak RSS 1034 MB
  seed 601943 done in 904s, peak RSS 1034 MB
  seed 601938 done in 910s, peak RSS 1033 MB
  seed 601924 done in 931s, peak RSS 1035 MB
  seed 601935 done in 914s, peak RSS 1033 MB
  seed 601940 done in 912s, peak RSS 1033 MB
  seed 601952 done in 899s, peak RSS 1034 MB
  seed 601942 done in 912s, peak RSS 1034 MB
  seed 601941 done in 914s, peak RSS 1034 MB
  seed 601958 done in 896s, peak RSS 1034 MB
  seed 601964 done in 892s, peak RSS 1034 MB
  seed 601937 done in 917s, peak RSS 1033 MB
  seed 601944 done in 911s, peak RSS 1033 MB
  seed 601975 done in 889s, peak RSS 1034 MB
  seed 601955 done in 901s, peak RSS 1034 MB
  seed 601970 done in 892s, peak RSS 1034 MB
  seed 601989 done in 883s, peak RSS 1034 MB
  seed 601981 done in 886s, peak RSS 1032 MB
  seed 601984 done in 885s, peak RSS 1034 MB
  seed 601971 done in 893s, peak RSS 1034 MB
  seed 601966 done in 895s, peak RSS 1034 MB
  seed 601980 done in 888s, peak RSS 1034 MB
  seed 601962 done in 898s, peak RSS 1034 MB
  seed 601974 done in 893s, peak RSS 1034 MB
  seed 601983 done in 889s, peak RSS 1034 MB
  seed 601947 done in 911s, peak RSS 1034 MB
  seed 601968 done in 898s, peak RSS 1034 MB
  seed 601973 done in 898s, peak RSS 1034 MB
  seed 601948 done in 913s, peak RSS 1034 MB
  seed 601996 done in 882s, peak RSS 1034 MB
  seed 601949 done in 914s, peak RSS 1034 MB
  seed 601978 done in 896s, peak RSS 1034 MB
  seed 601995 done in 884s, peak RSS 1034 MB
  seed 601959 done in 907s, peak RSS 1034 MB
  seed 601993 done in 888s, peak RSS 1034 MB
  seed 601972 done in 901s, peak RSS 1033 MB
  seed 601963 done in 906s, peak RSS 1033 MB
  seed 601979 done in 898s, peak RSS 1034 MB
  seed 601953 done in 915s, peak RSS 1035 MB
  seed 601954 done in 916s, peak RSS 1034 MB
  seed 601987 done in 897s, peak RSS 1033 MB
  seed 601977 done in 903s, peak RSS 1033 MB
  seed 601965 done in 909s, peak RSS 1034 MB
  seed 601951 done in 921s, peak RSS 1034 MB
  seed 601967 done in 911s, peak RSS 1034 MB
  seed 601982 done in 905s, peak RSS 1034 MB
  seed 601969 done in 911s, peak RSS 1034 MB
  seed 601988 done in 906s, peak RSS 1034 MB
  seed 601985 done in 907s, peak RSS 1034 MB
  seed 601991 done in 905s, peak RSS 1034 MB
  seed 601986 done in 908s, peak RSS 1034 MB
  seed 601994 done in 903s, peak RSS 1033 MB
  seed 601992 done in 907s, peak RSS 1035 MB
  seed 601990 done in 913s, peak RSS 1033 MB
  seed 601999 done in 908s, peak RSS 1033 MB
  seed 601997 done in 912s, peak RSS 1034 MB
  seed 601998 done in 913s, peak RSS 1035 MB
[exit 0]
