commit f43c812568ec6ab3cdb133e20933fb6233ee535d
started 2026-10-03T00:06:58Z
REGISTERED: seeds 650000-650999, levels [0.0, 1.0], K 19 x 2, no bootstrap, 1000 to run
  power at start: n/a (not macOS)
  seed 650056 done in 181s, peak RSS 438 MB
  seed 650173 done in 194s, peak RSS 437 MB
  seed 650148 done in 226s, peak RSS 437 MB
  seed 650040 done in 227s, peak RSS 437 MB
  seed 650165 done in 232s, peak RSS 437 MB
  seed 650013 done in 234s, peak RSS 437 MB
  seed 650069 done in 236s, peak RSS 438 MB
  seed 650106 done in 240s, peak RSS 436 MB
  seed 650134 done in 241s, peak RSS 437 MB
  seed 650047 done in 243s, peak RSS 438 MB
  seed 650130 done in 244s, peak RSS 437 MB
  seed 650059 done in 250s, peak RSS 439 MB
  seed 650043 done in 252s, peak RSS 438 MB
  seed 650094 done in 251s, peak RSS 439 MB
  seed 650183 done in 251s, peak RSS 438 MB
  seed 650146 done in 261s, peak RSS 438 MB
  seed 650007 done in 265s, peak RSS 438 MB
  seed 650156 done in 265s, peak RSS 438 MB
  seed 650039 done in 268s, peak RSS 437 MB
  seed 650102 done in 273s, peak RSS 438 MB
  seed 650041 done in 277s, peak RSS 437 MB
  seed 650004 done in 280s, peak RSS 439 MB
  seed 650143 done in 282s, peak RSS 441 MB
  seed 650116 done in 283s, peak RSS 438 MB
  seed 650003 done in 285s, peak RSS 438 MB
  seed 650064 done in 286s, peak RSS 438 MB
  seed 650067 done in 287s, peak RSS 439 MB
  seed 650112 done in 287s, peak RSS 439 MB
  seed 650032 done in 289s, peak RSS 439 MB
  seed 650025 done in 291s, peak RSS 441 MB
  seed 650132 done in 291s, peak RSS 438 MB
  seed 650044 done in 292s, peak RSS 438 MB
  seed 650149 done in 292s, peak RSS 441 MB
  seed 650127 done in 295s, peak RSS 440 MB
  seed 650147 done in 295s, peak RSS 438 MB
  seed 650033 done in 300s, peak RSS 437 MB
  seed 650118 done in 304s, peak RSS 437 MB
  seed 650034 done in 309s, peak RSS 440 MB
  seed 650051 done in 309s, peak RSS 439 MB
  seed 650078 done in 314s, peak RSS 440 MB
  seed 650083 done in 315s, peak RSS 438 MB
  seed 650014 done in 316s, peak RSS 439 MB
  seed 650153 done in 316s, peak RSS 441 MB
  seed 650122 done in 316s, peak RSS 438 MB
  seed 650058 done in 318s, peak RSS 438 MB
  seed 650176 done in 319s, peak RSS 439 MB
  seed 650010 done in 320s, peak RSS 438 MB
  seed 650099 done in 320s, peak RSS 437 MB
  seed 650021 done in 320s, peak RSS 440 MB
  seed 650101 done in 321s, peak RSS 437 MB
  seed 650048 done in 323s, peak RSS 439 MB
  seed 650161 done in 323s, peak RSS 439 MB
  seed 650093 done in 323s, peak RSS 439 MB
  seed 650135 done in 324s, peak RSS 441 MB
  seed 650187 done in 324s, peak RSS 440 MB
  seed 650088 done in 326s, peak RSS 439 MB
  seed 650054 done in 327s, peak RSS 439 MB
  seed 650120 done in 327s, peak RSS 438 MB
  seed 650115 done in 328s, peak RSS 441 MB
  seed 650042 done in 328s, peak RSS 441 MB
  seed 650175 done in 329s, peak RSS 439 MB
  seed 650125 done in 329s, peak RSS 439 MB
  seed 650046 done in 329s, peak RSS 439 MB
  seed 650087 done in 329s, peak RSS 439 MB
  seed 650160 done in 329s, peak RSS 439 MB
  seed 650061 done in 330s, peak RSS 440 MB
  seed 650177 done in 330s, peak RSS 437 MB
  seed 650136 done in 332s, peak RSS 438 MB
  seed 650111 done in 333s, peak RSS 439 MB
  seed 650015 done in 334s, peak RSS 438 MB
  seed 650174 done in 335s, peak RSS 438 MB
  seed 650152 done in 336s, peak RSS 439 MB
  seed 650188 done in 337s, peak RSS 437 MB
  seed 650017 done in 340s, peak RSS 438 MB
  seed 650062 done in 340s, peak RSS 438 MB
  seed 650037 done in 341s, peak RSS 438 MB
  seed 650185 done in 341s, peak RSS 439 MB
  seed 650144 done in 342s, peak RSS 438 MB
  seed 650036 done in 342s, peak RSS 438 MB
  seed 650020 done in 344s, peak RSS 440 MB
  seed 650124 done in 344s, peak RSS 440 MB
  seed 650045 done in 347s, peak RSS 438 MB
  seed 650076 done in 348s, peak RSS 440 MB
  seed 650090 done in 348s, peak RSS 439 MB
  seed 650158 done in 348s, peak RSS 441 MB
  seed 650031 done in 348s, peak RSS 439 MB
  seed 650071 done in 349s, peak RSS 438 MB
  seed 650109 done in 349s, peak RSS 440 MB
  seed 650107 done in 351s, peak RSS 441 MB
  seed 650119 done in 351s, peak RSS 439 MB
  seed 650181 done in 352s, peak RSS 441 MB
  seed 650142 done in 353s, peak RSS 440 MB
  seed 650053 done in 354s, peak RSS 437 MB
  seed 650052 done in 354s, peak RSS 440 MB
  seed 650182 done in 357s, peak RSS 441 MB
  seed 650008 done in 361s, peak RSS 438 MB
  seed 650105 done in 361s, peak RSS 440 MB
  seed 650131 done in 361s, peak RSS 440 MB
  seed 650157 done in 361s, peak RSS 441 MB
  seed 650002 done in 362s, peak RSS 438 MB
  seed 650166 done in 362s, peak RSS 438 MB
  seed 650145 done in 363s, peak RSS 440 MB
  seed 650117 done in 363s, peak RSS 439 MB
  seed 650155 done in 363s, peak RSS 441 MB
  seed 650104 done in 364s, peak RSS 440 MB
  seed 650159 done in 365s, peak RSS 439 MB
  seed 650060 done in 366s, peak RSS 440 MB
  seed 650057 done in 369s, peak RSS 440 MB
  seed 650082 done in 370s, peak RSS 439 MB
  seed 650012 done in 372s, peak RSS 439 MB
  seed 650138 done in 372s, peak RSS 440 MB
  seed 650038 done in 373s, peak RSS 438 MB
  seed 650163 done in 373s, peak RSS 440 MB
  seed 650141 done in 375s, peak RSS 438 MB
  seed 650024 done in 376s, peak RSS 438 MB
  seed 650016 done in 378s, peak RSS 438 MB
  seed 650077 done in 380s, peak RSS 438 MB
  seed 650151 done in 380s, peak RSS 439 MB
  seed 650006 done in 381s, peak RSS 438 MB
  seed 650171 done in 382s, peak RSS 441 MB
  seed 650186 done in 383s, peak RSS 438 MB
  seed 650018 done in 384s, peak RSS 441 MB
  seed 650126 done in 383s, peak RSS 441 MB
  seed 650023 done in 384s, peak RSS 440 MB
  seed 650009 done in 384s, peak RSS 439 MB
  seed 650096 done in 384s, peak RSS 438 MB
  seed 650154 done in 385s, peak RSS 439 MB
  seed 650027 done in 386s, peak RSS 438 MB
  seed 650095 done in 386s, peak RSS 439 MB
  seed 650170 done in 386s, peak RSS 440 MB
  seed 650129 done in 388s, peak RSS 439 MB
  seed 650026 done in 389s, peak RSS 439 MB
  seed 650172 done in 389s, peak RSS 439 MB
  seed 650121 done in 391s, peak RSS 441 MB
  seed 650063 done in 391s, peak RSS 440 MB
  seed 650189 done in 391s, peak RSS 438 MB
  seed 650164 done in 396s, peak RSS 439 MB
  seed 650139 done in 396s, peak RSS 438 MB
  seed 650113 done in 396s, peak RSS 440 MB
  seed 650081 done in 398s, peak RSS 439 MB
  seed 650089 done in 398s, peak RSS 438 MB
  seed 650128 done in 399s, peak RSS 439 MB
  seed 650178 done in 399s, peak RSS 438 MB
  seed 650162 done in 400s, peak RSS 440 MB
  seed 650100 done in 403s, peak RSS 442 MB
  seed 650137 done in 404s, peak RSS 440 MB
  seed 650050 done in 406s, peak RSS 439 MB
  seed 650114 done in 406s, peak RSS 439 MB
  seed 650011 done in 406s, peak RSS 438 MB
  seed 650167 done in 406s, peak RSS 440 MB
  seed 650070 done in 407s, peak RSS 439 MB
  seed 650074 done in 408s, peak RSS 440 MB
  seed 650030 done in 409s, peak RSS 439 MB
  seed 650086 done in 410s, peak RSS 439 MB
  seed 650184 done in 410s, peak RSS 440 MB
  seed 650080 done in 410s, peak RSS 441 MB
  seed 650019 done in 412s, peak RSS 440 MB
  seed 650084 done in 414s, peak RSS 439 MB
  seed 650073 done in 415s, peak RSS 440 MB
  seed 650169 done in 415s, peak RSS 439 MB
  seed 650005 done in 415s, peak RSS 439 MB
  seed 650028 done in 418s, peak RSS 440 MB
  seed 650091 done in 418s, peak RSS 441 MB
  seed 650068 done in 419s, peak RSS 439 MB
  seed 650098 done in 423s, peak RSS 440 MB
  seed 650092 done in 423s, peak RSS 442 MB
  seed 650110 done in 425s, peak RSS 439 MB
  seed 650085 done in 427s, peak RSS 438 MB
  seed 650150 done in 429s, peak RSS 439 MB
  seed 650179 done in 429s, peak RSS 440 MB
  seed 650072 done in 430s, peak RSS 440 MB
  seed 650049 done in 431s, peak RSS 442 MB
  seed 650103 done in 433s, peak RSS 438 MB
  seed 650029 done in 434s, peak RSS 439 MB
  seed 650190 done in 434s, peak RSS 440 MB
  seed 650000 done in 438s, peak RSS 439 MB
  seed 650133 done in 439s, peak RSS 440 MB
  seed 650097 done in 439s, peak RSS 439 MB
  seed 650075 done in 443s, peak RSS 439 MB
  seed 650001 done in 444s, peak RSS 439 MB
  seed 650079 done in 444s, peak RSS 441 MB
  seed 650180 done in 445s, peak RSS 441 MB
  seed 650065 done in 447s, peak RSS 441 MB
  seed 650055 done in 451s, peak RSS 441 MB
  seed 650140 done in 452s, peak RSS 439 MB
  seed 650022 done in 455s, peak RSS 439 MB
  seed 650108 done in 463s, peak RSS 439 MB
  seed 650035 done in 465s, peak RSS 439 MB
  seed 650066 done in 466s, peak RSS 441 MB
  seed 650168 done in 476s, peak RSS 439 MB
  seed 650246 done in 178s, peak RSS 439 MB
  seed 650123 done in 505s, peak RSS 441 MB
  seed 650205 done in 261s, peak RSS 438 MB
  seed 650220 done in 224s, peak RSS 441 MB
  seed 650243 done in 200s, peak RSS 439 MB
  seed 650208 done in 260s, peak RSS 439 MB
  seed 650221 done in 248s, peak RSS 439 MB
  seed 650193 done in 332s, peak RSS 441 MB
  seed 650202 done in 311s, peak RSS 442 MB
  seed 650209 done in 300s, peak RSS 441 MB
  seed 650277 done in 219s, peak RSS 440 MB
  seed 650197 done in 333s, peak RSS 441 MB
  seed 650198 done in 328s, peak RSS 439 MB
  seed 650225 done in 274s, peak RSS 438 MB
  seed 650214 done in 294s, peak RSS 440 MB
  seed 650194 done in 353s, peak RSS 440 MB
  seed 650204 done in 330s, peak RSS 442 MB
  seed 650331 done in 184s, peak RSS 440 MB
  seed 650289 done in 222s, peak RSS 441 MB
  seed 650281 done in 232s, peak RSS 441 MB
  seed 650192 done in 392s, peak RSS 441 MB
  seed 650196 done in 353s, peak RSS 441 MB
  seed 650226 done in 288s, peak RSS 438 MB
  seed 650207 done in 327s, peak RSS 442 MB
  seed 650201 done in 349s, peak RSS 439 MB
  seed 650253 done in 268s, peak RSS 439 MB
  seed 650321 done in 209s, peak RSS 440 MB
  seed 650236 done in 279s, peak RSS 439 MB
  seed 650294 done in 239s, peak RSS 441 MB
  seed 650264 done in 266s, peak RSS 438 MB
  seed 650242 done in 283s, peak RSS 439 MB
  seed 650211 done in 332s, peak RSS 438 MB
  seed 650199 done in 368s, peak RSS 439 MB
  seed 650203 done in 360s, peak RSS 439 MB
  seed 650261 done in 278s, peak RSS 439 MB
  seed 650215 done in 330s, peak RSS 439 MB
  seed 650240 done in 293s, peak RSS 441 MB
  seed 650222 done in 329s, peak RSS 442 MB
  seed 650287 done in 260s, peak RSS 440 MB
  seed 650241 done in 301s, peak RSS 439 MB
  seed 650285 done in 270s, peak RSS 441 MB
  seed 650218 done in 342s, peak RSS 439 MB
  seed 650288 done in 268s, peak RSS 440 MB
  seed 650255 done in 302s, peak RSS 439 MB
  seed 650317 done in 246s, peak RSS 442 MB
  seed 650237 done in 313s, peak RSS 440 MB
  seed 650223 done in 340s, peak RSS 441 MB
  seed 650191 done in 455s, peak RSS 442 MB
  seed 650239 done in 317s, peak RSS 440 MB
  seed 650230 done in 324s, peak RSS 441 MB
  seed 650216 done in 352s, peak RSS 439 MB
  seed 650275 done in 292s, peak RSS 441 MB
  seed 650224 done in 346s, peak RSS 442 MB
  seed 650234 done in 328s, peak RSS 440 MB
  seed 650245 done in 320s, peak RSS 440 MB
  seed 650270 done in 304s, peak RSS 440 MB
  seed 650200 done in 405s, peak RSS 441 MB
  seed 650337 done in 243s, peak RSS 439 MB
  seed 650312 done in 270s, peak RSS 441 MB
  seed 650258 done in 323s, peak RSS 440 MB
  seed 650269 done in 316s, peak RSS 438 MB
  seed 650206 done in 398s, peak RSS 440 MB
  seed 650290 done in 300s, peak RSS 439 MB
  seed 650217 done in 379s, peak RSS 442 MB
  seed 650210 done in 394s, peak RSS 441 MB
  seed 650355 done in 249s, peak RSS 441 MB
  seed 650251 done in 344s, peak RSS 441 MB
  seed 650235 done in 357s, peak RSS 439 MB
  seed 650268 done in 334s, peak RSS 441 MB
  seed 650213 done in 394s, peak RSS 441 MB
  seed 650257 done in 350s, peak RSS 441 MB
  seed 650263 done in 345s, peak RSS 439 MB
  seed 650298 done in 314s, peak RSS 440 MB
  seed 650314 done in 298s, peak RSS 440 MB
  seed 650313 done in 302s, peak RSS 441 MB
  seed 650330 done in 289s, peak RSS 442 MB
  seed 650267 done in 346s, peak RSS 441 MB
  seed 650279 done in 337s, peak RSS 441 MB
  seed 650195 done in 457s, peak RSS 441 MB
  seed 650219 done in 400s, peak RSS 440 MB
  seed 650307 done in 310s, peak RSS 439 MB
  seed 650316 done in 308s, peak RSS 439 MB
  seed 650334 done in 294s, peak RSS 441 MB
  seed 650339 done in 289s, peak RSS 440 MB
  seed 650278 done in 346s, peak RSS 440 MB
  seed 650297 done in 331s, peak RSS 441 MB
  seed 650295 done in 333s, peak RSS 441 MB
  seed 650276 done in 350s, peak RSS 442 MB
  seed 650352 done in 280s, peak RSS 441 MB
  seed 650265 done in 360s, peak RSS 440 MB
  seed 650382 done in 197s, peak RSS 441 MB
  seed 650266 done in 363s, peak RSS 441 MB
  seed 650248 done in 376s, peak RSS 442 MB
  seed 650335 done in 301s, peak RSS 442 MB
  seed 650256 done in 375s, peak RSS 440 MB
  seed 650252 done in 376s, peak RSS 439 MB
  seed 650227 done in 402s, peak RSS 441 MB
  seed 650346 done in 296s, peak RSS 441 MB
  seed 650232 done in 395s, peak RSS 439 MB
  seed 650228 done in 402s, peak RSS 441 MB
  seed 650272 done in 364s, peak RSS 442 MB
  seed 650249 done in 384s, peak RSS 442 MB
  seed 650347 done in 302s, peak RSS 441 MB
  seed 650292 done in 352s, peak RSS 442 MB
  seed 650259 done in 381s, peak RSS 440 MB
  seed 650350 done in 302s, peak RSS 441 MB
  seed 650212 done in 438s, peak RSS 441 MB
  seed 650254 done in 389s, peak RSS 442 MB
  seed 650238 done in 398s, peak RSS 441 MB
  seed 650360 done in 290s, peak RSS 440 MB
  seed 650340 done in 315s, peak RSS 442 MB
  seed 650293 done in 359s, peak RSS 442 MB
  seed 650323 done in 340s, peak RSS 440 MB
  seed 650231 done in 415s, peak RSS 440 MB
  seed 650322 done in 343s, peak RSS 439 MB
  seed 650291 done in 370s, peak RSS 442 MB
  seed 650303 done in 360s, peak RSS 441 MB
  seed 650363 done in 301s, peak RSS 440 MB
  seed 650332 done in 336s, peak RSS 441 MB
  seed 650310 done in 353s, peak RSS 441 MB
  seed 650250 done in 408s, peak RSS 442 MB
  seed 650333 done in 339s, peak RSS 441 MB
  seed 650338 done in 333s, peak RSS 439 MB
  seed 650306 done in 362s, peak RSS 441 MB
  seed 650274 done in 392s, peak RSS 441 MB
  seed 650341 done in 334s, peak RSS 440 MB
  seed 650358 done in 315s, peak RSS 440 MB
  seed 650320 done in 356s, peak RSS 441 MB
  seed 650283 done in 388s, peak RSS 441 MB
  seed 650345 done in 337s, peak RSS 442 MB
  seed 650342 done in 341s, peak RSS 442 MB
  seed 650309 done in 369s, peak RSS 440 MB
  seed 650233 done in 435s, peak RSS 441 MB
  seed 650361 done in 322s, peak RSS 441 MB
  seed 650247 done in 425s, peak RSS 441 MB
  seed 650301 done in 381s, peak RSS 440 MB
  seed 650282 done in 401s, peak RSS 442 MB
  seed 650379 done in 292s, peak RSS 441 MB
  seed 650296 done in 394s, peak RSS 439 MB
  seed 650325 done in 370s, peak RSS 440 MB
  seed 650362 done in 331s, peak RSS 442 MB
  seed 650302 done in 391s, peak RSS 439 MB
  seed 650373 done in 317s, peak RSS 441 MB
  seed 650284 done in 412s, peak RSS 440 MB
  seed 650300 done in 397s, peak RSS 442 MB
  seed 650229 done in 463s, peak RSS 442 MB
  seed 650356 done in 349s, peak RSS 442 MB
  seed 650286 done in 412s, peak RSS 440 MB
  seed 650336 done in 372s, peak RSS 441 MB
  seed 650324 done in 385s, peak RSS 441 MB
  seed 650372 done in 332s, peak RSS 441 MB
  seed 650370 done in 334s, peak RSS 440 MB
  seed 650326 done in 387s, peak RSS 439 MB
  seed 650260 done in 446s, peak RSS 441 MB
  seed 650319 done in 398s, peak RSS 441 MB
  seed 650262 done in 449s, peak RSS 441 MB
  seed 650367 done in 349s, peak RSS 441 MB
  seed 650343 done in 380s, peak RSS 442 MB
  seed 650271 done in 444s, peak RSS 442 MB
  seed 650365 done in 356s, peak RSS 440 MB
  seed 650327 done in 395s, peak RSS 440 MB
  seed 650353 done in 375s, peak RSS 441 MB
  seed 650244 done in 470s, peak RSS 442 MB
  seed 650280 done in 445s, peak RSS 441 MB
  seed 650318 done in 411s, peak RSS 440 MB
  seed 650273 done in 451s, peak RSS 441 MB
  seed 650359 done in 371s, peak RSS 440 MB
  seed 650299 done in 430s, peak RSS 441 MB
  seed 650376 done in 345s, peak RSS 440 MB
  seed 650369 done in 358s, peak RSS 442 MB
  seed 650393 done in 233s, peak RSS 439 MB
  seed 650305 done in 428s, peak RSS 442 MB
  seed 650375 done in 360s, peak RSS 442 MB
  seed 650329 done in 419s, peak RSS 441 MB
  seed 650400 done in 230s, peak RSS 441 MB
  seed 650384 done in 302s, peak RSS 441 MB
  seed 650344 done in 409s, peak RSS 441 MB
  seed 650364 done in 386s, peak RSS 441 MB
  seed 650374 done in 381s, peak RSS 442 MB
  seed 650357 done in 410s, peak RSS 441 MB
  seed 650304 done in 461s, peak RSS 441 MB
  seed 650354 done in 418s, peak RSS 442 MB
  seed 650378 done in 373s, peak RSS 440 MB
  seed 650383 done in 327s, peak RSS 440 MB
  seed 650351 done in 425s, peak RSS 441 MB
  seed 650348 done in 429s, peak RSS 443 MB
  seed 650349 done in 433s, peak RSS 441 MB
  seed 650315 done in 463s, peak RSS 442 MB
  seed 650311 done in 467s, peak RSS 441 MB
  seed 650328 done in 457s, peak RSS 441 MB
  seed 650430 done in 216s, peak RSS 441 MB
  seed 650423 done in 227s, peak RSS 440 MB
  seed 650392 done in 288s, peak RSS 441 MB
  seed 650308 done in 479s, peak RSS 442 MB
  seed 650368 done in 420s, peak RSS 442 MB
  seed 650366 done in 425s, peak RSS 441 MB
  seed 650411 done in 258s, peak RSS 439 MB
  seed 650371 done in 421s, peak RSS 442 MB
  seed 650394 done in 300s, peak RSS 439 MB
  seed 650388 done in 317s, peak RSS 442 MB
  seed 650399 done in 293s, peak RSS 441 MB
  seed 650380 done in 410s, peak RSS 441 MB
  seed 650390 done in 332s, peak RSS 441 MB
  seed 650401 done in 315s, peak RSS 441 MB
  seed 650396 done in 326s, peak RSS 441 MB
  seed 650404 done in 314s, peak RSS 442 MB
  seed 650395 done in 331s, peak RSS 441 MB
  seed 650418 done in 291s, peak RSS 442 MB
  seed 650386 done in 388s, peak RSS 443 MB
  seed 650409 done in 311s, peak RSS 441 MB
  seed 650424 done in 283s, peak RSS 439 MB
  seed 650377 done in 456s, peak RSS 441 MB
  seed 650410 done in 317s, peak RSS 441 MB
  seed 650402 done in 337s, peak RSS 441 MB
  seed 650415 done in 312s, peak RSS 439 MB
  seed 650450 done in 256s, peak RSS 441 MB
  seed 650385 done in 409s, peak RSS 440 MB
  seed 650412 done in 327s, peak RSS 440 MB
  seed 650438 done in 287s, peak RSS 439 MB
  seed 650381 done in 433s, peak RSS 441 MB
  seed 650434 done in 293s, peak RSS 440 MB
  seed 650463 done in 246s, peak RSS 441 MB
  seed 650387 done in 406s, peak RSS 441 MB
  seed 650437 done in 300s, peak RSS 442 MB
  seed 650419 done in 330s, peak RSS 440 MB
  seed 650459 done in 262s, peak RSS 442 MB
  seed 650501 done in 221s, peak RSS 442 MB
  seed 650433 done in 317s, peak RSS 442 MB
  seed 650429 done in 329s, peak RSS 440 MB
  seed 650446 done in 297s, peak RSS 441 MB
  seed 650427 done in 339s, peak RSS 441 MB
  seed 650405 done in 385s, peak RSS 439 MB
  seed 650389 done in 420s, peak RSS 442 MB
  seed 650435 done in 337s, peak RSS 440 MB
  seed 650398 done in 403s, peak RSS 441 MB
  seed 650403 done in 400s, peak RSS 439 MB
  seed 650473 done in 290s, peak RSS 442 MB
  seed 650408 done in 396s, peak RSS 440 MB
  seed 650440 done in 338s, peak RSS 440 MB
  seed 650422 done in 366s, peak RSS 439 MB
  seed 650421 done in 370s, peak RSS 441 MB
  seed 650484 done in 283s, peak RSS 443 MB
  seed 650391 done in 433s, peak RSS 441 MB
  seed 650477 done in 295s, peak RSS 441 MB
  seed 650449 done in 326s, peak RSS 441 MB
  seed 650425 done in 374s, peak RSS 442 MB
  seed 650397 done in 427s, peak RSS 442 MB
  seed 650445 done in 341s, peak RSS 441 MB
  seed 650416 done in 399s, peak RSS 440 MB
  seed 650441 done in 356s, peak RSS 438 MB
  seed 650417 done in 400s, peak RSS 441 MB
  seed 650471 done in 315s, peak RSS 441 MB
  seed 650504 done in 278s, peak RSS 441 MB
  seed 650420 done in 394s, peak RSS 440 MB
  seed 650551 done in 216s, peak RSS 439 MB
  seed 650495 done in 287s, peak RSS 439 MB
  seed 650474 done in 315s, peak RSS 442 MB
  seed 650492 done in 300s, peak RSS 442 MB
  seed 650497 done in 288s, peak RSS 441 MB
  seed 650517 done in 268s, peak RSS 442 MB
  seed 650454 done in 340s, peak RSS 440 MB
  seed 650426 done in 393s, peak RSS 440 MB
  seed 650480 done in 315s, peak RSS 441 MB
  seed 650439 done in 372s, peak RSS 442 MB
  seed 650452 done in 348s, peak RSS 440 MB
  seed 650498 done in 300s, peak RSS 440 MB
  seed 650515 done in 283s, peak RSS 441 MB
  seed 650479 done in 326s, peak RSS 440 MB
  seed 650518 done in 282s, peak RSS 441 MB
  seed 650519 done in 282s, peak RSS 441 MB
  seed 650455 done in 355s, peak RSS 441 MB
  seed 650490 done in 323s, peak RSS 440 MB
  seed 650431 done in 405s, peak RSS 440 MB
  seed 650407 done in 446s, peak RSS 442 MB
  seed 650526 done in 272s, peak RSS 442 MB
  seed 650499 done in 310s, peak RSS 441 MB
  seed 650493 done in 316s, peak RSS 440 MB
  seed 650436 done in 397s, peak RSS 440 MB
  seed 650511 done in 297s, peak RSS 442 MB
  seed 650470 done in 347s, peak RSS 441 MB
  seed 650536 done in 263s, peak RSS 443 MB
  seed 650496 done in 316s, peak RSS 442 MB
  seed 650514 done in 297s, peak RSS 442 MB
  seed 650442 done in 392s, peak RSS 441 MB
  seed 650414 done in 442s, peak RSS 442 MB
  seed 650460 done in 364s, peak RSS 441 MB
  seed 650505 done in 315s, peak RSS 441 MB
  seed 650506 done in 316s, peak RSS 440 MB
  seed 650487 done in 340s, peak RSS 441 MB
  seed 650451 done in 378s, peak RSS 441 MB
  seed 650533 done in 280s, peak RSS 440 MB
  seed 650522 done in 296s, peak RSS 440 MB
  seed 650475 done in 356s, peak RSS 440 MB
  seed 650467 done in 364s, peak RSS 441 MB
  seed 650489 done in 343s, peak RSS 441 MB
  seed 650482 done in 349s, peak RSS 442 MB
  seed 650413 done in 452s, peak RSS 440 MB
  seed 650406 done in 466s, peak RSS 441 MB
  seed 650488 done in 353s, peak RSS 442 MB
  seed 650476 done in 366s, peak RSS 442 MB
  seed 650507 done in 330s, peak RSS 441 MB
  seed 650472 done in 369s, peak RSS 442 MB
  seed 650447 done in 401s, peak RSS 441 MB
  seed 650453 done in 392s, peak RSS 441 MB
  seed 650483 done in 362s, peak RSS 441 MB
  seed 650432 done in 436s, peak RSS 441 MB
  seed 650516 done in 325s, peak RSS 440 MB
  seed 650537 done in 291s, peak RSS 441 MB
  seed 650461 done in 393s, peak RSS 439 MB
  seed 650485 done in 369s, peak RSS 440 MB
  seed 650469 done in 387s, peak RSS 442 MB
  seed 650428 done in 452s, peak RSS 443 MB
  seed 650494 done in 358s, peak RSS 441 MB
  seed 650478 done in 388s, peak RSS 442 MB
  seed 650510 done in 348s, peak RSS 442 MB
  seed 650503 done in 356s, peak RSS 440 MB
  seed 650462 done in 403s, peak RSS 441 MB
  seed 650509 done in 354s, peak RSS 441 MB
  seed 650546 done in 299s, peak RSS 441 MB
  seed 650466 done in 403s, peak RSS 441 MB
  seed 650468 done in 402s, peak RSS 442 MB
  seed 650556 done in 284s, peak RSS 441 MB
  seed 650448 done in 430s, peak RSS 442 MB
  seed 650444 done in 439s, peak RSS 442 MB
  seed 650524 done in 339s, peak RSS 441 MB
  seed 650481 done in 396s, peak RSS 443 MB
  seed 650580 done in 237s, peak RSS 442 MB
  seed 650576 done in 252s, peak RSS 441 MB
  seed 650502 done in 378s, peak RSS 441 MB
  seed 650520 done in 358s, peak RSS 442 MB
  seed 650542 done in 326s, peak RSS 441 MB
  seed 650538 done in 333s, peak RSS 443 MB
  seed 650458 done in 439s, peak RSS 441 MB
  seed 650457 done in 441s, peak RSS 441 MB
  seed 650464 done in 435s, peak RSS 442 MB
  seed 650529 done in 356s, peak RSS 441 MB
  seed 650443 done in 472s, peak RSS 441 MB
  seed 650525 done in 366s, peak RSS 442 MB
  seed 650523 done in 375s, peak RSS 441 MB
  seed 650534 done in 359s, peak RSS 441 MB
  seed 650532 done in 363s, peak RSS 440 MB
  seed 650545 done in 346s, peak RSS 442 MB
  seed 650465 done in 447s, peak RSS 441 MB
  seed 650553 done in 334s, peak RSS 442 MB
  seed 650568 done in 300s, peak RSS 442 MB
  seed 650500 done in 415s, peak RSS 441 MB
  seed 650564 done in 312s, peak RSS 441 MB
  seed 650512 done in 402s, peak RSS 440 MB
  seed 650530 done in 377s, peak RSS 441 MB
  seed 650552 done in 353s, peak RSS 442 MB
  seed 650535 done in 373s, peak RSS 442 MB
  seed 650456 done in 472s, peak RSS 442 MB
  seed 650541 done in 368s, peak RSS 441 MB
  seed 650513 done in 408s, peak RSS 442 MB
  seed 650508 done in 417s, peak RSS 441 MB
  seed 650572 done in 304s, peak RSS 440 MB
  seed 650486 done in 444s, peak RSS 442 MB
  seed 650547 done in 367s, peak RSS 440 MB
  seed 650491 done in 451s, peak RSS 442 MB
  seed 650549 done in 374s, peak RSS 441 MB
  seed 650584 done in 274s, peak RSS 441 MB
  seed 650548 done in 375s, peak RSS 441 MB
  seed 650557 done in 358s, peak RSS 442 MB
  seed 650597 done in 248s, peak RSS 443 MB
  seed 650561 done in 345s, peak RSS 442 MB
  seed 650599 done in 246s, peak RSS 439 MB
  seed 650531 done in 412s, peak RSS 441 MB
  seed 650521 done in 434s, peak RSS 442 MB
  seed 650540 done in 407s, peak RSS 441 MB
  seed 650574 done in 338s, peak RSS 442 MB
  seed 650560 done in 362s, peak RSS 441 MB
  seed 650575 done in 344s, peak RSS 442 MB
  seed 650606 done in 255s, peak RSS 442 MB
  seed 650567 done in 360s, peak RSS 441 MB
  seed 650565 done in 368s, peak RSS 441 MB
  seed 650559 done in 378s, peak RSS 442 MB
  seed 650578 done in 352s, peak RSS 442 MB
  seed 650573 done in 363s, peak RSS 442 MB
  seed 650550 done in 419s, peak RSS 442 MB
  seed 650527 done in 449s, peak RSS 442 MB
  seed 650566 done in 380s, peak RSS 443 MB
  seed 650590 done in 312s, peak RSS 442 MB
  seed 650562 done in 390s, peak RSS 442 MB
  seed 650554 done in 413s, peak RSS 441 MB
  seed 650581 done in 353s, peak RSS 441 MB
  seed 650539 done in 444s, peak RSS 442 MB
  seed 650626 done in 229s, peak RSS 442 MB
  seed 650632 done in 221s, peak RSS 441 MB
  seed 650592 done in 318s, peak RSS 442 MB
  seed 650563 done in 401s, peak RSS 441 MB
  seed 650555 done in 426s, peak RSS 441 MB
  seed 650569 done in 391s, peak RSS 443 MB
  seed 650571 done in 388s, peak RSS 441 MB
  seed 650588 done in 334s, peak RSS 443 MB
  seed 650596 done in 316s, peak RSS 442 MB
  seed 650543 done in 457s, peak RSS 443 MB
  seed 650528 done in 480s, peak RSS 442 MB
  seed 650585 done in 349s, peak RSS 441 MB
  seed 650544 done in 459s, peak RSS 442 MB
  seed 650593 done in 334s, peak RSS 442 MB
  seed 650676 done in 198s, peak RSS 442 MB
  seed 650645 done in 233s, peak RSS 440 MB
  seed 650589 done in 350s, peak RSS 443 MB
  seed 650577 done in 411s, peak RSS 443 MB
  seed 650604 done in 326s, peak RSS 442 MB
  seed 650622 done in 279s, peak RSS 443 MB
  seed 650650 done in 244s, peak RSS 441 MB
  seed 650654 done in 243s, peak RSS 442 MB
  seed 650600 done in 352s, peak RSS 441 MB
  seed 650570 done in 439s, peak RSS 442 MB
  seed 650558 done in 473s, peak RSS 443 MB
  seed 650652 done in 254s, peak RSS 440 MB
  seed 650579 done in 426s, peak RSS 440 MB
  seed 650586 done in 390s, peak RSS 442 MB
  seed 650587 done in 389s, peak RSS 441 MB
  seed 650625 done in 298s, peak RSS 441 MB
  seed 650627 done in 295s, peak RSS 442 MB
  seed 650594 done in 387s, peak RSS 441 MB
  seed 650598 done in 380s, peak RSS 440 MB
  seed 650582 done in 429s, peak RSS 441 MB
  seed 650705 done in 216s, peak RSS 441 MB
  seed 650583 done in 423s, peak RSS 442 MB
  seed 650691 done in 240s, peak RSS 443 MB
  seed 650664 done in 275s, peak RSS 441 MB
  seed 650601 done in 391s, peak RSS 442 MB
  seed 650617 done in 341s, peak RSS 442 MB
  seed 650634 done in 317s, peak RSS 440 MB
  seed 650613 done in 355s, peak RSS 442 MB
  seed 650636 done in 319s, peak RSS 439 MB
  seed 650615 done in 354s, peak RSS 441 MB
  seed 650658 done in 296s, peak RSS 440 MB
  seed 650591 done in 429s, peak RSS 440 MB
  seed 650683 done in 273s, peak RSS 441 MB
  seed 650630 done in 332s, peak RSS 441 MB
  seed 650602 done in 412s, peak RSS 442 MB
  seed 650661 done in 307s, peak RSS 443 MB
  seed 650662 done in 308s, peak RSS 442 MB
  seed 650703 done in 253s, peak RSS 442 MB
  seed 650651 done in 317s, peak RSS 441 MB
  seed 650623 done in 358s, peak RSS 442 MB
  seed 650624 done in 360s, peak RSS 441 MB
  seed 650612 done in 385s, peak RSS 441 MB
  seed 650607 done in 406s, peak RSS 442 MB
  seed 650672 done in 304s, peak RSS 440 MB
  seed 650608 done in 406s, peak RSS 443 MB
  seed 650638 done in 343s, peak RSS 442 MB
  seed 650671 done in 308s, peak RSS 440 MB
  seed 650659 done in 325s, peak RSS 442 MB
  seed 650667 done in 317s, peak RSS 441 MB
  seed 650637 done in 354s, peak RSS 442 MB
  seed 650635 done in 358s, peak RSS 439 MB
  seed 650603 done in 432s, peak RSS 441 MB
  seed 650701 done in 278s, peak RSS 443 MB
  seed 650669 done in 323s, peak RSS 441 MB
  seed 650688 done in 303s, peak RSS 441 MB
  seed 650700 done in 283s, peak RSS 441 MB
  seed 650621 done in 387s, peak RSS 441 MB
  seed 650675 done in 324s, peak RSS 441 MB
  seed 650639 done in 364s, peak RSS 441 MB
  seed 650611 done in 414s, peak RSS 442 MB
  seed 650614 done in 404s, peak RSS 441 MB
  seed 650681 done in 316s, peak RSS 441 MB
  seed 650648 done in 353s, peak RSS 440 MB
  seed 650642 done in 367s, peak RSS 441 MB
  seed 650722 done in 251s, peak RSS 442 MB
  seed 650680 done in 323s, peak RSS 442 MB
  seed 650698 done in 297s, peak RSS 442 MB
  seed 650657 done in 349s, peak RSS 440 MB
  seed 650733 done in 235s, peak RSS 441 MB
  seed 650595 done in 469s, peak RSS 441 MB
  seed 650631 done in 380s, peak RSS 441 MB
  seed 650679 done in 325s, peak RSS 442 MB
  seed 650656 done in 353s, peak RSS 442 MB
  seed 650610 done in 429s, peak RSS 441 MB
  seed 650708 done in 284s, peak RSS 441 MB
  seed 650616 done in 413s, peak RSS 441 MB
  seed 650628 done in 396s, peak RSS 441 MB
  seed 650644 done in 379s, peak RSS 442 MB
  seed 650641 done in 387s, peak RSS 440 MB
  seed 650640 done in 389s, peak RSS 442 MB
  seed 650718 done in 280s, peak RSS 442 MB
  seed 650692 done in 328s, peak RSS 443 MB
  seed 650685 done in 341s, peak RSS 441 MB
  seed 650646 done in 384s, peak RSS 441 MB
  seed 650629 done in 405s, peak RSS 440 MB
  seed 650666 done in 366s, peak RSS 441 MB
  seed 650682 done in 349s, peak RSS 442 MB
  seed 650689 done in 342s, peak RSS 441 MB
  seed 650740 done in 253s, peak RSS 441 MB
  seed 650620 done in 432s, peak RSS 441 MB
  seed 650693 done in 340s, peak RSS 441 MB
  seed 650745 done in 253s, peak RSS 442 MB
  seed 650678 done in 373s, peak RSS 443 MB
  seed 650742 done in 260s, peak RSS 441 MB
  seed 650670 done in 380s, peak RSS 441 MB
  seed 650605 done in 488s, peak RSS 442 MB
  seed 650765 done in 209s, peak RSS 441 MB
  seed 650655 done in 395s, peak RSS 442 MB
  seed 650649 done in 400s, peak RSS 441 MB
  seed 650663 done in 395s, peak RSS 442 MB
  seed 650653 done in 402s, peak RSS 441 MB
  seed 650643 done in 422s, peak RSS 441 MB
  seed 650618 done in 454s, peak RSS 441 MB
  seed 650619 done in 457s, peak RSS 441 MB
  seed 650699 done in 354s, peak RSS 441 MB
  seed 650695 done in 358s, peak RSS 442 MB
  seed 650725 done in 306s, peak RSS 442 MB
  seed 650723 done in 312s, peak RSS 441 MB
  seed 650713 done in 331s, peak RSS 441 MB
  seed 650633 done in 441s, peak RSS 441 MB
  seed 650647 done in 422s, peak RSS 442 MB
  seed 650728 done in 310s, peak RSS 440 MB
  seed 650721 done in 322s, peak RSS 440 MB
  seed 650665 done in 410s, peak RSS 442 MB
  seed 650716 done in 337s, peak RSS 441 MB
  seed 650609 done in 504s, peak RSS 442 MB
  seed 650674 done in 410s, peak RSS 442 MB
  seed 650750 done in 277s, peak RSS 442 MB
  seed 650736 done in 313s, peak RSS 441 MB
  seed 650741 done in 299s, peak RSS 441 MB
  seed 650710 done in 356s, peak RSS 442 MB
  seed 650673 done in 416s, peak RSS 442 MB
  seed 650687 done in 401s, peak RSS 440 MB
  seed 650709 done in 362s, peak RSS 441 MB
  seed 650690 done in 395s, peak RSS 440 MB
  seed 650684 done in 406s, peak RSS 442 MB
  seed 650719 done in 342s, peak RSS 441 MB
  seed 650784 done in 206s, peak RSS 443 MB
  seed 650706 done in 373s, peak RSS 443 MB
  seed 650702 done in 381s, peak RSS 441 MB
  seed 650694 done in 390s, peak RSS 442 MB
  seed 650749 done in 288s, peak RSS 441 MB
  seed 650711 done in 372s, peak RSS 441 MB
  seed 650696 done in 396s, peak RSS 440 MB
  seed 650751 done in 294s, peak RSS 441 MB
  seed 650734 done in 334s, peak RSS 442 MB
  seed 650686 done in 419s, peak RSS 441 MB
  seed 650752 done in 293s, peak RSS 442 MB
  seed 650746 done in 317s, peak RSS 439 MB
  seed 650704 done in 396s, peak RSS 442 MB
  seed 650677 done in 441s, peak RSS 440 MB
  seed 650720 done in 365s, peak RSS 442 MB
  seed 650697 done in 410s, peak RSS 441 MB
  seed 650660 done in 467s, peak RSS 441 MB
  seed 650712 done in 394s, peak RSS 443 MB
  seed 650776 done in 266s, peak RSS 443 MB
  seed 650717 done in 384s, peak RSS 441 MB
  seed 650754 done in 316s, peak RSS 441 MB
  seed 650764 done in 298s, peak RSS 441 MB
  seed 650779 done in 271s, peak RSS 442 MB
  seed 650755 done in 320s, peak RSS 441 MB
  seed 650738 done in 363s, peak RSS 441 MB
  seed 650732 done in 375s, peak RSS 443 MB
  seed 650777 done in 282s, peak RSS 442 MB
  seed 650748 done in 345s, peak RSS 442 MB
  seed 650707 done in 433s, peak RSS 442 MB
  seed 650770 done in 313s, peak RSS 441 MB
  seed 650800 done in 237s, peak RSS 441 MB
  seed 650739 done in 381s, peak RSS 443 MB
  seed 650761 done in 331s, peak RSS 443 MB
  seed 650668 done in 500s, peak RSS 441 MB
  seed 650790 done in 266s, peak RSS 443 MB
  seed 650726 done in 409s, peak RSS 442 MB
  seed 650760 done in 338s, peak RSS 443 MB
  seed 650768 done in 324s, peak RSS 441 MB
  seed 650774 done in 318s, peak RSS 443 MB
  seed 650782 done in 305s, peak RSS 440 MB
  seed 650759 done in 348s, peak RSS 442 MB
  seed 650737 done in 410s, peak RSS 442 MB
  seed 650757 done in 356s, peak RSS 442 MB
  seed 650727 done in 423s, peak RSS 441 MB
  seed 650714 done in 447s, peak RSS 441 MB
  seed 650824 done in 213s, peak RSS 440 MB
  seed 650792 done in 281s, peak RSS 440 MB
  seed 650793 done in 281s, peak RSS 440 MB
  seed 650778 done in 325s, peak RSS 441 MB
  seed 650743 done in 407s, peak RSS 443 MB
  seed 650724 done in 438s, peak RSS 442 MB
  seed 650735 done in 428s, peak RSS 441 MB
  seed 650715 done in 459s, peak RSS 442 MB
  seed 650729 done in 442s, peak RSS 442 MB
  seed 650806 done in 263s, peak RSS 442 MB
  seed 650731 done in 442s, peak RSS 442 MB
  seed 650744 done in 420s, peak RSS 443 MB
  seed 650767 done in 367s, peak RSS 442 MB
  seed 650794 done in 306s, peak RSS 442 MB
  seed 650780 done in 349s, peak RSS 442 MB
  seed 650730 done in 455s, peak RSS 442 MB
  seed 650756 done in 403s, peak RSS 442 MB
  seed 650823 done in 252s, peak RSS 442 MB
  seed 650786 done in 341s, peak RSS 443 MB
  seed 650799 done in 302s, peak RSS 440 MB
  seed 650758 done in 399s, peak RSS 443 MB
  seed 650788 done in 335s, peak RSS 442 MB
  seed 650769 done in 386s, peak RSS 442 MB
  seed 650787 done in 340s, peak RSS 441 MB
  seed 650747 done in 436s, peak RSS 442 MB
  seed 650872 done in 193s, peak RSS 442 MB
  seed 650837 done in 245s, peak RSS 441 MB
  seed 650791 done in 340s, peak RSS 444 MB
  seed 650801 done in 313s, peak RSS 441 MB
  seed 650766 done in 411s, peak RSS 442 MB
  seed 650842 done in 258s, peak RSS 441 MB
  seed 650763 done in 421s, peak RSS 442 MB
  seed 650817 done in 293s, peak RSS 442 MB
  seed 650783 done in 387s, peak RSS 443 MB
  seed 650798 done in 345s, peak RSS 441 MB
  seed 650785 done in 382s, peak RSS 442 MB
  seed 650819 done in 300s, peak RSS 441 MB
  seed 650876 done in 220s, peak RSS 442 MB
  seed 650772 done in 421s, peak RSS 443 MB
  seed 650789 done in 378s, peak RSS 441 MB
  seed 650850 done in 273s, peak RSS 441 MB
  seed 650805 done in 342s, peak RSS 442 MB
  seed 650796 done in 373s, peak RSS 441 MB
  seed 650845 done in 281s, peak RSS 442 MB
  seed 650813 done in 328s, peak RSS 441 MB
  seed 650858 done in 274s, peak RSS 442 MB
  seed 650843 done in 295s, peak RSS 440 MB
  seed 650802 done in 367s, peak RSS 443 MB
  seed 650753 done in 486s, peak RSS 442 MB
  seed 650816 done in 338s, peak RSS 443 MB
  seed 650781 done in 436s, peak RSS 442 MB
  seed 650771 done in 456s, peak RSS 442 MB
  seed 650826 done in 333s, peak RSS 442 MB
  seed 650846 done in 308s, peak RSS 442 MB
  seed 650775 done in 457s, peak RSS 442 MB
  seed 650832 done in 328s, peak RSS 441 MB
  seed 650825 done in 345s, peak RSS 443 MB
  seed 650883 done in 265s, peak RSS 442 MB
  seed 650847 done in 321s, peak RSS 442 MB
  seed 650797 done in 418s, peak RSS 442 MB
  seed 650827 done in 356s, peak RSS 440 MB
  seed 650870 done in 298s, peak RSS 441 MB
  seed 650895 done in 256s, peak RSS 441 MB
  seed 650882 done in 278s, peak RSS 441 MB
  seed 650835 done in 344s, peak RSS 441 MB
  seed 650773 done in 485s, peak RSS 442 MB
  seed 650807 done in 392s, peak RSS 440 MB
  seed 650803 done in 402s, peak RSS 443 MB
  seed 650863 done in 316s, peak RSS 441 MB
  seed 650898 done in 262s, peak RSS 442 MB
  seed 650874 done in 300s, peak RSS 441 MB
  seed 650900 done in 264s, peak RSS 441 MB
  seed 650860 done in 330s, peak RSS 442 MB
  seed 650809 done in 403s, peak RSS 440 MB
  seed 650804 done in 418s, peak RSS 441 MB
  seed 650844 done in 354s, peak RSS 441 MB
  seed 650878 done in 311s, peak RSS 442 MB
  seed 650912 done in 266s, peak RSS 441 MB
  seed 650836 done in 368s, peak RSS 441 MB
  seed 650841 done in 365s, peak RSS 441 MB
  seed 650862 done in 336s, peak RSS 443 MB
  seed 650818 done in 399s, peak RSS 442 MB
  seed 650828 done in 386s, peak RSS 442 MB
  seed 650904 done in 282s, peak RSS 441 MB
  seed 650881 done in 317s, peak RSS 441 MB
  seed 650815 done in 411s, peak RSS 442 MB
  seed 650871 done in 338s, peak RSS 441 MB
  seed 650867 done in 345s, peak RSS 442 MB
  seed 650877 done in 327s, peak RSS 441 MB
  seed 650808 done in 432s, peak RSS 442 MB
  seed 650888 done in 315s, peak RSS 441 MB
  seed 650829 done in 399s, peak RSS 441 MB
  seed 650911 done in 288s, peak RSS 442 MB
  seed 650834 done in 391s, peak RSS 441 MB
  seed 650811 done in 431s, peak RSS 441 MB
  seed 650795 done in 475s, peak RSS 441 MB
  seed 650868 done in 352s, peak RSS 441 MB
  seed 650762 done in 555s, peak RSS 442 MB
  seed 650849 done in 387s, peak RSS 441 MB
  seed 650851 done in 386s, peak RSS 441 MB
  seed 650854 done in 384s, peak RSS 442 MB
  seed 650859 done in 374s, peak RSS 441 MB
  seed 650810 done in 446s, peak RSS 442 MB
  seed 650886 done in 333s, peak RSS 442 MB
  seed 650908 done in 306s, peak RSS 443 MB
  seed 650830 done in 415s, peak RSS 442 MB
  seed 650838 done in 403s, peak RSS 441 MB
  seed 650822 done in 426s, peak RSS 441 MB
  seed 650865 done in 371s, peak RSS 441 MB
  seed 650848 done in 397s, peak RSS 440 MB
  seed 650873 done in 357s, peak RSS 443 MB
  seed 650869 done in 367s, peak RSS 441 MB
  seed 650821 done in 434s, peak RSS 441 MB
  seed 650890 done in 337s, peak RSS 442 MB
  seed 650880 done in 352s, peak RSS 442 MB
  seed 650905 done in 317s, peak RSS 440 MB
  seed 650901 done in 323s, peak RSS 442 MB
  seed 650814 done in 454s, peak RSS 442 MB
  seed 650855 done in 403s, peak RSS 441 MB
  seed 650884 done in 351s, peak RSS 442 MB
  seed 650852 done in 407s, peak RSS 442 MB
  seed 650899 done in 330s, peak RSS 441 MB
  seed 650889 done in 347s, peak RSS 441 MB
  seed 650820 done in 447s, peak RSS 442 MB
  seed 650857 done in 403s, peak RSS 441 MB
  seed 650936 done in 262s, peak RSS 442 MB
  seed 650833 done in 434s, peak RSS 443 MB
  seed 650977 done in 188s, peak RSS 442 MB
  seed 650812 done in 470s, peak RSS 442 MB
  seed 650839 done in 433s, peak RSS 441 MB
  seed 650943 done in 260s, peak RSS 442 MB
  seed 650856 done in 419s, peak RSS 442 MB
  seed 650919 done in 321s, peak RSS 440 MB
  seed 650864 done in 405s, peak RSS 441 MB
  seed 650831 done in 448s, peak RSS 441 MB
  seed 650930 done in 300s, peak RSS 442 MB
  seed 650914 done in 336s, peak RSS 441 MB
  seed 650934 done in 292s, peak RSS 442 MB
  seed 650840 done in 442s, peak RSS 442 MB
  seed 650887 done in 375s, peak RSS 442 MB
  seed 650950 done in 256s, peak RSS 442 MB
  seed 650861 done in 416s, peak RSS 442 MB
  seed 650973 done in 213s, peak RSS 443 MB
  seed 650866 done in 411s, peak RSS 441 MB
  seed 650929 done in 311s, peak RSS 441 MB
  seed 650921 done in 334s, peak RSS 441 MB
  seed 650879 done in 399s, peak RSS 442 MB
  seed 650968 done in 228s, peak RSS 442 MB
  seed 650917 done in 345s, peak RSS 441 MB
  seed 650903 done in 363s, peak RSS 440 MB
  seed 650893 done in 379s, peak RSS 440 MB
  seed 650853 done in 444s, peak RSS 443 MB
  seed 650924 done in 330s, peak RSS 441 MB
  seed 650953 done in 270s, peak RSS 440 MB
  seed 650906 done in 367s, peak RSS 443 MB
  seed 650931 done in 319s, peak RSS 441 MB
  seed 650907 done in 367s, peak RSS 441 MB
  seed 650920 done in 347s, peak RSS 442 MB
  seed 650892 done in 386s, peak RSS 441 MB
  seed 650916 done in 358s, peak RSS 442 MB
  seed 650902 done in 377s, peak RSS 442 MB
  seed 650896 done in 383s, peak RSS 443 MB
  seed 650933 done in 321s, peak RSS 443 MB
  seed 650937 done in 303s, peak RSS 442 MB
  seed 650875 done in 417s, peak RSS 441 MB
  seed 650938 done in 304s, peak RSS 441 MB
  seed 650891 done in 398s, peak RSS 442 MB
  seed 650885 done in 406s, peak RSS 441 MB
  seed 650947 done in 290s, peak RSS 440 MB
  seed 650957 done in 274s, peak RSS 443 MB
  seed 650935 done in 319s, peak RSS 442 MB
  seed 650932 done in 334s, peak RSS 441 MB
  seed 650944 done in 303s, peak RSS 443 MB
  seed 650964 done in 263s, peak RSS 443 MB
  seed 650909 done in 383s, peak RSS 443 MB
  seed 650939 done in 312s, peak RSS 443 MB
  seed 650946 done in 303s, peak RSS 443 MB
  seed 650910 done in 385s, peak RSS 441 MB
  seed 650925 done in 353s, peak RSS 443 MB
  seed 650961 done in 274s, peak RSS 443 MB
  seed 650918 done in 375s, peak RSS 442 MB
  seed 650952 done in 299s, peak RSS 442 MB
  seed 650960 done in 286s, peak RSS 442 MB
  seed 650915 done in 383s, peak RSS 441 MB
  seed 650922 done in 371s, peak RSS 442 MB
  seed 650940 done in 322s, peak RSS 443 MB
  seed 650927 done in 360s, peak RSS 441 MB
  seed 650894 done in 415s, peak RSS 442 MB
  seed 650945 done in 318s, peak RSS 441 MB
  seed 650955 done in 304s, peak RSS 441 MB
  seed 650928 done in 358s, peak RSS 441 MB
  seed 650897 done in 411s, peak RSS 442 MB
  seed 650923 done in 377s, peak RSS 442 MB
  seed 650958 done in 301s, peak RSS 442 MB
  seed 650956 done in 308s, peak RSS 441 MB
  seed 650942 done in 329s, peak RSS 443 MB
  seed 650948 done in 324s, peak RSS 442 MB
  seed 650962 done in 294s, peak RSS 442 MB
  seed 650978 done in 265s, peak RSS 442 MB
  seed 650941 done in 336s, peak RSS 441 MB
  seed 650926 done in 378s, peak RSS 443 MB
  seed 650975 done in 274s, peak RSS 442 MB
  seed 650969 done in 289s, peak RSS 442 MB
  seed 650959 done in 314s, peak RSS 442 MB
  seed 650949 done in 333s, peak RSS 442 MB
  seed 650967 done in 299s, peak RSS 442 MB
  seed 650984 done in 262s, peak RSS 442 MB
  seed 650991 done in 248s, peak RSS 443 MB
  seed 650951 done in 338s, peak RSS 441 MB
  seed 650913 done in 425s, peak RSS 441 MB
  seed 650990 done in 260s, peak RSS 442 MB
  seed 650993 done in 253s, peak RSS 441 MB
  seed 650971 done in 308s, peak RSS 443 MB
  seed 650974 done in 303s, peak RSS 442 MB
  seed 650994 done in 258s, peak RSS 442 MB
  seed 650979 done in 306s, peak RSS 441 MB
  seed 650996 done in 263s, peak RSS 442 MB
  seed 650970 done in 321s, peak RSS 442 MB
  seed 650989 done in 279s, peak RSS 441 MB
  seed 650983 done in 293s, peak RSS 441 MB
  seed 650966 done in 338s, peak RSS 442 MB
  seed 650954 done in 366s, peak RSS 440 MB
  seed 650963 done in 345s, peak RSS 442 MB
  seed 650997 done in 277s, peak RSS 441 MB
  seed 650987 done in 296s, peak RSS 441 MB
  seed 650965 done in 351s, peak RSS 442 MB
  seed 650985 done in 303s, peak RSS 442 MB
  seed 650976 done in 332s, peak RSS 442 MB
  seed 650972 done in 343s, peak RSS 440 MB
  seed 650982 done in 327s, peak RSS 442 MB
  seed 650980 done in 337s, peak RSS 444 MB
  seed 650995 done in 305s, peak RSS 441 MB
  seed 650986 done in 332s, peak RSS 443 MB
  seed 650981 done in 350s, peak RSS 441 MB
  seed 650998 done in 308s, peak RSS 442 MB
  seed 650992 done in 323s, peak RSS 441 MB
  seed 650999 done in 307s, peak RSS 440 MB
  seed 650988 done in 347s, peak RSS 442 MB
[exit 0]
