commit 3737147fd5cb12f96ee4a0e08fa5b5c025eb9c75
started 2026-10-05T22:18:15Z
== V2 smoke
SMOKE (cost only): seeds 981000-981190, levels [0.0, 1.0, 1.5], B 1000, 191 to run, 0 done
  invariant population moments ready in 3s
  seed 981152 done in 870s, peak RSS 1034 MB
  seed 981021 done in 870s, peak RSS 1034 MB
  seed 981096 done in 871s, peak RSS 1026 MB
  seed 981045 done in 874s, peak RSS 1026 MB
  seed 981144 done in 874s, peak RSS 1034 MB
  seed 981145 done in 874s, peak RSS 1034 MB
  seed 981084 done in 874s, peak RSS 1034 MB
  seed 981027 done in 874s, peak RSS 1034 MB
  seed 981054 done in 875s, peak RSS 1034 MB
  seed 981180 done in 875s, peak RSS 1034 MB
  seed 981015 done in 876s, peak RSS 1026 MB
  seed 981004 done in 876s, peak RSS 1034 MB
  seed 981157 done in 876s, peak RSS 1034 MB
  seed 981092 done in 876s, peak RSS 1034 MB
  seed 981131 done in 877s, peak RSS 1034 MB
  seed 981159 done in 877s, peak RSS 1034 MB
  seed 981044 done in 878s, peak RSS 1034 MB
  seed 981105 done in 878s, peak RSS 1034 MB
  seed 981039 done in 878s, peak RSS 1034 MB
  seed 981164 done in 878s, peak RSS 1036 MB
  seed 981118 done in 878s, peak RSS 1034 MB
  seed 981074 done in 879s, peak RSS 1034 MB
  seed 981156 done in 879s, peak RSS 1034 MB
  seed 981184 done in 879s, peak RSS 1034 MB
  seed 981005 done in 880s, peak RSS 1034 MB
  seed 981140 done in 880s, peak RSS 1026 MB
  seed 981013 done in 881s, peak RSS 1034 MB
  seed 981166 done in 881s, peak RSS 1034 MB
  seed 981099 done in 881s, peak RSS 1034 MB
  seed 981010 done in 884s, peak RSS 1034 MB
  seed 981030 done in 885s, peak RSS 1034 MB
  seed 981059 done in 884s, peak RSS 1034 MB
  seed 981106 done in 885s, peak RSS 1034 MB
  seed 981154 done in 884s, peak RSS 1034 MB
  seed 981018 done in 886s, peak RSS 1037 MB
  seed 981071 done in 887s, peak RSS 1023 MB
  seed 981107 done in 888s, peak RSS 1034 MB
  seed 981109 done in 888s, peak RSS 1034 MB
  seed 981069 done in 888s, peak RSS 1034 MB
  seed 981117 done in 888s, peak RSS 1034 MB
  seed 981160 done in 888s, peak RSS 1034 MB
  seed 981147 done in 888s, peak RSS 1034 MB
  seed 981111 done in 889s, peak RSS 1036 MB
  seed 981113 done in 889s, peak RSS 1026 MB
  seed 981093 done in 890s, peak RSS 1034 MB
  seed 981085 done in 890s, peak RSS 1034 MB
  seed 981009 done in 891s, peak RSS 1026 MB
  seed 981058 done in 891s, peak RSS 1026 MB
  seed 981171 done in 892s, peak RSS 1034 MB
  seed 981026 done in 892s, peak RSS 1034 MB
  seed 981126 done in 893s, peak RSS 1026 MB
  seed 981066 done in 893s, peak RSS 1034 MB
  seed 981041 done in 893s, peak RSS 1034 MB
  seed 981138 done in 893s, peak RSS 1026 MB
  seed 981178 done in 894s, peak RSS 1034 MB
  seed 981024 done in 894s, peak RSS 1034 MB
  seed 981170 done in 894s, peak RSS 1026 MB
  seed 981056 done in 894s, peak RSS 1034 MB
  seed 981182 done in 895s, peak RSS 1034 MB
  seed 981007 done in 895s, peak RSS 1034 MB
  seed 981000 done in 895s, peak RSS 1034 MB
  seed 981128 done in 895s, peak RSS 1034 MB
  seed 981125 done in 895s, peak RSS 1034 MB
  seed 981034 done in 895s, peak RSS 1035 MB
  seed 981006 done in 896s, peak RSS 1034 MB
  seed 981115 done in 895s, peak RSS 1034 MB
  seed 981186 done in 895s, peak RSS 1033 MB
  seed 981187 done in 896s, peak RSS 1034 MB
  seed 981008 done in 896s, peak RSS 1034 MB
  seed 981124 done in 896s, peak RSS 1034 MB
  seed 981046 done in 896s, peak RSS 1034 MB
  seed 981086 done in 896s, peak RSS 1034 MB
  seed 981001 done in 896s, peak RSS 1034 MB
  seed 981064 done in 896s, peak RSS 1027 MB
  seed 981052 done in 896s, peak RSS 1034 MB
  seed 981048 done in 897s, peak RSS 1034 MB
  seed 981040 done in 897s, peak RSS 1034 MB
  seed 981134 done in 897s, peak RSS 1034 MB
  seed 981119 done in 897s, peak RSS 1034 MB
  seed 981076 done in 897s, peak RSS 1034 MB
  seed 981083 done in 898s, peak RSS 1034 MB
  seed 981047 done in 898s, peak RSS 1034 MB
  seed 981094 done in 898s, peak RSS 1033 MB
  seed 981057 done in 898s, peak RSS 1023 MB
  seed 981143 done in 898s, peak RSS 1034 MB
  seed 981172 done in 898s, peak RSS 1034 MB
  seed 981183 done in 898s, peak RSS 1034 MB
  seed 981087 done in 898s, peak RSS 1034 MB
  seed 981177 done in 898s, peak RSS 1034 MB
  seed 981135 done in 898s, peak RSS 1034 MB
  seed 981165 done in 898s, peak RSS 1034 MB
  seed 981176 done in 899s, peak RSS 1034 MB
  seed 981053 done in 899s, peak RSS 1034 MB
  seed 981016 done in 899s, peak RSS 1034 MB
  seed 981020 done in 900s, peak RSS 1034 MB
  seed 981075 done in 900s, peak RSS 1034 MB
  seed 981175 done in 899s, peak RSS 1034 MB
  seed 981060 done in 900s, peak RSS 1023 MB
  seed 981121 done in 900s, peak RSS 1034 MB
  seed 981133 done in 900s, peak RSS 1034 MB
  seed 981055 done in 900s, peak RSS 1034 MB
  seed 981068 done in 900s, peak RSS 1034 MB
  seed 981080 done in 900s, peak RSS 1034 MB
  seed 981168 done in 900s, peak RSS 1034 MB
  seed 981061 done in 901s, peak RSS 1034 MB
  seed 981077 done in 901s, peak RSS 1034 MB
  seed 981003 done in 901s, peak RSS 1034 MB
  seed 981101 done in 901s, peak RSS 1034 MB
  seed 981102 done in 901s, peak RSS 1034 MB
  seed 981130 done in 902s, peak RSS 1034 MB
  seed 981120 done in 902s, peak RSS 1034 MB
  seed 981127 done in 902s, peak RSS 1034 MB
  seed 981123 done in 902s, peak RSS 1034 MB
  seed 981011 done in 903s, peak RSS 1034 MB
  seed 981049 done in 903s, peak RSS 1034 MB
  seed 981129 done in 904s, peak RSS 1034 MB
  seed 981012 done in 904s, peak RSS 1034 MB
  seed 981032 done in 904s, peak RSS 1034 MB
  seed 981095 done in 905s, peak RSS 1034 MB
  seed 981098 done in 905s, peak RSS 1034 MB
  seed 981091 done in 905s, peak RSS 1034 MB
  seed 981002 done in 906s, peak RSS 1034 MB
  seed 981190 done in 906s, peak RSS 1034 MB
  seed 981185 done in 906s, peak RSS 1034 MB
  seed 981023 done in 907s, peak RSS 1034 MB
  seed 981033 done in 907s, peak RSS 1034 MB
  seed 981188 done in 907s, peak RSS 1033 MB
  seed 981072 done in 908s, peak RSS 1034 MB
  seed 981174 done in 908s, peak RSS 1034 MB
  seed 981031 done in 908s, peak RSS 1034 MB
  seed 981070 done in 909s, peak RSS 1034 MB
  seed 981112 done in 909s, peak RSS 1034 MB
  seed 981142 done in 909s, peak RSS 1034 MB
  seed 981090 done in 910s, peak RSS 1034 MB
  seed 981104 done in 910s, peak RSS 1034 MB
  seed 981062 done in 911s, peak RSS 1023 MB
  seed 981081 done in 911s, peak RSS 1023 MB
  seed 981137 done in 911s, peak RSS 1026 MB
  seed 981148 done in 912s, peak RSS 1034 MB
  seed 981163 done in 912s, peak RSS 1026 MB
  seed 981028 done in 912s, peak RSS 1034 MB
  seed 981100 done in 912s, peak RSS 1034 MB
  seed 981078 done in 913s, peak RSS 1034 MB
  seed 981122 done in 913s, peak RSS 1034 MB
  seed 981038 done in 913s, peak RSS 1034 MB
  seed 981151 done in 913s, peak RSS 1034 MB
  seed 981022 done in 913s, peak RSS 1034 MB
  seed 981132 done in 913s, peak RSS 1034 MB
  seed 981103 done in 914s, peak RSS 1034 MB
  seed 981067 done in 914s, peak RSS 1034 MB
  seed 981073 done in 915s, peak RSS 1034 MB
  seed 981161 done in 915s, peak RSS 1034 MB
  seed 981139 done in 915s, peak RSS 1034 MB
  seed 981181 done in 915s, peak RSS 1026 MB
  seed 981050 done in 915s, peak RSS 1034 MB
  seed 981089 done in 915s, peak RSS 1034 MB
  seed 981019 done in 916s, peak RSS 1033 MB
  seed 981167 done in 916s, peak RSS 1034 MB
  seed 981051 done in 917s, peak RSS 1034 MB
  seed 981116 done in 917s, peak RSS 1034 MB
  seed 981025 done in 917s, peak RSS 1034 MB
  seed 981136 done in 918s, peak RSS 1034 MB
  seed 981017 done in 918s, peak RSS 1034 MB
  seed 981108 done in 918s, peak RSS 1034 MB
  seed 981149 done in 918s, peak RSS 1034 MB
  seed 981114 done in 918s, peak RSS 1034 MB
  seed 981162 done in 918s, peak RSS 1034 MB
  seed 981082 done in 918s, peak RSS 1034 MB
  seed 981014 done in 919s, peak RSS 1034 MB
  seed 981141 done in 919s, peak RSS 1034 MB
  seed 981153 done in 919s, peak RSS 1034 MB
  seed 981150 done in 919s, peak RSS 1034 MB
  seed 981037 done in 920s, peak RSS 1034 MB
  seed 981097 done in 920s, peak RSS 1034 MB
  seed 981173 done in 920s, peak RSS 1034 MB
  seed 981079 done in 921s, peak RSS 1023 MB
  seed 981158 done in 921s, peak RSS 1035 MB
  seed 981155 done in 922s, peak RSS 1034 MB
  seed 981042 done in 922s, peak RSS 1034 MB
  seed 981088 done in 922s, peak RSS 1023 MB
  seed 981146 done in 922s, peak RSS 1034 MB
  seed 981035 done in 923s, peak RSS 1034 MB
  seed 981029 done in 923s, peak RSS 1034 MB
  seed 981169 done in 923s, peak RSS 1034 MB
  seed 981063 done in 924s, peak RSS 1034 MB
  seed 981179 done in 924s, peak RSS 1034 MB
  seed 981036 done in 925s, peak RSS 1033 MB
  seed 981065 done in 926s, peak RSS 1034 MB
  seed 981110 done in 926s, peak RSS 1035 MB
  seed 981189 done in 932s, peak RSS 1034 MB
  seed 981043 done in 934s, peak RSS 1035 MB

confidence cell (V2) — SMOKE, cost only (no rule quantity is written or shown)
==============================================================================
  panels 191, levels [0.0, 1.0, 1.5], B 1000, workers 191, wall 939s
  per seed: wall mean 900s  median 900s  max 934s; peak RSS max 1037 MB
  projection for 1000 seeds on 191 workers: 1.31 h (mean throughput) to 1.56 h (upper) -> $13 to $15 at $9.85/h
== p-rank smoke
SMOKE (cost only): seeds 985000-985190, levels [0.0, 1.5], K 19 x 2, B 1000, 191 to run
  power at start: n/a (not macOS)
  seed 985148 done in 3451s, peak RSS 2278 MB
  seed 985127 done in 3499s, peak RSS 2279 MB
  seed 985055 done in 3510s, peak RSS 2278 MB
  seed 985045 done in 3512s, peak RSS 2278 MB
  seed 985035 done in 3519s, peak RSS 2280 MB
  seed 985076 done in 3520s, peak RSS 2279 MB
  seed 985073 done in 3520s, peak RSS 2277 MB
  seed 985139 done in 3524s, peak RSS 2278 MB
  seed 985053 done in 3527s, peak RSS 2277 MB
  seed 985044 done in 3533s, peak RSS 2280 MB
  seed 985175 done in 3536s, peak RSS 2279 MB
  seed 985149 done in 3537s, peak RSS 2278 MB
  seed 985151 done in 3540s, peak RSS 2279 MB
  seed 985059 done in 3541s, peak RSS 2278 MB
  seed 985184 done in 3541s, peak RSS 2279 MB
  seed 985182 done in 3550s, peak RSS 2278 MB
  seed 985082 done in 3552s, peak RSS 2277 MB
  seed 985187 done in 3552s, peak RSS 2279 MB
  seed 985137 done in 3555s, peak RSS 2279 MB
  seed 985098 done in 3555s, peak RSS 2278 MB
  seed 985022 done in 3557s, peak RSS 2279 MB
  seed 985179 done in 3561s, peak RSS 2278 MB
  seed 985181 done in 3561s, peak RSS 2278 MB
  seed 985150 done in 3563s, peak RSS 2278 MB
  seed 985020 done in 3567s, peak RSS 2278 MB
  seed 985067 done in 3568s, peak RSS 2278 MB
  seed 985031 done in 3569s, peak RSS 2280 MB
  seed 985081 done in 3570s, peak RSS 2278 MB
  seed 985102 done in 3570s, peak RSS 2279 MB
  seed 985030 done in 3571s, peak RSS 2280 MB
  seed 985111 done in 3572s, peak RSS 2278 MB
  seed 985012 done in 3575s, peak RSS 2281 MB
  seed 985090 done in 3576s, peak RSS 2278 MB
  seed 985032 done in 3581s, peak RSS 2280 MB
  seed 985077 done in 3581s, peak RSS 2278 MB
  seed 985034 done in 3583s, peak RSS 2278 MB
  seed 985010 done in 3583s, peak RSS 2280 MB
  seed 985066 done in 3584s, peak RSS 2279 MB
  seed 985068 done in 3584s, peak RSS 2278 MB
  seed 985167 done in 3586s, peak RSS 2278 MB
  seed 985164 done in 3589s, peak RSS 2278 MB
  seed 985178 done in 3589s, peak RSS 2278 MB
  seed 985168 done in 3590s, peak RSS 2276 MB
  seed 985011 done in 3591s, peak RSS 2280 MB
  seed 985071 done in 3592s, peak RSS 2278 MB
  seed 985024 done in 3592s, peak RSS 2278 MB
  seed 985144 done in 3594s, peak RSS 2277 MB
  seed 985119 done in 3594s, peak RSS 2278 MB
  seed 985050 done in 3595s, peak RSS 2279 MB
  seed 985091 done in 3596s, peak RSS 2279 MB
  seed 985000 done in 3597s, peak RSS 2280 MB
  seed 985128 done in 3597s, peak RSS 2278 MB
  seed 985159 done in 3598s, peak RSS 2278 MB
  seed 985078 done in 3599s, peak RSS 2277 MB
  seed 985115 done in 3602s, peak RSS 2278 MB
  seed 985029 done in 3603s, peak RSS 2281 MB
  seed 985101 done in 3603s, peak RSS 2278 MB
  seed 985146 done in 3605s, peak RSS 2279 MB
  seed 985155 done in 3605s, peak RSS 2278 MB
  seed 985069 done in 3608s, peak RSS 2278 MB
  seed 985002 done in 3610s, peak RSS 2277 MB
  seed 985170 done in 3609s, peak RSS 2279 MB
  seed 985039 done in 3610s, peak RSS 2279 MB
  seed 985025 done in 3611s, peak RSS 2280 MB
  seed 985135 done in 3611s, peak RSS 2278 MB
  seed 985158 done in 3612s, peak RSS 2278 MB
  seed 985157 done in 3612s, peak RSS 2278 MB
  seed 985160 done in 3614s, peak RSS 2279 MB
  seed 985033 done in 3616s, peak RSS 2281 MB
  seed 985046 done in 3616s, peak RSS 2279 MB
  seed 985047 done in 3619s, peak RSS 2277 MB
  seed 985112 done in 3622s, peak RSS 2276 MB
  seed 985013 done in 3623s, peak RSS 2280 MB
  seed 985186 done in 3623s, peak RSS 2278 MB
  seed 985023 done in 3624s, peak RSS 2278 MB
  seed 985054 done in 3626s, peak RSS 2277 MB
  seed 985001 done in 3626s, peak RSS 2278 MB
  seed 985166 done in 3626s, peak RSS 2278 MB
  seed 985105 done in 3628s, peak RSS 2278 MB
  seed 985018 done in 3630s, peak RSS 2280 MB
  seed 985004 done in 3631s, peak RSS 2277 MB
  seed 985189 done in 3632s, peak RSS 2279 MB
  seed 985114 done in 3633s, peak RSS 2276 MB
  seed 985123 done in 3633s, peak RSS 2278 MB
  seed 985136 done in 3636s, peak RSS 2278 MB
  seed 985057 done in 3637s, peak RSS 2278 MB
  seed 985060 done in 3638s, peak RSS 2278 MB
  seed 985171 done in 3638s, peak RSS 2278 MB
  seed 985014 done in 3638s, peak RSS 2280 MB
  seed 985097 done in 3638s, peak RSS 2278 MB
  seed 985061 done in 3638s, peak RSS 2278 MB
  seed 985118 done in 3639s, peak RSS 2278 MB
  seed 985141 done in 3639s, peak RSS 2277 MB
  seed 985100 done in 3639s, peak RSS 2278 MB
  seed 985104 done in 3640s, peak RSS 2278 MB
  seed 985065 done in 3640s, peak RSS 2278 MB
  seed 985180 done in 3640s, peak RSS 2279 MB
  seed 985086 done in 3641s, peak RSS 2278 MB
  seed 985153 done in 3642s, peak RSS 2278 MB
  seed 985041 done in 3642s, peak RSS 2279 MB
  seed 985084 done in 3643s, peak RSS 2278 MB
  seed 985190 done in 3643s, peak RSS 2277 MB
  seed 985121 done in 3643s, peak RSS 2278 MB
  seed 985026 done in 3644s, peak RSS 2278 MB
  seed 985129 done in 3645s, peak RSS 2278 MB
  seed 985174 done in 3645s, peak RSS 2279 MB
  seed 985075 done in 3646s, peak RSS 2277 MB
  seed 985003 done in 3648s, peak RSS 2280 MB
  seed 985169 done in 3647s, peak RSS 2279 MB
  seed 985083 done in 3648s, peak RSS 2277 MB
  seed 985145 done in 3648s, peak RSS 2278 MB
  seed 985079 done in 3649s, peak RSS 2278 MB
  seed 985021 done in 3650s, peak RSS 2279 MB
  seed 985124 done in 3650s, peak RSS 2278 MB
  seed 985088 done in 3650s, peak RSS 2278 MB
  seed 985056 done in 3652s, peak RSS 2277 MB
  seed 985093 done in 3654s, peak RSS 2277 MB
  seed 985027 done in 3654s, peak RSS 2280 MB
  seed 985064 done in 3654s, peak RSS 2278 MB
  seed 985131 done in 3655s, peak RSS 2276 MB
  seed 985089 done in 3655s, peak RSS 2278 MB
  seed 985143 done in 3656s, peak RSS 2278 MB
  seed 985062 done in 3656s, peak RSS 2278 MB
  seed 985110 done in 3656s, peak RSS 2276 MB
  seed 985096 done in 3656s, peak RSS 2279 MB
  seed 985048 done in 3656s, peak RSS 2278 MB
  seed 985094 done in 3656s, peak RSS 2278 MB
  seed 985154 done in 3656s, peak RSS 2278 MB
  seed 985019 done in 3657s, peak RSS 2278 MB
  seed 985036 done in 3660s, peak RSS 2278 MB
  seed 985122 done in 3660s, peak RSS 2277 MB
  seed 985038 done in 3662s, peak RSS 2280 MB
  seed 985043 done in 3662s, peak RSS 2280 MB
  seed 985008 done in 3663s, peak RSS 2278 MB
  seed 985052 done in 3663s, peak RSS 2276 MB
  seed 985126 done in 3663s, peak RSS 2278 MB
  seed 985005 done in 3664s, peak RSS 2280 MB
  seed 985108 done in 3664s, peak RSS 2278 MB
  seed 985037 done in 3666s, peak RSS 2280 MB
  seed 985138 done in 3666s, peak RSS 2277 MB
  seed 985063 done in 3667s, peak RSS 2278 MB
  seed 985147 done in 3669s, peak RSS 2278 MB
  seed 985165 done in 3669s, peak RSS 2278 MB
  seed 985042 done in 3670s, peak RSS 2278 MB
  seed 985152 done in 3671s, peak RSS 2278 MB
  seed 985134 done in 3671s, peak RSS 2277 MB
  seed 985009 done in 3675s, peak RSS 2279 MB
  seed 985130 done in 3675s, peak RSS 2277 MB
  seed 985142 done in 3675s, peak RSS 2278 MB
  seed 985161 done in 3676s, peak RSS 2278 MB
  seed 985058 done in 3676s, peak RSS 2278 MB
  seed 985113 done in 3677s, peak RSS 2278 MB
  seed 985007 done in 3678s, peak RSS 2279 MB
  seed 985017 done in 3678s, peak RSS 2280 MB
  seed 985006 done in 3679s, peak RSS 2278 MB
  seed 985015 done in 3680s, peak RSS 2280 MB
  seed 985172 done in 3680s, peak RSS 2278 MB
  seed 985085 done in 3680s, peak RSS 2278 MB
  seed 985140 done in 3681s, peak RSS 2277 MB
  seed 985163 done in 3684s, peak RSS 2279 MB
  seed 985074 done in 3685s, peak RSS 2278 MB
  seed 985162 done in 3686s, peak RSS 2278 MB
  seed 985116 done in 3691s, peak RSS 2279 MB
  seed 985080 done in 3692s, peak RSS 2278 MB
  seed 985109 done in 3692s, peak RSS 2278 MB
  seed 985125 done in 3693s, peak RSS 2278 MB
  seed 985049 done in 3694s, peak RSS 2278 MB
  seed 985176 done in 3694s, peak RSS 2278 MB
  seed 985092 done in 3695s, peak RSS 2278 MB
  seed 985120 done in 3699s, peak RSS 2276 MB
  seed 985087 done in 3700s, peak RSS 2278 MB
  seed 985040 done in 3700s, peak RSS 2276 MB
  seed 985103 done in 3701s, peak RSS 2278 MB
  seed 985183 done in 3701s, peak RSS 2278 MB
  seed 985106 done in 3705s, peak RSS 2277 MB
  seed 985095 done in 3705s, peak RSS 2278 MB
  seed 985099 done in 3707s, peak RSS 2278 MB
  seed 985173 done in 3707s, peak RSS 2279 MB
  seed 985072 done in 3708s, peak RSS 2278 MB
  seed 985028 done in 3711s, peak RSS 2281 MB
  seed 985133 done in 3714s, peak RSS 2278 MB
  seed 985185 done in 3721s, peak RSS 2277 MB
  seed 985117 done in 3721s, peak RSS 2278 MB
  seed 985132 done in 3721s, peak RSS 2277 MB
  seed 985016 done in 3722s, peak RSS 2280 MB
  seed 985107 done in 3725s, peak RSS 2276 MB
  seed 985156 done in 3728s, peak RSS 2278 MB
  seed 985188 done in 3771s, peak RSS 2280 MB
  seed 985177 done in 3779s, peak RSS 2278 MB
  seed 985051 done in 3781s, peak RSS 2277 MB
  seed 985070 done in 3789s, peak RSS 2277 MB

scripted twin cell (prank) — SMOKE, cost only (no rule quantity is written or shown)
==============================================================================
  panels 191 (seeds 985000-985190), 2 levels, 39 return matrices per level, B 1000, workers 191, wall 3794s
  per seed (both levels): wall mean 3633s median 3640s max 3789s; CPU mean 3620s median 3626s max 3710s
  wall/CPU ratio max 1.05 (well above 1 means the machine slept or was contended during that seed)
  per level, by stage (median s): generate 0.3, class_pass 1812.8, searchers 2.5
  peak RSS per worker: max 2281 MB
  throughput: 181.2 panels per hour wall (191 workers, this machine)
  power: at start n/a (not macOS); at end n/a (not macOS)
== smokes done 2026-10-05T23:37:14Z; waiting up to 120 min for ~/go_v2, ~/go_prank or ~/go_none
