/home/ubuntu/observable-garden/learn2/blocks.py:23: RuntimeWarning: Mean of empty slice
  mu = np.nanmean(x, axis=1, keepdims=True)
/home/ubuntu/observable-garden/.venv/lib/python3.14/site-packages/numpy/lib/_nanfunctions_impl.py:1997: RuntimeWarning: Degrees of freedom <= 0 for slice.
  var = nanvar(a, axis=axis, dtype=dtype, out=out, ddof=ddof,
/home/ubuntu/observable-garden/learn2/blocks.py:23: RuntimeWarning: Mean of empty slice
  mu = np.nanmean(x, axis=1, keepdims=True)
/home/ubuntu/observable-garden/.venv/lib/python3.14/site-packages/numpy/lib/_nanfunctions_impl.py:1997: RuntimeWarning: Degrees of freedom <= 0 for slice.
  var = nanvar(a, axis=axis, dtype=dtype, out=out, ddof=ddof,
/home/ubuntu/observable-garden/learn2/blocks.py:23: RuntimeWarning: Mean of empty slice
  mu = np.nanmean(x, axis=1, keepdims=True)
/home/ubuntu/observable-garden/.venv/lib/python3.14/site-packages/numpy/lib/_nanfunctions_impl.py:1997: RuntimeWarning: Degrees of freedom <= 0 for slice.
  var = nanvar(a, axis=axis, dtype=dtype, out=out, ddof=ddof,
/home/ubuntu/observable-garden/learn2/blocks.py:23: RuntimeWarning: Mean of empty slice
  mu = np.nanmean(x, axis=1, keepdims=True)
/home/ubuntu/observable-garden/.venv/lib/python3.14/site-packages/numpy/lib/_nanfunctions_impl.py:1997: RuntimeWarning: Degrees of freedom <= 0 for slice.
  var = nanvar(a, axis=axis, dtype=dtype, out=out, ddof=ddof,
/home/ubuntu/observable-garden/learn2/blocks.py:23: RuntimeWarning: Mean of empty slice
  mu = np.nanmean(x, axis=1, keepdims=True)
/home/ubuntu/observable-garden/.venv/lib/python3.14/site-packages/numpy/lib/_nanfunctions_impl.py:1997: RuntimeWarning: Degrees of freedom <= 0 for slice.
  var = nanvar(a, axis=axis, dtype=dtype, out=out, ddof=ddof,
/home/ubuntu/observable-garden/learn2/blocks.py:23: RuntimeWarning: Mean of empty slice
  mu = np.nanmean(x, axis=1, keepdims=True)
/home/ubuntu/observable-garden/.venv/lib/python3.14/site-packages/numpy/lib/_nanfunctions_impl.py:1997: RuntimeWarning: Degrees of freedom <= 0 for slice.
  var = nanvar(a, axis=axis, dtype=dtype, out=out, ddof=ddof,
/home/ubuntu/observable-garden/learn2/blocks.py:23: RuntimeWarning: Mean of empty slice
  mu = np.nanmean(x, axis=1, keepdims=True)
/home/ubuntu/observable-garden/.venv/lib/python3.14/site-packages/numpy/lib/_nanfunctions_impl.py:1997: RuntimeWarning: Degrees of freedom <= 0 for slice.
  var = nanvar(a, axis=axis, dtype=dtype, out=out, ddof=ddof,
/home/ubuntu/observable-garden/learn2/blocks.py:23: RuntimeWarning: Mean of empty slice
  mu = np.nanmean(x, axis=1, keepdims=True)
/home/ubuntu/observable-garden/.venv/lib/python3.14/site-packages/numpy/lib/_nanfunctions_impl.py:1997: RuntimeWarning: Degrees of freedom <= 0 for slice.
  var = nanvar(a, axis=axis, dtype=dtype, out=out, ddof=ddof,
/home/ubuntu/observable-garden/learn2/blocks.py:23: RuntimeWarning: Mean of empty slice
  mu = np.nanmean(x, axis=1, keepdims=True)
/home/ubuntu/observable-garden/.venv/lib/python3.14/site-packages/numpy/lib/_nanfunctions_impl.py:1997: RuntimeWarning: Degrees of freedom <= 0 for slice.
  var = nanvar(a, axis=axis, dtype=dtype, out=out, ddof=ddof,
/home/ubuntu/observable-garden/learn2/blocks.py:23: RuntimeWarning: Mean of empty slice
  mu = np.nanmean(x, axis=1, keepdims=True)
/home/ubuntu/observable-garden/.venv/lib/python3.14/site-packages/numpy/lib/_nanfunctions_impl.py:1997: RuntimeWarning: Degrees of freedom <= 0 for slice.
  var = nanvar(a, axis=axis, dtype=dtype, out=out, ddof=ddof,
/home/ubuntu/observable-garden/learn2/blocks.py:23: RuntimeWarning: Mean of empty slice
  mu = np.nanmean(x, axis=1, keepdims=True)
/home/ubuntu/observable-garden/.venv/lib/python3.14/site-packages/numpy/lib/_nanfunctions_impl.py:1997: RuntimeWarning: Degrees of freedom <= 0 for slice.
  var = nanvar(a, axis=axis, dtype=dtype, out=out, ddof=ddof,
/home/ubuntu/observable-garden/learn2/blocks.py:23: RuntimeWarning: Mean of empty slice
  mu = np.nanmean(x, axis=1, keepdims=True)
/home/ubuntu/observable-garden/.venv/lib/python3.14/site-packages/numpy/lib/_nanfunctions_impl.py:1997: RuntimeWarning: Degrees of freedom <= 0 for slice.
  var = nanvar(a, axis=axis, dtype=dtype, out=out, ddof=ddof,
/home/ubuntu/observable-garden/learn2/blocks.py:23: RuntimeWarning: Mean of empty slice
  mu = np.nanmean(x, axis=1, keepdims=True)
/home/ubuntu/observable-garden/.venv/lib/python3.14/site-packages/numpy/lib/_nanfunctions_impl.py:1997: RuntimeWarning: Degrees of freedom <= 0 for slice.
  var = nanvar(a, axis=axis, dtype=dtype, out=out, ddof=ddof,
/home/ubuntu/observable-garden/learn2/blocks.py:23: RuntimeWarning: Mean of empty slice
  mu = np.nanmean(x, axis=1, keepdims=True)
/home/ubuntu/observable-garden/.venv/lib/python3.14/site-packages/numpy/lib/_nanfunctions_impl.py:1997: RuntimeWarning: Degrees of freedom <= 0 for slice.
  var = nanvar(a, axis=axis, dtype=dtype, out=out, ddof=ddof,
/home/ubuntu/observable-garden/learn2/blocks.py:23: RuntimeWarning: Mean of empty slice
  mu = np.nanmean(x, axis=1, keepdims=True)
/home/ubuntu/observable-garden/.venv/lib/python3.14/site-packages/numpy/lib/_nanfunctions_impl.py:1997: RuntimeWarning: Degrees of freedom <= 0 for slice.
  var = nanvar(a, axis=axis, dtype=dtype, out=out, ddof=ddof,
/home/ubuntu/observable-garden/learn2/blocks.py:23: RuntimeWarning: Mean of empty slice
  mu = np.nanmean(x, axis=1, keepdims=True)
/home/ubuntu/observable-garden/.venv/lib/python3.14/site-packages/numpy/lib/_nanfunctions_impl.py:1997: RuntimeWarning: Degrees of freedom <= 0 for slice.
  var = nanvar(a, axis=axis, dtype=dtype, out=out, ddof=ddof,
/home/ubuntu/observable-garden/learn2/blocks.py:23: RuntimeWarning: Mean of empty slice
  mu = np.nanmean(x, axis=1, keepdims=True)
/home/ubuntu/observable-garden/.venv/lib/python3.14/site-packages/numpy/lib/_nanfunctions_impl.py:1997: RuntimeWarning: Degrees of freedom <= 0 for slice.
  var = nanvar(a, axis=axis, dtype=dtype, out=out, ddof=ddof,
/home/ubuntu/observable-garden/learn2/blocks.py:23: RuntimeWarning: Mean of empty slice
  mu = np.nanmean(x, axis=1, keepdims=True)
/home/ubuntu/observable-garden/.venv/lib/python3.14/site-packages/numpy/lib/_nanfunctions_impl.py:1997: RuntimeWarning: Degrees of freedom <= 0 for slice.
  var = nanvar(a, axis=axis, dtype=dtype, out=out, ddof=ddof,
/home/ubuntu/observable-garden/learn2/blocks.py:23: RuntimeWarning: Mean of empty slice
  mu = np.nanmean(x, axis=1, keepdims=True)
/home/ubuntu/observable-garden/.venv/lib/python3.14/site-packages/numpy/lib/_nanfunctions_impl.py:1997: RuntimeWarning: Degrees of freedom <= 0 for slice.
  var = nanvar(a, axis=axis, dtype=dtype, out=out, ddof=ddof,
/home/ubuntu/observable-garden/learn2/blocks.py:23: RuntimeWarning: Mean of empty slice
  mu = np.nanmean(x, axis=1, keepdims=True)
/home/ubuntu/observable-garden/.venv/lib/python3.14/site-packages/numpy/lib/_nanfunctions_impl.py:1997: RuntimeWarning: Degrees of freedom <= 0 for slice.
  var = nanvar(a, axis=axis, dtype=dtype, out=out, ddof=ddof,
/home/ubuntu/observable-garden/learn2/blocks.py:23: RuntimeWarning: Mean of empty slice
  mu = np.nanmean(x, axis=1, keepdims=True)
/home/ubuntu/observable-garden/.venv/lib/python3.14/site-packages/numpy/lib/_nanfunctions_impl.py:1997: RuntimeWarning: Degrees of freedom <= 0 for slice.
  var = nanvar(a, axis=axis, dtype=dtype, out=out, ddof=ddof,
/home/ubuntu/observable-garden/learn2/blocks.py:23: RuntimeWarning: Mean of empty slice
  mu = np.nanmean(x, axis=1, keepdims=True)
/home/ubuntu/observable-garden/.venv/lib/python3.14/site-packages/numpy/lib/_nanfunctions_impl.py:1997: RuntimeWarning: Degrees of freedom <= 0 for slice.
  var = nanvar(a, axis=axis, dtype=dtype, out=out, ddof=ddof,
/home/ubuntu/observable-garden/learn2/blocks.py:23: RuntimeWarning: Mean of empty slice
  mu = np.nanmean(x, axis=1, keepdims=True)
/home/ubuntu/observable-garden/.venv/lib/python3.14/site-packages/numpy/lib/_nanfunctions_impl.py:1997: RuntimeWarning: Degrees of freedom <= 0 for slice.
  var = nanvar(a, axis=axis, dtype=dtype, out=out, ddof=ddof,
/home/ubuntu/observable-garden/learn2/blocks.py:23: RuntimeWarning: Mean of empty slice
  mu = np.nanmean(x, axis=1, keepdims=True)
/home/ubuntu/observable-garden/.venv/lib/python3.14/site-packages/numpy/lib/_nanfunctions_impl.py:1997: RuntimeWarning: Degrees of freedom <= 0 for slice.
  var = nanvar(a, axis=axis, dtype=dtype, out=out, ddof=ddof,
/home/ubuntu/observable-garden/learn2/blocks.py:23: RuntimeWarning: Mean of empty slice
  mu = np.nanmean(x, axis=1, keepdims=True)
/home/ubuntu/observable-garden/.venv/lib/python3.14/site-packages/numpy/lib/_nanfunctions_impl.py:1997: RuntimeWarning: Degrees of freedom <= 0 for slice.
  var = nanvar(a, axis=axis, dtype=dtype, out=out, ddof=ddof,
/home/ubuntu/observable-garden/learn2/blocks.py:23: RuntimeWarning: Mean of empty slice
  mu = np.nanmean(x, axis=1, keepdims=True)
/home/ubuntu/observable-garden/.venv/lib/python3.14/site-packages/numpy/lib/_nanfunctions_impl.py:1997: RuntimeWarning: Degrees of freedom <= 0 for slice.
  var = nanvar(a, axis=axis, dtype=dtype, out=out, ddof=ddof,
/home/ubuntu/observable-garden/learn2/blocks.py:23: RuntimeWarning: Mean of empty slice
  mu = np.nanmean(x, axis=1, keepdims=True)
/home/ubuntu/observable-garden/.venv/lib/python3.14/site-packages/numpy/lib/_nanfunctions_impl.py:1997: RuntimeWarning: Degrees of freedom <= 0 for slice.
  var = nanvar(a, axis=axis, dtype=dtype, out=out, ddof=ddof,
/home/ubuntu/observable-garden/learn2/blocks.py:23: RuntimeWarning: Mean of empty slice
  mu = np.nanmean(x, axis=1, keepdims=True)
/home/ubuntu/observable-garden/.venv/lib/python3.14/site-packages/numpy/lib/_nanfunctions_impl.py:1997: RuntimeWarning: Degrees of freedom <= 0 for slice.
  var = nanvar(a, axis=axis, dtype=dtype, out=out, ddof=ddof,
/home/ubuntu/observable-garden/learn2/blocks.py:23: RuntimeWarning: Mean of empty slice
  mu = np.nanmean(x, axis=1, keepdims=True)
/home/ubuntu/observable-garden/.venv/lib/python3.14/site-packages/numpy/lib/_nanfunctions_impl.py:1997: RuntimeWarning: Degrees of freedom <= 0 for slice.
  var = nanvar(a, axis=axis, dtype=dtype, out=out, ddof=ddof,
/home/ubuntu/observable-garden/learn2/blocks.py:23: RuntimeWarning: Mean of empty slice
  mu = np.nanmean(x, axis=1, keepdims=True)
/home/ubuntu/observable-garden/learn2/blocks.py:23: RuntimeWarning: Mean of empty slice
  mu = np.nanmean(x, axis=1, keepdims=True)
/home/ubuntu/observable-garden/.venv/lib/python3.14/site-packages/numpy/lib/_nanfunctions_impl.py:1997: RuntimeWarning: Degrees of freedom <= 0 for slice.
  var = nanvar(a, axis=axis, dtype=dtype, out=out, ddof=ddof,
/home/ubuntu/observable-garden/.venv/lib/python3.14/site-packages/numpy/lib/_nanfunctions_impl.py:1997: RuntimeWarning: Degrees of freedom <= 0 for slice.
  var = nanvar(a, axis=axis, dtype=dtype, out=out, ddof=ddof,
/home/ubuntu/observable-garden/learn2/blocks.py:23: RuntimeWarning: Mean of empty slice
  mu = np.nanmean(x, axis=1, keepdims=True)
/home/ubuntu/observable-garden/.venv/lib/python3.14/site-packages/numpy/lib/_nanfunctions_impl.py:1997: RuntimeWarning: Degrees of freedom <= 0 for slice.
  var = nanvar(a, axis=axis, dtype=dtype, out=out, ddof=ddof,
/home/ubuntu/observable-garden/learn2/blocks.py:23: RuntimeWarning: Mean of empty slice
  mu = np.nanmean(x, axis=1, keepdims=True)
/home/ubuntu/observable-garden/.venv/lib/python3.14/site-packages/numpy/lib/_nanfunctions_impl.py:1997: RuntimeWarning: Degrees of freedom <= 0 for slice.
  var = nanvar(a, axis=axis, dtype=dtype, out=out, ddof=ddof,
/home/ubuntu/observable-garden/learn2/blocks.py:23: RuntimeWarning: Mean of empty slice
  mu = np.nanmean(x, axis=1, keepdims=True)
/home/ubuntu/observable-garden/.venv/lib/python3.14/site-packages/numpy/lib/_nanfunctions_impl.py:1997: RuntimeWarning: Degrees of freedom <= 0 for slice.
  var = nanvar(a, axis=axis, dtype=dtype, out=out, ddof=ddof,
/home/ubuntu/observable-garden/learn2/blocks.py:23: RuntimeWarning: Mean of empty slice
  mu = np.nanmean(x, axis=1, keepdims=True)
/home/ubuntu/observable-garden/.venv/lib/python3.14/site-packages/numpy/lib/_nanfunctions_impl.py:1997: RuntimeWarning: Degrees of freedom <= 0 for slice.
  var = nanvar(a, axis=axis, dtype=dtype, out=out, ddof=ddof,
/home/ubuntu/observable-garden/learn2/blocks.py:23: RuntimeWarning: Mean of empty slice
  mu = np.nanmean(x, axis=1, keepdims=True)
/home/ubuntu/observable-garden/.venv/lib/python3.14/site-packages/numpy/lib/_nanfunctions_impl.py:1997: RuntimeWarning: Degrees of freedom <= 0 for slice.
  var = nanvar(a, axis=axis, dtype=dtype, out=out, ddof=ddof,
/home/ubuntu/observable-garden/learn2/blocks.py:23: RuntimeWarning: Mean of empty slice
  mu = np.nanmean(x, axis=1, keepdims=True)
/home/ubuntu/observable-garden/.venv/lib/python3.14/site-packages/numpy/lib/_nanfunctions_impl.py:1997: RuntimeWarning: Degrees of freedom <= 0 for slice.
  var = nanvar(a, axis=axis, dtype=dtype, out=out, ddof=ddof,
/home/ubuntu/observable-garden/learn2/blocks.py:23: RuntimeWarning: Mean of empty slice
  mu = np.nanmean(x, axis=1, keepdims=True)
/home/ubuntu/observable-garden/.venv/lib/python3.14/site-packages/numpy/lib/_nanfunctions_impl.py:1997: RuntimeWarning: Degrees of freedom <= 0 for slice.
  var = nanvar(a, axis=axis, dtype=dtype, out=out, ddof=ddof,
/home/ubuntu/observable-garden/learn2/blocks.py:23: RuntimeWarning: Mean of empty slice
  mu = np.nanmean(x, axis=1, keepdims=True)
/home/ubuntu/observable-garden/.venv/lib/python3.14/site-packages/numpy/lib/_nanfunctions_impl.py:1997: RuntimeWarning: Degrees of freedom <= 0 for slice.
  var = nanvar(a, axis=axis, dtype=dtype, out=out, ddof=ddof,
/home/ubuntu/observable-garden/learn2/blocks.py:23: RuntimeWarning: Mean of empty slice
  mu = np.nanmean(x, axis=1, keepdims=True)
/home/ubuntu/observable-garden/.venv/lib/python3.14/site-packages/numpy/lib/_nanfunctions_impl.py:1997: RuntimeWarning: Degrees of freedom <= 0 for slice.
  var = nanvar(a, axis=axis, dtype=dtype, out=out, ddof=ddof,
/home/ubuntu/observable-garden/learn2/blocks.py:23: RuntimeWarning: Mean of empty slice
  mu = np.nanmean(x, axis=1, keepdims=True)
/home/ubuntu/observable-garden/.venv/lib/python3.14/site-packages/numpy/lib/_nanfunctions_impl.py:1997: RuntimeWarning: Degrees of freedom <= 0 for slice.
  var = nanvar(a, axis=axis, dtype=dtype, out=out, ddof=ddof,
/home/ubuntu/observable-garden/learn2/blocks.py:23: RuntimeWarning: Mean of empty slice
  mu = np.nanmean(x, axis=1, keepdims=True)
/home/ubuntu/observable-garden/.venv/lib/python3.14/site-packages/numpy/lib/_nanfunctions_impl.py:1997: RuntimeWarning: Degrees of freedom <= 0 for slice.
  var = nanvar(a, axis=axis, dtype=dtype, out=out, ddof=ddof,
/home/ubuntu/observable-garden/learn2/blocks.py:23: RuntimeWarning: Mean of empty slice
  mu = np.nanmean(x, axis=1, keepdims=True)
/home/ubuntu/observable-garden/.venv/lib/python3.14/site-packages/numpy/lib/_nanfunctions_impl.py:1997: RuntimeWarning: Degrees of freedom <= 0 for slice.
  var = nanvar(a, axis=axis, dtype=dtype, out=out, ddof=ddof,
/home/ubuntu/observable-garden/learn2/blocks.py:23: RuntimeWarning: Mean of empty slice
  mu = np.nanmean(x, axis=1, keepdims=True)
/home/ubuntu/observable-garden/.venv/lib/python3.14/site-packages/numpy/lib/_nanfunctions_impl.py:1997: RuntimeWarning: Degrees of freedom <= 0 for slice.
  var = nanvar(a, axis=axis, dtype=dtype, out=out, ddof=ddof,
/home/ubuntu/observable-garden/learn2/blocks.py:23: RuntimeWarning: Mean of empty slice
  mu = np.nanmean(x, axis=1, keepdims=True)
/home/ubuntu/observable-garden/learn2/blocks.py:23: RuntimeWarning: Mean of empty slice
  mu = np.nanmean(x, axis=1, keepdims=True)
/home/ubuntu/observable-garden/.venv/lib/python3.14/site-packages/numpy/lib/_nanfunctions_impl.py:1997: RuntimeWarning: Degrees of freedom <= 0 for slice.
  var = nanvar(a, axis=axis, dtype=dtype, out=out, ddof=ddof,
/home/ubuntu/observable-garden/.venv/lib/python3.14/site-packages/numpy/lib/_nanfunctions_impl.py:1997: RuntimeWarning: Degrees of freedom <= 0 for slice.
  var = nanvar(a, axis=axis, dtype=dtype, out=out, ddof=ddof,
/home/ubuntu/observable-garden/learn2/blocks.py:23: RuntimeWarning: Mean of empty slice
  mu = np.nanmean(x, axis=1, keepdims=True)
/home/ubuntu/observable-garden/.venv/lib/python3.14/site-packages/numpy/lib/_nanfunctions_impl.py:1997: RuntimeWarning: Degrees of freedom <= 0 for slice.
  var = nanvar(a, axis=axis, dtype=dtype, out=out, ddof=ddof,
/home/ubuntu/observable-garden/learn2/blocks.py:23: RuntimeWarning: Mean of empty slice
  mu = np.nanmean(x, axis=1, keepdims=True)
/home/ubuntu/observable-garden/.venv/lib/python3.14/site-packages/numpy/lib/_nanfunctions_impl.py:1997: RuntimeWarning: Degrees of freedom <= 0 for slice.
  var = nanvar(a, axis=axis, dtype=dtype, out=out, ddof=ddof,
/home/ubuntu/observable-garden/learn2/blocks.py:23: RuntimeWarning: Mean of empty slice
  mu = np.nanmean(x, axis=1, keepdims=True)
/home/ubuntu/observable-garden/.venv/lib/python3.14/site-packages/numpy/lib/_nanfunctions_impl.py:1997: RuntimeWarning: Degrees of freedom <= 0 for slice.
  var = nanvar(a, axis=axis, dtype=dtype, out=out, ddof=ddof,
/home/ubuntu/observable-garden/learn2/blocks.py:23: RuntimeWarning: Mean of empty slice
  mu = np.nanmean(x, axis=1, keepdims=True)
/home/ubuntu/observable-garden/.venv/lib/python3.14/site-packages/numpy/lib/_nanfunctions_impl.py:1997: RuntimeWarning: Degrees of freedom <= 0 for slice.
  var = nanvar(a, axis=axis, dtype=dtype, out=out, ddof=ddof,
/home/ubuntu/observable-garden/learn2/blocks.py:23: RuntimeWarning: Mean of empty slice
  mu = np.nanmean(x, axis=1, keepdims=True)
/home/ubuntu/observable-garden/.venv/lib/python3.14/site-packages/numpy/lib/_nanfunctions_impl.py:1997: RuntimeWarning: Degrees of freedom <= 0 for slice.
  var = nanvar(a, axis=axis, dtype=dtype, out=out, ddof=ddof,
/home/ubuntu/observable-garden/learn2/blocks.py:23: RuntimeWarning: Mean of empty slice
  mu = np.nanmean(x, axis=1, keepdims=True)
/home/ubuntu/observable-garden/.venv/lib/python3.14/site-packages/numpy/lib/_nanfunctions_impl.py:1997: RuntimeWarning: Degrees of freedom <= 0 for slice.
  var = nanvar(a, axis=axis, dtype=dtype, out=out, ddof=ddof,
/home/ubuntu/observable-garden/learn2/blocks.py:23: RuntimeWarning: Mean of empty slice
  mu = np.nanmean(x, axis=1, keepdims=True)
/home/ubuntu/observable-garden/.venv/lib/python3.14/site-packages/numpy/lib/_nanfunctions_impl.py:1997: RuntimeWarning: Degrees of freedom <= 0 for slice.
  var = nanvar(a, axis=axis, dtype=dtype, out=out, ddof=ddof,
/home/ubuntu/observable-garden/learn2/blocks.py:23: RuntimeWarning: Mean of empty slice
  mu = np.nanmean(x, axis=1, keepdims=True)
/home/ubuntu/observable-garden/.venv/lib/python3.14/site-packages/numpy/lib/_nanfunctions_impl.py:1997: RuntimeWarning: Degrees of freedom <= 0 for slice.
  var = nanvar(a, axis=axis, dtype=dtype, out=out, ddof=ddof,
/home/ubuntu/observable-garden/learn2/blocks.py:23: RuntimeWarning: Mean of empty slice
  mu = np.nanmean(x, axis=1, keepdims=True)
/home/ubuntu/observable-garden/.venv/lib/python3.14/site-packages/numpy/lib/_nanfunctions_impl.py:1997: RuntimeWarning: Degrees of freedom <= 0 for slice.
  var = nanvar(a, axis=axis, dtype=dtype, out=out, ddof=ddof,
/home/ubuntu/observable-garden/learn2/blocks.py:23: RuntimeWarning: Mean of empty slice
  mu = np.nanmean(x, axis=1, keepdims=True)
/home/ubuntu/observable-garden/.venv/lib/python3.14/site-packages/numpy/lib/_nanfunctions_impl.py:1997: RuntimeWarning: Degrees of freedom <= 0 for slice.
  var = nanvar(a, axis=axis, dtype=dtype, out=out, ddof=ddof,
/home/ubuntu/observable-garden/learn2/blocks.py:23: RuntimeWarning: Mean of empty slice
  mu = np.nanmean(x, axis=1, keepdims=True)
/home/ubuntu/observable-garden/.venv/lib/python3.14/site-packages/numpy/lib/_nanfunctions_impl.py:1997: RuntimeWarning: Degrees of freedom <= 0 for slice.
  var = nanvar(a, axis=axis, dtype=dtype, out=out, ddof=ddof,
/home/ubuntu/observable-garden/learn2/blocks.py:23: RuntimeWarning: Mean of empty slice
  mu = np.nanmean(x, axis=1, keepdims=True)
/home/ubuntu/observable-garden/.venv/lib/python3.14/site-packages/numpy/lib/_nanfunctions_impl.py:1997: RuntimeWarning: Degrees of freedom <= 0 for slice.
  var = nanvar(a, axis=axis, dtype=dtype, out=out, ddof=ddof,
/home/ubuntu/observable-garden/learn2/blocks.py:23: RuntimeWarning: Mean of empty slice
  mu = np.nanmean(x, axis=1, keepdims=True)
/home/ubuntu/observable-garden/.venv/lib/python3.14/site-packages/numpy/lib/_nanfunctions_impl.py:1997: RuntimeWarning: Degrees of freedom <= 0 for slice.
  var = nanvar(a, axis=axis, dtype=dtype, out=out, ddof=ddof,
/home/ubuntu/observable-garden/learn2/blocks.py:23: RuntimeWarning: Mean of empty slice
  mu = np.nanmean(x, axis=1, keepdims=True)
/home/ubuntu/observable-garden/.venv/lib/python3.14/site-packages/numpy/lib/_nanfunctions_impl.py:1997: RuntimeWarning: Degrees of freedom <= 0 for slice.
  var = nanvar(a, axis=axis, dtype=dtype, out=out, ddof=ddof,
/home/ubuntu/observable-garden/learn2/blocks.py:23: RuntimeWarning: Mean of empty slice
  mu = np.nanmean(x, axis=1, keepdims=True)
/home/ubuntu/observable-garden/.venv/lib/python3.14/site-packages/numpy/lib/_nanfunctions_impl.py:1997: RuntimeWarning: Degrees of freedom <= 0 for slice.
  var = nanvar(a, axis=axis, dtype=dtype, out=out, ddof=ddof,
/home/ubuntu/observable-garden/learn2/blocks.py:23: RuntimeWarning: Mean of empty slice
  mu = np.nanmean(x, axis=1, keepdims=True)
/home/ubuntu/observable-garden/.venv/lib/python3.14/site-packages/numpy/lib/_nanfunctions_impl.py:1997: RuntimeWarning: Degrees of freedom <= 0 for slice.
  var = nanvar(a, axis=axis, dtype=dtype, out=out, ddof=ddof,
/home/ubuntu/observable-garden/learn2/blocks.py:23: RuntimeWarning: Mean of empty slice
  mu = np.nanmean(x, axis=1, keepdims=True)
/home/ubuntu/observable-garden/.venv/lib/python3.14/site-packages/numpy/lib/_nanfunctions_impl.py:1997: RuntimeWarning: Degrees of freedom <= 0 for slice.
  var = nanvar(a, axis=axis, dtype=dtype, out=out, ddof=ddof,
/home/ubuntu/observable-garden/learn2/blocks.py:23: RuntimeWarning: Mean of empty slice
  mu = np.nanmean(x, axis=1, keepdims=True)
/home/ubuntu/observable-garden/.venv/lib/python3.14/site-packages/numpy/lib/_nanfunctions_impl.py:1997: RuntimeWarning: Degrees of freedom <= 0 for slice.
  var = nanvar(a, axis=axis, dtype=dtype, out=out, ddof=ddof,
/home/ubuntu/observable-garden/learn2/blocks.py:23: RuntimeWarning: Mean of empty slice
  mu = np.nanmean(x, axis=1, keepdims=True)
/home/ubuntu/observable-garden/.venv/lib/python3.14/site-packages/numpy/lib/_nanfunctions_impl.py:1997: RuntimeWarning: Degrees of freedom <= 0 for slice.
  var = nanvar(a, axis=axis, dtype=dtype, out=out, ddof=ddof,
/home/ubuntu/observable-garden/learn2/blocks.py:23: RuntimeWarning: Mean of empty slice
  mu = np.nanmean(x, axis=1, keepdims=True)
/home/ubuntu/observable-garden/.venv/lib/python3.14/site-packages/numpy/lib/_nanfunctions_impl.py:1997: RuntimeWarning: Degrees of freedom <= 0 for slice.
  var = nanvar(a, axis=axis, dtype=dtype, out=out, ddof=ddof,
/home/ubuntu/observable-garden/learn2/blocks.py:23: RuntimeWarning: Mean of empty slice
  mu = np.nanmean(x, axis=1, keepdims=True)
/home/ubuntu/observable-garden/.venv/lib/python3.14/site-packages/numpy/lib/_nanfunctions_impl.py:1997: RuntimeWarning: Degrees of freedom <= 0 for slice.
  var = nanvar(a, axis=axis, dtype=dtype, out=out, ddof=ddof,
/home/ubuntu/observable-garden/learn2/blocks.py:23: RuntimeWarning: Mean of empty slice
  mu = np.nanmean(x, axis=1, keepdims=True)
/home/ubuntu/observable-garden/.venv/lib/python3.14/site-packages/numpy/lib/_nanfunctions_impl.py:1997: RuntimeWarning: Degrees of freedom <= 0 for slice.
  var = nanvar(a, axis=axis, dtype=dtype, out=out, ddof=ddof,
/home/ubuntu/observable-garden/learn2/blocks.py:23: RuntimeWarning: Mean of empty slice
  mu = np.nanmean(x, axis=1, keepdims=True)
/home/ubuntu/observable-garden/.venv/lib/python3.14/site-packages/numpy/lib/_nanfunctions_impl.py:1997: RuntimeWarning: Degrees of freedom <= 0 for slice.
  var = nanvar(a, axis=axis, dtype=dtype, out=out, ddof=ddof,
/home/ubuntu/observable-garden/learn2/blocks.py:23: RuntimeWarning: Mean of empty slice
  mu = np.nanmean(x, axis=1, keepdims=True)
/home/ubuntu/observable-garden/.venv/lib/python3.14/site-packages/numpy/lib/_nanfunctions_impl.py:1997: RuntimeWarning: Degrees of freedom <= 0 for slice.
  var = nanvar(a, axis=axis, dtype=dtype, out=out, ddof=ddof,
/home/ubuntu/observable-garden/learn2/blocks.py:23: RuntimeWarning: Mean of empty slice
  mu = np.nanmean(x, axis=1, keepdims=True)
/home/ubuntu/observable-garden/.venv/lib/python3.14/site-packages/numpy/lib/_nanfunctions_impl.py:1997: RuntimeWarning: Degrees of freedom <= 0 for slice.
  var = nanvar(a, axis=axis, dtype=dtype, out=out, ddof=ddof,
/home/ubuntu/observable-garden/learn2/blocks.py:23: RuntimeWarning: Mean of empty slice
  mu = np.nanmean(x, axis=1, keepdims=True)
/home/ubuntu/observable-garden/.venv/lib/python3.14/site-packages/numpy/lib/_nanfunctions_impl.py:1997: RuntimeWarning: Degrees of freedom <= 0 for slice.
  var = nanvar(a, axis=axis, dtype=dtype, out=out, ddof=ddof,
/home/ubuntu/observable-garden/learn2/blocks.py:23: RuntimeWarning: Mean of empty slice
  mu = np.nanmean(x, axis=1, keepdims=True)
/home/ubuntu/observable-garden/.venv/lib/python3.14/site-packages/numpy/lib/_nanfunctions_impl.py:1997: RuntimeWarning: Degrees of freedom <= 0 for slice.
  var = nanvar(a, axis=axis, dtype=dtype, out=out, ddof=ddof,
/home/ubuntu/observable-garden/learn2/blocks.py:23: RuntimeWarning: Mean of empty slice
  mu = np.nanmean(x, axis=1, keepdims=True)
/home/ubuntu/observable-garden/.venv/lib/python3.14/site-packages/numpy/lib/_nanfunctions_impl.py:1997: RuntimeWarning: Degrees of freedom <= 0 for slice.
  var = nanvar(a, axis=axis, dtype=dtype, out=out, ddof=ddof,
/home/ubuntu/observable-garden/learn2/blocks.py:23: RuntimeWarning: Mean of empty slice
  mu = np.nanmean(x, axis=1, keepdims=True)
/home/ubuntu/observable-garden/.venv/lib/python3.14/site-packages/numpy/lib/_nanfunctions_impl.py:1997: RuntimeWarning: Degrees of freedom <= 0 for slice.
  var = nanvar(a, axis=axis, dtype=dtype, out=out, ddof=ddof,
/home/ubuntu/observable-garden/learn2/blocks.py:23: RuntimeWarning: Mean of empty slice
  mu = np.nanmean(x, axis=1, keepdims=True)
/home/ubuntu/observable-garden/.venv/lib/python3.14/site-packages/numpy/lib/_nanfunctions_impl.py:1997: RuntimeWarning: Degrees of freedom <= 0 for slice.
  var = nanvar(a, axis=axis, dtype=dtype, out=out, ddof=ddof,
/home/ubuntu/observable-garden/learn2/blocks.py:23: RuntimeWarning: Mean of empty slice
  mu = np.nanmean(x, axis=1, keepdims=True)
/home/ubuntu/observable-garden/.venv/lib/python3.14/site-packages/numpy/lib/_nanfunctions_impl.py:1997: RuntimeWarning: Degrees of freedom <= 0 for slice.
  var = nanvar(a, axis=axis, dtype=dtype, out=out, ddof=ddof,
/home/ubuntu/observable-garden/learn2/blocks.py:23: RuntimeWarning: Mean of empty slice
  mu = np.nanmean(x, axis=1, keepdims=True)
/home/ubuntu/observable-garden/.venv/lib/python3.14/site-packages/numpy/lib/_nanfunctions_impl.py:1997: RuntimeWarning: Degrees of freedom <= 0 for slice.
  var = nanvar(a, axis=axis, dtype=dtype, out=out, ddof=ddof,
/home/ubuntu/observable-garden/learn2/blocks.py:23: RuntimeWarning: Mean of empty slice
  mu = np.nanmean(x, axis=1, keepdims=True)
/home/ubuntu/observable-garden/.venv/lib/python3.14/site-packages/numpy/lib/_nanfunctions_impl.py:1997: RuntimeWarning: Degrees of freedom <= 0 for slice.
  var = nanvar(a, axis=axis, dtype=dtype, out=out, ddof=ddof,
/home/ubuntu/observable-garden/learn2/blocks.py:23: RuntimeWarning: Mean of empty slice
  mu = np.nanmean(x, axis=1, keepdims=True)
/home/ubuntu/observable-garden/.venv/lib/python3.14/site-packages/numpy/lib/_nanfunctions_impl.py:1997: RuntimeWarning: Degrees of freedom <= 0 for slice.
  var = nanvar(a, axis=axis, dtype=dtype, out=out, ddof=ddof,
/home/ubuntu/observable-garden/learn2/blocks.py:23: RuntimeWarning: Mean of empty slice
  mu = np.nanmean(x, axis=1, keepdims=True)
/home/ubuntu/observable-garden/.venv/lib/python3.14/site-packages/numpy/lib/_nanfunctions_impl.py:1997: RuntimeWarning: Degrees of freedom <= 0 for slice.
  var = nanvar(a, axis=axis, dtype=dtype, out=out, ddof=ddof,
/home/ubuntu/observable-garden/learn2/blocks.py:23: RuntimeWarning: Mean of empty slice
  mu = np.nanmean(x, axis=1, keepdims=True)
/home/ubuntu/observable-garden/learn2/blocks.py:23: RuntimeWarning: Mean of empty slice
  mu = np.nanmean(x, axis=1, keepdims=True)
/home/ubuntu/observable-garden/.venv/lib/python3.14/site-packages/numpy/lib/_nanfunctions_impl.py:1997: RuntimeWarning: Degrees of freedom <= 0 for slice.
  var = nanvar(a, axis=axis, dtype=dtype, out=out, ddof=ddof,
/home/ubuntu/observable-garden/.venv/lib/python3.14/site-packages/numpy/lib/_nanfunctions_impl.py:1997: RuntimeWarning: Degrees of freedom <= 0 for slice.
  var = nanvar(a, axis=axis, dtype=dtype, out=out, ddof=ddof,
/home/ubuntu/observable-garden/learn2/blocks.py:23: RuntimeWarning: Mean of empty slice
  mu = np.nanmean(x, axis=1, keepdims=True)
/home/ubuntu/observable-garden/.venv/lib/python3.14/site-packages/numpy/lib/_nanfunctions_impl.py:1997: RuntimeWarning: Degrees of freedom <= 0 for slice.
  var = nanvar(a, axis=axis, dtype=dtype, out=out, ddof=ddof,
/home/ubuntu/observable-garden/learn2/blocks.py:23: RuntimeWarning: Mean of empty slice
  mu = np.nanmean(x, axis=1, keepdims=True)
/home/ubuntu/observable-garden/.venv/lib/python3.14/site-packages/numpy/lib/_nanfunctions_impl.py:1997: RuntimeWarning: Degrees of freedom <= 0 for slice.
  var = nanvar(a, axis=axis, dtype=dtype, out=out, ddof=ddof,
/home/ubuntu/observable-garden/learn2/blocks.py:23: RuntimeWarning: Mean of empty slice
  mu = np.nanmean(x, axis=1, keepdims=True)
/home/ubuntu/observable-garden/.venv/lib/python3.14/site-packages/numpy/lib/_nanfunctions_impl.py:1997: RuntimeWarning: Degrees of freedom <= 0 for slice.
  var = nanvar(a, axis=axis, dtype=dtype, out=out, ddof=ddof,
/home/ubuntu/observable-garden/learn2/blocks.py:23: RuntimeWarning: Mean of empty slice
  mu = np.nanmean(x, axis=1, keepdims=True)
/home/ubuntu/observable-garden/.venv/lib/python3.14/site-packages/numpy/lib/_nanfunctions_impl.py:1997: RuntimeWarning: Degrees of freedom <= 0 for slice.
  var = nanvar(a, axis=axis, dtype=dtype, out=out, ddof=ddof,
/home/ubuntu/observable-garden/learn2/blocks.py:23: RuntimeWarning: Mean of empty slice
  mu = np.nanmean(x, axis=1, keepdims=True)
/home/ubuntu/observable-garden/.venv/lib/python3.14/site-packages/numpy/lib/_nanfunctions_impl.py:1997: RuntimeWarning: Degrees of freedom <= 0 for slice.
  var = nanvar(a, axis=axis, dtype=dtype, out=out, ddof=ddof,
/home/ubuntu/observable-garden/learn2/blocks.py:23: RuntimeWarning: Mean of empty slice
  mu = np.nanmean(x, axis=1, keepdims=True)
/home/ubuntu/observable-garden/.venv/lib/python3.14/site-packages/numpy/lib/_nanfunctions_impl.py:1997: RuntimeWarning: Degrees of freedom <= 0 for slice.
  var = nanvar(a, axis=axis, dtype=dtype, out=out, ddof=ddof,
/home/ubuntu/observable-garden/learn2/blocks.py:23: RuntimeWarning: Mean of empty slice
  mu = np.nanmean(x, axis=1, keepdims=True)
/home/ubuntu/observable-garden/.venv/lib/python3.14/site-packages/numpy/lib/_nanfunctions_impl.py:1997: RuntimeWarning: Degrees of freedom <= 0 for slice.
  var = nanvar(a, axis=axis, dtype=dtype, out=out, ddof=ddof,
/home/ubuntu/observable-garden/learn2/blocks.py:23: RuntimeWarning: Mean of empty slice
  mu = np.nanmean(x, axis=1, keepdims=True)
/home/ubuntu/observable-garden/.venv/lib/python3.14/site-packages/numpy/lib/_nanfunctions_impl.py:1997: RuntimeWarning: Degrees of freedom <= 0 for slice.
  var = nanvar(a, axis=axis, dtype=dtype, out=out, ddof=ddof,
/home/ubuntu/observable-garden/learn2/blocks.py:23: RuntimeWarning: Mean of empty slice
  mu = np.nanmean(x, axis=1, keepdims=True)
/home/ubuntu/observable-garden/.venv/lib/python3.14/site-packages/numpy/lib/_nanfunctions_impl.py:1997: RuntimeWarning: Degrees of freedom <= 0 for slice.
  var = nanvar(a, axis=axis, dtype=dtype, out=out, ddof=ddof,
/home/ubuntu/observable-garden/learn2/blocks.py:23: RuntimeWarning: Mean of empty slice
  mu = np.nanmean(x, axis=1, keepdims=True)
/home/ubuntu/observable-garden/.venv/lib/python3.14/site-packages/numpy/lib/_nanfunctions_impl.py:1997: RuntimeWarning: Degrees of freedom <= 0 for slice.
  var = nanvar(a, axis=axis, dtype=dtype, out=out, ddof=ddof,
/home/ubuntu/observable-garden/learn2/blocks.py:23: RuntimeWarning: Mean of empty slice
  mu = np.nanmean(x, axis=1, keepdims=True)
/home/ubuntu/observable-garden/.venv/lib/python3.14/site-packages/numpy/lib/_nanfunctions_impl.py:1997: RuntimeWarning: Degrees of freedom <= 0 for slice.
  var = nanvar(a, axis=axis, dtype=dtype, out=out, ddof=ddof,
/home/ubuntu/observable-garden/learn2/blocks.py:23: RuntimeWarning: Mean of empty slice
  mu = np.nanmean(x, axis=1, keepdims=True)
/home/ubuntu/observable-garden/.venv/lib/python3.14/site-packages/numpy/lib/_nanfunctions_impl.py:1997: RuntimeWarning: Degrees of freedom <= 0 for slice.
  var = nanvar(a, axis=axis, dtype=dtype, out=out, ddof=ddof,
/home/ubuntu/observable-garden/learn2/blocks.py:23: RuntimeWarning: Mean of empty slice
  mu = np.nanmean(x, axis=1, keepdims=True)
/home/ubuntu/observable-garden/.venv/lib/python3.14/site-packages/numpy/lib/_nanfunctions_impl.py:1997: RuntimeWarning: Degrees of freedom <= 0 for slice.
  var = nanvar(a, axis=axis, dtype=dtype, out=out, ddof=ddof,
/home/ubuntu/observable-garden/learn2/blocks.py:23: RuntimeWarning: Mean of empty slice
  mu = np.nanmean(x, axis=1, keepdims=True)
/home/ubuntu/observable-garden/.venv/lib/python3.14/site-packages/numpy/lib/_nanfunctions_impl.py:1997: RuntimeWarning: Degrees of freedom <= 0 for slice.
  var = nanvar(a, axis=axis, dtype=dtype, out=out, ddof=ddof,
/home/ubuntu/observable-garden/learn2/blocks.py:23: RuntimeWarning: Mean of empty slice
  mu = np.nanmean(x, axis=1, keepdims=True)
/home/ubuntu/observable-garden/.venv/lib/python3.14/site-packages/numpy/lib/_nanfunctions_impl.py:1997: RuntimeWarning: Degrees of freedom <= 0 for slice.
  var = nanvar(a, axis=axis, dtype=dtype, out=out, ddof=ddof,
/home/ubuntu/observable-garden/learn2/blocks.py:23: RuntimeWarning: Mean of empty slice
  mu = np.nanmean(x, axis=1, keepdims=True)
/home/ubuntu/observable-garden/.venv/lib/python3.14/site-packages/numpy/lib/_nanfunctions_impl.py:1997: RuntimeWarning: Degrees of freedom <= 0 for slice.
  var = nanvar(a, axis=axis, dtype=dtype, out=out, ddof=ddof,
/home/ubuntu/observable-garden/learn2/blocks.py:23: RuntimeWarning: Mean of empty slice
  mu = np.nanmean(x, axis=1, keepdims=True)
/home/ubuntu/observable-garden/.venv/lib/python3.14/site-packages/numpy/lib/_nanfunctions_impl.py:1997: RuntimeWarning: Degrees of freedom <= 0 for slice.
  var = nanvar(a, axis=axis, dtype=dtype, out=out, ddof=ddof,
/home/ubuntu/observable-garden/learn2/blocks.py:23: RuntimeWarning: Mean of empty slice
  mu = np.nanmean(x, axis=1, keepdims=True)
/home/ubuntu/observable-garden/.venv/lib/python3.14/site-packages/numpy/lib/_nanfunctions_impl.py:1997: RuntimeWarning: Degrees of freedom <= 0 for slice.
  var = nanvar(a, axis=axis, dtype=dtype, out=out, ddof=ddof,
/home/ubuntu/observable-garden/learn2/blocks.py:23: RuntimeWarning: Mean of empty slice
  mu = np.nanmean(x, axis=1, keepdims=True)
/home/ubuntu/observable-garden/.venv/lib/python3.14/site-packages/numpy/lib/_nanfunctions_impl.py:1997: RuntimeWarning: Degrees of freedom <= 0 for slice.
  var = nanvar(a, axis=axis, dtype=dtype, out=out, ddof=ddof,
/home/ubuntu/observable-garden/learn2/blocks.py:23: RuntimeWarning: Mean of empty slice
  mu = np.nanmean(x, axis=1, keepdims=True)
/home/ubuntu/observable-garden/.venv/lib/python3.14/site-packages/numpy/lib/_nanfunctions_impl.py:1997: RuntimeWarning: Degrees of freedom <= 0 for slice.
  var = nanvar(a, axis=axis, dtype=dtype, out=out, ddof=ddof,
/home/ubuntu/observable-garden/learn2/blocks.py:23: RuntimeWarning: Mean of empty slice
  mu = np.nanmean(x, axis=1, keepdims=True)
/home/ubuntu/observable-garden/.venv/lib/python3.14/site-packages/numpy/lib/_nanfunctions_impl.py:1997: RuntimeWarning: Degrees of freedom <= 0 for slice.
  var = nanvar(a, axis=axis, dtype=dtype, out=out, ddof=ddof,
/home/ubuntu/observable-garden/learn2/blocks.py:23: RuntimeWarning: Mean of empty slice
  mu = np.nanmean(x, axis=1, keepdims=True)
/home/ubuntu/observable-garden/.venv/lib/python3.14/site-packages/numpy/lib/_nanfunctions_impl.py:1997: RuntimeWarning: Degrees of freedom <= 0 for slice.
  var = nanvar(a, axis=axis, dtype=dtype, out=out, ddof=ddof,
/home/ubuntu/observable-garden/learn2/blocks.py:23: RuntimeWarning: Mean of empty slice
  mu = np.nanmean(x, axis=1, keepdims=True)
/home/ubuntu/observable-garden/.venv/lib/python3.14/site-packages/numpy/lib/_nanfunctions_impl.py:1997: RuntimeWarning: Degrees of freedom <= 0 for slice.
  var = nanvar(a, axis=axis, dtype=dtype, out=out, ddof=ddof,
/home/ubuntu/observable-garden/learn2/blocks.py:23: RuntimeWarning: Mean of empty slice
  mu = np.nanmean(x, axis=1, keepdims=True)
/home/ubuntu/observable-garden/.venv/lib/python3.14/site-packages/numpy/lib/_nanfunctions_impl.py:1997: RuntimeWarning: Degrees of freedom <= 0 for slice.
  var = nanvar(a, axis=axis, dtype=dtype, out=out, ddof=ddof,
/home/ubuntu/observable-garden/learn2/blocks.py:23: RuntimeWarning: Mean of empty slice
  mu = np.nanmean(x, axis=1, keepdims=True)
/home/ubuntu/observable-garden/.venv/lib/python3.14/site-packages/numpy/lib/_nanfunctions_impl.py:1997: RuntimeWarning: Degrees of freedom <= 0 for slice.
  var = nanvar(a, axis=axis, dtype=dtype, out=out, ddof=ddof,
/home/ubuntu/observable-garden/learn2/blocks.py:23: RuntimeWarning: Mean of empty slice
  mu = np.nanmean(x, axis=1, keepdims=True)
/home/ubuntu/observable-garden/.venv/lib/python3.14/site-packages/numpy/lib/_nanfunctions_impl.py:1997: RuntimeWarning: Degrees of freedom <= 0 for slice.
  var = nanvar(a, axis=axis, dtype=dtype, out=out, ddof=ddof,
/home/ubuntu/observable-garden/learn2/blocks.py:23: RuntimeWarning: Mean of empty slice
  mu = np.nanmean(x, axis=1, keepdims=True)
/home/ubuntu/observable-garden/.venv/lib/python3.14/site-packages/numpy/lib/_nanfunctions_impl.py:1997: RuntimeWarning: Degrees of freedom <= 0 for slice.
  var = nanvar(a, axis=axis, dtype=dtype, out=out, ddof=ddof,
/home/ubuntu/observable-garden/learn2/blocks.py:23: RuntimeWarning: Mean of empty slice
  mu = np.nanmean(x, axis=1, keepdims=True)
/home/ubuntu/observable-garden/.venv/lib/python3.14/site-packages/numpy/lib/_nanfunctions_impl.py:1997: RuntimeWarning: Degrees of freedom <= 0 for slice.
  var = nanvar(a, axis=axis, dtype=dtype, out=out, ddof=ddof,
/home/ubuntu/observable-garden/learn2/blocks.py:23: RuntimeWarning: Mean of empty slice
  mu = np.nanmean(x, axis=1, keepdims=True)
/home/ubuntu/observable-garden/.venv/lib/python3.14/site-packages/numpy/lib/_nanfunctions_impl.py:1997: RuntimeWarning: Degrees of freedom <= 0 for slice.
  var = nanvar(a, axis=axis, dtype=dtype, out=out, ddof=ddof,
/home/ubuntu/observable-garden/learn2/blocks.py:23: RuntimeWarning: Mean of empty slice
  mu = np.nanmean(x, axis=1, keepdims=True)
/home/ubuntu/observable-garden/.venv/lib/python3.14/site-packages/numpy/lib/_nanfunctions_impl.py:1997: RuntimeWarning: Degrees of freedom <= 0 for slice.
  var = nanvar(a, axis=axis, dtype=dtype, out=out, ddof=ddof,
/home/ubuntu/observable-garden/learn2/blocks.py:23: RuntimeWarning: Mean of empty slice
  mu = np.nanmean(x, axis=1, keepdims=True)
/home/ubuntu/observable-garden/.venv/lib/python3.14/site-packages/numpy/lib/_nanfunctions_impl.py:1997: RuntimeWarning: Degrees of freedom <= 0 for slice.
  var = nanvar(a, axis=axis, dtype=dtype, out=out, ddof=ddof,
/home/ubuntu/observable-garden/learn2/blocks.py:23: RuntimeWarning: Mean of empty slice
  mu = np.nanmean(x, axis=1, keepdims=True)
/home/ubuntu/observable-garden/.venv/lib/python3.14/site-packages/numpy/lib/_nanfunctions_impl.py:1997: RuntimeWarning: Degrees of freedom <= 0 for slice.
  var = nanvar(a, axis=axis, dtype=dtype, out=out, ddof=ddof,
/home/ubuntu/observable-garden/learn2/blocks.py:23: RuntimeWarning: Mean of empty slice
  mu = np.nanmean(x, axis=1, keepdims=True)
/home/ubuntu/observable-garden/.venv/lib/python3.14/site-packages/numpy/lib/_nanfunctions_impl.py:1997: RuntimeWarning: Degrees of freedom <= 0 for slice.
  var = nanvar(a, axis=axis, dtype=dtype, out=out, ddof=ddof,
/home/ubuntu/observable-garden/learn2/blocks.py:23: RuntimeWarning: Mean of empty slice
  mu = np.nanmean(x, axis=1, keepdims=True)
/home/ubuntu/observable-garden/.venv/lib/python3.14/site-packages/numpy/lib/_nanfunctions_impl.py:1997: RuntimeWarning: Degrees of freedom <= 0 for slice.
  var = nanvar(a, axis=axis, dtype=dtype, out=out, ddof=ddof,
/home/ubuntu/observable-garden/learn2/blocks.py:23: RuntimeWarning: Mean of empty slice
  mu = np.nanmean(x, axis=1, keepdims=True)
/home/ubuntu/observable-garden/.venv/lib/python3.14/site-packages/numpy/lib/_nanfunctions_impl.py:1997: RuntimeWarning: Degrees of freedom <= 0 for slice.
  var = nanvar(a, axis=axis, dtype=dtype, out=out, ddof=ddof,
/home/ubuntu/observable-garden/learn2/blocks.py:23: RuntimeWarning: Mean of empty slice
  mu = np.nanmean(x, axis=1, keepdims=True)
/home/ubuntu/observable-garden/.venv/lib/python3.14/site-packages/numpy/lib/_nanfunctions_impl.py:1997: RuntimeWarning: Degrees of freedom <= 0 for slice.
  var = nanvar(a, axis=axis, dtype=dtype, out=out, ddof=ddof,
/home/ubuntu/observable-garden/learn2/blocks.py:23: RuntimeWarning: Mean of empty slice
  mu = np.nanmean(x, axis=1, keepdims=True)
/home/ubuntu/observable-garden/.venv/lib/python3.14/site-packages/numpy/lib/_nanfunctions_impl.py:1997: RuntimeWarning: Degrees of freedom <= 0 for slice.
  var = nanvar(a, axis=axis, dtype=dtype, out=out, ddof=ddof,
/home/ubuntu/observable-garden/learn2/blocks.py:23: RuntimeWarning: Mean of empty slice
  mu = np.nanmean(x, axis=1, keepdims=True)
/home/ubuntu/observable-garden/.venv/lib/python3.14/site-packages/numpy/lib/_nanfunctions_impl.py:1997: RuntimeWarning: Degrees of freedom <= 0 for slice.
  var = nanvar(a, axis=axis, dtype=dtype, out=out, ddof=ddof,
/home/ubuntu/observable-garden/learn2/blocks.py:23: RuntimeWarning: Mean of empty slice
  mu = np.nanmean(x, axis=1, keepdims=True)
/home/ubuntu/observable-garden/learn2/blocks.py:23: RuntimeWarning: Mean of empty slice
  mu = np.nanmean(x, axis=1, keepdims=True)
/home/ubuntu/observable-garden/.venv/lib/python3.14/site-packages/numpy/lib/_nanfunctions_impl.py:1997: RuntimeWarning: Degrees of freedom <= 0 for slice.
  var = nanvar(a, axis=axis, dtype=dtype, out=out, ddof=ddof,
/home/ubuntu/observable-garden/.venv/lib/python3.14/site-packages/numpy/lib/_nanfunctions_impl.py:1997: RuntimeWarning: Degrees of freedom <= 0 for slice.
  var = nanvar(a, axis=axis, dtype=dtype, out=out, ddof=ddof,
/home/ubuntu/observable-garden/learn2/blocks.py:23: RuntimeWarning: Mean of empty slice
  mu = np.nanmean(x, axis=1, keepdims=True)
/home/ubuntu/observable-garden/.venv/lib/python3.14/site-packages/numpy/lib/_nanfunctions_impl.py:1997: RuntimeWarning: Degrees of freedom <= 0 for slice.
  var = nanvar(a, axis=axis, dtype=dtype, out=out, ddof=ddof,
/home/ubuntu/observable-garden/learn2/blocks.py:23: RuntimeWarning: Mean of empty slice
  mu = np.nanmean(x, axis=1, keepdims=True)
/home/ubuntu/observable-garden/.venv/lib/python3.14/site-packages/numpy/lib/_nanfunctions_impl.py:1997: RuntimeWarning: Degrees of freedom <= 0 for slice.
  var = nanvar(a, axis=axis, dtype=dtype, out=out, ddof=ddof,
/home/ubuntu/observable-garden/learn2/blocks.py:23: RuntimeWarning: Mean of empty slice
  mu = np.nanmean(x, axis=1, keepdims=True)
/home/ubuntu/observable-garden/.venv/lib/python3.14/site-packages/numpy/lib/_nanfunctions_impl.py:1997: RuntimeWarning: Degrees of freedom <= 0 for slice.
  var = nanvar(a, axis=axis, dtype=dtype, out=out, ddof=ddof,
/home/ubuntu/observable-garden/learn2/blocks.py:23: RuntimeWarning: Mean of empty slice
  mu = np.nanmean(x, axis=1, keepdims=True)
/home/ubuntu/observable-garden/.venv/lib/python3.14/site-packages/numpy/lib/_nanfunctions_impl.py:1997: RuntimeWarning: Degrees of freedom <= 0 for slice.
  var = nanvar(a, axis=axis, dtype=dtype, out=out, ddof=ddof,
/home/ubuntu/observable-garden/learn2/blocks.py:23: RuntimeWarning: Mean of empty slice
  mu = np.nanmean(x, axis=1, keepdims=True)
/home/ubuntu/observable-garden/.venv/lib/python3.14/site-packages/numpy/lib/_nanfunctions_impl.py:1997: RuntimeWarning: Degrees of freedom <= 0 for slice.
  var = nanvar(a, axis=axis, dtype=dtype, out=out, ddof=ddof,
/home/ubuntu/observable-garden/learn2/blocks.py:23: RuntimeWarning: Mean of empty slice
  mu = np.nanmean(x, axis=1, keepdims=True)
/home/ubuntu/observable-garden/.venv/lib/python3.14/site-packages/numpy/lib/_nanfunctions_impl.py:1997: RuntimeWarning: Degrees of freedom <= 0 for slice.
  var = nanvar(a, axis=axis, dtype=dtype, out=out, ddof=ddof,
/home/ubuntu/observable-garden/learn2/blocks.py:23: RuntimeWarning: Mean of empty slice
  mu = np.nanmean(x, axis=1, keepdims=True)
/home/ubuntu/observable-garden/.venv/lib/python3.14/site-packages/numpy/lib/_nanfunctions_impl.py:1997: RuntimeWarning: Degrees of freedom <= 0 for slice.
  var = nanvar(a, axis=axis, dtype=dtype, out=out, ddof=ddof,
/home/ubuntu/observable-garden/learn2/blocks.py:23: RuntimeWarning: Mean of empty slice
  mu = np.nanmean(x, axis=1, keepdims=True)
/home/ubuntu/observable-garden/.venv/lib/python3.14/site-packages/numpy/lib/_nanfunctions_impl.py:1997: RuntimeWarning: Degrees of freedom <= 0 for slice.
  var = nanvar(a, axis=axis, dtype=dtype, out=out, ddof=ddof,
/home/ubuntu/observable-garden/learn2/blocks.py:23: RuntimeWarning: Mean of empty slice
  mu = np.nanmean(x, axis=1, keepdims=True)
/home/ubuntu/observable-garden/.venv/lib/python3.14/site-packages/numpy/lib/_nanfunctions_impl.py:1997: RuntimeWarning: Degrees of freedom <= 0 for slice.
  var = nanvar(a, axis=axis, dtype=dtype, out=out, ddof=ddof,
/home/ubuntu/observable-garden/learn2/blocks.py:23: RuntimeWarning: Mean of empty slice
  mu = np.nanmean(x, axis=1, keepdims=True)
/home/ubuntu/observable-garden/.venv/lib/python3.14/site-packages/numpy/lib/_nanfunctions_impl.py:1997: RuntimeWarning: Degrees of freedom <= 0 for slice.
  var = nanvar(a, axis=axis, dtype=dtype, out=out, ddof=ddof,
/home/ubuntu/observable-garden/learn2/blocks.py:23: RuntimeWarning: Mean of empty slice
  mu = np.nanmean(x, axis=1, keepdims=True)
/home/ubuntu/observable-garden/.venv/lib/python3.14/site-packages/numpy/lib/_nanfunctions_impl.py:1997: RuntimeWarning: Degrees of freedom <= 0 for slice.
  var = nanvar(a, axis=axis, dtype=dtype, out=out, ddof=ddof,
/home/ubuntu/observable-garden/learn2/blocks.py:23: RuntimeWarning: Mean of empty slice
  mu = np.nanmean(x, axis=1, keepdims=True)
/home/ubuntu/observable-garden/.venv/lib/python3.14/site-packages/numpy/lib/_nanfunctions_impl.py:1997: RuntimeWarning: Degrees of freedom <= 0 for slice.
  var = nanvar(a, axis=axis, dtype=dtype, out=out, ddof=ddof,
/home/ubuntu/observable-garden/learn2/blocks.py:23: RuntimeWarning: Mean of empty slice
  mu = np.nanmean(x, axis=1, keepdims=True)
/home/ubuntu/observable-garden/.venv/lib/python3.14/site-packages/numpy/lib/_nanfunctions_impl.py:1997: RuntimeWarning: Degrees of freedom <= 0 for slice.
  var = nanvar(a, axis=axis, dtype=dtype, out=out, ddof=ddof,
/home/ubuntu/observable-garden/learn2/blocks.py:23: RuntimeWarning: Mean of empty slice
  mu = np.nanmean(x, axis=1, keepdims=True)
/home/ubuntu/observable-garden/.venv/lib/python3.14/site-packages/numpy/lib/_nanfunctions_impl.py:1997: RuntimeWarning: Degrees of freedom <= 0 for slice.
  var = nanvar(a, axis=axis, dtype=dtype, out=out, ddof=ddof,
/home/ubuntu/observable-garden/learn2/blocks.py:23: RuntimeWarning: Mean of empty slice
  mu = np.nanmean(x, axis=1, keepdims=True)
/home/ubuntu/observable-garden/.venv/lib/python3.14/site-packages/numpy/lib/_nanfunctions_impl.py:1997: RuntimeWarning: Degrees of freedom <= 0 for slice.
  var = nanvar(a, axis=axis, dtype=dtype, out=out, ddof=ddof,
/home/ubuntu/observable-garden/learn2/blocks.py:23: RuntimeWarning: Mean of empty slice
  mu = np.nanmean(x, axis=1, keepdims=True)
/home/ubuntu/observable-garden/.venv/lib/python3.14/site-packages/numpy/lib/_nanfunctions_impl.py:1997: RuntimeWarning: Degrees of freedom <= 0 for slice.
  var = nanvar(a, axis=axis, dtype=dtype, out=out, ddof=ddof,
/home/ubuntu/observable-garden/learn2/blocks.py:23: RuntimeWarning: Mean of empty slice
  mu = np.nanmean(x, axis=1, keepdims=True)
/home/ubuntu/observable-garden/.venv/lib/python3.14/site-packages/numpy/lib/_nanfunctions_impl.py:1997: RuntimeWarning: Degrees of freedom <= 0 for slice.
  var = nanvar(a, axis=axis, dtype=dtype, out=out, ddof=ddof,
/home/ubuntu/observable-garden/learn2/blocks.py:23: RuntimeWarning: Mean of empty slice
  mu = np.nanmean(x, axis=1, keepdims=True)
/home/ubuntu/observable-garden/.venv/lib/python3.14/site-packages/numpy/lib/_nanfunctions_impl.py:1997: RuntimeWarning: Degrees of freedom <= 0 for slice.
  var = nanvar(a, axis=axis, dtype=dtype, out=out, ddof=ddof,
/home/ubuntu/observable-garden/learn2/blocks.py:23: RuntimeWarning: Mean of empty slice
  mu = np.nanmean(x, axis=1, keepdims=True)
/home/ubuntu/observable-garden/.venv/lib/python3.14/site-packages/numpy/lib/_nanfunctions_impl.py:1997: RuntimeWarning: Degrees of freedom <= 0 for slice.
  var = nanvar(a, axis=axis, dtype=dtype, out=out, ddof=ddof,
/home/ubuntu/observable-garden/learn2/blocks.py:23: RuntimeWarning: Mean of empty slice
  mu = np.nanmean(x, axis=1, keepdims=True)
/home/ubuntu/observable-garden/.venv/lib/python3.14/site-packages/numpy/lib/_nanfunctions_impl.py:1997: RuntimeWarning: Degrees of freedom <= 0 for slice.
  var = nanvar(a, axis=axis, dtype=dtype, out=out, ddof=ddof,
/home/ubuntu/observable-garden/learn2/blocks.py:23: RuntimeWarning: Mean of empty slice
  mu = np.nanmean(x, axis=1, keepdims=True)
/home/ubuntu/observable-garden/.venv/lib/python3.14/site-packages/numpy/lib/_nanfunctions_impl.py:1997: RuntimeWarning: Degrees of freedom <= 0 for slice.
  var = nanvar(a, axis=axis, dtype=dtype, out=out, ddof=ddof,
/home/ubuntu/observable-garden/learn2/blocks.py:23: RuntimeWarning: Mean of empty slice
  mu = np.nanmean(x, axis=1, keepdims=True)
/home/ubuntu/observable-garden/.venv/lib/python3.14/site-packages/numpy/lib/_nanfunctions_impl.py:1997: RuntimeWarning: Degrees of freedom <= 0 for slice.
  var = nanvar(a, axis=axis, dtype=dtype, out=out, ddof=ddof,
/home/ubuntu/observable-garden/learn2/blocks.py:23: RuntimeWarning: Mean of empty slice
  mu = np.nanmean(x, axis=1, keepdims=True)
/home/ubuntu/observable-garden/.venv/lib/python3.14/site-packages/numpy/lib/_nanfunctions_impl.py:1997: RuntimeWarning: Degrees of freedom <= 0 for slice.
  var = nanvar(a, axis=axis, dtype=dtype, out=out, ddof=ddof,
/home/ubuntu/observable-garden/learn2/blocks.py:23: RuntimeWarning: Mean of empty slice
  mu = np.nanmean(x, axis=1, keepdims=True)
/home/ubuntu/observable-garden/.venv/lib/python3.14/site-packages/numpy/lib/_nanfunctions_impl.py:1997: RuntimeWarning: Degrees of freedom <= 0 for slice.
  var = nanvar(a, axis=axis, dtype=dtype, out=out, ddof=ddof,
/home/ubuntu/observable-garden/learn2/blocks.py:23: RuntimeWarning: Mean of empty slice
  mu = np.nanmean(x, axis=1, keepdims=True)
/home/ubuntu/observable-garden/.venv/lib/python3.14/site-packages/numpy/lib/_nanfunctions_impl.py:1997: RuntimeWarning: Degrees of freedom <= 0 for slice.
  var = nanvar(a, axis=axis, dtype=dtype, out=out, ddof=ddof,
/home/ubuntu/observable-garden/learn2/blocks.py:23: RuntimeWarning: Mean of empty slice
  mu = np.nanmean(x, axis=1, keepdims=True)
/home/ubuntu/observable-garden/.venv/lib/python3.14/site-packages/numpy/lib/_nanfunctions_impl.py:1997: RuntimeWarning: Degrees of freedom <= 0 for slice.
  var = nanvar(a, axis=axis, dtype=dtype, out=out, ddof=ddof,
/home/ubuntu/observable-garden/learn2/blocks.py:23: RuntimeWarning: Mean of empty slice
  mu = np.nanmean(x, axis=1, keepdims=True)
/home/ubuntu/observable-garden/.venv/lib/python3.14/site-packages/numpy/lib/_nanfunctions_impl.py:1997: RuntimeWarning: Degrees of freedom <= 0 for slice.
  var = nanvar(a, axis=axis, dtype=dtype, out=out, ddof=ddof,
/home/ubuntu/observable-garden/learn2/blocks.py:23: RuntimeWarning: Mean of empty slice
  mu = np.nanmean(x, axis=1, keepdims=True)
/home/ubuntu/observable-garden/.venv/lib/python3.14/site-packages/numpy/lib/_nanfunctions_impl.py:1997: RuntimeWarning: Degrees of freedom <= 0 for slice.
  var = nanvar(a, axis=axis, dtype=dtype, out=out, ddof=ddof,
/home/ubuntu/observable-garden/learn2/blocks.py:23: RuntimeWarning: Mean of empty slice
  mu = np.nanmean(x, axis=1, keepdims=True)
/home/ubuntu/observable-garden/.venv/lib/python3.14/site-packages/numpy/lib/_nanfunctions_impl.py:1997: RuntimeWarning: Degrees of freedom <= 0 for slice.
  var = nanvar(a, axis=axis, dtype=dtype, out=out, ddof=ddof,
/home/ubuntu/observable-garden/learn2/blocks.py:23: RuntimeWarning: Mean of empty slice
  mu = np.nanmean(x, axis=1, keepdims=True)
/home/ubuntu/observable-garden/.venv/lib/python3.14/site-packages/numpy/lib/_nanfunctions_impl.py:1997: RuntimeWarning: Degrees of freedom <= 0 for slice.
  var = nanvar(a, axis=axis, dtype=dtype, out=out, ddof=ddof,
/home/ubuntu/observable-garden/learn2/blocks.py:23: RuntimeWarning: Mean of empty slice
  mu = np.nanmean(x, axis=1, keepdims=True)
/home/ubuntu/observable-garden/learn2/blocks.py:23: RuntimeWarning: Mean of empty slice
  mu = np.nanmean(x, axis=1, keepdims=True)
/home/ubuntu/observable-garden/.venv/lib/python3.14/site-packages/numpy/lib/_nanfunctions_impl.py:1997: RuntimeWarning: Degrees of freedom <= 0 for slice.
  var = nanvar(a, axis=axis, dtype=dtype, out=out, ddof=ddof,
/home/ubuntu/observable-garden/.venv/lib/python3.14/site-packages/numpy/lib/_nanfunctions_impl.py:1997: RuntimeWarning: Degrees of freedom <= 0 for slice.
  var = nanvar(a, axis=axis, dtype=dtype, out=out, ddof=ddof,
/home/ubuntu/observable-garden/learn2/blocks.py:23: RuntimeWarning: Mean of empty slice
  mu = np.nanmean(x, axis=1, keepdims=True)
/home/ubuntu/observable-garden/.venv/lib/python3.14/site-packages/numpy/lib/_nanfunctions_impl.py:1997: RuntimeWarning: Degrees of freedom <= 0 for slice.
  var = nanvar(a, axis=axis, dtype=dtype, out=out, ddof=ddof,
/home/ubuntu/observable-garden/learn2/blocks.py:23: RuntimeWarning: Mean of empty slice
  mu = np.nanmean(x, axis=1, keepdims=True)
/home/ubuntu/observable-garden/learn2/blocks.py:23: RuntimeWarning: Mean of empty slice
  mu = np.nanmean(x, axis=1, keepdims=True)
/home/ubuntu/observable-garden/.venv/lib/python3.14/site-packages/numpy/lib/_nanfunctions_impl.py:1997: RuntimeWarning: Degrees of freedom <= 0 for slice.
  var = nanvar(a, axis=axis, dtype=dtype, out=out, ddof=ddof,
/home/ubuntu/observable-garden/.venv/lib/python3.14/site-packages/numpy/lib/_nanfunctions_impl.py:1997: RuntimeWarning: Degrees of freedom <= 0 for slice.
  var = nanvar(a, axis=axis, dtype=dtype, out=out, ddof=ddof,
/home/ubuntu/observable-garden/learn2/blocks.py:23: RuntimeWarning: Mean of empty slice
  mu = np.nanmean(x, axis=1, keepdims=True)
/home/ubuntu/observable-garden/.venv/lib/python3.14/site-packages/numpy/lib/_nanfunctions_impl.py:1997: RuntimeWarning: Degrees of freedom <= 0 for slice.
  var = nanvar(a, axis=axis, dtype=dtype, out=out, ddof=ddof,
/home/ubuntu/observable-garden/learn2/blocks.py:23: RuntimeWarning: Mean of empty slice
  mu = np.nanmean(x, axis=1, keepdims=True)
/home/ubuntu/observable-garden/.venv/lib/python3.14/site-packages/numpy/lib/_nanfunctions_impl.py:1997: RuntimeWarning: Degrees of freedom <= 0 for slice.
  var = nanvar(a, axis=axis, dtype=dtype, out=out, ddof=ddof,
/home/ubuntu/observable-garden/learn2/blocks.py:23: RuntimeWarning: Mean of empty slice
  mu = np.nanmean(x, axis=1, keepdims=True)
/home/ubuntu/observable-garden/.venv/lib/python3.14/site-packages/numpy/lib/_nanfunctions_impl.py:1997: RuntimeWarning: Degrees of freedom <= 0 for slice.
  var = nanvar(a, axis=axis, dtype=dtype, out=out, ddof=ddof,
/home/ubuntu/observable-garden/learn2/blocks.py:23: RuntimeWarning: Mean of empty slice
  mu = np.nanmean(x, axis=1, keepdims=True)
/home/ubuntu/observable-garden/.venv/lib/python3.14/site-packages/numpy/lib/_nanfunctions_impl.py:1997: RuntimeWarning: Degrees of freedom <= 0 for slice.
  var = nanvar(a, axis=axis, dtype=dtype, out=out, ddof=ddof,
/home/ubuntu/observable-garden/learn2/blocks.py:23: RuntimeWarning: Mean of empty slice
  mu = np.nanmean(x, axis=1, keepdims=True)
/home/ubuntu/observable-garden/.venv/lib/python3.14/site-packages/numpy/lib/_nanfunctions_impl.py:1997: RuntimeWarning: Degrees of freedom <= 0 for slice.
  var = nanvar(a, axis=axis, dtype=dtype, out=out, ddof=ddof,
/home/ubuntu/observable-garden/learn2/blocks.py:23: RuntimeWarning: Mean of empty slice
  mu = np.nanmean(x, axis=1, keepdims=True)
/home/ubuntu/observable-garden/.venv/lib/python3.14/site-packages/numpy/lib/_nanfunctions_impl.py:1997: RuntimeWarning: Degrees of freedom <= 0 for slice.
  var = nanvar(a, axis=axis, dtype=dtype, out=out, ddof=ddof,
/home/ubuntu/observable-garden/learn2/blocks.py:23: RuntimeWarning: Mean of empty slice
  mu = np.nanmean(x, axis=1, keepdims=True)
/home/ubuntu/observable-garden/.venv/lib/python3.14/site-packages/numpy/lib/_nanfunctions_impl.py:1997: RuntimeWarning: Degrees of freedom <= 0 for slice.
  var = nanvar(a, axis=axis, dtype=dtype, out=out, ddof=ddof,
/home/ubuntu/observable-garden/learn2/blocks.py:23: RuntimeWarning: Mean of empty slice
  mu = np.nanmean(x, axis=1, keepdims=True)
/home/ubuntu/observable-garden/.venv/lib/python3.14/site-packages/numpy/lib/_nanfunctions_impl.py:1997: RuntimeWarning: Degrees of freedom <= 0 for slice.
  var = nanvar(a, axis=axis, dtype=dtype, out=out, ddof=ddof,
/home/ubuntu/observable-garden/learn2/blocks.py:23: RuntimeWarning: Mean of empty slice
  mu = np.nanmean(x, axis=1, keepdims=True)
/home/ubuntu/observable-garden/.venv/lib/python3.14/site-packages/numpy/lib/_nanfunctions_impl.py:1997: RuntimeWarning: Degrees of freedom <= 0 for slice.
  var = nanvar(a, axis=axis, dtype=dtype, out=out, ddof=ddof,
/home/ubuntu/observable-garden/learn2/blocks.py:23: RuntimeWarning: Mean of empty slice
  mu = np.nanmean(x, axis=1, keepdims=True)
/home/ubuntu/observable-garden/.venv/lib/python3.14/site-packages/numpy/lib/_nanfunctions_impl.py:1997: RuntimeWarning: Degrees of freedom <= 0 for slice.
  var = nanvar(a, axis=axis, dtype=dtype, out=out, ddof=ddof,
/home/ubuntu/observable-garden/learn2/blocks.py:23: RuntimeWarning: Mean of empty slice
  mu = np.nanmean(x, axis=1, keepdims=True)
/home/ubuntu/observable-garden/.venv/lib/python3.14/site-packages/numpy/lib/_nanfunctions_impl.py:1997: RuntimeWarning: Degrees of freedom <= 0 for slice.
  var = nanvar(a, axis=axis, dtype=dtype, out=out, ddof=ddof,
/home/ubuntu/observable-garden/learn2/blocks.py:23: RuntimeWarning: Mean of empty slice
  mu = np.nanmean(x, axis=1, keepdims=True)
/home/ubuntu/observable-garden/.venv/lib/python3.14/site-packages/numpy/lib/_nanfunctions_impl.py:1997: RuntimeWarning: Degrees of freedom <= 0 for slice.
  var = nanvar(a, axis=axis, dtype=dtype, out=out, ddof=ddof,
/home/ubuntu/observable-garden/learn2/blocks.py:23: RuntimeWarning: Mean of empty slice
  mu = np.nanmean(x, axis=1, keepdims=True)
/home/ubuntu/observable-garden/.venv/lib/python3.14/site-packages/numpy/lib/_nanfunctions_impl.py:1997: RuntimeWarning: Degrees of freedom <= 0 for slice.
  var = nanvar(a, axis=axis, dtype=dtype, out=out, ddof=ddof,
/home/ubuntu/observable-garden/learn2/blocks.py:23: RuntimeWarning: Mean of empty slice
  mu = np.nanmean(x, axis=1, keepdims=True)
/home/ubuntu/observable-garden/.venv/lib/python3.14/site-packages/numpy/lib/_nanfunctions_impl.py:1997: RuntimeWarning: Degrees of freedom <= 0 for slice.
  var = nanvar(a, axis=axis, dtype=dtype, out=out, ddof=ddof,
/home/ubuntu/observable-garden/learn2/blocks.py:23: RuntimeWarning: Mean of empty slice
  mu = np.nanmean(x, axis=1, keepdims=True)
/home/ubuntu/observable-garden/.venv/lib/python3.14/site-packages/numpy/lib/_nanfunctions_impl.py:1997: RuntimeWarning: Degrees of freedom <= 0 for slice.
  var = nanvar(a, axis=axis, dtype=dtype, out=out, ddof=ddof,
/home/ubuntu/observable-garden/learn2/blocks.py:23: RuntimeWarning: Mean of empty slice
  mu = np.nanmean(x, axis=1, keepdims=True)
/home/ubuntu/observable-garden/.venv/lib/python3.14/site-packages/numpy/lib/_nanfunctions_impl.py:1997: RuntimeWarning: Degrees of freedom <= 0 for slice.
  var = nanvar(a, axis=axis, dtype=dtype, out=out, ddof=ddof,
/home/ubuntu/observable-garden/learn2/blocks.py:23: RuntimeWarning: Mean of empty slice
  mu = np.nanmean(x, axis=1, keepdims=True)
/home/ubuntu/observable-garden/.venv/lib/python3.14/site-packages/numpy/lib/_nanfunctions_impl.py:1997: RuntimeWarning: Degrees of freedom <= 0 for slice.
  var = nanvar(a, axis=axis, dtype=dtype, out=out, ddof=ddof,
/home/ubuntu/observable-garden/learn2/blocks.py:23: RuntimeWarning: Mean of empty slice
  mu = np.nanmean(x, axis=1, keepdims=True)
/home/ubuntu/observable-garden/.venv/lib/python3.14/site-packages/numpy/lib/_nanfunctions_impl.py:1997: RuntimeWarning: Degrees of freedom <= 0 for slice.
  var = nanvar(a, axis=axis, dtype=dtype, out=out, ddof=ddof,
/home/ubuntu/observable-garden/learn2/blocks.py:23: RuntimeWarning: Mean of empty slice
  mu = np.nanmean(x, axis=1, keepdims=True)
/home/ubuntu/observable-garden/.venv/lib/python3.14/site-packages/numpy/lib/_nanfunctions_impl.py:1997: RuntimeWarning: Degrees of freedom <= 0 for slice.
  var = nanvar(a, axis=axis, dtype=dtype, out=out, ddof=ddof,
/home/ubuntu/observable-garden/learn2/blocks.py:23: RuntimeWarning: Mean of empty slice
  mu = np.nanmean(x, axis=1, keepdims=True)
/home/ubuntu/observable-garden/.venv/lib/python3.14/site-packages/numpy/lib/_nanfunctions_impl.py:1997: RuntimeWarning: Degrees of freedom <= 0 for slice.
  var = nanvar(a, axis=axis, dtype=dtype, out=out, ddof=ddof,
/home/ubuntu/observable-garden/learn2/blocks.py:23: RuntimeWarning: Mean of empty slice
  mu = np.nanmean(x, axis=1, keepdims=True)
/home/ubuntu/observable-garden/.venv/lib/python3.14/site-packages/numpy/lib/_nanfunctions_impl.py:1997: RuntimeWarning: Degrees of freedom <= 0 for slice.
  var = nanvar(a, axis=axis, dtype=dtype, out=out, ddof=ddof,
/home/ubuntu/observable-garden/learn2/blocks.py:23: RuntimeWarning: Mean of empty slice
  mu = np.nanmean(x, axis=1, keepdims=True)
/home/ubuntu/observable-garden/.venv/lib/python3.14/site-packages/numpy/lib/_nanfunctions_impl.py:1997: RuntimeWarning: Degrees of freedom <= 0 for slice.
  var = nanvar(a, axis=axis, dtype=dtype, out=out, ddof=ddof,
1/960 tasks, 448 s
2/960 tasks, 454 s
3/960 tasks, 456 s
4/960 tasks, 458 s
5/960 tasks, 458 s
6/960 tasks, 461 s
7/960 tasks, 461 s
8/960 tasks, 462 s
9/960 tasks, 462 s
10/960 tasks, 463 s
11/960 tasks, 465 s
12/960 tasks, 465 s
13/960 tasks, 466 s
14/960 tasks, 467 s
15/960 tasks, 467 s
16/960 tasks, 469 s
17/960 tasks, 470 s
18/960 tasks, 470 s
19/960 tasks, 470 s
20/960 tasks, 470 s
21/960 tasks, 471 s
22/960 tasks, 471 s
23/960 tasks, 472 s
24/960 tasks, 472 s
25/960 tasks, 472 s
26/960 tasks, 473 s
27/960 tasks, 473 s
28/960 tasks, 474 s
29/960 tasks, 474 s
30/960 tasks, 475 s
31/960 tasks, 477 s
32/960 tasks, 477 s
33/960 tasks, 477 s
34/960 tasks, 477 s
35/960 tasks, 478 s
36/960 tasks, 478 s
37/960 tasks, 478 s
38/960 tasks, 478 s
39/960 tasks, 478 s
40/960 tasks, 479 s
41/960 tasks, 479 s
42/960 tasks, 480 s
43/960 tasks, 480 s
44/960 tasks, 481 s
45/960 tasks, 481 s
46/960 tasks, 481 s
47/960 tasks, 481 s
48/960 tasks, 481 s
49/960 tasks, 481 s
50/960 tasks, 481 s
51/960 tasks, 482 s
52/960 tasks, 482 s
53/960 tasks, 483 s
54/960 tasks, 483 s
55/960 tasks, 484 s
56/960 tasks, 485 s
57/960 tasks, 485 s
58/960 tasks, 485 s
59/960 tasks, 485 s
60/960 tasks, 485 s
61/960 tasks, 485 s
62/960 tasks, 485 s
63/960 tasks, 486 s
64/960 tasks, 486 s
65/960 tasks, 487 s
66/960 tasks, 487 s
67/960 tasks, 488 s
68/960 tasks, 488 s
69/960 tasks, 488 s
70/960 tasks, 488 s
71/960 tasks, 488 s
72/960 tasks, 488 s
73/960 tasks, 488 s
74/960 tasks, 488 s
75/960 tasks, 488 s
76/960 tasks, 489 s
77/960 tasks, 489 s
78/960 tasks, 489 s
79/960 tasks, 489 s
80/960 tasks, 489 s
81/960 tasks, 489 s
82/960 tasks, 489 s
83/960 tasks, 489 s
84/960 tasks, 489 s
85/960 tasks, 490 s
86/960 tasks, 490 s
87/960 tasks, 490 s
88/960 tasks, 491 s
89/960 tasks, 491 s
90/960 tasks, 491 s
91/960 tasks, 491 s
92/960 tasks, 491 s
93/960 tasks, 492 s
94/960 tasks, 492 s
95/960 tasks, 492 s
96/960 tasks, 493 s
97/960 tasks, 493 s
98/960 tasks, 493 s
99/960 tasks, 493 s
100/960 tasks, 493 s
101/960 tasks, 494 s
102/960 tasks, 494 s
103/960 tasks, 494 s
104/960 tasks, 494 s
105/960 tasks, 495 s
106/960 tasks, 495 s
107/960 tasks, 495 s
108/960 tasks, 495 s
109/960 tasks, 495 s
110/960 tasks, 495 s
111/960 tasks, 496 s
112/960 tasks, 496 s
113/960 tasks, 496 s
114/960 tasks, 496 s
115/960 tasks, 497 s
116/960 tasks, 497 s
117/960 tasks, 497 s
118/960 tasks, 498 s
119/960 tasks, 498 s
120/960 tasks, 499 s
121/960 tasks, 499 s
122/960 tasks, 499 s
123/960 tasks, 499 s
124/960 tasks, 500 s
125/960 tasks, 500 s
126/960 tasks, 500 s
127/960 tasks, 501 s
128/960 tasks, 501 s
129/960 tasks, 501 s
130/960 tasks, 501 s
131/960 tasks, 501 s
132/960 tasks, 501 s
133/960 tasks, 501 s
134/960 tasks, 502 s
135/960 tasks, 502 s
136/960 tasks, 503 s
137/960 tasks, 503 s
138/960 tasks, 503 s
139/960 tasks, 504 s
140/960 tasks, 505 s
141/960 tasks, 505 s
142/960 tasks, 505 s
143/960 tasks, 506 s
144/960 tasks, 507 s
145/960 tasks, 508 s
146/960 tasks, 510 s
147/960 tasks, 510 s
148/960 tasks, 512 s
149/960 tasks, 512 s
150/960 tasks, 516 s
151/960 tasks, 516 s
152/960 tasks, 516 s
153/960 tasks, 517 s
154/960 tasks, 518 s
155/960 tasks, 519 s
156/960 tasks, 519 s
157/960 tasks, 520 s
158/960 tasks, 520 s
159/960 tasks, 520 s
160/960 tasks, 520 s
161/960 tasks, 520 s
162/960 tasks, 520 s
163/960 tasks, 521 s
164/960 tasks, 521 s
165/960 tasks, 522 s
166/960 tasks, 523 s
167/960 tasks, 523 s
168/960 tasks, 524 s
169/960 tasks, 524 s
170/960 tasks, 524 s
171/960 tasks, 525 s
172/960 tasks, 525 s
173/960 tasks, 525 s
174/960 tasks, 526 s
175/960 tasks, 527 s
176/960 tasks, 527 s
177/960 tasks, 527 s
178/960 tasks, 528 s
179/960 tasks, 528 s
180/960 tasks, 528 s
181/960 tasks, 861 s
182/960 tasks, 872 s
183/960 tasks, 872 s
184/960 tasks, 886 s
185/960 tasks, 886 s
186/960 tasks, 886 s
187/960 tasks, 890 s
188/960 tasks, 890 s
189/960 tasks, 898 s
190/960 tasks, 898 s
191/960 tasks, 899 s
192/960 tasks, 900 s
193/960 tasks, 900 s
194/960 tasks, 903 s
195/960 tasks, 903 s
196/960 tasks, 905 s
197/960 tasks, 906 s
198/960 tasks, 907 s
199/960 tasks, 908 s
200/960 tasks, 909 s
201/960 tasks, 909 s
202/960 tasks, 911 s
203/960 tasks, 911 s
204/960 tasks, 911 s
205/960 tasks, 912 s
206/960 tasks, 912 s
207/960 tasks, 913 s
208/960 tasks, 914 s
209/960 tasks, 914 s
210/960 tasks, 914 s
211/960 tasks, 915 s
212/960 tasks, 915 s
213/960 tasks, 916 s
214/960 tasks, 917 s
215/960 tasks, 917 s
216/960 tasks, 918 s
217/960 tasks, 919 s
218/960 tasks, 919 s
219/960 tasks, 919 s
220/960 tasks, 919 s
221/960 tasks, 921 s
222/960 tasks, 921 s
223/960 tasks, 921 s
224/960 tasks, 921 s
225/960 tasks, 922 s
226/960 tasks, 922 s
227/960 tasks, 924 s
228/960 tasks, 924 s
229/960 tasks, 926 s
230/960 tasks, 926 s
231/960 tasks, 926 s
232/960 tasks, 926 s
233/960 tasks, 927 s
234/960 tasks, 927 s
235/960 tasks, 927 s
236/960 tasks, 927 s
237/960 tasks, 928 s
238/960 tasks, 929 s
239/960 tasks, 929 s
240/960 tasks, 929 s
241/960 tasks, 929 s
242/960 tasks, 930 s
243/960 tasks, 930 s
244/960 tasks, 930 s
245/960 tasks, 930 s
246/960 tasks, 931 s
247/960 tasks, 932 s
248/960 tasks, 933 s
249/960 tasks, 933 s
250/960 tasks, 934 s
251/960 tasks, 934 s
252/960 tasks, 934 s
253/960 tasks, 934 s
254/960 tasks, 935 s
255/960 tasks, 936 s
256/960 tasks, 936 s
257/960 tasks, 936 s
258/960 tasks, 936 s
259/960 tasks, 938 s
260/960 tasks, 938 s
261/960 tasks, 939 s
262/960 tasks, 939 s
263/960 tasks, 939 s
264/960 tasks, 940 s
265/960 tasks, 942 s
266/960 tasks, 942 s
267/960 tasks, 943 s
268/960 tasks, 943 s
269/960 tasks, 943 s
270/960 tasks, 945 s
271/960 tasks, 945 s
272/960 tasks, 945 s
273/960 tasks, 946 s
274/960 tasks, 946 s
275/960 tasks, 947 s
276/960 tasks, 947 s
277/960 tasks, 948 s
278/960 tasks, 948 s
279/960 tasks, 948 s
280/960 tasks, 948 s
281/960 tasks, 949 s
282/960 tasks, 950 s
283/960 tasks, 950 s
284/960 tasks, 950 s
285/960 tasks, 950 s
286/960 tasks, 951 s
287/960 tasks, 951 s
288/960 tasks, 951 s
289/960 tasks, 951 s
290/960 tasks, 953 s
291/960 tasks, 954 s
292/960 tasks, 954 s
293/960 tasks, 954 s
294/960 tasks, 954 s
295/960 tasks, 954 s
296/960 tasks, 954 s
297/960 tasks, 955 s
298/960 tasks, 955 s
299/960 tasks, 955 s
300/960 tasks, 955 s
301/960 tasks, 955 s
302/960 tasks, 957 s
303/960 tasks, 957 s
304/960 tasks, 957 s
305/960 tasks, 957 s
306/960 tasks, 957 s
307/960 tasks, 957 s
308/960 tasks, 958 s
309/960 tasks, 958 s
310/960 tasks, 959 s
311/960 tasks, 959 s
312/960 tasks, 960 s
313/960 tasks, 960 s
314/960 tasks, 960 s
315/960 tasks, 961 s
316/960 tasks, 962 s
317/960 tasks, 965 s
318/960 tasks, 965 s
319/960 tasks, 965 s
320/960 tasks, 965 s
321/960 tasks, 965 s
322/960 tasks, 965 s
323/960 tasks, 965 s
324/960 tasks, 967 s
325/960 tasks, 968 s
326/960 tasks, 969 s
327/960 tasks, 970 s
328/960 tasks, 972 s
329/960 tasks, 972 s
330/960 tasks, 973 s
331/960 tasks, 973 s
332/960 tasks, 975 s
333/960 tasks, 975 s
334/960 tasks, 975 s
335/960 tasks, 976 s
336/960 tasks, 977 s
337/960 tasks, 977 s
338/960 tasks, 978 s
339/960 tasks, 978 s
340/960 tasks, 978 s
341/960 tasks, 979 s
342/960 tasks, 980 s
343/960 tasks, 981 s
344/960 tasks, 981 s
345/960 tasks, 982 s
346/960 tasks, 982 s
347/960 tasks, 983 s
348/960 tasks, 986 s
349/960 tasks, 989 s
350/960 tasks, 989 s
351/960 tasks, 990 s
352/960 tasks, 994 s
353/960 tasks, 994 s
354/960 tasks, 996 s
355/960 tasks, 998 s
356/960 tasks, 999 s
357/960 tasks, 1006 s
358/960 tasks, 1008 s
359/960 tasks, 1009 s
360/960 tasks, 1016 s
361/960 tasks, 1306 s
362/960 tasks, 1323 s
363/960 tasks, 1331 s
364/960 tasks, 1333 s
365/960 tasks, 1334 s
366/960 tasks, 1335 s
367/960 tasks, 1335 s
368/960 tasks, 1339 s
369/960 tasks, 1340 s
370/960 tasks, 1341 s
371/960 tasks, 1341 s
372/960 tasks, 1343 s
373/960 tasks, 1343 s
374/960 tasks, 1343 s
375/960 tasks, 1349 s
376/960 tasks, 1351 s
377/960 tasks, 1353 s
378/960 tasks, 1354 s
379/960 tasks, 1357 s
380/960 tasks, 1357 s
381/960 tasks, 1357 s
382/960 tasks, 1357 s
383/960 tasks, 1358 s
384/960 tasks, 1359 s
385/960 tasks, 1359 s
386/960 tasks, 1360 s
387/960 tasks, 1361 s
388/960 tasks, 1362 s
389/960 tasks, 1363 s
390/960 tasks, 1364 s
391/960 tasks, 1364 s
392/960 tasks, 1364 s
393/960 tasks, 1366 s
394/960 tasks, 1366 s
395/960 tasks, 1367 s
396/960 tasks, 1368 s
397/960 tasks, 1369 s
398/960 tasks, 1369 s
399/960 tasks, 1370 s
400/960 tasks, 1371 s
401/960 tasks, 1372 s
402/960 tasks, 1372 s
403/960 tasks, 1373 s
404/960 tasks, 1374 s
405/960 tasks, 1374 s
406/960 tasks, 1374 s
407/960 tasks, 1377 s
408/960 tasks, 1377 s
409/960 tasks, 1378 s
410/960 tasks, 1379 s
411/960 tasks, 1379 s
412/960 tasks, 1380 s
413/960 tasks, 1380 s
414/960 tasks, 1381 s
415/960 tasks, 1381 s
416/960 tasks, 1382 s
417/960 tasks, 1382 s
418/960 tasks, 1384 s
419/960 tasks, 1384 s
420/960 tasks, 1384 s
421/960 tasks, 1384 s
422/960 tasks, 1385 s
423/960 tasks, 1385 s
424/960 tasks, 1386 s
425/960 tasks, 1386 s
426/960 tasks, 1387 s
427/960 tasks, 1388 s
428/960 tasks, 1388 s
429/960 tasks, 1388 s
430/960 tasks, 1389 s
431/960 tasks, 1389 s
432/960 tasks, 1389 s
433/960 tasks, 1389 s
434/960 tasks, 1389 s
435/960 tasks, 1389 s
436/960 tasks, 1389 s
437/960 tasks, 1391 s
438/960 tasks, 1391 s
439/960 tasks, 1392 s
440/960 tasks, 1392 s
441/960 tasks, 1393 s
442/960 tasks, 1393 s
443/960 tasks, 1393 s
444/960 tasks, 1394 s
445/960 tasks, 1394 s
446/960 tasks, 1394 s
447/960 tasks, 1395 s
448/960 tasks, 1396 s
449/960 tasks, 1396 s
450/960 tasks, 1396 s
451/960 tasks, 1396 s
452/960 tasks, 1397 s
453/960 tasks, 1397 s
454/960 tasks, 1397 s
455/960 tasks, 1398 s
456/960 tasks, 1398 s
457/960 tasks, 1399 s
458/960 tasks, 1401 s
459/960 tasks, 1401 s
460/960 tasks, 1401 s
461/960 tasks, 1402 s
462/960 tasks, 1402 s
463/960 tasks, 1403 s
464/960 tasks, 1403 s
465/960 tasks, 1403 s
466/960 tasks, 1404 s
467/960 tasks, 1405 s
468/960 tasks, 1405 s
469/960 tasks, 1406 s
470/960 tasks, 1406 s
471/960 tasks, 1406 s
472/960 tasks, 1407 s
473/960 tasks, 1407 s
474/960 tasks, 1407 s
475/960 tasks, 1408 s
476/960 tasks, 1408 s
477/960 tasks, 1408 s
478/960 tasks, 1409 s
479/960 tasks, 1409 s
480/960 tasks, 1409 s
481/960 tasks, 1409 s
482/960 tasks, 1410 s
483/960 tasks, 1410 s
484/960 tasks, 1411 s
485/960 tasks, 1411 s
486/960 tasks, 1411 s
487/960 tasks, 1412 s
488/960 tasks, 1412 s
489/960 tasks, 1413 s
490/960 tasks, 1414 s
491/960 tasks, 1415 s
492/960 tasks, 1415 s
493/960 tasks, 1417 s
494/960 tasks, 1417 s
495/960 tasks, 1417 s
496/960 tasks, 1417 s
497/960 tasks, 1417 s
498/960 tasks, 1418 s
499/960 tasks, 1420 s
500/960 tasks, 1420 s
501/960 tasks, 1420 s
502/960 tasks, 1420 s
503/960 tasks, 1421 s
504/960 tasks, 1421 s
505/960 tasks, 1422 s
506/960 tasks, 1422 s
507/960 tasks, 1422 s
508/960 tasks, 1423 s
509/960 tasks, 1424 s
510/960 tasks, 1426 s
511/960 tasks, 1426 s
512/960 tasks, 1426 s
513/960 tasks, 1427 s
514/960 tasks, 1428 s
515/960 tasks, 1429 s
516/960 tasks, 1430 s
517/960 tasks, 1431 s
518/960 tasks, 1431 s
519/960 tasks, 1431 s
520/960 tasks, 1432 s
521/960 tasks, 1433 s
522/960 tasks, 1433 s
523/960 tasks, 1435 s
524/960 tasks, 1436 s
525/960 tasks, 1436 s
526/960 tasks, 1437 s
527/960 tasks, 1439 s
528/960 tasks, 1440 s
529/960 tasks, 1441 s
530/960 tasks, 1441 s
531/960 tasks, 1444 s
532/960 tasks, 1447 s
533/960 tasks, 1448 s
534/960 tasks, 1449 s
535/960 tasks, 1455 s
536/960 tasks, 1456 s
537/960 tasks, 1466 s
538/960 tasks, 1467 s
539/960 tasks, 1470 s
540/960 tasks, 1480 s
541/960 tasks, 1576 s
542/960 tasks, 1586 s
543/960 tasks, 1586 s
544/960 tasks, 1595 s
545/960 tasks, 1597 s
546/960 tasks, 1602 s
547/960 tasks, 1603 s
548/960 tasks, 1603 s
549/960 tasks, 1604 s
550/960 tasks, 1604 s
551/960 tasks, 1605 s
552/960 tasks, 1605 s
553/960 tasks, 1605 s
554/960 tasks, 1606 s
555/960 tasks, 1606 s
556/960 tasks, 1607 s
557/960 tasks, 1607 s
558/960 tasks, 1608 s
559/960 tasks, 1609 s
560/960 tasks, 1610 s
561/960 tasks, 1610 s
562/960 tasks, 1610 s
563/960 tasks, 1611 s
564/960 tasks, 1612 s
565/960 tasks, 1612 s
566/960 tasks, 1612 s
567/960 tasks, 1615 s
568/960 tasks, 1615 s
569/960 tasks, 1618 s
570/960 tasks, 1619 s
571/960 tasks, 1619 s
572/960 tasks, 1621 s
573/960 tasks, 1621 s
574/960 tasks, 1622 s
575/960 tasks, 1622 s
576/960 tasks, 1622 s
577/960 tasks, 1623 s
578/960 tasks, 1623 s
579/960 tasks, 1624 s
580/960 tasks, 1624 s
581/960 tasks, 1624 s
582/960 tasks, 1625 s
583/960 tasks, 1625 s
584/960 tasks, 1625 s
585/960 tasks, 1625 s
586/960 tasks, 1626 s
587/960 tasks, 1626 s
588/960 tasks, 1627 s
589/960 tasks, 1627 s
590/960 tasks, 1627 s
591/960 tasks, 1627 s
592/960 tasks, 1628 s
593/960 tasks, 1628 s
594/960 tasks, 1629 s
595/960 tasks, 1629 s
596/960 tasks, 1629 s
597/960 tasks, 1630 s
598/960 tasks, 1631 s
599/960 tasks, 1633 s
600/960 tasks, 1633 s
601/960 tasks, 1633 s
602/960 tasks, 1634 s
603/960 tasks, 1634 s
604/960 tasks, 1634 s
605/960 tasks, 1635 s
606/960 tasks, 1635 s
607/960 tasks, 1635 s
608/960 tasks, 1635 s
609/960 tasks, 1636 s
610/960 tasks, 1636 s
611/960 tasks, 1636 s
612/960 tasks, 1636 s
613/960 tasks, 1637 s
614/960 tasks, 1637 s
615/960 tasks, 1638 s
616/960 tasks, 1640 s
617/960 tasks, 1640 s
618/960 tasks, 1640 s
619/960 tasks, 1640 s
620/960 tasks, 1641 s
621/960 tasks, 1641 s
622/960 tasks, 1641 s
623/960 tasks, 1642 s
624/960 tasks, 1642 s
625/960 tasks, 1643 s
626/960 tasks, 1643 s
627/960 tasks, 1644 s
628/960 tasks, 1644 s
629/960 tasks, 1645 s
630/960 tasks, 1645 s
631/960 tasks, 1645 s
632/960 tasks, 1645 s
633/960 tasks, 1646 s
634/960 tasks, 1646 s
635/960 tasks, 1648 s
636/960 tasks, 1649 s
637/960 tasks, 1649 s
638/960 tasks, 1649 s
639/960 tasks, 1650 s
640/960 tasks, 1651 s
641/960 tasks, 1652 s
642/960 tasks, 1653 s
643/960 tasks, 1653 s
644/960 tasks, 1653 s
645/960 tasks, 1653 s
646/960 tasks, 1654 s
647/960 tasks, 1654 s
648/960 tasks, 1654 s
649/960 tasks, 1655 s
650/960 tasks, 1655 s
651/960 tasks, 1655 s
652/960 tasks, 1657 s
653/960 tasks, 1657 s
654/960 tasks, 1657 s
655/960 tasks, 1658 s
656/960 tasks, 1658 s
657/960 tasks, 1663 s
658/960 tasks, 1663 s
659/960 tasks, 1663 s
660/960 tasks, 1663 s
661/960 tasks, 1664 s
662/960 tasks, 1665 s
663/960 tasks, 1665 s
664/960 tasks, 1665 s
665/960 tasks, 1665 s
666/960 tasks, 1665 s
667/960 tasks, 1666 s
668/960 tasks, 1666 s
669/960 tasks, 1666 s
670/960 tasks, 1666 s
671/960 tasks, 1666 s
672/960 tasks, 1667 s
673/960 tasks, 1668 s
674/960 tasks, 1669 s
675/960 tasks, 1669 s
676/960 tasks, 1670 s
677/960 tasks, 1671 s
678/960 tasks, 1671 s
679/960 tasks, 1672 s
680/960 tasks, 1674 s
681/960 tasks, 1674 s
682/960 tasks, 1674 s
683/960 tasks, 1674 s
684/960 tasks, 1675 s
685/960 tasks, 1678 s
686/960 tasks, 1684 s
687/960 tasks, 1686 s
688/960 tasks, 1686 s
689/960 tasks, 1686 s
690/960 tasks, 1691 s
691/960 tasks, 1692 s
692/960 tasks, 1696 s
693/960 tasks, 1696 s
694/960 tasks, 1698 s
695/960 tasks, 1698 s
696/960 tasks, 1701 s
697/960 tasks, 1710 s
698/960 tasks, 1713 s
699/960 tasks, 1727 s
700/960 tasks, 1728 s
701/960 tasks, 1755 s
702/960 tasks, 1762 s
703/960 tasks, 1768 s
704/960 tasks, 1777 s
705/960 tasks, 1779 s
706/960 tasks, 1784 s
707/960 tasks, 1785 s
708/960 tasks, 1786 s
709/960 tasks, 1791 s
710/960 tasks, 1794 s
711/960 tasks, 1794 s
712/960 tasks, 1797 s
713/960 tasks, 1801 s
714/960 tasks, 1802 s
715/960 tasks, 1807 s
716/960 tasks, 1812 s
717/960 tasks, 1812 s
718/960 tasks, 1814 s
719/960 tasks, 1816 s
720/960 tasks, 1817 s
721/960 tasks, 1818 s
722/960 tasks, 1823 s
723/960 tasks, 1824 s
724/960 tasks, 1828 s
725/960 tasks, 1832 s
726/960 tasks, 1832 s
727/960 tasks, 1833 s
728/960 tasks, 1835 s
729/960 tasks, 1837 s
730/960 tasks, 1837 s
731/960 tasks, 1837 s
732/960 tasks, 1837 s
733/960 tasks, 1840 s
734/960 tasks, 1840 s
735/960 tasks, 1840 s
736/960 tasks, 1843 s
737/960 tasks, 1844 s
738/960 tasks, 1844 s
739/960 tasks, 1846 s
740/960 tasks, 1849 s
741/960 tasks, 1850 s
742/960 tasks, 1851 s
743/960 tasks, 1852 s
744/960 tasks, 1852 s
745/960 tasks, 1852 s
746/960 tasks, 1853 s
747/960 tasks, 1853 s
748/960 tasks, 1854 s
749/960 tasks, 1854 s
750/960 tasks, 1855 s
751/960 tasks, 1858 s
752/960 tasks, 1858 s
753/960 tasks, 1858 s
754/960 tasks, 1859 s
755/960 tasks, 1862 s
756/960 tasks, 1863 s
757/960 tasks, 1863 s
758/960 tasks, 1863 s
759/960 tasks, 1865 s
760/960 tasks, 1865 s
761/960 tasks, 1865 s
762/960 tasks, 1866 s
763/960 tasks, 1866 s
764/960 tasks, 1867 s
765/960 tasks, 1868 s
766/960 tasks, 1868 s
767/960 tasks, 1869 s
768/960 tasks, 1870 s
769/960 tasks, 1871 s
770/960 tasks, 1871 s
771/960 tasks, 1871 s
772/960 tasks, 1872 s
773/960 tasks, 1872 s
774/960 tasks, 1873 s
775/960 tasks, 1873 s
776/960 tasks, 1873 s
777/960 tasks, 1873 s
778/960 tasks, 1874 s
779/960 tasks, 1874 s
780/960 tasks, 1874 s
781/960 tasks, 1874 s
782/960 tasks, 1875 s
783/960 tasks, 1875 s
784/960 tasks, 1875 s
785/960 tasks, 1876 s
786/960 tasks, 1877 s
787/960 tasks, 1878 s
788/960 tasks, 1878 s
789/960 tasks, 1878 s
790/960 tasks, 1879 s
791/960 tasks, 1879 s
792/960 tasks, 1879 s
793/960 tasks, 1880 s
794/960 tasks, 1881 s
795/960 tasks, 1881 s
796/960 tasks, 1882 s
797/960 tasks, 1882 s
798/960 tasks, 1882 s
799/960 tasks, 1882 s
800/960 tasks, 1883 s
801/960 tasks, 1883 s
802/960 tasks, 1883 s
803/960 tasks, 1884 s
804/960 tasks, 1884 s
805/960 tasks, 1885 s
806/960 tasks, 1885 s
807/960 tasks, 1886 s
808/960 tasks, 1886 s
809/960 tasks, 1886 s
810/960 tasks, 1887 s
811/960 tasks, 1887 s
812/960 tasks, 1887 s
813/960 tasks, 1888 s
814/960 tasks, 1888 s
815/960 tasks, 1888 s
816/960 tasks, 1889 s
817/960 tasks, 1889 s
818/960 tasks, 1890 s
819/960 tasks, 1890 s
820/960 tasks, 1890 s
821/960 tasks, 1892 s
822/960 tasks, 1893 s
823/960 tasks, 1893 s
824/960 tasks, 1893 s
825/960 tasks, 1893 s
826/960 tasks, 1895 s
827/960 tasks, 1895 s
828/960 tasks, 1895 s
829/960 tasks, 1896 s
830/960 tasks, 1896 s
831/960 tasks, 1897 s
832/960 tasks, 1897 s
833/960 tasks, 1898 s
834/960 tasks, 1900 s
835/960 tasks, 1900 s
836/960 tasks, 1900 s
837/960 tasks, 1900 s
838/960 tasks, 1901 s
839/960 tasks, 1902 s
840/960 tasks, 1902 s
841/960 tasks, 1903 s
842/960 tasks, 1904 s
843/960 tasks, 1904 s
844/960 tasks, 1905 s
845/960 tasks, 1905 s
846/960 tasks, 1906 s
847/960 tasks, 1906 s
848/960 tasks, 1906 s
849/960 tasks, 1907 s
850/960 tasks, 1907 s
851/960 tasks, 1907 s
852/960 tasks, 1908 s
853/960 tasks, 1909 s
854/960 tasks, 1910 s
855/960 tasks, 1910 s
856/960 tasks, 1911 s
857/960 tasks, 1911 s
858/960 tasks, 1912 s
859/960 tasks, 1912 s
860/960 tasks, 1912 s
861/960 tasks, 1915 s
862/960 tasks, 1915 s
863/960 tasks, 1916 s
864/960 tasks, 1916 s
865/960 tasks, 1919 s
866/960 tasks, 1920 s
867/960 tasks, 1920 s
868/960 tasks, 1921 s
869/960 tasks, 1921 s
870/960 tasks, 1924 s
871/960 tasks, 1924 s
872/960 tasks, 1924 s
873/960 tasks, 1929 s
874/960 tasks, 1930 s
875/960 tasks, 1934 s
876/960 tasks, 1934 s
877/960 tasks, 1935 s
878/960 tasks, 1937 s
879/960 tasks, 1950 s
880/960 tasks, 1950 s
881/960 tasks, 1953 s
882/960 tasks, 1964 s
883/960 tasks, 1970 s
884/960 tasks, 1976 s
885/960 tasks, 1978 s
886/960 tasks, 1983 s
887/960 tasks, 1983 s
888/960 tasks, 1988 s
889/960 tasks, 1988 s
890/960 tasks, 1990 s
891/960 tasks, 1991 s
892/960 tasks, 1992 s
893/960 tasks, 1993 s
894/960 tasks, 1993 s
895/960 tasks, 2000 s
896/960 tasks, 2001 s
897/960 tasks, 2001 s
898/960 tasks, 2004 s
899/960 tasks, 2007 s
900/960 tasks, 2008 s
901/960 tasks, 2008 s
902/960 tasks, 2010 s
903/960 tasks, 2013 s
904/960 tasks, 2014 s
905/960 tasks, 2015 s
906/960 tasks, 2015 s
907/960 tasks, 2015 s
908/960 tasks, 2017 s
909/960 tasks, 2019 s
910/960 tasks, 2019 s
911/960 tasks, 2020 s
912/960 tasks, 2022 s
913/960 tasks, 2022 s
914/960 tasks, 2023 s
915/960 tasks, 2024 s
916/960 tasks, 2024 s
917/960 tasks, 2025 s
918/960 tasks, 2026 s
919/960 tasks, 2026 s
920/960 tasks, 2026 s
921/960 tasks, 2027 s
922/960 tasks, 2027 s
923/960 tasks, 2027 s
924/960 tasks, 2028 s
925/960 tasks, 2028 s
926/960 tasks, 2030 s
927/960 tasks, 2030 s
928/960 tasks, 2032 s
929/960 tasks, 2032 s
930/960 tasks, 2032 s
931/960 tasks, 2034 s
932/960 tasks, 2034 s
933/960 tasks, 2034 s
934/960 tasks, 2034 s
935/960 tasks, 2035 s
936/960 tasks, 2036 s
937/960 tasks, 2036 s
938/960 tasks, 2037 s
939/960 tasks, 2039 s
940/960 tasks, 2039 s
941/960 tasks, 2039 s
942/960 tasks, 2040 s
943/960 tasks, 2040 s
944/960 tasks, 2040 s
945/960 tasks, 2040 s
946/960 tasks, 2041 s
947/960 tasks, 2042 s
948/960 tasks, 2044 s
949/960 tasks, 2044 s
950/960 tasks, 2045 s
951/960 tasks, 2045 s
952/960 tasks, 2045 s
953/960 tasks, 2045 s
954/960 tasks, 2047 s
955/960 tasks, 2047 s
956/960 tasks, 2048 s
957/960 tasks, 2048 s
958/960 tasks, 2054 s
959/960 tasks, 2056 s
960/960 tasks, 2057 s
wall 2059 s; 960 tasks; no outcome printed
[exit 0]
