/home/ubuntu/observable-garden/learn2/blocks.py:23: RuntimeWarning: Mean of empty slice
  mu = np.nanmean(x, axis=1, keepdims=True)
/home/ubuntu/observable-garden/.venv/lib/python3.14/site-packages/numpy/lib/_nanfunctions_impl.py:1997: RuntimeWarning: Degrees of freedom <= 0 for slice.
  var = nanvar(a, axis=axis, dtype=dtype, out=out, ddof=ddof,
/home/ubuntu/observable-garden/learn2/blocks.py:23: RuntimeWarning: Mean of empty slice
  mu = np.nanmean(x, axis=1, keepdims=True)
/home/ubuntu/observable-garden/.venv/lib/python3.14/site-packages/numpy/lib/_nanfunctions_impl.py:1997: RuntimeWarning: Degrees of freedom <= 0 for slice.
  var = nanvar(a, axis=axis, dtype=dtype, out=out, ddof=ddof,
/home/ubuntu/observable-garden/learn2/blocks.py:23: RuntimeWarning: Mean of empty slice
  mu = np.nanmean(x, axis=1, keepdims=True)
/home/ubuntu/observable-garden/.venv/lib/python3.14/site-packages/numpy/lib/_nanfunctions_impl.py:1997: RuntimeWarning: Degrees of freedom <= 0 for slice.
  var = nanvar(a, axis=axis, dtype=dtype, out=out, ddof=ddof,
/home/ubuntu/observable-garden/learn2/blocks.py:23: RuntimeWarning: Mean of empty slice
  mu = np.nanmean(x, axis=1, keepdims=True)
/home/ubuntu/observable-garden/.venv/lib/python3.14/site-packages/numpy/lib/_nanfunctions_impl.py:1997: RuntimeWarning: Degrees of freedom <= 0 for slice.
  var = nanvar(a, axis=axis, dtype=dtype, out=out, ddof=ddof,
/home/ubuntu/observable-garden/learn2/blocks.py:23: RuntimeWarning: Mean of empty slice
  mu = np.nanmean(x, axis=1, keepdims=True)
/home/ubuntu/observable-garden/.venv/lib/python3.14/site-packages/numpy/lib/_nanfunctions_impl.py:1997: RuntimeWarning: Degrees of freedom <= 0 for slice.
  var = nanvar(a, axis=axis, dtype=dtype, out=out, ddof=ddof,
/home/ubuntu/observable-garden/learn2/blocks.py:23: RuntimeWarning: Mean of empty slice
  mu = np.nanmean(x, axis=1, keepdims=True)
/home/ubuntu/observable-garden/.venv/lib/python3.14/site-packages/numpy/lib/_nanfunctions_impl.py:1997: RuntimeWarning: Degrees of freedom <= 0 for slice.
  var = nanvar(a, axis=axis, dtype=dtype, out=out, ddof=ddof,
/home/ubuntu/observable-garden/learn2/blocks.py:23: RuntimeWarning: Mean of empty slice
  mu = np.nanmean(x, axis=1, keepdims=True)
/home/ubuntu/observable-garden/.venv/lib/python3.14/site-packages/numpy/lib/_nanfunctions_impl.py:1997: RuntimeWarning: Degrees of freedom <= 0 for slice.
  var = nanvar(a, axis=axis, dtype=dtype, out=out, ddof=ddof,
/home/ubuntu/observable-garden/learn2/blocks.py:23: RuntimeWarning: Mean of empty slice
  mu = np.nanmean(x, axis=1, keepdims=True)
/home/ubuntu/observable-garden/.venv/lib/python3.14/site-packages/numpy/lib/_nanfunctions_impl.py:1997: RuntimeWarning: Degrees of freedom <= 0 for slice.
  var = nanvar(a, axis=axis, dtype=dtype, out=out, ddof=ddof,
/home/ubuntu/observable-garden/learn2/blocks.py:23: RuntimeWarning: Mean of empty slice
  mu = np.nanmean(x, axis=1, keepdims=True)
/home/ubuntu/observable-garden/.venv/lib/python3.14/site-packages/numpy/lib/_nanfunctions_impl.py:1997: RuntimeWarning: Degrees of freedom <= 0 for slice.
  var = nanvar(a, axis=axis, dtype=dtype, out=out, ddof=ddof,
/home/ubuntu/observable-garden/learn2/blocks.py:23: RuntimeWarning: Mean of empty slice
  mu = np.nanmean(x, axis=1, keepdims=True)
/home/ubuntu/observable-garden/.venv/lib/python3.14/site-packages/numpy/lib/_nanfunctions_impl.py:1997: RuntimeWarning: Degrees of freedom <= 0 for slice.
  var = nanvar(a, axis=axis, dtype=dtype, out=out, ddof=ddof,
/home/ubuntu/observable-garden/learn2/blocks.py:23: RuntimeWarning: Mean of empty slice
  mu = np.nanmean(x, axis=1, keepdims=True)
/home/ubuntu/observable-garden/learn2/blocks.py:23: RuntimeWarning: Mean of empty slice
  mu = np.nanmean(x, axis=1, keepdims=True)
/home/ubuntu/observable-garden/.venv/lib/python3.14/site-packages/numpy/lib/_nanfunctions_impl.py:1997: RuntimeWarning: Degrees of freedom <= 0 for slice.
  var = nanvar(a, axis=axis, dtype=dtype, out=out, ddof=ddof,
/home/ubuntu/observable-garden/.venv/lib/python3.14/site-packages/numpy/lib/_nanfunctions_impl.py:1997: RuntimeWarning: Degrees of freedom <= 0 for slice.
  var = nanvar(a, axis=axis, dtype=dtype, out=out, ddof=ddof,
/home/ubuntu/observable-garden/learn2/blocks.py:23: RuntimeWarning: Mean of empty slice
  mu = np.nanmean(x, axis=1, keepdims=True)
/home/ubuntu/observable-garden/.venv/lib/python3.14/site-packages/numpy/lib/_nanfunctions_impl.py:1997: RuntimeWarning: Degrees of freedom <= 0 for slice.
  var = nanvar(a, axis=axis, dtype=dtype, out=out, ddof=ddof,
/home/ubuntu/observable-garden/learn2/blocks.py:23: RuntimeWarning: Mean of empty slice
  mu = np.nanmean(x, axis=1, keepdims=True)
/home/ubuntu/observable-garden/.venv/lib/python3.14/site-packages/numpy/lib/_nanfunctions_impl.py:1997: RuntimeWarning: Degrees of freedom <= 0 for slice.
  var = nanvar(a, axis=axis, dtype=dtype, out=out, ddof=ddof,
/home/ubuntu/observable-garden/learn2/blocks.py:23: RuntimeWarning: Mean of empty slice
  mu = np.nanmean(x, axis=1, keepdims=True)
/home/ubuntu/observable-garden/.venv/lib/python3.14/site-packages/numpy/lib/_nanfunctions_impl.py:1997: RuntimeWarning: Degrees of freedom <= 0 for slice.
  var = nanvar(a, axis=axis, dtype=dtype, out=out, ddof=ddof,
/home/ubuntu/observable-garden/learn2/blocks.py:23: RuntimeWarning: Mean of empty slice
  mu = np.nanmean(x, axis=1, keepdims=True)
/home/ubuntu/observable-garden/.venv/lib/python3.14/site-packages/numpy/lib/_nanfunctions_impl.py:1997: RuntimeWarning: Degrees of freedom <= 0 for slice.
  var = nanvar(a, axis=axis, dtype=dtype, out=out, ddof=ddof,
/home/ubuntu/observable-garden/learn2/blocks.py:23: RuntimeWarning: Mean of empty slice
  mu = np.nanmean(x, axis=1, keepdims=True)
/home/ubuntu/observable-garden/.venv/lib/python3.14/site-packages/numpy/lib/_nanfunctions_impl.py:1997: RuntimeWarning: Degrees of freedom <= 0 for slice.
  var = nanvar(a, axis=axis, dtype=dtype, out=out, ddof=ddof,
/home/ubuntu/observable-garden/learn2/blocks.py:23: RuntimeWarning: Mean of empty slice
  mu = np.nanmean(x, axis=1, keepdims=True)
/home/ubuntu/observable-garden/.venv/lib/python3.14/site-packages/numpy/lib/_nanfunctions_impl.py:1997: RuntimeWarning: Degrees of freedom <= 0 for slice.
  var = nanvar(a, axis=axis, dtype=dtype, out=out, ddof=ddof,
/home/ubuntu/observable-garden/learn2/blocks.py:23: RuntimeWarning: Mean of empty slice
  mu = np.nanmean(x, axis=1, keepdims=True)
/home/ubuntu/observable-garden/.venv/lib/python3.14/site-packages/numpy/lib/_nanfunctions_impl.py:1997: RuntimeWarning: Degrees of freedom <= 0 for slice.
  var = nanvar(a, axis=axis, dtype=dtype, out=out, ddof=ddof,
/home/ubuntu/observable-garden/learn2/blocks.py:23: RuntimeWarning: Mean of empty slice
  mu = np.nanmean(x, axis=1, keepdims=True)
/home/ubuntu/observable-garden/.venv/lib/python3.14/site-packages/numpy/lib/_nanfunctions_impl.py:1997: RuntimeWarning: Degrees of freedom <= 0 for slice.
  var = nanvar(a, axis=axis, dtype=dtype, out=out, ddof=ddof,
/home/ubuntu/observable-garden/learn2/blocks.py:23: RuntimeWarning: Mean of empty slice
  mu = np.nanmean(x, axis=1, keepdims=True)
/home/ubuntu/observable-garden/.venv/lib/python3.14/site-packages/numpy/lib/_nanfunctions_impl.py:1997: RuntimeWarning: Degrees of freedom <= 0 for slice.
  var = nanvar(a, axis=axis, dtype=dtype, out=out, ddof=ddof,
/home/ubuntu/observable-garden/learn2/blocks.py:23: RuntimeWarning: Mean of empty slice
  mu = np.nanmean(x, axis=1, keepdims=True)
/home/ubuntu/observable-garden/.venv/lib/python3.14/site-packages/numpy/lib/_nanfunctions_impl.py:1997: RuntimeWarning: Degrees of freedom <= 0 for slice.
  var = nanvar(a, axis=axis, dtype=dtype, out=out, ddof=ddof,
/home/ubuntu/observable-garden/learn2/blocks.py:23: RuntimeWarning: Mean of empty slice
  mu = np.nanmean(x, axis=1, keepdims=True)
/home/ubuntu/observable-garden/learn2/blocks.py:23: RuntimeWarning: Mean of empty slice
  mu = np.nanmean(x, axis=1, keepdims=True)
/home/ubuntu/observable-garden/.venv/lib/python3.14/site-packages/numpy/lib/_nanfunctions_impl.py:1997: RuntimeWarning: Degrees of freedom <= 0 for slice.
  var = nanvar(a, axis=axis, dtype=dtype, out=out, ddof=ddof,
/home/ubuntu/observable-garden/.venv/lib/python3.14/site-packages/numpy/lib/_nanfunctions_impl.py:1997: RuntimeWarning: Degrees of freedom <= 0 for slice.
  var = nanvar(a, axis=axis, dtype=dtype, out=out, ddof=ddof,
/home/ubuntu/observable-garden/learn2/blocks.py:23: RuntimeWarning: Mean of empty slice
  mu = np.nanmean(x, axis=1, keepdims=True)
/home/ubuntu/observable-garden/learn2/blocks.py:23: RuntimeWarning: Mean of empty slice
  mu = np.nanmean(x, axis=1, keepdims=True)
/home/ubuntu/observable-garden/learn2/blocks.py:23: RuntimeWarning: Mean of empty slice
  mu = np.nanmean(x, axis=1, keepdims=True)
/home/ubuntu/observable-garden/.venv/lib/python3.14/site-packages/numpy/lib/_nanfunctions_impl.py:1997: RuntimeWarning: Degrees of freedom <= 0 for slice.
  var = nanvar(a, axis=axis, dtype=dtype, out=out, ddof=ddof,
/home/ubuntu/observable-garden/.venv/lib/python3.14/site-packages/numpy/lib/_nanfunctions_impl.py:1997: RuntimeWarning: Degrees of freedom <= 0 for slice.
  var = nanvar(a, axis=axis, dtype=dtype, out=out, ddof=ddof,
/home/ubuntu/observable-garden/.venv/lib/python3.14/site-packages/numpy/lib/_nanfunctions_impl.py:1997: RuntimeWarning: Degrees of freedom <= 0 for slice.
  var = nanvar(a, axis=axis, dtype=dtype, out=out, ddof=ddof,
/home/ubuntu/observable-garden/learn2/blocks.py:23: RuntimeWarning: Mean of empty slice
  mu = np.nanmean(x, axis=1, keepdims=True)
/home/ubuntu/observable-garden/.venv/lib/python3.14/site-packages/numpy/lib/_nanfunctions_impl.py:1997: RuntimeWarning: Degrees of freedom <= 0 for slice.
  var = nanvar(a, axis=axis, dtype=dtype, out=out, ddof=ddof,
/home/ubuntu/observable-garden/learn2/blocks.py:23: RuntimeWarning: Mean of empty slice
  mu = np.nanmean(x, axis=1, keepdims=True)
/home/ubuntu/observable-garden/.venv/lib/python3.14/site-packages/numpy/lib/_nanfunctions_impl.py:1997: RuntimeWarning: Degrees of freedom <= 0 for slice.
  var = nanvar(a, axis=axis, dtype=dtype, out=out, ddof=ddof,
/home/ubuntu/observable-garden/learn2/blocks.py:23: RuntimeWarning: Mean of empty slice
  mu = np.nanmean(x, axis=1, keepdims=True)
/home/ubuntu/observable-garden/.venv/lib/python3.14/site-packages/numpy/lib/_nanfunctions_impl.py:1997: RuntimeWarning: Degrees of freedom <= 0 for slice.
  var = nanvar(a, axis=axis, dtype=dtype, out=out, ddof=ddof,
/home/ubuntu/observable-garden/learn2/blocks.py:23: RuntimeWarning: Mean of empty slice
  mu = np.nanmean(x, axis=1, keepdims=True)
/home/ubuntu/observable-garden/.venv/lib/python3.14/site-packages/numpy/lib/_nanfunctions_impl.py:1997: RuntimeWarning: Degrees of freedom <= 0 for slice.
  var = nanvar(a, axis=axis, dtype=dtype, out=out, ddof=ddof,
/home/ubuntu/observable-garden/learn2/blocks.py:23: RuntimeWarning: Mean of empty slice
  mu = np.nanmean(x, axis=1, keepdims=True)
/home/ubuntu/observable-garden/.venv/lib/python3.14/site-packages/numpy/lib/_nanfunctions_impl.py:1997: RuntimeWarning: Degrees of freedom <= 0 for slice.
  var = nanvar(a, axis=axis, dtype=dtype, out=out, ddof=ddof,
/home/ubuntu/observable-garden/learn2/blocks.py:23: RuntimeWarning: Mean of empty slice
  mu = np.nanmean(x, axis=1, keepdims=True)
/home/ubuntu/observable-garden/.venv/lib/python3.14/site-packages/numpy/lib/_nanfunctions_impl.py:1997: RuntimeWarning: Degrees of freedom <= 0 for slice.
  var = nanvar(a, axis=axis, dtype=dtype, out=out, ddof=ddof,
/home/ubuntu/observable-garden/learn2/blocks.py:23: RuntimeWarning: Mean of empty slice
  mu = np.nanmean(x, axis=1, keepdims=True)
/home/ubuntu/observable-garden/learn2/blocks.py:23: RuntimeWarning: Mean of empty slice
  mu = np.nanmean(x, axis=1, keepdims=True)
/home/ubuntu/observable-garden/.venv/lib/python3.14/site-packages/numpy/lib/_nanfunctions_impl.py:1997: RuntimeWarning: Degrees of freedom <= 0 for slice.
  var = nanvar(a, axis=axis, dtype=dtype, out=out, ddof=ddof,
/home/ubuntu/observable-garden/.venv/lib/python3.14/site-packages/numpy/lib/_nanfunctions_impl.py:1997: RuntimeWarning: Degrees of freedom <= 0 for slice.
  var = nanvar(a, axis=axis, dtype=dtype, out=out, ddof=ddof,
/home/ubuntu/observable-garden/learn2/blocks.py:23: RuntimeWarning: Mean of empty slice
  mu = np.nanmean(x, axis=1, keepdims=True)
/home/ubuntu/observable-garden/.venv/lib/python3.14/site-packages/numpy/lib/_nanfunctions_impl.py:1997: RuntimeWarning: Degrees of freedom <= 0 for slice.
  var = nanvar(a, axis=axis, dtype=dtype, out=out, ddof=ddof,
/home/ubuntu/observable-garden/learn2/blocks.py:23: RuntimeWarning: Mean of empty slice
  mu = np.nanmean(x, axis=1, keepdims=True)
/home/ubuntu/observable-garden/.venv/lib/python3.14/site-packages/numpy/lib/_nanfunctions_impl.py:1997: RuntimeWarning: Degrees of freedom <= 0 for slice.
  var = nanvar(a, axis=axis, dtype=dtype, out=out, ddof=ddof,
/home/ubuntu/observable-garden/learn2/blocks.py:23: RuntimeWarning: Mean of empty slice
  mu = np.nanmean(x, axis=1, keepdims=True)
/home/ubuntu/observable-garden/.venv/lib/python3.14/site-packages/numpy/lib/_nanfunctions_impl.py:1997: RuntimeWarning: Degrees of freedom <= 0 for slice.
  var = nanvar(a, axis=axis, dtype=dtype, out=out, ddof=ddof,
/home/ubuntu/observable-garden/learn2/blocks.py:23: RuntimeWarning: Mean of empty slice
  mu = np.nanmean(x, axis=1, keepdims=True)
/home/ubuntu/observable-garden/.venv/lib/python3.14/site-packages/numpy/lib/_nanfunctions_impl.py:1997: RuntimeWarning: Degrees of freedom <= 0 for slice.
  var = nanvar(a, axis=axis, dtype=dtype, out=out, ddof=ddof,
/home/ubuntu/observable-garden/learn2/blocks.py:23: RuntimeWarning: Mean of empty slice
  mu = np.nanmean(x, axis=1, keepdims=True)
/home/ubuntu/observable-garden/.venv/lib/python3.14/site-packages/numpy/lib/_nanfunctions_impl.py:1997: RuntimeWarning: Degrees of freedom <= 0 for slice.
  var = nanvar(a, axis=axis, dtype=dtype, out=out, ddof=ddof,
/home/ubuntu/observable-garden/learn2/blocks.py:23: RuntimeWarning: Mean of empty slice
  mu = np.nanmean(x, axis=1, keepdims=True)
/home/ubuntu/observable-garden/.venv/lib/python3.14/site-packages/numpy/lib/_nanfunctions_impl.py:1997: RuntimeWarning: Degrees of freedom <= 0 for slice.
  var = nanvar(a, axis=axis, dtype=dtype, out=out, ddof=ddof,
/home/ubuntu/observable-garden/learn2/blocks.py:23: RuntimeWarning: Mean of empty slice
  mu = np.nanmean(x, axis=1, keepdims=True)
/home/ubuntu/observable-garden/learn2/blocks.py:23: RuntimeWarning: Mean of empty slice
  mu = np.nanmean(x, axis=1, keepdims=True)
/home/ubuntu/observable-garden/.venv/lib/python3.14/site-packages/numpy/lib/_nanfunctions_impl.py:1997: RuntimeWarning: Degrees of freedom <= 0 for slice.
  var = nanvar(a, axis=axis, dtype=dtype, out=out, ddof=ddof,
/home/ubuntu/observable-garden/.venv/lib/python3.14/site-packages/numpy/lib/_nanfunctions_impl.py:1997: RuntimeWarning: Degrees of freedom <= 0 for slice.
  var = nanvar(a, axis=axis, dtype=dtype, out=out, ddof=ddof,
/home/ubuntu/observable-garden/learn2/blocks.py:23: RuntimeWarning: Mean of empty slice
  mu = np.nanmean(x, axis=1, keepdims=True)
/home/ubuntu/observable-garden/.venv/lib/python3.14/site-packages/numpy/lib/_nanfunctions_impl.py:1997: RuntimeWarning: Degrees of freedom <= 0 for slice.
  var = nanvar(a, axis=axis, dtype=dtype, out=out, ddof=ddof,
/home/ubuntu/observable-garden/learn2/blocks.py:23: RuntimeWarning: Mean of empty slice
  mu = np.nanmean(x, axis=1, keepdims=True)
/home/ubuntu/observable-garden/.venv/lib/python3.14/site-packages/numpy/lib/_nanfunctions_impl.py:1997: RuntimeWarning: Degrees of freedom <= 0 for slice.
  var = nanvar(a, axis=axis, dtype=dtype, out=out, ddof=ddof,
/home/ubuntu/observable-garden/learn2/blocks.py:23: RuntimeWarning: Mean of empty slice
  mu = np.nanmean(x, axis=1, keepdims=True)
/home/ubuntu/observable-garden/.venv/lib/python3.14/site-packages/numpy/lib/_nanfunctions_impl.py:1997: RuntimeWarning: Degrees of freedom <= 0 for slice.
  var = nanvar(a, axis=axis, dtype=dtype, out=out, ddof=ddof,
/home/ubuntu/observable-garden/learn2/blocks.py:23: RuntimeWarning: Mean of empty slice
  mu = np.nanmean(x, axis=1, keepdims=True)
/home/ubuntu/observable-garden/.venv/lib/python3.14/site-packages/numpy/lib/_nanfunctions_impl.py:1997: RuntimeWarning: Degrees of freedom <= 0 for slice.
  var = nanvar(a, axis=axis, dtype=dtype, out=out, ddof=ddof,
/home/ubuntu/observable-garden/learn2/blocks.py:23: RuntimeWarning: Mean of empty slice
  mu = np.nanmean(x, axis=1, keepdims=True)
/home/ubuntu/observable-garden/.venv/lib/python3.14/site-packages/numpy/lib/_nanfunctions_impl.py:1997: RuntimeWarning: Degrees of freedom <= 0 for slice.
  var = nanvar(a, axis=axis, dtype=dtype, out=out, ddof=ddof,
/home/ubuntu/observable-garden/learn2/blocks.py:23: RuntimeWarning: Mean of empty slice
  mu = np.nanmean(x, axis=1, keepdims=True)
/home/ubuntu/observable-garden/.venv/lib/python3.14/site-packages/numpy/lib/_nanfunctions_impl.py:1997: RuntimeWarning: Degrees of freedom <= 0 for slice.
  var = nanvar(a, axis=axis, dtype=dtype, out=out, ddof=ddof,
/home/ubuntu/observable-garden/learn2/blocks.py:23: RuntimeWarning: Mean of empty slice
  mu = np.nanmean(x, axis=1, keepdims=True)
/home/ubuntu/observable-garden/.venv/lib/python3.14/site-packages/numpy/lib/_nanfunctions_impl.py:1997: RuntimeWarning: Degrees of freedom <= 0 for slice.
  var = nanvar(a, axis=axis, dtype=dtype, out=out, ddof=ddof,
/home/ubuntu/observable-garden/learn2/blocks.py:23: RuntimeWarning: Mean of empty slice
  mu = np.nanmean(x, axis=1, keepdims=True)
/home/ubuntu/observable-garden/.venv/lib/python3.14/site-packages/numpy/lib/_nanfunctions_impl.py:1997: RuntimeWarning: Degrees of freedom <= 0 for slice.
  var = nanvar(a, axis=axis, dtype=dtype, out=out, ddof=ddof,
/home/ubuntu/observable-garden/learn2/blocks.py:23: RuntimeWarning: Mean of empty slice
  mu = np.nanmean(x, axis=1, keepdims=True)
/home/ubuntu/observable-garden/.venv/lib/python3.14/site-packages/numpy/lib/_nanfunctions_impl.py:1997: RuntimeWarning: Degrees of freedom <= 0 for slice.
  var = nanvar(a, axis=axis, dtype=dtype, out=out, ddof=ddof,
/home/ubuntu/observable-garden/learn2/blocks.py:23: RuntimeWarning: Mean of empty slice
  mu = np.nanmean(x, axis=1, keepdims=True)
/home/ubuntu/observable-garden/.venv/lib/python3.14/site-packages/numpy/lib/_nanfunctions_impl.py:1997: RuntimeWarning: Degrees of freedom <= 0 for slice.
  var = nanvar(a, axis=axis, dtype=dtype, out=out, ddof=ddof,
/home/ubuntu/observable-garden/learn2/blocks.py:23: RuntimeWarning: Mean of empty slice
  mu = np.nanmean(x, axis=1, keepdims=True)
/home/ubuntu/observable-garden/.venv/lib/python3.14/site-packages/numpy/lib/_nanfunctions_impl.py:1997: RuntimeWarning: Degrees of freedom <= 0 for slice.
  var = nanvar(a, axis=axis, dtype=dtype, out=out, ddof=ddof,
/home/ubuntu/observable-garden/learn2/blocks.py:23: RuntimeWarning: Mean of empty slice
  mu = np.nanmean(x, axis=1, keepdims=True)
/home/ubuntu/observable-garden/.venv/lib/python3.14/site-packages/numpy/lib/_nanfunctions_impl.py:1997: RuntimeWarning: Degrees of freedom <= 0 for slice.
  var = nanvar(a, axis=axis, dtype=dtype, out=out, ddof=ddof,
/home/ubuntu/observable-garden/learn2/blocks.py:23: RuntimeWarning: Mean of empty slice
  mu = np.nanmean(x, axis=1, keepdims=True)
/home/ubuntu/observable-garden/.venv/lib/python3.14/site-packages/numpy/lib/_nanfunctions_impl.py:1997: RuntimeWarning: Degrees of freedom <= 0 for slice.
  var = nanvar(a, axis=axis, dtype=dtype, out=out, ddof=ddof,
/home/ubuntu/observable-garden/learn2/blocks.py:23: RuntimeWarning: Mean of empty slice
  mu = np.nanmean(x, axis=1, keepdims=True)
/home/ubuntu/observable-garden/.venv/lib/python3.14/site-packages/numpy/lib/_nanfunctions_impl.py:1997: RuntimeWarning: Degrees of freedom <= 0 for slice.
  var = nanvar(a, axis=axis, dtype=dtype, out=out, ddof=ddof,
/home/ubuntu/observable-garden/learn2/blocks.py:23: RuntimeWarning: Mean of empty slice
  mu = np.nanmean(x, axis=1, keepdims=True)
/home/ubuntu/observable-garden/.venv/lib/python3.14/site-packages/numpy/lib/_nanfunctions_impl.py:1997: RuntimeWarning: Degrees of freedom <= 0 for slice.
  var = nanvar(a, axis=axis, dtype=dtype, out=out, ddof=ddof,
/home/ubuntu/observable-garden/learn2/blocks.py:23: RuntimeWarning: Mean of empty slice
  mu = np.nanmean(x, axis=1, keepdims=True)
/home/ubuntu/observable-garden/.venv/lib/python3.14/site-packages/numpy/lib/_nanfunctions_impl.py:1997: RuntimeWarning: Degrees of freedom <= 0 for slice.
  var = nanvar(a, axis=axis, dtype=dtype, out=out, ddof=ddof,
/home/ubuntu/observable-garden/learn2/blocks.py:23: RuntimeWarning: Mean of empty slice
  mu = np.nanmean(x, axis=1, keepdims=True)
/home/ubuntu/observable-garden/.venv/lib/python3.14/site-packages/numpy/lib/_nanfunctions_impl.py:1997: RuntimeWarning: Degrees of freedom <= 0 for slice.
  var = nanvar(a, axis=axis, dtype=dtype, out=out, ddof=ddof,
/home/ubuntu/observable-garden/learn2/blocks.py:23: RuntimeWarning: Mean of empty slice
  mu = np.nanmean(x, axis=1, keepdims=True)
/home/ubuntu/observable-garden/.venv/lib/python3.14/site-packages/numpy/lib/_nanfunctions_impl.py:1997: RuntimeWarning: Degrees of freedom <= 0 for slice.
  var = nanvar(a, axis=axis, dtype=dtype, out=out, ddof=ddof,
/home/ubuntu/observable-garden/learn2/blocks.py:23: RuntimeWarning: Mean of empty slice
  mu = np.nanmean(x, axis=1, keepdims=True)
/home/ubuntu/observable-garden/.venv/lib/python3.14/site-packages/numpy/lib/_nanfunctions_impl.py:1997: RuntimeWarning: Degrees of freedom <= 0 for slice.
  var = nanvar(a, axis=axis, dtype=dtype, out=out, ddof=ddof,
/home/ubuntu/observable-garden/learn2/blocks.py:23: RuntimeWarning: Mean of empty slice
  mu = np.nanmean(x, axis=1, keepdims=True)
/home/ubuntu/observable-garden/.venv/lib/python3.14/site-packages/numpy/lib/_nanfunctions_impl.py:1997: RuntimeWarning: Degrees of freedom <= 0 for slice.
  var = nanvar(a, axis=axis, dtype=dtype, out=out, ddof=ddof,
/home/ubuntu/observable-garden/learn2/blocks.py:23: RuntimeWarning: Mean of empty slice
  mu = np.nanmean(x, axis=1, keepdims=True)
/home/ubuntu/observable-garden/.venv/lib/python3.14/site-packages/numpy/lib/_nanfunctions_impl.py:1997: RuntimeWarning: Degrees of freedom <= 0 for slice.
  var = nanvar(a, axis=axis, dtype=dtype, out=out, ddof=ddof,
/home/ubuntu/observable-garden/learn2/blocks.py:23: RuntimeWarning: Mean of empty slice
  mu = np.nanmean(x, axis=1, keepdims=True)
/home/ubuntu/observable-garden/.venv/lib/python3.14/site-packages/numpy/lib/_nanfunctions_impl.py:1997: RuntimeWarning: Degrees of freedom <= 0 for slice.
  var = nanvar(a, axis=axis, dtype=dtype, out=out, ddof=ddof,
/home/ubuntu/observable-garden/learn2/blocks.py:23: RuntimeWarning: Mean of empty slice
  mu = np.nanmean(x, axis=1, keepdims=True)
/home/ubuntu/observable-garden/learn2/blocks.py:23: RuntimeWarning: Mean of empty slice
  mu = np.nanmean(x, axis=1, keepdims=True)
/home/ubuntu/observable-garden/.venv/lib/python3.14/site-packages/numpy/lib/_nanfunctions_impl.py:1997: RuntimeWarning: Degrees of freedom <= 0 for slice.
  var = nanvar(a, axis=axis, dtype=dtype, out=out, ddof=ddof,
/home/ubuntu/observable-garden/.venv/lib/python3.14/site-packages/numpy/lib/_nanfunctions_impl.py:1997: RuntimeWarning: Degrees of freedom <= 0 for slice.
  var = nanvar(a, axis=axis, dtype=dtype, out=out, ddof=ddof,
/home/ubuntu/observable-garden/learn2/blocks.py:23: RuntimeWarning: Mean of empty slice
  mu = np.nanmean(x, axis=1, keepdims=True)
/home/ubuntu/observable-garden/.venv/lib/python3.14/site-packages/numpy/lib/_nanfunctions_impl.py:1997: RuntimeWarning: Degrees of freedom <= 0 for slice.
  var = nanvar(a, axis=axis, dtype=dtype, out=out, ddof=ddof,
/home/ubuntu/observable-garden/learn2/blocks.py:23: RuntimeWarning: Mean of empty slice
  mu = np.nanmean(x, axis=1, keepdims=True)
/home/ubuntu/observable-garden/.venv/lib/python3.14/site-packages/numpy/lib/_nanfunctions_impl.py:1997: RuntimeWarning: Degrees of freedom <= 0 for slice.
  var = nanvar(a, axis=axis, dtype=dtype, out=out, ddof=ddof,
/home/ubuntu/observable-garden/learn2/blocks.py:23: RuntimeWarning: Mean of empty slice
  mu = np.nanmean(x, axis=1, keepdims=True)
/home/ubuntu/observable-garden/.venv/lib/python3.14/site-packages/numpy/lib/_nanfunctions_impl.py:1997: RuntimeWarning: Degrees of freedom <= 0 for slice.
  var = nanvar(a, axis=axis, dtype=dtype, out=out, ddof=ddof,
/home/ubuntu/observable-garden/learn2/blocks.py:23: RuntimeWarning: Mean of empty slice
  mu = np.nanmean(x, axis=1, keepdims=True)
/home/ubuntu/observable-garden/learn2/blocks.py:23: RuntimeWarning: Mean of empty slice
  mu = np.nanmean(x, axis=1, keepdims=True)
/home/ubuntu/observable-garden/.venv/lib/python3.14/site-packages/numpy/lib/_nanfunctions_impl.py:1997: RuntimeWarning: Degrees of freedom <= 0 for slice.
  var = nanvar(a, axis=axis, dtype=dtype, out=out, ddof=ddof,
/home/ubuntu/observable-garden/learn2/blocks.py:23: RuntimeWarning: Mean of empty slice
  mu = np.nanmean(x, axis=1, keepdims=True)
/home/ubuntu/observable-garden/.venv/lib/python3.14/site-packages/numpy/lib/_nanfunctions_impl.py:1997: RuntimeWarning: Degrees of freedom <= 0 for slice.
  var = nanvar(a, axis=axis, dtype=dtype, out=out, ddof=ddof,
/home/ubuntu/observable-garden/.venv/lib/python3.14/site-packages/numpy/lib/_nanfunctions_impl.py:1997: RuntimeWarning: Degrees of freedom <= 0 for slice.
  var = nanvar(a, axis=axis, dtype=dtype, out=out, ddof=ddof,
/home/ubuntu/observable-garden/learn2/blocks.py:23: RuntimeWarning: Mean of empty slice
  mu = np.nanmean(x, axis=1, keepdims=True)
/home/ubuntu/observable-garden/.venv/lib/python3.14/site-packages/numpy/lib/_nanfunctions_impl.py:1997: RuntimeWarning: Degrees of freedom <= 0 for slice.
  var = nanvar(a, axis=axis, dtype=dtype, out=out, ddof=ddof,
/home/ubuntu/observable-garden/learn2/blocks.py:23: RuntimeWarning: Mean of empty slice
  mu = np.nanmean(x, axis=1, keepdims=True)
/home/ubuntu/observable-garden/.venv/lib/python3.14/site-packages/numpy/lib/_nanfunctions_impl.py:1997: RuntimeWarning: Degrees of freedom <= 0 for slice.
  var = nanvar(a, axis=axis, dtype=dtype, out=out, ddof=ddof,
/home/ubuntu/observable-garden/learn2/blocks.py:23: RuntimeWarning: Mean of empty slice
  mu = np.nanmean(x, axis=1, keepdims=True)
/home/ubuntu/observable-garden/.venv/lib/python3.14/site-packages/numpy/lib/_nanfunctions_impl.py:1997: RuntimeWarning: Degrees of freedom <= 0 for slice.
  var = nanvar(a, axis=axis, dtype=dtype, out=out, ddof=ddof,
/home/ubuntu/observable-garden/learn2/blocks.py:23: RuntimeWarning: Mean of empty slice
  mu = np.nanmean(x, axis=1, keepdims=True)
/home/ubuntu/observable-garden/learn2/blocks.py:23: RuntimeWarning: Mean of empty slice
  mu = np.nanmean(x, axis=1, keepdims=True)
/home/ubuntu/observable-garden/.venv/lib/python3.14/site-packages/numpy/lib/_nanfunctions_impl.py:1997: RuntimeWarning: Degrees of freedom <= 0 for slice.
  var = nanvar(a, axis=axis, dtype=dtype, out=out, ddof=ddof,
/home/ubuntu/observable-garden/.venv/lib/python3.14/site-packages/numpy/lib/_nanfunctions_impl.py:1997: RuntimeWarning: Degrees of freedom <= 0 for slice.
  var = nanvar(a, axis=axis, dtype=dtype, out=out, ddof=ddof,
/home/ubuntu/observable-garden/learn2/blocks.py:23: RuntimeWarning: Mean of empty slice
  mu = np.nanmean(x, axis=1, keepdims=True)
/home/ubuntu/observable-garden/.venv/lib/python3.14/site-packages/numpy/lib/_nanfunctions_impl.py:1997: RuntimeWarning: Degrees of freedom <= 0 for slice.
  var = nanvar(a, axis=axis, dtype=dtype, out=out, ddof=ddof,
/home/ubuntu/observable-garden/learn2/blocks.py:23: RuntimeWarning: Mean of empty slice
  mu = np.nanmean(x, axis=1, keepdims=True)
/home/ubuntu/observable-garden/.venv/lib/python3.14/site-packages/numpy/lib/_nanfunctions_impl.py:1997: RuntimeWarning: Degrees of freedom <= 0 for slice.
  var = nanvar(a, axis=axis, dtype=dtype, out=out, ddof=ddof,
/home/ubuntu/observable-garden/learn2/blocks.py:23: RuntimeWarning: Mean of empty slice
  mu = np.nanmean(x, axis=1, keepdims=True)
/home/ubuntu/observable-garden/learn2/blocks.py:23: RuntimeWarning: Mean of empty slice
  mu = np.nanmean(x, axis=1, keepdims=True)
/home/ubuntu/observable-garden/learn2/blocks.py:23: RuntimeWarning: Mean of empty slice
  mu = np.nanmean(x, axis=1, keepdims=True)
/home/ubuntu/observable-garden/.venv/lib/python3.14/site-packages/numpy/lib/_nanfunctions_impl.py:1997: RuntimeWarning: Degrees of freedom <= 0 for slice.
  var = nanvar(a, axis=axis, dtype=dtype, out=out, ddof=ddof,
/home/ubuntu/observable-garden/.venv/lib/python3.14/site-packages/numpy/lib/_nanfunctions_impl.py:1997: RuntimeWarning: Degrees of freedom <= 0 for slice.
  var = nanvar(a, axis=axis, dtype=dtype, out=out, ddof=ddof,
/home/ubuntu/observable-garden/.venv/lib/python3.14/site-packages/numpy/lib/_nanfunctions_impl.py:1997: RuntimeWarning: Degrees of freedom <= 0 for slice.
  var = nanvar(a, axis=axis, dtype=dtype, out=out, ddof=ddof,
/home/ubuntu/observable-garden/learn2/blocks.py:23: RuntimeWarning: Mean of empty slice
  mu = np.nanmean(x, axis=1, keepdims=True)
/home/ubuntu/observable-garden/.venv/lib/python3.14/site-packages/numpy/lib/_nanfunctions_impl.py:1997: RuntimeWarning: Degrees of freedom <= 0 for slice.
  var = nanvar(a, axis=axis, dtype=dtype, out=out, ddof=ddof,
/home/ubuntu/observable-garden/learn2/blocks.py:23: RuntimeWarning: Mean of empty slice
  mu = np.nanmean(x, axis=1, keepdims=True)
/home/ubuntu/observable-garden/.venv/lib/python3.14/site-packages/numpy/lib/_nanfunctions_impl.py:1997: RuntimeWarning: Degrees of freedom <= 0 for slice.
  var = nanvar(a, axis=axis, dtype=dtype, out=out, ddof=ddof,
/home/ubuntu/observable-garden/learn2/blocks.py:23: RuntimeWarning: Mean of empty slice
  mu = np.nanmean(x, axis=1, keepdims=True)
/home/ubuntu/observable-garden/.venv/lib/python3.14/site-packages/numpy/lib/_nanfunctions_impl.py:1997: RuntimeWarning: Degrees of freedom <= 0 for slice.
  var = nanvar(a, axis=axis, dtype=dtype, out=out, ddof=ddof,
/home/ubuntu/observable-garden/learn2/blocks.py:23: RuntimeWarning: Mean of empty slice
  mu = np.nanmean(x, axis=1, keepdims=True)
/home/ubuntu/observable-garden/.venv/lib/python3.14/site-packages/numpy/lib/_nanfunctions_impl.py:1997: RuntimeWarning: Degrees of freedom <= 0 for slice.
  var = nanvar(a, axis=axis, dtype=dtype, out=out, ddof=ddof,
/home/ubuntu/observable-garden/learn2/blocks.py:23: RuntimeWarning: Mean of empty slice
  mu = np.nanmean(x, axis=1, keepdims=True)
/home/ubuntu/observable-garden/.venv/lib/python3.14/site-packages/numpy/lib/_nanfunctions_impl.py:1997: RuntimeWarning: Degrees of freedom <= 0 for slice.
  var = nanvar(a, axis=axis, dtype=dtype, out=out, ddof=ddof,
/home/ubuntu/observable-garden/learn2/blocks.py:23: RuntimeWarning: Mean of empty slice
  mu = np.nanmean(x, axis=1, keepdims=True)
/home/ubuntu/observable-garden/.venv/lib/python3.14/site-packages/numpy/lib/_nanfunctions_impl.py:1997: RuntimeWarning: Degrees of freedom <= 0 for slice.
  var = nanvar(a, axis=axis, dtype=dtype, out=out, ddof=ddof,
/home/ubuntu/observable-garden/learn2/blocks.py:23: RuntimeWarning: Mean of empty slice
  mu = np.nanmean(x, axis=1, keepdims=True)
/home/ubuntu/observable-garden/.venv/lib/python3.14/site-packages/numpy/lib/_nanfunctions_impl.py:1997: RuntimeWarning: Degrees of freedom <= 0 for slice.
  var = nanvar(a, axis=axis, dtype=dtype, out=out, ddof=ddof,
/home/ubuntu/observable-garden/learn2/blocks.py:23: RuntimeWarning: Mean of empty slice
  mu = np.nanmean(x, axis=1, keepdims=True)
/home/ubuntu/observable-garden/learn2/blocks.py:23: RuntimeWarning: Mean of empty slice
  mu = np.nanmean(x, axis=1, keepdims=True)
/home/ubuntu/observable-garden/.venv/lib/python3.14/site-packages/numpy/lib/_nanfunctions_impl.py:1997: RuntimeWarning: Degrees of freedom <= 0 for slice.
  var = nanvar(a, axis=axis, dtype=dtype, out=out, ddof=ddof,
/home/ubuntu/observable-garden/.venv/lib/python3.14/site-packages/numpy/lib/_nanfunctions_impl.py:1997: RuntimeWarning: Degrees of freedom <= 0 for slice.
  var = nanvar(a, axis=axis, dtype=dtype, out=out, ddof=ddof,
/home/ubuntu/observable-garden/learn2/blocks.py:23: RuntimeWarning: Mean of empty slice
  mu = np.nanmean(x, axis=1, keepdims=True)
/home/ubuntu/observable-garden/.venv/lib/python3.14/site-packages/numpy/lib/_nanfunctions_impl.py:1997: RuntimeWarning: Degrees of freedom <= 0 for slice.
  var = nanvar(a, axis=axis, dtype=dtype, out=out, ddof=ddof,
/home/ubuntu/observable-garden/learn2/blocks.py:23: RuntimeWarning: Mean of empty slice
  mu = np.nanmean(x, axis=1, keepdims=True)
/home/ubuntu/observable-garden/.venv/lib/python3.14/site-packages/numpy/lib/_nanfunctions_impl.py:1997: RuntimeWarning: Degrees of freedom <= 0 for slice.
  var = nanvar(a, axis=axis, dtype=dtype, out=out, ddof=ddof,
/home/ubuntu/observable-garden/learn2/blocks.py:23: RuntimeWarning: Mean of empty slice
  mu = np.nanmean(x, axis=1, keepdims=True)
/home/ubuntu/observable-garden/.venv/lib/python3.14/site-packages/numpy/lib/_nanfunctions_impl.py:1997: RuntimeWarning: Degrees of freedom <= 0 for slice.
  var = nanvar(a, axis=axis, dtype=dtype, out=out, ddof=ddof,
/home/ubuntu/observable-garden/learn2/blocks.py:23: RuntimeWarning: Mean of empty slice
  mu = np.nanmean(x, axis=1, keepdims=True)
/home/ubuntu/observable-garden/.venv/lib/python3.14/site-packages/numpy/lib/_nanfunctions_impl.py:1997: RuntimeWarning: Degrees of freedom <= 0 for slice.
  var = nanvar(a, axis=axis, dtype=dtype, out=out, ddof=ddof,
/home/ubuntu/observable-garden/learn2/blocks.py:23: RuntimeWarning: Mean of empty slice
  mu = np.nanmean(x, axis=1, keepdims=True)
/home/ubuntu/observable-garden/.venv/lib/python3.14/site-packages/numpy/lib/_nanfunctions_impl.py:1997: RuntimeWarning: Degrees of freedom <= 0 for slice.
  var = nanvar(a, axis=axis, dtype=dtype, out=out, ddof=ddof,
/home/ubuntu/observable-garden/learn2/blocks.py:23: RuntimeWarning: Mean of empty slice
  mu = np.nanmean(x, axis=1, keepdims=True)
/home/ubuntu/observable-garden/.venv/lib/python3.14/site-packages/numpy/lib/_nanfunctions_impl.py:1997: RuntimeWarning: Degrees of freedom <= 0 for slice.
  var = nanvar(a, axis=axis, dtype=dtype, out=out, ddof=ddof,
/home/ubuntu/observable-garden/learn2/blocks.py:23: RuntimeWarning: Mean of empty slice
  mu = np.nanmean(x, axis=1, keepdims=True)
/home/ubuntu/observable-garden/learn2/blocks.py:23: RuntimeWarning: Mean of empty slice
  mu = np.nanmean(x, axis=1, keepdims=True)
/home/ubuntu/observable-garden/.venv/lib/python3.14/site-packages/numpy/lib/_nanfunctions_impl.py:1997: RuntimeWarning: Degrees of freedom <= 0 for slice.
  var = nanvar(a, axis=axis, dtype=dtype, out=out, ddof=ddof,
/home/ubuntu/observable-garden/.venv/lib/python3.14/site-packages/numpy/lib/_nanfunctions_impl.py:1997: RuntimeWarning: Degrees of freedom <= 0 for slice.
  var = nanvar(a, axis=axis, dtype=dtype, out=out, ddof=ddof,
/home/ubuntu/observable-garden/learn2/blocks.py:23: RuntimeWarning: Mean of empty slice
  mu = np.nanmean(x, axis=1, keepdims=True)
/home/ubuntu/observable-garden/.venv/lib/python3.14/site-packages/numpy/lib/_nanfunctions_impl.py:1997: RuntimeWarning: Degrees of freedom <= 0 for slice.
  var = nanvar(a, axis=axis, dtype=dtype, out=out, ddof=ddof,
/home/ubuntu/observable-garden/learn2/blocks.py:23: RuntimeWarning: Mean of empty slice
  mu = np.nanmean(x, axis=1, keepdims=True)
/home/ubuntu/observable-garden/.venv/lib/python3.14/site-packages/numpy/lib/_nanfunctions_impl.py:1997: RuntimeWarning: Degrees of freedom <= 0 for slice.
  var = nanvar(a, axis=axis, dtype=dtype, out=out, ddof=ddof,
/home/ubuntu/observable-garden/learn2/blocks.py:23: RuntimeWarning: Mean of empty slice
  mu = np.nanmean(x, axis=1, keepdims=True)
/home/ubuntu/observable-garden/.venv/lib/python3.14/site-packages/numpy/lib/_nanfunctions_impl.py:1997: RuntimeWarning: Degrees of freedom <= 0 for slice.
  var = nanvar(a, axis=axis, dtype=dtype, out=out, ddof=ddof,
/home/ubuntu/observable-garden/learn2/blocks.py:23: RuntimeWarning: Mean of empty slice
  mu = np.nanmean(x, axis=1, keepdims=True)
/home/ubuntu/observable-garden/.venv/lib/python3.14/site-packages/numpy/lib/_nanfunctions_impl.py:1997: RuntimeWarning: Degrees of freedom <= 0 for slice.
  var = nanvar(a, axis=axis, dtype=dtype, out=out, ddof=ddof,
/home/ubuntu/observable-garden/learn2/blocks.py:23: RuntimeWarning: Mean of empty slice
  mu = np.nanmean(x, axis=1, keepdims=True)
/home/ubuntu/observable-garden/.venv/lib/python3.14/site-packages/numpy/lib/_nanfunctions_impl.py:1997: RuntimeWarning: Degrees of freedom <= 0 for slice.
  var = nanvar(a, axis=axis, dtype=dtype, out=out, ddof=ddof,
/home/ubuntu/observable-garden/learn2/blocks.py:23: RuntimeWarning: Mean of empty slice
  mu = np.nanmean(x, axis=1, keepdims=True)
/home/ubuntu/observable-garden/.venv/lib/python3.14/site-packages/numpy/lib/_nanfunctions_impl.py:1997: RuntimeWarning: Degrees of freedom <= 0 for slice.
  var = nanvar(a, axis=axis, dtype=dtype, out=out, ddof=ddof,
/home/ubuntu/observable-garden/learn2/blocks.py:23: RuntimeWarning: Mean of empty slice
  mu = np.nanmean(x, axis=1, keepdims=True)
/home/ubuntu/observable-garden/.venv/lib/python3.14/site-packages/numpy/lib/_nanfunctions_impl.py:1997: RuntimeWarning: Degrees of freedom <= 0 for slice.
  var = nanvar(a, axis=axis, dtype=dtype, out=out, ddof=ddof,
/home/ubuntu/observable-garden/learn2/blocks.py:23: RuntimeWarning: Mean of empty slice
  mu = np.nanmean(x, axis=1, keepdims=True)
/home/ubuntu/observable-garden/.venv/lib/python3.14/site-packages/numpy/lib/_nanfunctions_impl.py:1997: RuntimeWarning: Degrees of freedom <= 0 for slice.
  var = nanvar(a, axis=axis, dtype=dtype, out=out, ddof=ddof,
/home/ubuntu/observable-garden/learn2/blocks.py:23: RuntimeWarning: Mean of empty slice
  mu = np.nanmean(x, axis=1, keepdims=True)
/home/ubuntu/observable-garden/.venv/lib/python3.14/site-packages/numpy/lib/_nanfunctions_impl.py:1997: RuntimeWarning: Degrees of freedom <= 0 for slice.
  var = nanvar(a, axis=axis, dtype=dtype, out=out, ddof=ddof,
/home/ubuntu/observable-garden/learn2/blocks.py:23: RuntimeWarning: Mean of empty slice
  mu = np.nanmean(x, axis=1, keepdims=True)
/home/ubuntu/observable-garden/learn2/blocks.py:23: RuntimeWarning: Mean of empty slice
  mu = np.nanmean(x, axis=1, keepdims=True)
/home/ubuntu/observable-garden/.venv/lib/python3.14/site-packages/numpy/lib/_nanfunctions_impl.py:1997: RuntimeWarning: Degrees of freedom <= 0 for slice.
  var = nanvar(a, axis=axis, dtype=dtype, out=out, ddof=ddof,
/home/ubuntu/observable-garden/.venv/lib/python3.14/site-packages/numpy/lib/_nanfunctions_impl.py:1997: RuntimeWarning: Degrees of freedom <= 0 for slice.
  var = nanvar(a, axis=axis, dtype=dtype, out=out, ddof=ddof,
/home/ubuntu/observable-garden/learn2/blocks.py:23: RuntimeWarning: Mean of empty slice
  mu = np.nanmean(x, axis=1, keepdims=True)
/home/ubuntu/observable-garden/learn2/blocks.py:23: RuntimeWarning: Mean of empty slice
  mu = np.nanmean(x, axis=1, keepdims=True)
/home/ubuntu/observable-garden/learn2/blocks.py:23: RuntimeWarning: Mean of empty slice
  mu = np.nanmean(x, axis=1, keepdims=True)
/home/ubuntu/observable-garden/.venv/lib/python3.14/site-packages/numpy/lib/_nanfunctions_impl.py:1997: RuntimeWarning: Degrees of freedom <= 0 for slice.
  var = nanvar(a, axis=axis, dtype=dtype, out=out, ddof=ddof,
/home/ubuntu/observable-garden/.venv/lib/python3.14/site-packages/numpy/lib/_nanfunctions_impl.py:1997: RuntimeWarning: Degrees of freedom <= 0 for slice.
  var = nanvar(a, axis=axis, dtype=dtype, out=out, ddof=ddof,
/home/ubuntu/observable-garden/.venv/lib/python3.14/site-packages/numpy/lib/_nanfunctions_impl.py:1997: RuntimeWarning: Degrees of freedom <= 0 for slice.
  var = nanvar(a, axis=axis, dtype=dtype, out=out, ddof=ddof,
/home/ubuntu/observable-garden/learn2/blocks.py:23: RuntimeWarning: Mean of empty slice
  mu = np.nanmean(x, axis=1, keepdims=True)
/home/ubuntu/observable-garden/.venv/lib/python3.14/site-packages/numpy/lib/_nanfunctions_impl.py:1997: RuntimeWarning: Degrees of freedom <= 0 for slice.
  var = nanvar(a, axis=axis, dtype=dtype, out=out, ddof=ddof,
/home/ubuntu/observable-garden/learn2/blocks.py:23: RuntimeWarning: Mean of empty slice
  mu = np.nanmean(x, axis=1, keepdims=True)
/home/ubuntu/observable-garden/.venv/lib/python3.14/site-packages/numpy/lib/_nanfunctions_impl.py:1997: RuntimeWarning: Degrees of freedom <= 0 for slice.
  var = nanvar(a, axis=axis, dtype=dtype, out=out, ddof=ddof,
/home/ubuntu/observable-garden/learn2/blocks.py:23: RuntimeWarning: Mean of empty slice
  mu = np.nanmean(x, axis=1, keepdims=True)
/home/ubuntu/observable-garden/.venv/lib/python3.14/site-packages/numpy/lib/_nanfunctions_impl.py:1997: RuntimeWarning: Degrees of freedom <= 0 for slice.
  var = nanvar(a, axis=axis, dtype=dtype, out=out, ddof=ddof,
/home/ubuntu/observable-garden/learn2/blocks.py:23: RuntimeWarning: Mean of empty slice
  mu = np.nanmean(x, axis=1, keepdims=True)
/home/ubuntu/observable-garden/learn2/blocks.py:23: RuntimeWarning: Mean of empty slice
  mu = np.nanmean(x, axis=1, keepdims=True)
/home/ubuntu/observable-garden/.venv/lib/python3.14/site-packages/numpy/lib/_nanfunctions_impl.py:1997: RuntimeWarning: Degrees of freedom <= 0 for slice.
  var = nanvar(a, axis=axis, dtype=dtype, out=out, ddof=ddof,
/home/ubuntu/observable-garden/.venv/lib/python3.14/site-packages/numpy/lib/_nanfunctions_impl.py:1997: RuntimeWarning: Degrees of freedom <= 0 for slice.
  var = nanvar(a, axis=axis, dtype=dtype, out=out, ddof=ddof,
/home/ubuntu/observable-garden/learn2/blocks.py:23: RuntimeWarning: Mean of empty slice
  mu = np.nanmean(x, axis=1, keepdims=True)
/home/ubuntu/observable-garden/.venv/lib/python3.14/site-packages/numpy/lib/_nanfunctions_impl.py:1997: RuntimeWarning: Degrees of freedom <= 0 for slice.
  var = nanvar(a, axis=axis, dtype=dtype, out=out, ddof=ddof,
/home/ubuntu/observable-garden/learn2/blocks.py:23: RuntimeWarning: Mean of empty slice
  mu = np.nanmean(x, axis=1, keepdims=True)
/home/ubuntu/observable-garden/.venv/lib/python3.14/site-packages/numpy/lib/_nanfunctions_impl.py:1997: RuntimeWarning: Degrees of freedom <= 0 for slice.
  var = nanvar(a, axis=axis, dtype=dtype, out=out, ddof=ddof,
/home/ubuntu/observable-garden/learn2/blocks.py:23: RuntimeWarning: Mean of empty slice
  mu = np.nanmean(x, axis=1, keepdims=True)
/home/ubuntu/observable-garden/.venv/lib/python3.14/site-packages/numpy/lib/_nanfunctions_impl.py:1997: RuntimeWarning: Degrees of freedom <= 0 for slice.
  var = nanvar(a, axis=axis, dtype=dtype, out=out, ddof=ddof,
/home/ubuntu/observable-garden/learn2/blocks.py:23: RuntimeWarning: Mean of empty slice
  mu = np.nanmean(x, axis=1, keepdims=True)
/home/ubuntu/observable-garden/.venv/lib/python3.14/site-packages/numpy/lib/_nanfunctions_impl.py:1997: RuntimeWarning: Degrees of freedom <= 0 for slice.
  var = nanvar(a, axis=axis, dtype=dtype, out=out, ddof=ddof,
/home/ubuntu/observable-garden/learn2/blocks.py:23: RuntimeWarning: Mean of empty slice
  mu = np.nanmean(x, axis=1, keepdims=True)
/home/ubuntu/observable-garden/.venv/lib/python3.14/site-packages/numpy/lib/_nanfunctions_impl.py:1997: RuntimeWarning: Degrees of freedom <= 0 for slice.
  var = nanvar(a, axis=axis, dtype=dtype, out=out, ddof=ddof,
/home/ubuntu/observable-garden/learn2/blocks.py:23: RuntimeWarning: Mean of empty slice
  mu = np.nanmean(x, axis=1, keepdims=True)
/home/ubuntu/observable-garden/.venv/lib/python3.14/site-packages/numpy/lib/_nanfunctions_impl.py:1997: RuntimeWarning: Degrees of freedom <= 0 for slice.
  var = nanvar(a, axis=axis, dtype=dtype, out=out, ddof=ddof,
/home/ubuntu/observable-garden/learn2/blocks.py:23: RuntimeWarning: Mean of empty slice
  mu = np.nanmean(x, axis=1, keepdims=True)
/home/ubuntu/observable-garden/.venv/lib/python3.14/site-packages/numpy/lib/_nanfunctions_impl.py:1997: RuntimeWarning: Degrees of freedom <= 0 for slice.
  var = nanvar(a, axis=axis, dtype=dtype, out=out, ddof=ddof,
/home/ubuntu/observable-garden/learn2/blocks.py:23: RuntimeWarning: Mean of empty slice
  mu = np.nanmean(x, axis=1, keepdims=True)
/home/ubuntu/observable-garden/.venv/lib/python3.14/site-packages/numpy/lib/_nanfunctions_impl.py:1997: RuntimeWarning: Degrees of freedom <= 0 for slice.
  var = nanvar(a, axis=axis, dtype=dtype, out=out, ddof=ddof,
/home/ubuntu/observable-garden/learn2/blocks.py:23: RuntimeWarning: Mean of empty slice
  mu = np.nanmean(x, axis=1, keepdims=True)
/home/ubuntu/observable-garden/learn2/blocks.py:23: RuntimeWarning: Mean of empty slice
  mu = np.nanmean(x, axis=1, keepdims=True)
/home/ubuntu/observable-garden/.venv/lib/python3.14/site-packages/numpy/lib/_nanfunctions_impl.py:1997: RuntimeWarning: Degrees of freedom <= 0 for slice.
  var = nanvar(a, axis=axis, dtype=dtype, out=out, ddof=ddof,
/home/ubuntu/observable-garden/.venv/lib/python3.14/site-packages/numpy/lib/_nanfunctions_impl.py:1997: RuntimeWarning: Degrees of freedom <= 0 for slice.
  var = nanvar(a, axis=axis, dtype=dtype, out=out, ddof=ddof,
/home/ubuntu/observable-garden/learn2/blocks.py:23: RuntimeWarning: Mean of empty slice
  mu = np.nanmean(x, axis=1, keepdims=True)
/home/ubuntu/observable-garden/.venv/lib/python3.14/site-packages/numpy/lib/_nanfunctions_impl.py:1997: RuntimeWarning: Degrees of freedom <= 0 for slice.
  var = nanvar(a, axis=axis, dtype=dtype, out=out, ddof=ddof,
/home/ubuntu/observable-garden/learn2/blocks.py:23: RuntimeWarning: Mean of empty slice
  mu = np.nanmean(x, axis=1, keepdims=True)
/home/ubuntu/observable-garden/.venv/lib/python3.14/site-packages/numpy/lib/_nanfunctions_impl.py:1997: RuntimeWarning: Degrees of freedom <= 0 for slice.
  var = nanvar(a, axis=axis, dtype=dtype, out=out, ddof=ddof,
/home/ubuntu/observable-garden/learn2/blocks.py:23: RuntimeWarning: Mean of empty slice
  mu = np.nanmean(x, axis=1, keepdims=True)
/home/ubuntu/observable-garden/.venv/lib/python3.14/site-packages/numpy/lib/_nanfunctions_impl.py:1997: RuntimeWarning: Degrees of freedom <= 0 for slice.
  var = nanvar(a, axis=axis, dtype=dtype, out=out, ddof=ddof,
/home/ubuntu/observable-garden/learn2/blocks.py:23: RuntimeWarning: Mean of empty slice
  mu = np.nanmean(x, axis=1, keepdims=True)
/home/ubuntu/observable-garden/learn2/blocks.py:23: RuntimeWarning: Mean of empty slice
  mu = np.nanmean(x, axis=1, keepdims=True)
/home/ubuntu/observable-garden/.venv/lib/python3.14/site-packages/numpy/lib/_nanfunctions_impl.py:1997: RuntimeWarning: Degrees of freedom <= 0 for slice.
  var = nanvar(a, axis=axis, dtype=dtype, out=out, ddof=ddof,
/home/ubuntu/observable-garden/learn2/blocks.py:23: RuntimeWarning: Mean of empty slice
  mu = np.nanmean(x, axis=1, keepdims=True)
/home/ubuntu/observable-garden/.venv/lib/python3.14/site-packages/numpy/lib/_nanfunctions_impl.py:1997: RuntimeWarning: Degrees of freedom <= 0 for slice.
  var = nanvar(a, axis=axis, dtype=dtype, out=out, ddof=ddof,
/home/ubuntu/observable-garden/learn2/blocks.py:23: RuntimeWarning: Mean of empty slice
  mu = np.nanmean(x, axis=1, keepdims=True)
/home/ubuntu/observable-garden/.venv/lib/python3.14/site-packages/numpy/lib/_nanfunctions_impl.py:1997: RuntimeWarning: Degrees of freedom <= 0 for slice.
  var = nanvar(a, axis=axis, dtype=dtype, out=out, ddof=ddof,
/home/ubuntu/observable-garden/learn2/blocks.py:23: RuntimeWarning: Mean of empty slice
  mu = np.nanmean(x, axis=1, keepdims=True)
/home/ubuntu/observable-garden/learn2/blocks.py:23: RuntimeWarning: Mean of empty slice
  mu = np.nanmean(x, axis=1, keepdims=True)
/home/ubuntu/observable-garden/.venv/lib/python3.14/site-packages/numpy/lib/_nanfunctions_impl.py:1997: RuntimeWarning: Degrees of freedom <= 0 for slice.
  var = nanvar(a, axis=axis, dtype=dtype, out=out, ddof=ddof,
/home/ubuntu/observable-garden/learn2/blocks.py:23: RuntimeWarning: Mean of empty slice
  mu = np.nanmean(x, axis=1, keepdims=True)
/home/ubuntu/observable-garden/.venv/lib/python3.14/site-packages/numpy/lib/_nanfunctions_impl.py:1997: RuntimeWarning: Degrees of freedom <= 0 for slice.
  var = nanvar(a, axis=axis, dtype=dtype, out=out, ddof=ddof,
/home/ubuntu/observable-garden/.venv/lib/python3.14/site-packages/numpy/lib/_nanfunctions_impl.py:1997: RuntimeWarning: Degrees of freedom <= 0 for slice.
  var = nanvar(a, axis=axis, dtype=dtype, out=out, ddof=ddof,
/home/ubuntu/observable-garden/.venv/lib/python3.14/site-packages/numpy/lib/_nanfunctions_impl.py:1997: RuntimeWarning: Degrees of freedom <= 0 for slice.
  var = nanvar(a, axis=axis, dtype=dtype, out=out, ddof=ddof,
/home/ubuntu/observable-garden/learn2/blocks.py:23: RuntimeWarning: Mean of empty slice
  mu = np.nanmean(x, axis=1, keepdims=True)
/home/ubuntu/observable-garden/.venv/lib/python3.14/site-packages/numpy/lib/_nanfunctions_impl.py:1997: RuntimeWarning: Degrees of freedom <= 0 for slice.
  var = nanvar(a, axis=axis, dtype=dtype, out=out, ddof=ddof,
/home/ubuntu/observable-garden/learn2/blocks.py:23: RuntimeWarning: Mean of empty slice
  mu = np.nanmean(x, axis=1, keepdims=True)
/home/ubuntu/observable-garden/.venv/lib/python3.14/site-packages/numpy/lib/_nanfunctions_impl.py:1997: RuntimeWarning: Degrees of freedom <= 0 for slice.
  var = nanvar(a, axis=axis, dtype=dtype, out=out, ddof=ddof,
/home/ubuntu/observable-garden/learn2/blocks.py:23: RuntimeWarning: Mean of empty slice
  mu = np.nanmean(x, axis=1, keepdims=True)
/home/ubuntu/observable-garden/.venv/lib/python3.14/site-packages/numpy/lib/_nanfunctions_impl.py:1997: RuntimeWarning: Degrees of freedom <= 0 for slice.
  var = nanvar(a, axis=axis, dtype=dtype, out=out, ddof=ddof,
/home/ubuntu/observable-garden/learn2/blocks.py:23: RuntimeWarning: Mean of empty slice
  mu = np.nanmean(x, axis=1, keepdims=True)
/home/ubuntu/observable-garden/.venv/lib/python3.14/site-packages/numpy/lib/_nanfunctions_impl.py:1997: RuntimeWarning: Degrees of freedom <= 0 for slice.
  var = nanvar(a, axis=axis, dtype=dtype, out=out, ddof=ddof,
/home/ubuntu/observable-garden/learn2/blocks.py:23: RuntimeWarning: Mean of empty slice
  mu = np.nanmean(x, axis=1, keepdims=True)
/home/ubuntu/observable-garden/.venv/lib/python3.14/site-packages/numpy/lib/_nanfunctions_impl.py:1997: RuntimeWarning: Degrees of freedom <= 0 for slice.
  var = nanvar(a, axis=axis, dtype=dtype, out=out, ddof=ddof,
/home/ubuntu/observable-garden/learn2/blocks.py:23: RuntimeWarning: Mean of empty slice
  mu = np.nanmean(x, axis=1, keepdims=True)
/home/ubuntu/observable-garden/.venv/lib/python3.14/site-packages/numpy/lib/_nanfunctions_impl.py:1997: RuntimeWarning: Degrees of freedom <= 0 for slice.
  var = nanvar(a, axis=axis, dtype=dtype, out=out, ddof=ddof,
/home/ubuntu/observable-garden/learn2/blocks.py:23: RuntimeWarning: Mean of empty slice
  mu = np.nanmean(x, axis=1, keepdims=True)
/home/ubuntu/observable-garden/.venv/lib/python3.14/site-packages/numpy/lib/_nanfunctions_impl.py:1997: RuntimeWarning: Degrees of freedom <= 0 for slice.
  var = nanvar(a, axis=axis, dtype=dtype, out=out, ddof=ddof,
/home/ubuntu/observable-garden/learn2/blocks.py:23: RuntimeWarning: Mean of empty slice
  mu = np.nanmean(x, axis=1, keepdims=True)
/home/ubuntu/observable-garden/.venv/lib/python3.14/site-packages/numpy/lib/_nanfunctions_impl.py:1997: RuntimeWarning: Degrees of freedom <= 0 for slice.
  var = nanvar(a, axis=axis, dtype=dtype, out=out, ddof=ddof,
/home/ubuntu/observable-garden/learn2/blocks.py:23: RuntimeWarning: Mean of empty slice
  mu = np.nanmean(x, axis=1, keepdims=True)
/home/ubuntu/observable-garden/learn2/blocks.py:23: RuntimeWarning: Mean of empty slice
  mu = np.nanmean(x, axis=1, keepdims=True)
/home/ubuntu/observable-garden/.venv/lib/python3.14/site-packages/numpy/lib/_nanfunctions_impl.py:1997: RuntimeWarning: Degrees of freedom <= 0 for slice.
  var = nanvar(a, axis=axis, dtype=dtype, out=out, ddof=ddof,
/home/ubuntu/observable-garden/.venv/lib/python3.14/site-packages/numpy/lib/_nanfunctions_impl.py:1997: RuntimeWarning: Degrees of freedom <= 0 for slice.
  var = nanvar(a, axis=axis, dtype=dtype, out=out, ddof=ddof,
/home/ubuntu/observable-garden/learn2/blocks.py:23: RuntimeWarning: Mean of empty slice
  mu = np.nanmean(x, axis=1, keepdims=True)
/home/ubuntu/observable-garden/.venv/lib/python3.14/site-packages/numpy/lib/_nanfunctions_impl.py:1997: RuntimeWarning: Degrees of freedom <= 0 for slice.
  var = nanvar(a, axis=axis, dtype=dtype, out=out, ddof=ddof,
/home/ubuntu/observable-garden/learn2/blocks.py:23: RuntimeWarning: Mean of empty slice
  mu = np.nanmean(x, axis=1, keepdims=True)
/home/ubuntu/observable-garden/learn2/blocks.py:23: RuntimeWarning: Mean of empty slice
  mu = np.nanmean(x, axis=1, keepdims=True)
/home/ubuntu/observable-garden/learn2/blocks.py:23: RuntimeWarning: Mean of empty slice
  mu = np.nanmean(x, axis=1, keepdims=True)
/home/ubuntu/observable-garden/.venv/lib/python3.14/site-packages/numpy/lib/_nanfunctions_impl.py:1997: RuntimeWarning: Degrees of freedom <= 0 for slice.
  var = nanvar(a, axis=axis, dtype=dtype, out=out, ddof=ddof,
/home/ubuntu/observable-garden/.venv/lib/python3.14/site-packages/numpy/lib/_nanfunctions_impl.py:1997: RuntimeWarning: Degrees of freedom <= 0 for slice.
  var = nanvar(a, axis=axis, dtype=dtype, out=out, ddof=ddof,
/home/ubuntu/observable-garden/.venv/lib/python3.14/site-packages/numpy/lib/_nanfunctions_impl.py:1997: RuntimeWarning: Degrees of freedom <= 0 for slice.
  var = nanvar(a, axis=axis, dtype=dtype, out=out, ddof=ddof,
/home/ubuntu/observable-garden/learn2/blocks.py:23: RuntimeWarning: Mean of empty slice
  mu = np.nanmean(x, axis=1, keepdims=True)
/home/ubuntu/observable-garden/.venv/lib/python3.14/site-packages/numpy/lib/_nanfunctions_impl.py:1997: RuntimeWarning: Degrees of freedom <= 0 for slice.
  var = nanvar(a, axis=axis, dtype=dtype, out=out, ddof=ddof,
/home/ubuntu/observable-garden/learn2/blocks.py:23: RuntimeWarning: Mean of empty slice
  mu = np.nanmean(x, axis=1, keepdims=True)
/home/ubuntu/observable-garden/.venv/lib/python3.14/site-packages/numpy/lib/_nanfunctions_impl.py:1997: RuntimeWarning: Degrees of freedom <= 0 for slice.
  var = nanvar(a, axis=axis, dtype=dtype, out=out, ddof=ddof,
/home/ubuntu/observable-garden/learn2/blocks.py:23: RuntimeWarning: Mean of empty slice
  mu = np.nanmean(x, axis=1, keepdims=True)
/home/ubuntu/observable-garden/learn2/blocks.py:23: RuntimeWarning: Mean of empty slice
  mu = np.nanmean(x, axis=1, keepdims=True)
/home/ubuntu/observable-garden/.venv/lib/python3.14/site-packages/numpy/lib/_nanfunctions_impl.py:1997: RuntimeWarning: Degrees of freedom <= 0 for slice.
  var = nanvar(a, axis=axis, dtype=dtype, out=out, ddof=ddof,
/home/ubuntu/observable-garden/.venv/lib/python3.14/site-packages/numpy/lib/_nanfunctions_impl.py:1997: RuntimeWarning: Degrees of freedom <= 0 for slice.
  var = nanvar(a, axis=axis, dtype=dtype, out=out, ddof=ddof,
/home/ubuntu/observable-garden/learn2/blocks.py:23: RuntimeWarning: Mean of empty slice
  mu = np.nanmean(x, axis=1, keepdims=True)
/home/ubuntu/observable-garden/learn2/blocks.py:23: RuntimeWarning: Mean of empty slice
  mu = np.nanmean(x, axis=1, keepdims=True)
/home/ubuntu/observable-garden/.venv/lib/python3.14/site-packages/numpy/lib/_nanfunctions_impl.py:1997: RuntimeWarning: Degrees of freedom <= 0 for slice.
  var = nanvar(a, axis=axis, dtype=dtype, out=out, ddof=ddof,
/home/ubuntu/observable-garden/.venv/lib/python3.14/site-packages/numpy/lib/_nanfunctions_impl.py:1997: RuntimeWarning: Degrees of freedom <= 0 for slice.
  var = nanvar(a, axis=axis, dtype=dtype, out=out, ddof=ddof,
/home/ubuntu/observable-garden/learn2/blocks.py:23: RuntimeWarning: Mean of empty slice
  mu = np.nanmean(x, axis=1, keepdims=True)
/home/ubuntu/observable-garden/.venv/lib/python3.14/site-packages/numpy/lib/_nanfunctions_impl.py:1997: RuntimeWarning: Degrees of freedom <= 0 for slice.
  var = nanvar(a, axis=axis, dtype=dtype, out=out, ddof=ddof,
/home/ubuntu/observable-garden/learn2/blocks.py:23: RuntimeWarning: Mean of empty slice
  mu = np.nanmean(x, axis=1, keepdims=True)
/home/ubuntu/observable-garden/.venv/lib/python3.14/site-packages/numpy/lib/_nanfunctions_impl.py:1997: RuntimeWarning: Degrees of freedom <= 0 for slice.
  var = nanvar(a, axis=axis, dtype=dtype, out=out, ddof=ddof,
/home/ubuntu/observable-garden/learn2/blocks.py:23: RuntimeWarning: Mean of empty slice
  mu = np.nanmean(x, axis=1, keepdims=True)
/home/ubuntu/observable-garden/learn2/blocks.py:23: RuntimeWarning: Mean of empty slice
  mu = np.nanmean(x, axis=1, keepdims=True)
/home/ubuntu/observable-garden/.venv/lib/python3.14/site-packages/numpy/lib/_nanfunctions_impl.py:1997: RuntimeWarning: Degrees of freedom <= 0 for slice.
  var = nanvar(a, axis=axis, dtype=dtype, out=out, ddof=ddof,
/home/ubuntu/observable-garden/.venv/lib/python3.14/site-packages/numpy/lib/_nanfunctions_impl.py:1997: RuntimeWarning: Degrees of freedom <= 0 for slice.
  var = nanvar(a, axis=axis, dtype=dtype, out=out, ddof=ddof,
/home/ubuntu/observable-garden/learn2/blocks.py:23: RuntimeWarning: Mean of empty slice
  mu = np.nanmean(x, axis=1, keepdims=True)
/home/ubuntu/observable-garden/.venv/lib/python3.14/site-packages/numpy/lib/_nanfunctions_impl.py:1997: RuntimeWarning: Degrees of freedom <= 0 for slice.
  var = nanvar(a, axis=axis, dtype=dtype, out=out, ddof=ddof,
/home/ubuntu/observable-garden/learn2/blocks.py:23: RuntimeWarning: Mean of empty slice
  mu = np.nanmean(x, axis=1, keepdims=True)
/home/ubuntu/observable-garden/.venv/lib/python3.14/site-packages/numpy/lib/_nanfunctions_impl.py:1997: RuntimeWarning: Degrees of freedom <= 0 for slice.
  var = nanvar(a, axis=axis, dtype=dtype, out=out, ddof=ddof,
/home/ubuntu/observable-garden/learn2/blocks.py:23: RuntimeWarning: Mean of empty slice
  mu = np.nanmean(x, axis=1, keepdims=True)
/home/ubuntu/observable-garden/.venv/lib/python3.14/site-packages/numpy/lib/_nanfunctions_impl.py:1997: RuntimeWarning: Degrees of freedom <= 0 for slice.
  var = nanvar(a, axis=axis, dtype=dtype, out=out, ddof=ddof,
/home/ubuntu/observable-garden/learn2/blocks.py:23: RuntimeWarning: Mean of empty slice
  mu = np.nanmean(x, axis=1, keepdims=True)
/home/ubuntu/observable-garden/.venv/lib/python3.14/site-packages/numpy/lib/_nanfunctions_impl.py:1997: RuntimeWarning: Degrees of freedom <= 0 for slice.
  var = nanvar(a, axis=axis, dtype=dtype, out=out, ddof=ddof,
/home/ubuntu/observable-garden/learn2/blocks.py:23: RuntimeWarning: Mean of empty slice
  mu = np.nanmean(x, axis=1, keepdims=True)
/home/ubuntu/observable-garden/.venv/lib/python3.14/site-packages/numpy/lib/_nanfunctions_impl.py:1997: RuntimeWarning: Degrees of freedom <= 0 for slice.
  var = nanvar(a, axis=axis, dtype=dtype, out=out, ddof=ddof,
/home/ubuntu/observable-garden/learn2/blocks.py:23: RuntimeWarning: Mean of empty slice
  mu = np.nanmean(x, axis=1, keepdims=True)
/home/ubuntu/observable-garden/learn2/blocks.py:23: RuntimeWarning: Mean of empty slice
  mu = np.nanmean(x, axis=1, keepdims=True)
/home/ubuntu/observable-garden/learn2/blocks.py:23: RuntimeWarning: Mean of empty slice
  mu = np.nanmean(x, axis=1, keepdims=True)
/home/ubuntu/observable-garden/learn2/blocks.py:23: RuntimeWarning: Mean of empty slice
  mu = np.nanmean(x, axis=1, keepdims=True)
/home/ubuntu/observable-garden/learn2/blocks.py:23: RuntimeWarning: Mean of empty slice
  mu = np.nanmean(x, axis=1, keepdims=True)
/home/ubuntu/observable-garden/.venv/lib/python3.14/site-packages/numpy/lib/_nanfunctions_impl.py:1997: RuntimeWarning: Degrees of freedom <= 0 for slice.
  var = nanvar(a, axis=axis, dtype=dtype, out=out, ddof=ddof,
/home/ubuntu/observable-garden/.venv/lib/python3.14/site-packages/numpy/lib/_nanfunctions_impl.py:1997: RuntimeWarning: Degrees of freedom <= 0 for slice.
  var = nanvar(a, axis=axis, dtype=dtype, out=out, ddof=ddof,
/home/ubuntu/observable-garden/.venv/lib/python3.14/site-packages/numpy/lib/_nanfunctions_impl.py:1997: RuntimeWarning: Degrees of freedom <= 0 for slice.
  var = nanvar(a, axis=axis, dtype=dtype, out=out, ddof=ddof,
/home/ubuntu/observable-garden/.venv/lib/python3.14/site-packages/numpy/lib/_nanfunctions_impl.py:1997: RuntimeWarning: Degrees of freedom <= 0 for slice.
  var = nanvar(a, axis=axis, dtype=dtype, out=out, ddof=ddof,
/home/ubuntu/observable-garden/.venv/lib/python3.14/site-packages/numpy/lib/_nanfunctions_impl.py:1997: RuntimeWarning: Degrees of freedom <= 0 for slice.
  var = nanvar(a, axis=axis, dtype=dtype, out=out, ddof=ddof,
/home/ubuntu/observable-garden/learn2/blocks.py:23: RuntimeWarning: Mean of empty slice
  mu = np.nanmean(x, axis=1, keepdims=True)
/home/ubuntu/observable-garden/.venv/lib/python3.14/site-packages/numpy/lib/_nanfunctions_impl.py:1997: RuntimeWarning: Degrees of freedom <= 0 for slice.
  var = nanvar(a, axis=axis, dtype=dtype, out=out, ddof=ddof,
/home/ubuntu/observable-garden/learn2/blocks.py:23: RuntimeWarning: Mean of empty slice
  mu = np.nanmean(x, axis=1, keepdims=True)
/home/ubuntu/observable-garden/.venv/lib/python3.14/site-packages/numpy/lib/_nanfunctions_impl.py:1997: RuntimeWarning: Degrees of freedom <= 0 for slice.
  var = nanvar(a, axis=axis, dtype=dtype, out=out, ddof=ddof,
/home/ubuntu/observable-garden/learn2/blocks.py:23: RuntimeWarning: Mean of empty slice
  mu = np.nanmean(x, axis=1, keepdims=True)
/home/ubuntu/observable-garden/learn2/blocks.py:23: RuntimeWarning: Mean of empty slice
  mu = np.nanmean(x, axis=1, keepdims=True)
/home/ubuntu/observable-garden/learn2/blocks.py:23: RuntimeWarning: Mean of empty slice
  mu = np.nanmean(x, axis=1, keepdims=True)
/home/ubuntu/observable-garden/.venv/lib/python3.14/site-packages/numpy/lib/_nanfunctions_impl.py:1997: RuntimeWarning: Degrees of freedom <= 0 for slice.
  var = nanvar(a, axis=axis, dtype=dtype, out=out, ddof=ddof,
/home/ubuntu/observable-garden/.venv/lib/python3.14/site-packages/numpy/lib/_nanfunctions_impl.py:1997: RuntimeWarning: Degrees of freedom <= 0 for slice.
  var = nanvar(a, axis=axis, dtype=dtype, out=out, ddof=ddof,
/home/ubuntu/observable-garden/.venv/lib/python3.14/site-packages/numpy/lib/_nanfunctions_impl.py:1997: RuntimeWarning: Degrees of freedom <= 0 for slice.
  var = nanvar(a, axis=axis, dtype=dtype, out=out, ddof=ddof,
/home/ubuntu/observable-garden/learn2/blocks.py:23: RuntimeWarning: Mean of empty slice
  mu = np.nanmean(x, axis=1, keepdims=True)
/home/ubuntu/observable-garden/.venv/lib/python3.14/site-packages/numpy/lib/_nanfunctions_impl.py:1997: RuntimeWarning: Degrees of freedom <= 0 for slice.
  var = nanvar(a, axis=axis, dtype=dtype, out=out, ddof=ddof,
/home/ubuntu/observable-garden/learn2/blocks.py:23: RuntimeWarning: Mean of empty slice
  mu = np.nanmean(x, axis=1, keepdims=True)
/home/ubuntu/observable-garden/.venv/lib/python3.14/site-packages/numpy/lib/_nanfunctions_impl.py:1997: RuntimeWarning: Degrees of freedom <= 0 for slice.
  var = nanvar(a, axis=axis, dtype=dtype, out=out, ddof=ddof,
1/450 tasks, 353 s
2/450 tasks, 353 s
3/450 tasks, 360 s
4/450 tasks, 363 s
5/450 tasks, 364 s
6/450 tasks, 365 s
7/450 tasks, 365 s
8/450 tasks, 367 s
9/450 tasks, 367 s
10/450 tasks, 367 s
11/450 tasks, 370 s
12/450 tasks, 370 s
13/450 tasks, 372 s
14/450 tasks, 373 s
15/450 tasks, 374 s
16/450 tasks, 375 s
17/450 tasks, 375 s
18/450 tasks, 375 s
19/450 tasks, 375 s
20/450 tasks, 376 s
21/450 tasks, 376 s
22/450 tasks, 376 s
23/450 tasks, 377 s
24/450 tasks, 378 s
25/450 tasks, 379 s
26/450 tasks, 379 s
27/450 tasks, 380 s
28/450 tasks, 381 s
29/450 tasks, 382 s
30/450 tasks, 382 s
31/450 tasks, 386 s
32/450 tasks, 386 s
33/450 tasks, 386 s
34/450 tasks, 386 s
35/450 tasks, 388 s
36/450 tasks, 388 s
37/450 tasks, 388 s
38/450 tasks, 388 s
39/450 tasks, 389 s
40/450 tasks, 389 s
41/450 tasks, 389 s
42/450 tasks, 389 s
43/450 tasks, 389 s
44/450 tasks, 390 s
45/450 tasks, 390 s
46/450 tasks, 390 s
47/450 tasks, 391 s
48/450 tasks, 391 s
49/450 tasks, 391 s
50/450 tasks, 391 s
51/450 tasks, 391 s
52/450 tasks, 391 s
53/450 tasks, 391 s
54/450 tasks, 392 s
55/450 tasks, 392 s
56/450 tasks, 392 s
57/450 tasks, 392 s
58/450 tasks, 392 s
59/450 tasks, 392 s
60/450 tasks, 393 s
61/450 tasks, 393 s
62/450 tasks, 393 s
63/450 tasks, 393 s
64/450 tasks, 394 s
65/450 tasks, 394 s
66/450 tasks, 394 s
67/450 tasks, 395 s
68/450 tasks, 395 s
69/450 tasks, 395 s
70/450 tasks, 395 s
71/450 tasks, 396 s
72/450 tasks, 396 s
73/450 tasks, 396 s
74/450 tasks, 396 s
75/450 tasks, 396 s
76/450 tasks, 396 s
77/450 tasks, 397 s
78/450 tasks, 399 s
79/450 tasks, 400 s
80/450 tasks, 401 s
81/450 tasks, 401 s
82/450 tasks, 401 s
83/450 tasks, 402 s
84/450 tasks, 402 s
85/450 tasks, 403 s
86/450 tasks, 403 s
87/450 tasks, 404 s
88/450 tasks, 404 s
89/450 tasks, 404 s
90/450 tasks, 405 s
91/450 tasks, 405 s
92/450 tasks, 405 s
93/450 tasks, 405 s
94/450 tasks, 405 s
95/450 tasks, 406 s
96/450 tasks, 406 s
97/450 tasks, 406 s
98/450 tasks, 406 s
99/450 tasks, 406 s
100/450 tasks, 406 s
101/450 tasks, 407 s
102/450 tasks, 407 s
103/450 tasks, 407 s
104/450 tasks, 407 s
105/450 tasks, 407 s
106/450 tasks, 407 s
107/450 tasks, 407 s
108/450 tasks, 407 s
109/450 tasks, 407 s
110/450 tasks, 408 s
111/450 tasks, 408 s
112/450 tasks, 408 s
113/450 tasks, 408 s
114/450 tasks, 408 s
115/450 tasks, 408 s
116/450 tasks, 408 s
117/450 tasks, 409 s
118/450 tasks, 409 s
119/450 tasks, 409 s
120/450 tasks, 409 s
121/450 tasks, 409 s
122/450 tasks, 409 s
123/450 tasks, 409 s
124/450 tasks, 409 s
125/450 tasks, 409 s
126/450 tasks, 409 s
127/450 tasks, 409 s
128/450 tasks, 409 s
129/450 tasks, 409 s
130/450 tasks, 409 s
131/450 tasks, 410 s
132/450 tasks, 410 s
133/450 tasks, 410 s
134/450 tasks, 410 s
135/450 tasks, 410 s
136/450 tasks, 410 s
137/450 tasks, 410 s
138/450 tasks, 410 s
139/450 tasks, 410 s
140/450 tasks, 411 s
141/450 tasks, 411 s
142/450 tasks, 411 s
143/450 tasks, 411 s
144/450 tasks, 412 s
145/450 tasks, 412 s
146/450 tasks, 412 s
147/450 tasks, 412 s
148/450 tasks, 413 s
149/450 tasks, 413 s
150/450 tasks, 413 s
151/450 tasks, 414 s
152/450 tasks, 415 s
153/450 tasks, 416 s
154/450 tasks, 418 s
155/450 tasks, 418 s
156/450 tasks, 419 s
157/450 tasks, 419 s
158/450 tasks, 420 s
159/450 tasks, 422 s
160/450 tasks, 422 s
161/450 tasks, 430 s
162/450 tasks, 431 s
163/450 tasks, 432 s
164/450 tasks, 433 s
165/450 tasks, 433 s
166/450 tasks, 433 s
167/450 tasks, 433 s
168/450 tasks, 433 s
169/450 tasks, 434 s
170/450 tasks, 434 s
171/450 tasks, 434 s
172/450 tasks, 434 s
173/450 tasks, 435 s
174/450 tasks, 435 s
175/450 tasks, 436 s
176/450 tasks, 436 s
177/450 tasks, 436 s
178/450 tasks, 436 s
179/450 tasks, 437 s
180/450 tasks, 437 s
181/450 tasks, 622 s
182/450 tasks, 625 s
183/450 tasks, 636 s
184/450 tasks, 636 s
185/450 tasks, 637 s
186/450 tasks, 639 s
187/450 tasks, 640 s
188/450 tasks, 640 s
189/450 tasks, 648 s
190/450 tasks, 649 s
191/450 tasks, 719 s
192/450 tasks, 727 s
193/450 tasks, 731 s
194/450 tasks, 733 s
195/450 tasks, 741 s
196/450 tasks, 744 s
197/450 tasks, 745 s
198/450 tasks, 747 s
199/450 tasks, 747 s
200/450 tasks, 748 s
201/450 tasks, 750 s
202/450 tasks, 750 s
203/450 tasks, 751 s
204/450 tasks, 752 s
205/450 tasks, 753 s
206/450 tasks, 753 s
207/450 tasks, 753 s
208/450 tasks, 754 s
209/450 tasks, 754 s
210/450 tasks, 755 s
211/450 tasks, 756 s
212/450 tasks, 757 s
213/450 tasks, 757 s
214/450 tasks, 757 s
215/450 tasks, 760 s
216/450 tasks, 760 s
217/450 tasks, 762 s
218/450 tasks, 762 s
219/450 tasks, 762 s
220/450 tasks, 764 s
221/450 tasks, 766 s
222/450 tasks, 767 s
223/450 tasks, 767 s
224/450 tasks, 767 s
225/450 tasks, 768 s
226/450 tasks, 769 s
227/450 tasks, 769 s
228/450 tasks, 769 s
229/450 tasks, 770 s
230/450 tasks, 770 s
231/450 tasks, 771 s
232/450 tasks, 771 s
233/450 tasks, 772 s
234/450 tasks, 772 s
235/450 tasks, 772 s
236/450 tasks, 772 s
237/450 tasks, 772 s
238/450 tasks, 773 s
239/450 tasks, 773 s
240/450 tasks, 773 s
241/450 tasks, 773 s
242/450 tasks, 774 s
243/450 tasks, 774 s
244/450 tasks, 777 s
245/450 tasks, 777 s
246/450 tasks, 777 s
247/450 tasks, 777 s
248/450 tasks, 778 s
249/450 tasks, 778 s
250/450 tasks, 779 s
251/450 tasks, 779 s
252/450 tasks, 780 s
253/450 tasks, 781 s
254/450 tasks, 781 s
255/450 tasks, 782 s
256/450 tasks, 782 s
257/450 tasks, 783 s
258/450 tasks, 783 s
259/450 tasks, 784 s
260/450 tasks, 784 s
261/450 tasks, 784 s
262/450 tasks, 784 s
263/450 tasks, 785 s
264/450 tasks, 785 s
265/450 tasks, 785 s
266/450 tasks, 786 s
267/450 tasks, 786 s
268/450 tasks, 786 s
269/450 tasks, 786 s
270/450 tasks, 787 s
271/450 tasks, 787 s
272/450 tasks, 787 s
273/450 tasks, 787 s
274/450 tasks, 787 s
275/450 tasks, 788 s
276/450 tasks, 788 s
277/450 tasks, 789 s
278/450 tasks, 789 s
279/450 tasks, 789 s
280/450 tasks, 789 s
281/450 tasks, 790 s
282/450 tasks, 790 s
283/450 tasks, 790 s
284/450 tasks, 790 s
285/450 tasks, 790 s
286/450 tasks, 790 s
287/450 tasks, 790 s
288/450 tasks, 791 s
289/450 tasks, 791 s
290/450 tasks, 791 s
291/450 tasks, 791 s
292/450 tasks, 792 s
293/450 tasks, 792 s
294/450 tasks, 792 s
295/450 tasks, 792 s
296/450 tasks, 793 s
297/450 tasks, 794 s
298/450 tasks, 794 s
299/450 tasks, 795 s
300/450 tasks, 795 s
301/450 tasks, 797 s
302/450 tasks, 797 s
303/450 tasks, 797 s
304/450 tasks, 797 s
305/450 tasks, 797 s
306/450 tasks, 798 s
307/450 tasks, 798 s
308/450 tasks, 798 s
309/450 tasks, 799 s
310/450 tasks, 799 s
311/450 tasks, 799 s
312/450 tasks, 799 s
313/450 tasks, 799 s
314/450 tasks, 800 s
315/450 tasks, 801 s
316/450 tasks, 801 s
317/450 tasks, 801 s
318/450 tasks, 802 s
319/450 tasks, 802 s
320/450 tasks, 802 s
321/450 tasks, 803 s
322/450 tasks, 803 s
323/450 tasks, 804 s
324/450 tasks, 805 s
325/450 tasks, 806 s
326/450 tasks, 806 s
327/450 tasks, 806 s
328/450 tasks, 807 s
329/450 tasks, 807 s
330/450 tasks, 807 s
331/450 tasks, 807 s
332/450 tasks, 808 s
333/450 tasks, 809 s
334/450 tasks, 810 s
335/450 tasks, 811 s
336/450 tasks, 811 s
337/450 tasks, 811 s
338/450 tasks, 812 s
339/450 tasks, 812 s
340/450 tasks, 812 s
341/450 tasks, 812 s
342/450 tasks, 813 s
343/450 tasks, 813 s
344/450 tasks, 814 s
345/450 tasks, 814 s
346/450 tasks, 816 s
347/450 tasks, 816 s
348/450 tasks, 816 s
349/450 tasks, 821 s
350/450 tasks, 822 s
351/450 tasks, 822 s
352/450 tasks, 822 s
353/450 tasks, 823 s
354/450 tasks, 824 s
355/450 tasks, 825 s
356/450 tasks, 826 s
357/450 tasks, 826 s
358/450 tasks, 827 s
359/450 tasks, 828 s
360/450 tasks, 828 s
361/450 tasks, 829 s
362/450 tasks, 833 s
363/450 tasks, 833 s
364/450 tasks, 834 s
365/450 tasks, 837 s
366/450 tasks, 838 s
367/450 tasks, 839 s
368/450 tasks, 844 s
369/450 tasks, 845 s
370/450 tasks, 847 s
371/450 tasks, 877 s
372/450 tasks, 889 s
373/450 tasks, 897 s
374/450 tasks, 901 s
375/450 tasks, 903 s
376/450 tasks, 904 s
377/450 tasks, 906 s
378/450 tasks, 910 s
379/450 tasks, 910 s
380/450 tasks, 911 s
381/450 tasks, 912 s
382/450 tasks, 912 s
383/450 tasks, 912 s
384/450 tasks, 914 s
385/450 tasks, 914 s
386/450 tasks, 915 s
387/450 tasks, 915 s
388/450 tasks, 915 s
389/450 tasks, 915 s
390/450 tasks, 916 s
391/450 tasks, 916 s
392/450 tasks, 918 s
393/450 tasks, 918 s
394/450 tasks, 918 s
395/450 tasks, 919 s
396/450 tasks, 920 s
397/450 tasks, 920 s
398/450 tasks, 920 s
399/450 tasks, 920 s
400/450 tasks, 922 s
401/450 tasks, 923 s
402/450 tasks, 924 s
403/450 tasks, 925 s
404/450 tasks, 925 s
405/450 tasks, 926 s
406/450 tasks, 926 s
407/450 tasks, 927 s
408/450 tasks, 927 s
409/450 tasks, 928 s
410/450 tasks, 928 s
411/450 tasks, 929 s
412/450 tasks, 929 s
413/450 tasks, 929 s
414/450 tasks, 929 s
415/450 tasks, 929 s
416/450 tasks, 929 s
417/450 tasks, 929 s
418/450 tasks, 929 s
419/450 tasks, 929 s
420/450 tasks, 929 s
421/450 tasks, 931 s
422/450 tasks, 932 s
423/450 tasks, 932 s
424/450 tasks, 932 s
425/450 tasks, 933 s
426/450 tasks, 933 s
427/450 tasks, 933 s
428/450 tasks, 933 s
429/450 tasks, 933 s
430/450 tasks, 934 s
431/450 tasks, 934 s
432/450 tasks, 935 s
433/450 tasks, 936 s
434/450 tasks, 936 s
435/450 tasks, 937 s
436/450 tasks, 938 s
437/450 tasks, 940 s
438/450 tasks, 940 s
439/450 tasks, 941 s
440/450 tasks, 941 s
441/450 tasks, 941 s
442/450 tasks, 941 s
443/450 tasks, 942 s
444/450 tasks, 942 s
445/450 tasks, 944 s
446/450 tasks, 944 s
447/450 tasks, 946 s
448/450 tasks, 947 s
449/450 tasks, 956 s
450/450 tasks, 958 s
wall 958 s; 450 tasks; no outcome printed
[exit 0]
